Rc files read:
  /etc/LatexMk
Latexmk: This is Latexmk, John Collins, 31 Jan. 2024. Version 4.83.
No existing .aux file, so I'll make a simple one, and require run of *latex.
Force everything to be remade.
Latexmk: applying rule 'pdflatex'...
Rule 'pdflatex':  Reasons for rerun
Category 'other':
  Rerun of 'pdflatex' forced or previously required:
    Reason or flag: 'go_mode'

------------
Run number 1 of rule 'pdflatex'
------------
------------
Running 'pdflatex  -interaction=nonstopmode -halt-on-error -file-line-error -recorder  "rigidity_v104_supporting.tex"'
------------
This is pdfTeX, Version 3.141592653-2.6-1.40.25 (TeX Live 2023/Debian) (preloaded format=pdflatex)
 restricted \write18 enabled.
entering extended mode
(./rigidity_v104_supporting.tex
LaTeX2e <2023-11-01> patch level 1
L3 programming layer <2024-01-22>
(./article/v103/paper.tex
(/usr/share/texlive/texmf-dist/tex/latex/amscls/amsart.cls
Document Class: amsart 2020/05/29 v2.20.6
(/usr/share/texlive/texmf-dist/tex/latex/amsmath/amsmath.sty
For additional information on amsmath, use the `?' option.
(/usr/share/texlive/texmf-dist/tex/latex/amsmath/amstext.sty
(/usr/share/texlive/texmf-dist/tex/latex/amsmath/amsgen.sty))
(/usr/share/texlive/texmf-dist/tex/latex/amsmath/amsbsy.sty)
(/usr/share/texlive/texmf-dist/tex/latex/amsmath/amsopn.sty))
(/usr/share/texlive/texmf-dist/tex/latex/amsfonts/umsa.fd)
(/usr/share/texlive/texmf-dist/tex/latex/amsfonts/amsfonts.sty))
(/usr/share/texlive/texmf-dist/tex/latex/base/fontenc.sty)
(/usr/share/texmf/tex/latex/lm/lmodern.sty)
(/usr/share/texlive/texmf-dist/tex/latex/amsfonts/amssymb.sty)
(/usr/share/texlive/texmf-dist/tex/latex/mathtools/mathtools.sty
(/usr/share/texlive/texmf-dist/tex/latex/graphics/keyval.sty)
(/usr/share/texlive/texmf-dist/tex/latex/tools/calc.sty)
(/usr/share/texlive/texmf-dist/tex/latex/mathtools/mhsetup.sty))
(/usr/share/texlive/texmf-dist/tex/latex/microtype/microtype.sty
(/usr/share/texlive/texmf-dist/tex/latex/etoolbox/etoolbox.sty)
(/usr/share/texlive/texmf-dist/tex/latex/microtype/microtype-pdftex.def)
(/usr/share/texlive/texmf-dist/tex/latex/microtype/microtype.cfg))
(/usr/share/texlive/texmf-dist/tex/latex/jknapltx/mathrsfs.sty)
(/usr/share/texlive/texmf-dist/tex/latex/geometry/geometry.sty
(/usr/share/texlive/texmf-dist/tex/generic/iftex/ifvtex.sty
(/usr/share/texlive/texmf-dist/tex/generic/iftex/iftex.sty)))
(/usr/share/texlive/texmf-dist/tex/latex/hyperref/hyperref.sty
(/usr/share/texlive/texmf-dist/tex/latex/kvsetkeys/kvsetkeys.sty)
(/usr/share/texlive/texmf-dist/tex/generic/kvdefinekeys/kvdefinekeys.sty)
(/usr/share/texlive/texmf-dist/tex/generic/pdfescape/pdfescape.sty
(/usr/share/texlive/texmf-dist/tex/generic/ltxcmds/ltxcmds.sty)
(/usr/share/texlive/texmf-dist/tex/generic/pdftexcmds/pdftexcmds.sty
(/usr/share/texlive/texmf-dist/tex/generic/infwarerr/infwarerr.sty)))
(/usr/share/texlive/texmf-dist/tex/latex/hycolor/hycolor.sty)
(/usr/share/texlive/texmf-dist/tex/latex/auxhook/auxhook.sty)
(/usr/share/texlive/texmf-dist/tex/latex/hyperref/nameref.sty
(/usr/share/texlive/texmf-dist/tex/latex/refcount/refcount.sty)
(/usr/share/texlive/texmf-dist/tex/generic/gettitlestring/gettitlestring.sty
(/usr/share/texlive/texmf-dist/tex/latex/kvoptions/kvoptions.sty)))
(/usr/share/texlive/texmf-dist/tex/latex/hyperref/pd1enc.def)
(/usr/share/texlive/texmf-dist/tex/generic/intcalc/intcalc.sty)
(/usr/share/texlive/texmf-dist/tex/latex/hyperref/puenc.def)
(/usr/share/texlive/texmf-dist/tex/latex/url/url.sty)
(/usr/share/texlive/texmf-dist/tex/generic/bitset/bitset.sty
(/usr/share/texlive/texmf-dist/tex/generic/bigintcalc/bigintcalc.sty))
(/usr/share/texlive/texmf-dist/tex/latex/base/atbegshi-ltx.sty))
(/usr/share/texlive/texmf-dist/tex/latex/hyperref/hpdftex.def
(/usr/share/texlive/texmf-dist/tex/latex/base/atveryend-ltx.sty)
(/usr/share/texlive/texmf-dist/tex/latex/rerunfilecheck/rerunfilecheck.sty
(/usr/share/texlive/texmf-dist/tex/generic/uniquecounter/uniquecounter.sty)))
(/usr/share/texmf/tex/latex/lm/t1lmr.fd)
(/usr/share/texlive/texmf-dist/tex/latex/l3backend/l3backend-pdftex.def)
(./rigidity_v104_supporting.aux) (/usr/share/texmf/tex/latex/lm/ot1lmr.fd)
(/usr/share/texmf/tex/latex/lm/omllmm.fd)
(/usr/share/texmf/tex/latex/lm/omslmsy.fd)
(/usr/share/texmf/tex/latex/lm/omxlmex.fd)
(/usr/share/texlive/texmf-dist/tex/latex/amsfonts/umsa.fd)
(/usr/share/texlive/texmf-dist/tex/latex/amsfonts/umsb.fd)
(/usr/share/texlive/texmf-dist/tex/latex/jknapltx/ursfs.fd)
(/usr/share/texlive/texmf-dist/tex/latex/graphics/graphicx.sty
(/usr/share/texlive/texmf-dist/tex/latex/graphics/graphics.sty
(/usr/share/texlive/texmf-dist/tex/latex/graphics/trig.sty)
(/usr/share/texlive/texmf-dist/tex/latex/graphics-cfg/graphics.cfg)
(/usr/share/texlive/texmf-dist/tex/latex/graphics-def/pdftex.def
(/usr/share/texlive/texmf-dist/tex/context/base/mkii/supp-pdf.mkii
[Loading MPS to PDF converter (version 2006.09.02).]
))) (/usr/share/texlive/texmf-dist/tex/latex/epstopdf-pkg/epstopdf-base.sty
(/usr/share/texlive/texmf-dist/tex/latex/latexconfig/epstopdf-sys.cfg)))
(/usr/share/texlive/texmf-dist/tex/latex/microtype/mt-cmr.cfg)
*geometry* driver: auto-detecting
*geometry* detected driver: pdftex
(/usr/share/texlive/texmf-dist/tex/latex/microtype/mt-msa.cfg)
(/usr/share/texlive/texmf-dist/tex/latex/microtype/mt-msb.cfg)
(/usr/share/texmf/tex/latex/lm/ot1lmss.fd)

LaTeX Warning: Reference `thm:affine' on page 1 undefined on input line 52.


LaTeX Warning: Reference `thm:shear' on page 1 undefined on input line 54.


LaTeX Warning: Reference `thm:weighted' on page 1 undefined on input line 58.


LaTeX Warning: Reference `eq:intro-sheets' on page 1 undefined on input line 58
.

[1{/var/lib/texmf/fonts/map/pdftex/updmap/pdftex.map}{/usr/share/texmf/fonts/en
c/dvips/lm/lm-ec.enc}{/usr/share/texmf/fonts/enc/dvips/lm/lm-mathit.enc}{/usr/s
hare/texmf/fonts/enc/dvips/lm/lm-rm.enc}{/usr/share/texmf/fonts/enc/dvips/lm/lm
-mathex.enc}{/usr/share/texmf/fonts/enc/dvips/lm/lm-mathsy.enc}]

LaTeX Warning: Reference `thm:local' on page 2 undefined on input line 60.


LaTeX Warning: Reference `thm:moments' on page 2 undefined on input line 60.


LaTeX Warning: Reference `thm:native' on page 2 undefined on input line 60.


LaTeX Warning: Reference `thm:dimension-queries' on page 2 undefined on input l
ine 60.


LaTeX Warning: Reference `thm:endpoint-class' on page 2 undefined on input line
 62.


LaTeX Warning: Reference `thm:one-endpoint' on page 2 undefined on input line 6
2.


LaTeX Warning: Citation `BV' on page 2 undefined on input line 65.


LaTeX Warning: Reference `prop:intrinsic' on page 2 undefined on input line 65.



LaTeX Warning: Citation `BMDP' on page 2 undefined on input line 67.


LaTeX Warning: Citation `LJT' on page 2 undefined on input line 69.


LaTeX Warning: Citation `BM' on page 2 undefined on input line 69.


LaTeX Warning: Citation `Ha' on page 2 undefined on input line 69.

[2]

LaTeX Warning: Reference `eq:intrinsic' on page 3 undefined on input line 99.


LaTeX Warning: Reference `eq:reconstruct' on page 3 undefined on input line 101
.


LaTeX Warning: Reference `eq:intro-sheets' on page 3 undefined on input line 10
6.


LaTeX Warning: Reference `eq:intro-sheets' on page 3 undefined on input line 12
4.

[3]

LaTeX Warning: Reference `eq:affine-moment' on page 4 undefined on input line 1
32.


LaTeX Warning: Reference `eq:lift' on page 4 undefined on input line 134.


LaTeX Warning: Reference `eq:affine-moment' on page 4 undefined on input line 1
34.


LaTeX Warning: Reference `eq:lift' on page 4 undefined on input line 140.


LaTeX Warning: Reference `eq:branch-support' on page 4 undefined on input line 
142.


LaTeX Warning: Reference `eq:lift' on page 4 undefined on input line 142.


LaTeX Warning: Reference `eq:face' on page 4 undefined on input line 142.


LaTeX Warning: Reference `eq:lift' on page 4 undefined on input line 149.


LaTeX Warning: Reference `eq:face' on page 4 undefined on input line 154.

[4]

LaTeX Warning: Reference `eq:multirel' on page 5 undefined on input line 187.


LaTeX Warning: Reference `eq:multirel' on page 5 undefined on input line 206.

[5]

LaTeX Warning: Reference `thm:shear' on page 6 undefined on input line 220.


LaTeX Warning: Reference `thm:weighted' on page 6 undefined on input line 224.


LaTeX Warning: Reference `eq:weighted-residual' on page 6 undefined on input li
ne 224.


LaTeX Warning: Reference `thm:affine' on page 6 undefined on input line 231.


LaTeX Warning: Reference `eq:multirel' on page 6 undefined on input line 234.


LaTeX Warning: Reference `eq:opening' on page 6 undefined on input line 234.


LaTeX Warning: Reference `eq:multirel' on page 6 undefined on input line 260.

[6]

LaTeX Warning: Reference `thm:weighted' on page 7 undefined on input line 264.


LaTeX Warning: Reference `eq:multirel' on page 7 undefined on input line 273.


LaTeX Warning: Reference `eq:Cweighted' on page 7 undefined on input line 278.

[7]

LaTeX Warning: Reference `lem:inverse' on page 8 undefined on input line 316.

[8]

LaTeX Warning: Reference `lem:inverse' on page 9 undefined on input line 333.


LaTeX Warning: Reference `thm:hellinger' on page 9 undefined on input line 341.



LaTeX Warning: Reference `eq:score' on page 9 undefined on input line 341.


LaTeX Warning: Reference `lem:clusters' on page 9 undefined on input line 363.


LaTeX Warning: Reference `lem:inverse' on page 9 undefined on input line 363.


LaTeX Warning: Reference `eq:quotient' on page 9 undefined on input line 363.

[9]

LaTeX Warning: Reference `eq:oracle' on page 10 undefined on input line 365.


LaTeX Warning: Reference `eq:score' on page 10 undefined on input line 366.


LaTeX Warning: Reference `lem:clusters' on page 10 undefined on input line 368.



LaTeX Warning: Reference `lem:clusters' on page 10 undefined on input line 372.



LaTeX Warning: Reference `lem:inverse' on page 10 undefined on input line 374.


LaTeX Warning: Reference `eq:oracle' on page 10 undefined on input line 376.

[10]

LaTeX Warning: Reference `eq:native-family' on page 11 undefined on input line 
403.


LaTeX Warning: Reference `eq:native-family' on page 11 undefined on input line 
403.


LaTeX Warning: Reference `eq:moments' on page 11 undefined on input line 411.


LaTeX Warning: Reference `eq:native-family' on page 11 undefined on input line 
417.


LaTeX Warning: Citation `BCR' on page 11 undefined on input line 432.

[11]

LaTeX Warning: Reference `thm:moments' on page 12 undefined on input line 438.


LaTeX Warning: Reference `eq:native-family' on page 12 undefined on input line 
448.


LaTeX Warning: Reference `app:certificate' on page 12 undefined on input line 4
58.

[12]

LaTeX Warning: Reference `thm:local' on page 13 undefined on input line 464.


LaTeX Warning: Reference `eq:design-derivative' on page 13 undefined on input l
ine 466.

[13]

LaTeX Warning: Reference `thm:local' on page 14 undefined on input line 500.


LaTeX Warning: Reference `eq:finite-equality' on page 14 undefined on input lin
e 532.

[14]

LaTeX Warning: Reference `eq:cone-range' on page 15 undefined on input line 535
.


LaTeX Warning: Reference `eq:range-matrix' on page 15 undefined on input line 5
35.


LaTeX Warning: Reference `eq:one' on page 15 undefined on input line 561.


LaTeX Warning: Reference `eq:quadratic-fibre' on page 15 undefined on input lin
e 563.

[15]

LaTeX Warning: Citation `BM' on page 16 undefined on input line 579.


LaTeX Warning: Citation `BM' on page 16 undefined on input line 581.


LaTeX Warning: Reference `eq:monomial' on page 16 undefined on input line 584.


LaTeX Warning: Reference `prop:intrinsic' on page 16 undefined on input line 58
8.


LaTeX Warning: Reference `prop:intrinsic' on page 16 undefined on input line 59
1.


LaTeX Warning: Reference `eq:monomial' on page 16 undefined on input line 591.

[16]

LaTeX Warning: Reference `eq:reconstruct' on page 17 undefined on input line 60
4.


LaTeX Warning: Reference `thm:native' on page 17 undefined on input line 607.


LaTeX Warning: Reference `eq:mod-jac' on page 17 undefined on input line 633.


LaTeX Warning: Reference `eq:center-jac' on page 17 undefined on input line 639
.

[17]

LaTeX Warning: Reference `sec:wall' on page 18 undefined on input line 648.

[18] (./rigidity_v104_supporting.aux)

LaTeX Warning: There were undefined references.


LaTeX Warning: Label(s) may have changed. Rerun to get cross-references right.


Package rerunfilecheck Warning: File `rigidity_v104_supporting.out' has changed
.
(rerunfilecheck)                Rerun to get outlines right
(rerunfilecheck)                or use package `bookmark'.

 ) )</usr/share/texmf/fonts/type1/public/lm/lmbx10.pfb></usr/share/texmf/fonts/
type1/public/lm/lmbx9.pfb></usr/share/texmf/fonts/type1/public/lm/lmcsc10.pfb><
/usr/share/texmf/fonts/type1/public/lm/lmex10.pfb></usr/share/texmf/fonts/type1
/public/lm/lmmi10.pfb></usr/share/texmf/fonts/type1/public/lm/lmmi6.pfb></usr/s
hare/texmf/fonts/type1/public/lm/lmmi8.pfb></usr/share/texmf/fonts/type1/public
/lm/lmr10.pfb></usr/share/texmf/fonts/type1/public/lm/lmr6.pfb></usr/share/texm
f/fonts/type1/public/lm/lmr8.pfb></usr/share/texmf/fonts/type1/public/lm/lmr9.p
fb></usr/share/texmf/fonts/type1/public/lm/lmri10.pfb></usr/share/texmf/fonts/t
ype1/public/lm/lmri9.pfb></usr/share/texmf/fonts/type1/public/lm/lmss8.pfb></us
r/share/texmf/fonts/type1/public/lm/lmsy10.pfb></usr/share/texmf/fonts/type1/pu
blic/lm/lmsy6.pfb></usr/share/texmf/fonts/type1/public/lm/lmsy8.pfb></usr/share
/texlive/texmf-dist/fonts/type1/public/amsfonts/symbols/msam10.pfb></usr/share/
texlive/texmf-dist/fonts/type1/public/amsfonts/symbols/msbm10.pfb></usr/share/t
exlive/texmf-dist/fonts/type1/public/rsfs/rsfs10.pfb>
Output written on rigidity_v104_supporting.pdf (18 pages, 437737 bytes).
Transcript written on rigidity_v104_supporting.log.
Latexmk: Getting log file 'rigidity_v104_supporting.log'
Latexmk: Examining 'rigidity_v104_supporting.fls'
Latexmk: Examining 'rigidity_v104_supporting.log'
Latexmk: References changed.
Latexmk: References changed.
Latexmk: Log file says output to 'rigidity_v104_supporting.pdf'
Latexmk: applying rule 'pdflatex'...
Rule 'pdflatex':  Reasons for rerun
Changed files or newly in use/created:
  rigidity_v104_supporting.aux
  rigidity_v104_supporting.out

------------
Run number 2 of rule 'pdflatex'
------------
------------
Running 'pdflatex  -interaction=nonstopmode -halt-on-error -file-line-error -recorder  "rigidity_v104_supporting.tex"'
------------
This is pdfTeX, Version 3.141592653-2.6-1.40.25 (TeX Live 2023/Debian) (preloaded format=pdflatex)
 restricted \write18 enabled.
entering extended mode
(./rigidity_v104_supporting.tex
LaTeX2e <2023-11-01> patch level 1
L3 programming layer <2024-01-22>
(./article/v103/paper.tex
(/usr/share/texlive/texmf-dist/tex/latex/amscls/amsart.cls
Document Class: amsart 2020/05/29 v2.20.6
(/usr/share/texlive/texmf-dist/tex/latex/amsmath/amsmath.sty
For additional information on amsmath, use the `?' option.
(/usr/share/texlive/texmf-dist/tex/latex/amsmath/amstext.sty
(/usr/share/texlive/texmf-dist/tex/latex/amsmath/amsgen.sty))
(/usr/share/texlive/texmf-dist/tex/latex/amsmath/amsbsy.sty)
(/usr/share/texlive/texmf-dist/tex/latex/amsmath/amsopn.sty))
(/usr/share/texlive/texmf-dist/tex/latex/amsfonts/umsa.fd)
(/usr/share/texlive/texmf-dist/tex/latex/amsfonts/amsfonts.sty))
(/usr/share/texlive/texmf-dist/tex/latex/base/fontenc.sty)
(/usr/share/texmf/tex/latex/lm/lmodern.sty)
(/usr/share/texlive/texmf-dist/tex/latex/amsfonts/amssymb.sty)
(/usr/share/texlive/texmf-dist/tex/latex/mathtools/mathtools.sty
(/usr/share/texlive/texmf-dist/tex/latex/graphics/keyval.sty)
(/usr/share/texlive/texmf-dist/tex/latex/tools/calc.sty)
(/usr/share/texlive/texmf-dist/tex/latex/mathtools/mhsetup.sty))
(/usr/share/texlive/texmf-dist/tex/latex/microtype/microtype.sty
(/usr/share/texlive/texmf-dist/tex/latex/etoolbox/etoolbox.sty)
(/usr/share/texlive/texmf-dist/tex/latex/microtype/microtype-pdftex.def)
(/usr/share/texlive/texmf-dist/tex/latex/microtype/microtype.cfg))
(/usr/share/texlive/texmf-dist/tex/latex/jknapltx/mathrsfs.sty)
(/usr/share/texlive/texmf-dist/tex/latex/geometry/geometry.sty
(/usr/share/texlive/texmf-dist/tex/generic/iftex/ifvtex.sty
(/usr/share/texlive/texmf-dist/tex/generic/iftex/iftex.sty)))
(/usr/share/texlive/texmf-dist/tex/latex/hyperref/hyperref.sty
(/usr/share/texlive/texmf-dist/tex/latex/kvsetkeys/kvsetkeys.sty)
(/usr/share/texlive/texmf-dist/tex/generic/kvdefinekeys/kvdefinekeys.sty)
(/usr/share/texlive/texmf-dist/tex/generic/pdfescape/pdfescape.sty
(/usr/share/texlive/texmf-dist/tex/generic/ltxcmds/ltxcmds.sty)
(/usr/share/texlive/texmf-dist/tex/generic/pdftexcmds/pdftexcmds.sty
(/usr/share/texlive/texmf-dist/tex/generic/infwarerr/infwarerr.sty)))
(/usr/share/texlive/texmf-dist/tex/latex/hycolor/hycolor.sty)
(/usr/share/texlive/texmf-dist/tex/latex/auxhook/auxhook.sty)
(/usr/share/texlive/texmf-dist/tex/latex/hyperref/nameref.sty
(/usr/share/texlive/texmf-dist/tex/latex/refcount/refcount.sty)
(/usr/share/texlive/texmf-dist/tex/generic/gettitlestring/gettitlestring.sty
(/usr/share/texlive/texmf-dist/tex/latex/kvoptions/kvoptions.sty)))
(/usr/share/texlive/texmf-dist/tex/latex/hyperref/pd1enc.def)
(/usr/share/texlive/texmf-dist/tex/generic/intcalc/intcalc.sty)
(/usr/share/texlive/texmf-dist/tex/latex/hyperref/puenc.def)
(/usr/share/texlive/texmf-dist/tex/latex/url/url.sty)
(/usr/share/texlive/texmf-dist/tex/generic/bitset/bitset.sty
(/usr/share/texlive/texmf-dist/tex/generic/bigintcalc/bigintcalc.sty))
(/usr/share/texlive/texmf-dist/tex/latex/base/atbegshi-ltx.sty))
(/usr/share/texlive/texmf-dist/tex/latex/hyperref/hpdftex.def
(/usr/share/texlive/texmf-dist/tex/latex/base/atveryend-ltx.sty)
(/usr/share/texlive/texmf-dist/tex/latex/rerunfilecheck/rerunfilecheck.sty
(/usr/share/texlive/texmf-dist/tex/generic/uniquecounter/uniquecounter.sty)))
(/usr/share/texmf/tex/latex/lm/t1lmr.fd)
(/usr/share/texlive/texmf-dist/tex/latex/l3backend/l3backend-pdftex.def)
(./rigidity_v104_supporting.aux) (/usr/share/texmf/tex/latex/lm/ot1lmr.fd)
(/usr/share/texmf/tex/latex/lm/omllmm.fd)
(/usr/share/texmf/tex/latex/lm/omslmsy.fd)
(/usr/share/texmf/tex/latex/lm/omxlmex.fd)
(/usr/share/texlive/texmf-dist/tex/latex/amsfonts/umsa.fd)
(/usr/share/texlive/texmf-dist/tex/latex/amsfonts/umsb.fd)
(/usr/share/texlive/texmf-dist/tex/latex/jknapltx/ursfs.fd)
(/usr/share/texlive/texmf-dist/tex/latex/graphics/graphicx.sty
(/usr/share/texlive/texmf-dist/tex/latex/graphics/graphics.sty
(/usr/share/texlive/texmf-dist/tex/latex/graphics/trig.sty)
(/usr/share/texlive/texmf-dist/tex/latex/graphics-cfg/graphics.cfg)
(/usr/share/texlive/texmf-dist/tex/latex/graphics-def/pdftex.def
(/usr/share/texlive/texmf-dist/tex/context/base/mkii/supp-pdf.mkii
[Loading MPS to PDF converter (version 2006.09.02).]
))) (/usr/share/texlive/texmf-dist/tex/latex/epstopdf-pkg/epstopdf-base.sty
(/usr/share/texlive/texmf-dist/tex/latex/latexconfig/epstopdf-sys.cfg)))
(/usr/share/texlive/texmf-dist/tex/latex/microtype/mt-cmr.cfg)
*geometry* driver: auto-detecting
*geometry* detected driver: pdftex
(./rigidity_v104_supporting.out) (./rigidity_v104_supporting.out)
(/usr/share/texlive/texmf-dist/tex/latex/microtype/mt-msa.cfg)
(/usr/share/texlive/texmf-dist/tex/latex/microtype/mt-msb.cfg)
(/usr/share/texmf/tex/latex/lm/ot1lmss.fd) [1{/var/lib/texmf/fonts/map/pdftex/u
pdmap/pdftex.map}{/usr/share/texmf/fonts/enc/dvips/lm/lm-ec.enc}{/usr/share/tex
mf/fonts/enc/dvips/lm/lm-mathit.enc}{/usr/share/texmf/fonts/enc/dvips/lm/lm-rm.
enc}{/usr/share/texmf/fonts/enc/dvips/lm/lm-mathex.enc}{/usr/share/texmf/fonts/
enc/dvips/lm/lm-mathsy.enc}] [2] [3] [4] [5] [6] [7] [8] [9] [10] [11] [12]
[13] [14] [15] [16] [17] [18] (./rigidity_v104_supporting.aux) ) )</usr/share/t
exmf/fonts/type1/public/lm/lmbx10.pfb></usr/share/texmf/fonts/type1/public/lm/l
mbx9.pfb></usr/share/texmf/fonts/type1/public/lm/lmcsc10.pfb></usr/share/texmf/
fonts/type1/public/lm/lmex10.pfb></usr/share/texmf/fonts/type1/public/lm/lmmi10
.pfb></usr/share/texmf/fonts/type1/public/lm/lmmi6.pfb></usr/share/texmf/fonts/
type1/public/lm/lmmi8.pfb></usr/share/texmf/fonts/type1/public/lm/lmr10.pfb></u
sr/share/texmf/fonts/type1/public/lm/lmr6.pfb></usr/share/texmf/fonts/type1/pub
lic/lm/lmr8.pfb></usr/share/texmf/fonts/type1/public/lm/lmr9.pfb></usr/share/te
xmf/fonts/type1/public/lm/lmri10.pfb></usr/share/texmf/fonts/type1/public/lm/lm
ri9.pfb></usr/share/texmf/fonts/type1/public/lm/lmss8.pfb></usr/share/texmf/fon
ts/type1/public/lm/lmsy10.pfb></usr/share/texmf/fonts/type1/public/lm/lmsy6.pfb
></usr/share/texmf/fonts/type1/public/lm/lmsy8.pfb></usr/share/texlive/texmf-di
st/fonts/type1/public/amsfonts/symbols/msam10.pfb></usr/share/texlive/texmf-dis
t/fonts/type1/public/amsfonts/symbols/msbm10.pfb></usr/share/texlive/texmf-dist
/fonts/type1/public/rsfs/rsfs10.pfb>
Output written on rigidity_v104_supporting.pdf (18 pages, 441736 bytes).
Transcript written on rigidity_v104_supporting.log.
Latexmk: Getting log file 'rigidity_v104_supporting.log'
Latexmk: Examining 'rigidity_v104_supporting.fls'
Latexmk: Examining 'rigidity_v104_supporting.log'
Latexmk: Log file says output to 'rigidity_v104_supporting.pdf'
Latexmk: All targets (rigidity_v104_supporting.pdf) are up-to-date

