Rc files read:
  /etc/LatexMk
Latexmk: This is Latexmk, John Collins, 31 Jan. 2024. Version 4.83.
No existing .aux file, so I'll make a simple one, and require run of *latex.
Force everything to be remade.
Latexmk: applying rule 'pdflatex'...
Rule 'pdflatex':  Reasons for rerun
Category 'other':
  Rerun of 'pdflatex' forced or previously required:
    Reason or flag: 'go_mode'

------------
Run number 1 of rule 'pdflatex'
------------
------------
Running 'pdflatex  -interaction=nonstopmode -halt-on-error -file-line-error -recorder  "rigidity_v104_complete.tex"'
------------
This is pdfTeX, Version 3.141592653-2.6-1.40.25 (TeX Live 2023/Debian) (preloaded format=pdflatex)
 restricted \write18 enabled.
entering extended mode
(./rigidity_v104_complete.tex
LaTeX2e <2023-11-01> patch level 1
L3 programming layer <2024-01-22>
(/usr/share/texlive/texmf-dist/tex/latex/base/article.cls
Document Class: article 2023/05/17 v1.4n Standard LaTeX document class
(/usr/share/texlive/texmf-dist/tex/latex/base/size11.clo))
(/usr/share/texlive/texmf-dist/tex/latex/pdfpages/pdfpages.sty
(/usr/share/texlive/texmf-dist/tex/latex/base/ifthen.sty)
(/usr/share/texlive/texmf-dist/tex/latex/tools/calc.sty)
(/usr/share/texlive/texmf-dist/tex/latex/eso-pic/eso-pic.sty
(/usr/share/texlive/texmf-dist/tex/latex/graphics/keyval.sty)
(/usr/share/texlive/texmf-dist/tex/latex/xcolor/xcolor.sty
(/usr/share/texlive/texmf-dist/tex/latex/graphics-cfg/color.cfg)
(/usr/share/texlive/texmf-dist/tex/latex/graphics-def/pdftex.def)
(/usr/share/texlive/texmf-dist/tex/latex/graphics/mathcolor.ltx)))
(/usr/share/texlive/texmf-dist/tex/latex/graphics/graphicx.sty
(/usr/share/texlive/texmf-dist/tex/latex/graphics/graphics.sty
(/usr/share/texlive/texmf-dist/tex/latex/graphics/trig.sty)
(/usr/share/texlive/texmf-dist/tex/latex/graphics-cfg/graphics.cfg)))
(/usr/share/texlive/texmf-dist/tex/latex/pdfpages/pppdftex.def))
(/usr/share/texlive/texmf-dist/tex/latex/hyperref/hyperref.sty
(/usr/share/texlive/texmf-dist/tex/generic/iftex/iftex.sty)
(/usr/share/texlive/texmf-dist/tex/latex/kvsetkeys/kvsetkeys.sty)
(/usr/share/texlive/texmf-dist/tex/generic/kvdefinekeys/kvdefinekeys.sty)
(/usr/share/texlive/texmf-dist/tex/generic/pdfescape/pdfescape.sty
(/usr/share/texlive/texmf-dist/tex/generic/ltxcmds/ltxcmds.sty)
(/usr/share/texlive/texmf-dist/tex/generic/pdftexcmds/pdftexcmds.sty
(/usr/share/texlive/texmf-dist/tex/generic/infwarerr/infwarerr.sty)))
(/usr/share/texlive/texmf-dist/tex/latex/hycolor/hycolor.sty)
(/usr/share/texlive/texmf-dist/tex/latex/auxhook/auxhook.sty)
(/usr/share/texlive/texmf-dist/tex/latex/hyperref/nameref.sty
(/usr/share/texlive/texmf-dist/tex/latex/refcount/refcount.sty)
(/usr/share/texlive/texmf-dist/tex/generic/gettitlestring/gettitlestring.sty
(/usr/share/texlive/texmf-dist/tex/latex/kvoptions/kvoptions.sty)))
(/usr/share/texlive/texmf-dist/tex/latex/etoolbox/etoolbox.sty)
(/usr/share/texlive/texmf-dist/tex/latex/hyperref/pd1enc.def)
(/usr/share/texlive/texmf-dist/tex/generic/intcalc/intcalc.sty)
(/usr/share/texlive/texmf-dist/tex/latex/hyperref/puenc.def)
(/usr/share/texlive/texmf-dist/tex/latex/url/url.sty)
(/usr/share/texlive/texmf-dist/tex/generic/bitset/bitset.sty
(/usr/share/texlive/texmf-dist/tex/generic/bigintcalc/bigintcalc.sty))
(/usr/share/texlive/texmf-dist/tex/latex/base/atbegshi-ltx.sty))
(/usr/share/texlive/texmf-dist/tex/latex/hyperref/hpdftex.def
(/usr/share/texlive/texmf-dist/tex/latex/base/atveryend-ltx.sty)
(/usr/share/texlive/texmf-dist/tex/latex/rerunfilecheck/rerunfilecheck.sty
(/usr/share/texlive/texmf-dist/tex/generic/uniquecounter/uniquecounter.sty)))
(/usr/share/texlive/texmf-dist/tex/latex/l3backend/l3backend-pdftex.def)
(./rigidity_v104_complete.aux)
(/usr/share/texlive/texmf-dist/tex/context/base/mkii/supp-pdf.mkii
[Loading MPS to PDF converter (version 2006.09.02).]
) (/usr/share/texlive/texmf-dist/tex/latex/epstopdf-pkg/epstopdf-base.sty
(/usr/share/texlive/texmf-dist/tex/latex/latexconfig/epstopdf-sys.cfg))
(/usr/share/texlive/texmf-dist/tex/latex/pdflscape/pdflscape.sty
(/usr/share/texlive/texmf-dist/tex/latex/pdflscape/pdflscape-nometadata.sty
(/usr/share/texlive/texmf-dist/tex/latex/graphics/lscape.sty))) [1 <./rigidity_
v104.pdf{/var/lib/texmf/fonts/map/pdftex/updmap/pdftex.map}>] [2 <./rigidity_v1
04.pdf>] [3 <./rigidity_v104.pdf>] [4 <./rigidity_v104.pdf>] [5 <./rigidity_v10
4.pdf>] [6 <./rigidity_v104.pdf>] [7 <./rigidity_v104.pdf>] [8 <./rigidity_v104
.pdf>] [9 <./rigidity_v104.pdf>] [10 <./rigidity_v104.pdf>] [11 <./rigidity_v10
4.pdf>] [12 <./rigidity_v104.pdf>] [13 <./rigidity_v104.pdf>] [14 <./rigidity_v
104.pdf>] [15 <./rigidity_v104.pdf>] [16 <./rigidity_v104.pdf>] [17 <./rigidity
_v104.pdf>] [18 <./rigidity_v104.pdf>] [19 <./rigidity_v104_archive.pdf>]
[20 <./rigidity_v104_archive.pdf>] [21 <./rigidity_v104_archive.pdf>] [22 <./ri
gidity_v104_archive.pdf>] [23 <./rigidity_v104_archive.pdf>] [24 <./rigidity_v1
04_archive.pdf>] [25 <./rigidity_v104_archive.pdf>] [26 <./rigidity_v104_archiv
e.pdf>] [27 <./rigidity_v104_archive.pdf>] [28 <./rigidity_v104_archive.pdf>]
[29 <./rigidity_v104_archive.pdf>] [30 <./rigidity_v104_archive.pdf>] [31 <./ri
gidity_v104_archive.pdf>] [32 <./rigidity_v104_archive.pdf>] [33 <./rigidity_v1
04_archive.pdf>] [34 <./rigidity_v104_archive.pdf>] [35 <./rigidity_v104_archiv
e.pdf>] [36 <./rigidity_v104_archive.pdf>] [37 <./rigidity_v104_archive.pdf>]
[38 <./rigidity_v104_archive.pdf>] [39 <./rigidity_v104_archive.pdf>] [40 <./ri
gidity_v104_archive.pdf>] [41 <./rigidity_v104_archive.pdf>] [42 <./rigidity_v1
04_archive.pdf>] [43 <./rigidity_v104_archive.pdf>] [44 <./rigidity_v104_archiv
e.pdf>] [45 <./rigidity_v104_archive.pdf>] [46 <./rigidity_v104_archive.pdf>]
[47 <./rigidity_v104_archive.pdf>] [48 <./rigidity_v104_archive.pdf>] [49 <./ri
gidity_v104_archive.pdf>] [50 <./rigidity_v104_archive.pdf>] [51 <./rigidity_v1
04_archive.pdf>] [52 <./rigidity_v104_archive.pdf>] [53 <./rigidity_v104_archiv
e.pdf>] [54 <./rigidity_v104_archive.pdf>] [55 <./rigidity_v104_archive.pdf>]
[56 <./rigidity_v104_archive.pdf>] [57 <./rigidity_v104_archive.pdf>] [58 <./ri
gidity_v104_archive.pdf>] [59 <./rigidity_v104_archive.pdf>] [60 <./rigidity_v1
04_archive.pdf>] [61 <./rigidity_v104_archive.pdf>] [62 <./rigidity_v104_archiv
e.pdf>] [63 <./rigidity_v104_archive.pdf>] [64 <./rigidity_v104_archive.pdf>]
[65 <./rigidity_v104_archive.pdf>] [66 <./rigidity_v104_archive.pdf>] [67 <./ri
gidity_v104_archive.pdf>] [68 <./rigidity_v104_archive.pdf>] [69 <./rigidity_v1
04_archive.pdf>] [70 <./rigidity_v104_archive.pdf>] [71 <./rigidity_v104_archiv
e.pdf>] [72 <./rigidity_v104_archive.pdf>] [73 <./rigidity_v104_archive.pdf>]
[74 <./rigidity_v104_archive.pdf>] [75 <./rigidity_v104_archive.pdf>] [76 <./ri
gidity_v104_archive.pdf>] [77 <./rigidity_v104_archive.pdf>] [78 <./rigidity_v1
04_archive.pdf>] [79 <./rigidity_v104_archive.pdf>] [80 <./rigidity_v104_archiv
e.pdf>] [81 <./rigidity_v104_archive.pdf>] [82 <./rigidity_v104_archive.pdf>]
[83 <./rigidity_v104_archive.pdf>] [84 <./rigidity_v104_archive.pdf>] [85 <./ri
gidity_v104_archive.pdf>] [86 <./rigidity_v104_archive.pdf>] [87 <./rigidity_v1
04_archive.pdf>] [88 <./rigidity_v104_archive.pdf>] [89 <./rigidity_v104_archiv
e.pdf>] [90 <./rigidity_v104_archive.pdf>] [91 <./rigidity_v104_archive.pdf>]
[92 <./rigidity_v104_archive.pdf>] [93 <./rigidity_v104_archive.pdf>] [94 <./ri
gidity_v104_archive.pdf>] [95 <./rigidity_v104_archive.pdf>] [96 <./rigidity_v1
04_archive.pdf>] [97 <./rigidity_v104_archive.pdf>] [98 <./rigidity_v104_archiv
e.pdf>] [99 <./rigidity_v104_archive.pdf>] [100 <./rigidity_v104_archive.pdf>]
[101 <./rigidity_v104_archive.pdf>] [102 <./rigidity_v104_archive.pdf>]
[103 <./rigidity_v104_archive.pdf>] [104 <./rigidity_v104_archive.pdf>]
[105 <./rigidity_v104_archive.pdf>] [106 <./rigidity_v104_archive.pdf>]
[107 <./rigidity_v104_archive.pdf>] [108 <./rigidity_v104_archive.pdf>]
[109 <./rigidity_v104_archive.pdf>] [110 <./rigidity_v104_archive.pdf>]
[111 <./rigidity_v104_archive.pdf>] [112 <./rigidity_v104_archive.pdf>]
[113 <./rigidity_v104_archive.pdf>] [114 <./rigidity_v104_archive.pdf>]
[115 <./rigidity_v104_archive.pdf>] [116 <./rigidity_v104_archive.pdf>]
[117 <./rigidity_v104_archive.pdf>] [118 <./rigidity_v104_archive.pdf>]
[119 <./rigidity_v104_archive.pdf>] [120 <./rigidity_v104_archive.pdf>]
[121 <./rigidity_v104_archive.pdf>] [122 <./rigidity_v104_archive.pdf>]
[123 <./rigidity_v104_archive.pdf>] [124 <./rigidity_v104_archive.pdf>]
[125 <./rigidity_v104_archive.pdf>] [126 <./rigidity_v104_archive.pdf>]
[127 <./rigidity_v104_archive.pdf>] [128 <./rigidity_v104_archive.pdf>]
[129 <./rigidity_v104_archive.pdf>] [130 <./rigidity_v104_archive.pdf>]
[131 <./rigidity_v104_archive.pdf>] [132 <./rigidity_v104_archive.pdf>]
[133 <./rigidity_v104_archive.pdf>] [134 <./rigidity_v104_archive.pdf>]
[135 <./rigidity_v104_archive.pdf>] [136 <./rigidity_v104_archive.pdf>]
[137 <./rigidity_v104_archive.pdf>] [138 <./rigidity_v104_archive.pdf>]
[139 <./rigidity_v104_archive.pdf>] [140 <./rigidity_v104_archive.pdf>]
[141 <./rigidity_v104_archive.pdf>] [142 <./rigidity_v104_archive.pdf>]
[143 <./rigidity_v104_archive.pdf>] [144 <./rigidity_v104_archive.pdf>]
[145 <./rigidity_v104_archive.pdf>] [146 <./rigidity_v104_archive.pdf>]
[147 <./rigidity_v104_archive.pdf>] [148 <./rigidity_v104_archive.pdf>]
[149 <./rigidity_v104_archive.pdf>] [150 <./rigidity_v104_archive.pdf>]
[151 <./rigidity_v104_archive.pdf>] [152 <./rigidity_v104_archive.pdf>]
[153 <./rigidity_v104_archive.pdf>] [154 <./rigidity_v104_archive.pdf>]
[155 <./rigidity_v104_archive.pdf>] [156 <./rigidity_v104_archive.pdf>]
[157 <./rigidity_v104_archive.pdf>] [158 <./rigidity_v104_archive.pdf>]
[159 <./rigidity_v104_archive.pdf>] [160 <./rigidity_v104_archive.pdf>]
[161 <./rigidity_v104_archive.pdf>] [162 <./rigidity_v104_archive.pdf>]
[163 <./rigidity_v104_archive.pdf>] [164 <./rigidity_v104_archive.pdf>]
[165 <./rigidity_v104_archive.pdf>] [166 <./rigidity_v104_archive.pdf>]
[167 <./rigidity_v104_archive.pdf>] [168 <./rigidity_v104_archive.pdf>]
[169 <./rigidity_v104_archive.pdf>] [170 <./rigidity_v104_archive.pdf>]
[171 <./rigidity_v104_archive.pdf>] [172 <./rigidity_v104_archive.pdf>]
[173 <./rigidity_v104_archive.pdf>] [174 <./rigidity_v104_archive.pdf>]
[175 <./rigidity_v104_archive.pdf>] [176 <./rigidity_v104_archive.pdf>]
[177 <./rigidity_v104_archive.pdf>] [178 <./rigidity_v104_archive.pdf>]
[179 <./rigidity_v104_archive.pdf>] [180 <./rigidity_v104_archive.pdf>]
[181 <./rigidity_v104_archive.pdf>] [182 <./rigidity_v104_archive.pdf>]
[183 <./rigidity_v104_archive.pdf>] [184 <./rigidity_v104_archive.pdf>]
[185 <./rigidity_v104_archive.pdf>] [186 <./rigidity_v104_archive.pdf>]
[187 <./rigidity_v104_archive.pdf>] [188 <./rigidity_v104_archive.pdf>]
[189 <./rigidity_v104_archive.pdf>] [190 <./rigidity_v104_archive.pdf>]
[191 <./rigidity_v104_archive.pdf>] [192 <./rigidity_v104_archive.pdf>]
[193 <./rigidity_v104_archive.pdf>] [194 <./rigidity_v104_archive.pdf>]
[195 <./rigidity_v104_archive.pdf>] [196 <./rigidity_v104_archive.pdf>]
[197 <./rigidity_v104_archive.pdf>] [198 <./rigidity_v104_archive.pdf>]
[199 <./rigidity_v104_archive.pdf>] [200 <./rigidity_v104_archive.pdf>]
[201 <./rigidity_v104_archive.pdf>] [202 <./rigidity_v104_archive.pdf>]
[203 <./rigidity_v104_archive.pdf>] [204 <./rigidity_v104_archive.pdf>]
[205 <./rigidity_v104_archive.pdf>] [206 <./rigidity_v104_archive.pdf>]
[207 <./rigidity_v104_archive.pdf>] [208 <./rigidity_v104_archive.pdf>]
[209 <./rigidity_v104_archive.pdf>] [210 <./rigidity_v104_archive.pdf>]
[211 <./rigidity_v104_archive.pdf>] [212 <./rigidity_v104_archive.pdf>]
[213 <./rigidity_v104_archive.pdf>] [214 <./rigidity_v104_archive.pdf>]
[215 <./rigidity_v104_archive.pdf>] [216 <./rigidity_v104_archive.pdf>]
[217 <./rigidity_v104_archive.pdf>] [218 <./rigidity_v104_archive.pdf>]
[219 <./rigidity_v104_archive.pdf>] [220 <./rigidity_v104_archive.pdf>]
[221 <./rigidity_v104_archive.pdf>] [222 <./rigidity_v104_archive.pdf>]
[223 <./rigidity_v104_archive.pdf>] [224 <./rigidity_v104_archive.pdf>]
[225 <./rigidity_v104_archive.pdf>] [226 <./rigidity_v104_archive.pdf>]
[227 <./rigidity_v104_archive.pdf>] [228 <./rigidity_v104_archive.pdf>]
[229 <./rigidity_v104_archive.pdf>] [230 <./rigidity_v104_archive.pdf>]
[231 <./rigidity_v104_archive.pdf>] [232 <./rigidity_v104_archive.pdf>]
[233 <./rigidity_v104_archive.pdf>] [234 <./rigidity_v104_archive.pdf>]
[235 <./rigidity_v104_archive.pdf>] [236 <./rigidity_v104_archive.pdf>]
[237 <./rigidity_v104_archive.pdf>] [238 <./rigidity_v104_archive.pdf>]
[239 <./rigidity_v104_archive.pdf>] [240 <./rigidity_v104_archive.pdf>]
[241 <./rigidity_v104_archive.pdf>] [242 <./rigidity_v104_archive.pdf>]
[243 <./rigidity_v104_archive.pdf>] [244 <./rigidity_v104_archive.pdf>]
[245 <./rigidity_v104_archive.pdf>] [246 <./rigidity_v104_archive.pdf>]
[247 <./rigidity_v104_archive.pdf>] [248 <./rigidity_v104_archive.pdf>]
[249 <./rigidity_v104_archive.pdf>] [250 <./rigidity_v104_archive.pdf>]
[251 <./rigidity_v104_archive.pdf>] [252 <./rigidity_v104_archive.pdf>]
[253 <./rigidity_v104_archive.pdf>] [254 <./rigidity_v104_archive.pdf>]
[255 <./rigidity_v104_archive.pdf>] [256 <./rigidity_v104_archive.pdf>]
[257 <./rigidity_v104_archive.pdf>] [258 <./rigidity_v104_archive.pdf>]
[259 <./rigidity_v104_archive.pdf>] [260 <./rigidity_v104_archive.pdf>]
[261 <./rigidity_v104_archive.pdf>] [262 <./rigidity_v104_archive.pdf>]
[263 <./rigidity_v104_archive.pdf>] [264 <./rigidity_v104_archive.pdf>]
[265 <./rigidity_v104_archive.pdf>] [266 <./rigidity_v104_archive.pdf>]
[267 <./rigidity_v104_archive.pdf>] [268 <./rigidity_v104_archive.pdf>]
[269 <./rigidity_v104_archive.pdf>] [270 <./rigidity_v104_archive.pdf>]
[271 <./rigidity_v104_archive.pdf>] [272 <./rigidity_v104_archive.pdf>]
[273 <./rigidity_v104_archive.pdf>] [274 <./rigidity_v104_archive.pdf>]
[275 <./rigidity_v104_archive.pdf>] [276 <./rigidity_v104_archive.pdf>]
[277 <./rigidity_v104_archive.pdf>] [278 <./rigidity_v104_archive.pdf>]
[279 <./rigidity_v104_archive.pdf>] [280 <./rigidity_v104_archive.pdf>]
[281 <./rigidity_v104_archive.pdf>] [282 <./rigidity_v104_archive.pdf>]
[283 <./rigidity_v104_archive.pdf>] [284 <./rigidity_v104_archive.pdf>]
[285 <./rigidity_v104_archive.pdf>] [286 <./rigidity_v104_archive.pdf>]
[287 <./rigidity_v104_archive.pdf>] [288 <./rigidity_v104_archive.pdf>]
[289 <./rigidity_v104_archive.pdf>] [290 <./rigidity_v104_archive.pdf>]
[291 <./rigidity_v104_archive.pdf>] [292 <./rigidity_v104_archive.pdf>]
[293 <./rigidity_v104_archive.pdf>] [294 <./rigidity_v104_archive.pdf>]
[295 <./rigidity_v104_archive.pdf>] [296 <./rigidity_v104_archive.pdf>]
[297 <./rigidity_v104_archive.pdf>] [298 <./rigidity_v104_archive.pdf>]
[299 <./rigidity_v104_archive.pdf>] [300 <./rigidity_v104_archive.pdf>]
[301 <./rigidity_v104_archive.pdf>] [302 <./rigidity_v104_archive.pdf>]
[303 <./rigidity_v104_archive.pdf>] [304 <./rigidity_v104_archive.pdf>]
[305 <./rigidity_v104_archive.pdf>] [306 <./rigidity_v104_archive.pdf>]
[307 <./rigidity_v104_archive.pdf>] [308 <./rigidity_v104_archive.pdf>]
[309 <./rigidity_v104_archive.pdf>] [310 <./rigidity_v104_archive.pdf>]
[311 <./rigidity_v104_archive.pdf>] [312 <./rigidity_v104_archive.pdf>]
[313 <./rigidity_v104_archive.pdf>] [314 <./rigidity_v104_archive.pdf>]
[315 <./rigidity_v104_archive.pdf>] [316 <./rigidity_v104_archive.pdf>]
[317 <./rigidity_v104_archive.pdf>] [318 <./rigidity_v104_archive.pdf>]
[319 <./rigidity_v104_archive.pdf>] (./rigidity_v104_complete.aux)

Package rerunfilecheck Warning: File `rigidity_v104_complete.out' has changed.
(rerunfilecheck)                Rerun to get outlines right
(rerunfilecheck)                or use package `bookmark'.

 )</usr/share/texmf/fonts/type1/public/lm/lmbx10.pfb></usr/share/texmf/fonts/ty
pe1/public/lm/lmbx9.pfb></usr/share/texmf/fonts/type1/public/lm/lmcsc10.pfb></u
sr/share/texmf/fonts/type1/public/lm/lmex10.pfb></usr/share/texmf/fonts/type1/p
ublic/lm/lmmi10.pfb></usr/share/texmf/fonts/type1/public/lm/lmmi6.pfb></usr/sha
re/texmf/fonts/type1/public/lm/lmmi8.pfb></usr/share/texmf/fonts/type1/public/l
m/lmr10.pfb></usr/share/texmf/fonts/type1/public/lm/lmr6.pfb></usr/share/texmf/
fonts/type1/public/lm/lmr8.pfb></usr/share/texmf/fonts/type1/public/lm/lmr9.pfb
></usr/share/texmf/fonts/type1/public/lm/lmri10.pfb></usr/share/texmf/fonts/typ
e1/public/lm/lmri9.pfb></usr/share/texmf/fonts/type1/public/lm/lmss8.pfb></usr/
share/texmf/fonts/type1/public/lm/lmsy10.pfb></usr/share/texmf/fonts/type1/publ
ic/lm/lmsy8.pfb></usr/share/texlive/texmf-dist/fonts/type1/public/amsfonts/symb
ols/msam10.pfb></usr/share/texlive/texmf-dist/fonts/type1/public/amsfonts/symbo
ls/msbm10.pfb>
Output written on rigidity_v104_complete.pdf (319 pages, 5509929 bytes).
Transcript written on rigidity_v104_complete.log.
Latexmk: Getting log file 'rigidity_v104_complete.log'
Latexmk: Examining 'rigidity_v104_complete.fls'
Latexmk: Examining 'rigidity_v104_complete.log'
Latexmk: References changed.
Latexmk: Log file says output to 'rigidity_v104_complete.pdf'
Latexmk: applying rule 'pdflatex'...
Rule 'pdflatex':  Reasons for rerun
Changed files or newly in use/created:
  rigidity_v104_complete.aux
  rigidity_v104_complete.out

------------
Run number 2 of rule 'pdflatex'
------------
------------
Running 'pdflatex  -interaction=nonstopmode -halt-on-error -file-line-error -recorder  "rigidity_v104_complete.tex"'
------------
This is pdfTeX, Version 3.141592653-2.6-1.40.25 (TeX Live 2023/Debian) (preloaded format=pdflatex)
 restricted \write18 enabled.
entering extended mode
(./rigidity_v104_complete.tex
LaTeX2e <2023-11-01> patch level 1
L3 programming layer <2024-01-22>
(/usr/share/texlive/texmf-dist/tex/latex/base/article.cls
Document Class: article 2023/05/17 v1.4n Standard LaTeX document class
(/usr/share/texlive/texmf-dist/tex/latex/base/size11.clo))
(/usr/share/texlive/texmf-dist/tex/latex/pdfpages/pdfpages.sty
(/usr/share/texlive/texmf-dist/tex/latex/base/ifthen.sty)
(/usr/share/texlive/texmf-dist/tex/latex/tools/calc.sty)
(/usr/share/texlive/texmf-dist/tex/latex/eso-pic/eso-pic.sty
(/usr/share/texlive/texmf-dist/tex/latex/graphics/keyval.sty)
(/usr/share/texlive/texmf-dist/tex/latex/xcolor/xcolor.sty
(/usr/share/texlive/texmf-dist/tex/latex/graphics-cfg/color.cfg)
(/usr/share/texlive/texmf-dist/tex/latex/graphics-def/pdftex.def)
(/usr/share/texlive/texmf-dist/tex/latex/graphics/mathcolor.ltx)))
(/usr/share/texlive/texmf-dist/tex/latex/graphics/graphicx.sty
(/usr/share/texlive/texmf-dist/tex/latex/graphics/graphics.sty
(/usr/share/texlive/texmf-dist/tex/latex/graphics/trig.sty)
(/usr/share/texlive/texmf-dist/tex/latex/graphics-cfg/graphics.cfg)))
(/usr/share/texlive/texmf-dist/tex/latex/pdfpages/pppdftex.def))
(/usr/share/texlive/texmf-dist/tex/latex/hyperref/hyperref.sty
(/usr/share/texlive/texmf-dist/tex/generic/iftex/iftex.sty)
(/usr/share/texlive/texmf-dist/tex/latex/kvsetkeys/kvsetkeys.sty)
(/usr/share/texlive/texmf-dist/tex/generic/kvdefinekeys/kvdefinekeys.sty)
(/usr/share/texlive/texmf-dist/tex/generic/pdfescape/pdfescape.sty
(/usr/share/texlive/texmf-dist/tex/generic/ltxcmds/ltxcmds.sty)
(/usr/share/texlive/texmf-dist/tex/generic/pdftexcmds/pdftexcmds.sty
(/usr/share/texlive/texmf-dist/tex/generic/infwarerr/infwarerr.sty)))
(/usr/share/texlive/texmf-dist/tex/latex/hycolor/hycolor.sty)
(/usr/share/texlive/texmf-dist/tex/latex/auxhook/auxhook.sty)
(/usr/share/texlive/texmf-dist/tex/latex/hyperref/nameref.sty
(/usr/share/texlive/texmf-dist/tex/latex/refcount/refcount.sty)
(/usr/share/texlive/texmf-dist/tex/generic/gettitlestring/gettitlestring.sty
(/usr/share/texlive/texmf-dist/tex/latex/kvoptions/kvoptions.sty)))
(/usr/share/texlive/texmf-dist/tex/latex/etoolbox/etoolbox.sty)
(/usr/share/texlive/texmf-dist/tex/latex/hyperref/pd1enc.def)
(/usr/share/texlive/texmf-dist/tex/generic/intcalc/intcalc.sty)
(/usr/share/texlive/texmf-dist/tex/latex/hyperref/puenc.def)
(/usr/share/texlive/texmf-dist/tex/latex/url/url.sty)
(/usr/share/texlive/texmf-dist/tex/generic/bitset/bitset.sty
(/usr/share/texlive/texmf-dist/tex/generic/bigintcalc/bigintcalc.sty))
(/usr/share/texlive/texmf-dist/tex/latex/base/atbegshi-ltx.sty))
(/usr/share/texlive/texmf-dist/tex/latex/hyperref/hpdftex.def
(/usr/share/texlive/texmf-dist/tex/latex/base/atveryend-ltx.sty)
(/usr/share/texlive/texmf-dist/tex/latex/rerunfilecheck/rerunfilecheck.sty
(/usr/share/texlive/texmf-dist/tex/generic/uniquecounter/uniquecounter.sty)))
(/usr/share/texlive/texmf-dist/tex/latex/l3backend/l3backend-pdftex.def)
(./rigidity_v104_complete.aux)
(/usr/share/texlive/texmf-dist/tex/context/base/mkii/supp-pdf.mkii
[Loading MPS to PDF converter (version 2006.09.02).]
) (/usr/share/texlive/texmf-dist/tex/latex/epstopdf-pkg/epstopdf-base.sty
(/usr/share/texlive/texmf-dist/tex/latex/latexconfig/epstopdf-sys.cfg))
(/usr/share/texlive/texmf-dist/tex/latex/pdflscape/pdflscape.sty
(/usr/share/texlive/texmf-dist/tex/latex/pdflscape/pdflscape-nometadata.sty
(/usr/share/texlive/texmf-dist/tex/latex/graphics/lscape.sty)))
(./rigidity_v104_complete.out) (./rigidity_v104_complete.out) [1 <./rigidity_v1
04.pdf{/var/lib/texmf/fonts/map/pdftex/updmap/pdftex.map}>] [2 <./rigidity_v104
.pdf>] [3 <./rigidity_v104.pdf>] [4 <./rigidity_v104.pdf>] [5 <./rigidity_v104.
pdf>] [6 <./rigidity_v104.pdf>] [7 <./rigidity_v104.pdf>] [8 <./rigidity_v104.p
df>] [9 <./rigidity_v104.pdf>] [10 <./rigidity_v104.pdf>] [11 <./rigidity_v104.
pdf>] [12 <./rigidity_v104.pdf>] [13 <./rigidity_v104.pdf>] [14 <./rigidity_v10
4.pdf>] [15 <./rigidity_v104.pdf>] [16 <./rigidity_v104.pdf>] [17 <./rigidity_v
104.pdf>] [18 <./rigidity_v104.pdf>] [19 <./rigidity_v104_archive.pdf>]
[20 <./rigidity_v104_archive.pdf>] [21 <./rigidity_v104_archive.pdf>] [22 <./ri
gidity_v104_archive.pdf>] [23 <./rigidity_v104_archive.pdf>] [24 <./rigidity_v1
04_archive.pdf>] [25 <./rigidity_v104_archive.pdf>] [26 <./rigidity_v104_archiv
e.pdf>] [27 <./rigidity_v104_archive.pdf>] [28 <./rigidity_v104_archive.pdf>]
[29 <./rigidity_v104_archive.pdf>] [30 <./rigidity_v104_archive.pdf>] [31 <./ri
gidity_v104_archive.pdf>] [32 <./rigidity_v104_archive.pdf>] [33 <./rigidity_v1
04_archive.pdf>] [34 <./rigidity_v104_archive.pdf>] [35 <./rigidity_v104_archiv
e.pdf>] [36 <./rigidity_v104_archive.pdf>] [37 <./rigidity_v104_archive.pdf>]
[38 <./rigidity_v104_archive.pdf>] [39 <./rigidity_v104_archive.pdf>] [40 <./ri
gidity_v104_archive.pdf>] [41 <./rigidity_v104_archive.pdf>] [42 <./rigidity_v1
04_archive.pdf>] [43 <./rigidity_v104_archive.pdf>] [44 <./rigidity_v104_archiv
e.pdf>] [45 <./rigidity_v104_archive.pdf>] [46 <./rigidity_v104_archive.pdf>]
[47 <./rigidity_v104_archive.pdf>] [48 <./rigidity_v104_archive.pdf>] [49 <./ri
gidity_v104_archive.pdf>] [50 <./rigidity_v104_archive.pdf>] [51 <./rigidity_v1
04_archive.pdf>] [52 <./rigidity_v104_archive.pdf>] [53 <./rigidity_v104_archiv
e.pdf>] [54 <./rigidity_v104_archive.pdf>] [55 <./rigidity_v104_archive.pdf>]
[56 <./rigidity_v104_archive.pdf>] [57 <./rigidity_v104_archive.pdf>] [58 <./ri
gidity_v104_archive.pdf>] [59 <./rigidity_v104_archive.pdf>] [60 <./rigidity_v1
04_archive.pdf>] [61 <./rigidity_v104_archive.pdf>] [62 <./rigidity_v104_archiv
e.pdf>] [63 <./rigidity_v104_archive.pdf>] [64 <./rigidity_v104_archive.pdf>]
[65 <./rigidity_v104_archive.pdf>] [66 <./rigidity_v104_archive.pdf>] [67 <./ri
gidity_v104_archive.pdf>] [68 <./rigidity_v104_archive.pdf>] [69 <./rigidity_v1
04_archive.pdf>] [70 <./rigidity_v104_archive.pdf>] [71 <./rigidity_v104_archiv
e.pdf>] [72 <./rigidity_v104_archive.pdf>] [73 <./rigidity_v104_archive.pdf>]
[74 <./rigidity_v104_archive.pdf>] [75 <./rigidity_v104_archive.pdf>] [76 <./ri
gidity_v104_archive.pdf>] [77 <./rigidity_v104_archive.pdf>] [78 <./rigidity_v1
04_archive.pdf>] [79 <./rigidity_v104_archive.pdf>] [80 <./rigidity_v104_archiv
e.pdf>] [81 <./rigidity_v104_archive.pdf>] [82 <./rigidity_v104_archive.pdf>]
[83 <./rigidity_v104_archive.pdf>] [84 <./rigidity_v104_archive.pdf>] [85 <./ri
gidity_v104_archive.pdf>] [86 <./rigidity_v104_archive.pdf>] [87 <./rigidity_v1
04_archive.pdf>] [88 <./rigidity_v104_archive.pdf>] [89 <./rigidity_v104_archiv
e.pdf>] [90 <./rigidity_v104_archive.pdf>] [91 <./rigidity_v104_archive.pdf>]
[92 <./rigidity_v104_archive.pdf>] [93 <./rigidity_v104_archive.pdf>] [94 <./ri
gidity_v104_archive.pdf>] [95 <./rigidity_v104_archive.pdf>] [96 <./rigidity_v1
04_archive.pdf>] [97 <./rigidity_v104_archive.pdf>] [98 <./rigidity_v104_archiv
e.pdf>] [99 <./rigidity_v104_archive.pdf>] [100 <./rigidity_v104_archive.pdf>]
[101 <./rigidity_v104_archive.pdf>] [102 <./rigidity_v104_archive.pdf>]
[103 <./rigidity_v104_archive.pdf>] [104 <./rigidity_v104_archive.pdf>]
[105 <./rigidity_v104_archive.pdf>] [106 <./rigidity_v104_archive.pdf>]
[107 <./rigidity_v104_archive.pdf>] [108 <./rigidity_v104_archive.pdf>]
[109 <./rigidity_v104_archive.pdf>] [110 <./rigidity_v104_archive.pdf>]
[111 <./rigidity_v104_archive.pdf>] [112 <./rigidity_v104_archive.pdf>]
[113 <./rigidity_v104_archive.pdf>] [114 <./rigidity_v104_archive.pdf>]
[115 <./rigidity_v104_archive.pdf>] [116 <./rigidity_v104_archive.pdf>]
[117 <./rigidity_v104_archive.pdf>] [118 <./rigidity_v104_archive.pdf>]
[119 <./rigidity_v104_archive.pdf>] [120 <./rigidity_v104_archive.pdf>]
[121 <./rigidity_v104_archive.pdf>] [122 <./rigidity_v104_archive.pdf>]
[123 <./rigidity_v104_archive.pdf>] [124 <./rigidity_v104_archive.pdf>]
[125 <./rigidity_v104_archive.pdf>] [126 <./rigidity_v104_archive.pdf>]
[127 <./rigidity_v104_archive.pdf>] [128 <./rigidity_v104_archive.pdf>]
[129 <./rigidity_v104_archive.pdf>] [130 <./rigidity_v104_archive.pdf>]
[131 <./rigidity_v104_archive.pdf>] [132 <./rigidity_v104_archive.pdf>]
[133 <./rigidity_v104_archive.pdf>] [134 <./rigidity_v104_archive.pdf>]
[135 <./rigidity_v104_archive.pdf>] [136 <./rigidity_v104_archive.pdf>]
[137 <./rigidity_v104_archive.pdf>] [138 <./rigidity_v104_archive.pdf>]
[139 <./rigidity_v104_archive.pdf>] [140 <./rigidity_v104_archive.pdf>]
[141 <./rigidity_v104_archive.pdf>] [142 <./rigidity_v104_archive.pdf>]
[143 <./rigidity_v104_archive.pdf>] [144 <./rigidity_v104_archive.pdf>]
[145 <./rigidity_v104_archive.pdf>] [146 <./rigidity_v104_archive.pdf>]
[147 <./rigidity_v104_archive.pdf>] [148 <./rigidity_v104_archive.pdf>]
[149 <./rigidity_v104_archive.pdf>] [150 <./rigidity_v104_archive.pdf>]
[151 <./rigidity_v104_archive.pdf>] [152 <./rigidity_v104_archive.pdf>]
[153 <./rigidity_v104_archive.pdf>] [154 <./rigidity_v104_archive.pdf>]
[155 <./rigidity_v104_archive.pdf>] [156 <./rigidity_v104_archive.pdf>]
[157 <./rigidity_v104_archive.pdf>] [158 <./rigidity_v104_archive.pdf>]
[159 <./rigidity_v104_archive.pdf>] [160 <./rigidity_v104_archive.pdf>]
[161 <./rigidity_v104_archive.pdf>] [162 <./rigidity_v104_archive.pdf>]
[163 <./rigidity_v104_archive.pdf>] [164 <./rigidity_v104_archive.pdf>]
[165 <./rigidity_v104_archive.pdf>] [166 <./rigidity_v104_archive.pdf>]
[167 <./rigidity_v104_archive.pdf>] [168 <./rigidity_v104_archive.pdf>]
[169 <./rigidity_v104_archive.pdf>] [170 <./rigidity_v104_archive.pdf>]
[171 <./rigidity_v104_archive.pdf>] [172 <./rigidity_v104_archive.pdf>]
[173 <./rigidity_v104_archive.pdf>] [174 <./rigidity_v104_archive.pdf>]
[175 <./rigidity_v104_archive.pdf>] [176 <./rigidity_v104_archive.pdf>]
[177 <./rigidity_v104_archive.pdf>] [178 <./rigidity_v104_archive.pdf>]
[179 <./rigidity_v104_archive.pdf>] [180 <./rigidity_v104_archive.pdf>]
[181 <./rigidity_v104_archive.pdf>] [182 <./rigidity_v104_archive.pdf>]
[183 <./rigidity_v104_archive.pdf>] [184 <./rigidity_v104_archive.pdf>]
[185 <./rigidity_v104_archive.pdf>] [186 <./rigidity_v104_archive.pdf>]
[187 <./rigidity_v104_archive.pdf>] [188 <./rigidity_v104_archive.pdf>]
[189 <./rigidity_v104_archive.pdf>] [190 <./rigidity_v104_archive.pdf>]
[191 <./rigidity_v104_archive.pdf>] [192 <./rigidity_v104_archive.pdf>]
[193 <./rigidity_v104_archive.pdf>] [194 <./rigidity_v104_archive.pdf>]
[195 <./rigidity_v104_archive.pdf>] [196 <./rigidity_v104_archive.pdf>]
[197 <./rigidity_v104_archive.pdf>] [198 <./rigidity_v104_archive.pdf>]
[199 <./rigidity_v104_archive.pdf>] [200 <./rigidity_v104_archive.pdf>]
[201 <./rigidity_v104_archive.pdf>] [202 <./rigidity_v104_archive.pdf>]
[203 <./rigidity_v104_archive.pdf>] [204 <./rigidity_v104_archive.pdf>]
[205 <./rigidity_v104_archive.pdf>] [206 <./rigidity_v104_archive.pdf>]
[207 <./rigidity_v104_archive.pdf>] [208 <./rigidity_v104_archive.pdf>]
[209 <./rigidity_v104_archive.pdf>] [210 <./rigidity_v104_archive.pdf>]
[211 <./rigidity_v104_archive.pdf>] [212 <./rigidity_v104_archive.pdf>]
[213 <./rigidity_v104_archive.pdf>] [214 <./rigidity_v104_archive.pdf>]
[215 <./rigidity_v104_archive.pdf>] [216 <./rigidity_v104_archive.pdf>]
[217 <./rigidity_v104_archive.pdf>] [218 <./rigidity_v104_archive.pdf>]
[219 <./rigidity_v104_archive.pdf>] [220 <./rigidity_v104_archive.pdf>]
[221 <./rigidity_v104_archive.pdf>] [222 <./rigidity_v104_archive.pdf>]
[223 <./rigidity_v104_archive.pdf>] [224 <./rigidity_v104_archive.pdf>]
[225 <./rigidity_v104_archive.pdf>] [226 <./rigidity_v104_archive.pdf>]
[227 <./rigidity_v104_archive.pdf>] [228 <./rigidity_v104_archive.pdf>]
[229 <./rigidity_v104_archive.pdf>] [230 <./rigidity_v104_archive.pdf>]
[231 <./rigidity_v104_archive.pdf>] [232 <./rigidity_v104_archive.pdf>]
[233 <./rigidity_v104_archive.pdf>] [234 <./rigidity_v104_archive.pdf>]
[235 <./rigidity_v104_archive.pdf>] [236 <./rigidity_v104_archive.pdf>]
[237 <./rigidity_v104_archive.pdf>] [238 <./rigidity_v104_archive.pdf>]
[239 <./rigidity_v104_archive.pdf>] [240 <./rigidity_v104_archive.pdf>]
[241 <./rigidity_v104_archive.pdf>] [242 <./rigidity_v104_archive.pdf>]
[243 <./rigidity_v104_archive.pdf>] [244 <./rigidity_v104_archive.pdf>]
[245 <./rigidity_v104_archive.pdf>] [246 <./rigidity_v104_archive.pdf>]
[247 <./rigidity_v104_archive.pdf>] [248 <./rigidity_v104_archive.pdf>]
[249 <./rigidity_v104_archive.pdf>] [250 <./rigidity_v104_archive.pdf>]
[251 <./rigidity_v104_archive.pdf>] [252 <./rigidity_v104_archive.pdf>]
[253 <./rigidity_v104_archive.pdf>] [254 <./rigidity_v104_archive.pdf>]
[255 <./rigidity_v104_archive.pdf>] [256 <./rigidity_v104_archive.pdf>]
[257 <./rigidity_v104_archive.pdf>] [258 <./rigidity_v104_archive.pdf>]
[259 <./rigidity_v104_archive.pdf>] [260 <./rigidity_v104_archive.pdf>]
[261 <./rigidity_v104_archive.pdf>] [262 <./rigidity_v104_archive.pdf>]
[263 <./rigidity_v104_archive.pdf>] [264 <./rigidity_v104_archive.pdf>]
[265 <./rigidity_v104_archive.pdf>] [266 <./rigidity_v104_archive.pdf>]
[267 <./rigidity_v104_archive.pdf>] [268 <./rigidity_v104_archive.pdf>]
[269 <./rigidity_v104_archive.pdf>] [270 <./rigidity_v104_archive.pdf>]
[271 <./rigidity_v104_archive.pdf>] [272 <./rigidity_v104_archive.pdf>]
[273 <./rigidity_v104_archive.pdf>] [274 <./rigidity_v104_archive.pdf>]
[275 <./rigidity_v104_archive.pdf>] [276 <./rigidity_v104_archive.pdf>]
[277 <./rigidity_v104_archive.pdf>] [278 <./rigidity_v104_archive.pdf>]
[279 <./rigidity_v104_archive.pdf>] [280 <./rigidity_v104_archive.pdf>]
[281 <./rigidity_v104_archive.pdf>] [282 <./rigidity_v104_archive.pdf>]
[283 <./rigidity_v104_archive.pdf>] [284 <./rigidity_v104_archive.pdf>]
[285 <./rigidity_v104_archive.pdf>] [286 <./rigidity_v104_archive.pdf>]
[287 <./rigidity_v104_archive.pdf>] [288 <./rigidity_v104_archive.pdf>]
[289 <./rigidity_v104_archive.pdf>] [290 <./rigidity_v104_archive.pdf>]
[291 <./rigidity_v104_archive.pdf>] [292 <./rigidity_v104_archive.pdf>]
[293 <./rigidity_v104_archive.pdf>] [294 <./rigidity_v104_archive.pdf>]
[295 <./rigidity_v104_archive.pdf>] [296 <./rigidity_v104_archive.pdf>]
[297 <./rigidity_v104_archive.pdf>] [298 <./rigidity_v104_archive.pdf>]
[299 <./rigidity_v104_archive.pdf>] [300 <./rigidity_v104_archive.pdf>]
[301 <./rigidity_v104_archive.pdf>] [302 <./rigidity_v104_archive.pdf>]
[303 <./rigidity_v104_archive.pdf>] [304 <./rigidity_v104_archive.pdf>]
[305 <./rigidity_v104_archive.pdf>] [306 <./rigidity_v104_archive.pdf>]
[307 <./rigidity_v104_archive.pdf>] [308 <./rigidity_v104_archive.pdf>]
[309 <./rigidity_v104_archive.pdf>] [310 <./rigidity_v104_archive.pdf>]
[311 <./rigidity_v104_archive.pdf>] [312 <./rigidity_v104_archive.pdf>]
[313 <./rigidity_v104_archive.pdf>] [314 <./rigidity_v104_archive.pdf>]
[315 <./rigidity_v104_archive.pdf>] [316 <./rigidity_v104_archive.pdf>]
[317 <./rigidity_v104_archive.pdf>] [318 <./rigidity_v104_archive.pdf>]
[319 <./rigidity_v104_archive.pdf>] (./rigidity_v104_complete.aux) )</usr/share
/texmf/fonts/type1/public/lm/lmbx10.pfb></usr/share/texmf/fonts/type1/public/lm
/lmbx9.pfb></usr/share/texmf/fonts/type1/public/lm/lmcsc10.pfb></usr/share/texm
f/fonts/type1/public/lm/lmex10.pfb></usr/share/texmf/fonts/type1/public/lm/lmmi
10.pfb></usr/share/texmf/fonts/type1/public/lm/lmmi6.pfb></usr/share/texmf/font
s/type1/public/lm/lmmi8.pfb></usr/share/texmf/fonts/type1/public/lm/lmr10.pfb><
/usr/share/texmf/fonts/type1/public/lm/lmr6.pfb></usr/share/texmf/fonts/type1/p
ublic/lm/lmr8.pfb></usr/share/texmf/fonts/type1/public/lm/lmr9.pfb></usr/share/
texmf/fonts/type1/public/lm/lmri10.pfb></usr/share/texmf/fonts/type1/public/lm/
lmri9.pfb></usr/share/texmf/fonts/type1/public/lm/lmss8.pfb></usr/share/texmf/f
onts/type1/public/lm/lmsy10.pfb></usr/share/texmf/fonts/type1/public/lm/lmsy8.p
fb></usr/share/texlive/texmf-dist/fonts/type1/public/amsfonts/symbols/msam10.pf
b></usr/share/texlive/texmf-dist/fonts/type1/public/amsfonts/symbols/msbm10.pfb
>
Output written on rigidity_v104_complete.pdf (319 pages, 5509929 bytes).
Transcript written on rigidity_v104_complete.log.
Latexmk: Getting log file 'rigidity_v104_complete.log'
Latexmk: Examining 'rigidity_v104_complete.fls'
Latexmk: Examining 'rigidity_v104_complete.log'
Latexmk: Log file says output to 'rigidity_v104_complete.pdf'
Latexmk: All targets (rigidity_v104_complete.pdf) are up-to-date

