Rc files read:
  /etc/LatexMk
Latexmk: This is Latexmk, John Collins, 31 Jan. 2024. Version 4.83.
No existing .aux file, so I'll make a simple one, and require run of *latex.
Force everything to be remade.
Latexmk: applying rule 'pdflatex'...
Rule 'pdflatex':  Reasons for rerun
Category 'other':
  Rerun of 'pdflatex' forced or previously required:
    Reason or flag: 'go_mode'

------------
Run number 1 of rule 'pdflatex'
------------
------------
Running 'pdflatex  -interaction=nonstopmode -halt-on-error -file-line-error -recorder  "rigidity_v104.tex"'
------------
This is pdfTeX, Version 3.141592653-2.6-1.40.25 (TeX Live 2023/Debian) (preloaded format=pdflatex)
 restricted \write18 enabled.
entering extended mode
(./rigidity_v104.tex
LaTeX2e <2023-11-01> patch level 1
L3 programming layer <2024-01-22>
(./article/v104/paper.tex
(/usr/share/texlive/texmf-dist/tex/latex/amscls/amsart.cls
Document Class: amsart 2020/05/29 v2.20.6
(/usr/share/texlive/texmf-dist/tex/latex/amsmath/amsmath.sty
For additional information on amsmath, use the `?' option.
(/usr/share/texlive/texmf-dist/tex/latex/amsmath/amstext.sty
(/usr/share/texlive/texmf-dist/tex/latex/amsmath/amsgen.sty))
(/usr/share/texlive/texmf-dist/tex/latex/amsmath/amsbsy.sty)
(/usr/share/texlive/texmf-dist/tex/latex/amsmath/amsopn.sty))
(/usr/share/texlive/texmf-dist/tex/latex/amsfonts/umsa.fd)
(/usr/share/texlive/texmf-dist/tex/latex/amsfonts/amsfonts.sty))
(/usr/share/texlive/texmf-dist/tex/latex/base/fontenc.sty)
(/usr/share/texmf/tex/latex/lm/lmodern.sty)
(/usr/share/texlive/texmf-dist/tex/latex/amsfonts/amssymb.sty)
(/usr/share/texlive/texmf-dist/tex/latex/mathtools/mathtools.sty
(/usr/share/texlive/texmf-dist/tex/latex/graphics/keyval.sty)
(/usr/share/texlive/texmf-dist/tex/latex/tools/calc.sty)
(/usr/share/texlive/texmf-dist/tex/latex/mathtools/mhsetup.sty))
(/usr/share/texlive/texmf-dist/tex/latex/microtype/microtype.sty
(/usr/share/texlive/texmf-dist/tex/latex/etoolbox/etoolbox.sty)
(/usr/share/texlive/texmf-dist/tex/latex/microtype/microtype-pdftex.def)
(/usr/share/texlive/texmf-dist/tex/latex/microtype/microtype.cfg))
(/usr/share/texlive/texmf-dist/tex/latex/geometry/geometry.sty
(/usr/share/texlive/texmf-dist/tex/generic/iftex/ifvtex.sty
(/usr/share/texlive/texmf-dist/tex/generic/iftex/iftex.sty)))
(/usr/share/texlive/texmf-dist/tex/latex/hyperref/hyperref.sty
(/usr/share/texlive/texmf-dist/tex/latex/kvsetkeys/kvsetkeys.sty)
(/usr/share/texlive/texmf-dist/tex/generic/kvdefinekeys/kvdefinekeys.sty)
(/usr/share/texlive/texmf-dist/tex/generic/pdfescape/pdfescape.sty
(/usr/share/texlive/texmf-dist/tex/generic/ltxcmds/ltxcmds.sty)
(/usr/share/texlive/texmf-dist/tex/generic/pdftexcmds/pdftexcmds.sty
(/usr/share/texlive/texmf-dist/tex/generic/infwarerr/infwarerr.sty)))
(/usr/share/texlive/texmf-dist/tex/latex/hycolor/hycolor.sty)
(/usr/share/texlive/texmf-dist/tex/latex/auxhook/auxhook.sty)
(/usr/share/texlive/texmf-dist/tex/latex/hyperref/nameref.sty
(/usr/share/texlive/texmf-dist/tex/latex/refcount/refcount.sty)
(/usr/share/texlive/texmf-dist/tex/generic/gettitlestring/gettitlestring.sty
(/usr/share/texlive/texmf-dist/tex/latex/kvoptions/kvoptions.sty)))
(/usr/share/texlive/texmf-dist/tex/latex/hyperref/pd1enc.def)
(/usr/share/texlive/texmf-dist/tex/generic/intcalc/intcalc.sty)
(/usr/share/texlive/texmf-dist/tex/latex/hyperref/puenc.def)
(/usr/share/texlive/texmf-dist/tex/latex/url/url.sty)
(/usr/share/texlive/texmf-dist/tex/generic/bitset/bitset.sty
(/usr/share/texlive/texmf-dist/tex/generic/bigintcalc/bigintcalc.sty))
(/usr/share/texlive/texmf-dist/tex/latex/base/atbegshi-ltx.sty))
(/usr/share/texlive/texmf-dist/tex/latex/hyperref/hpdftex.def
(/usr/share/texlive/texmf-dist/tex/latex/base/atveryend-ltx.sty)
(/usr/share/texlive/texmf-dist/tex/latex/rerunfilecheck/rerunfilecheck.sty
(/usr/share/texlive/texmf-dist/tex/generic/uniquecounter/uniquecounter.sty)))
(/usr/share/texmf/tex/latex/lm/t1lmr.fd)
(/usr/share/texlive/texmf-dist/tex/latex/l3backend/l3backend-pdftex.def)
(./rigidity_v104.aux) (/usr/share/texmf/tex/latex/lm/ot1lmr.fd)
(/usr/share/texmf/tex/latex/lm/omllmm.fd)
(/usr/share/texmf/tex/latex/lm/omslmsy.fd)
(/usr/share/texmf/tex/latex/lm/omxlmex.fd)
(/usr/share/texlive/texmf-dist/tex/latex/amsfonts/umsa.fd)
(/usr/share/texlive/texmf-dist/tex/latex/amsfonts/umsb.fd)
(/usr/share/texlive/texmf-dist/tex/latex/graphics/graphicx.sty
(/usr/share/texlive/texmf-dist/tex/latex/graphics/graphics.sty
(/usr/share/texlive/texmf-dist/tex/latex/graphics/trig.sty)
(/usr/share/texlive/texmf-dist/tex/latex/graphics-cfg/graphics.cfg)
(/usr/share/texlive/texmf-dist/tex/latex/graphics-def/pdftex.def
(/usr/share/texlive/texmf-dist/tex/context/base/mkii/supp-pdf.mkii
[Loading MPS to PDF converter (version 2006.09.02).]
))) (/usr/share/texlive/texmf-dist/tex/latex/epstopdf-pkg/epstopdf-base.sty
(/usr/share/texlive/texmf-dist/tex/latex/latexconfig/epstopdf-sys.cfg)))
(/usr/share/texlive/texmf-dist/tex/latex/microtype/mt-cmr.cfg)
*geometry* driver: auto-detecting
*geometry* detected driver: pdftex
(/usr/share/texlive/texmf-dist/tex/latex/microtype/mt-msa.cfg)
(/usr/share/texlive/texmf-dist/tex/latex/microtype/mt-msb.cfg)

LaTeX Warning: Reference `thm:reduction' on page 1 undefined on input line 53.


LaTeX Warning: Reference `cor:newton' on page 1 undefined on input line 53.


LaTeX Warning: Reference `ex:collision' on page 1 undefined on input line 53.

(/usr/share/texmf/tex/latex/lm/ot1lmss.fd)

LaTeX Warning: Reference `thm:reconstruct' on page 1 undefined on input line 60
.


LaTeX Warning: Reference `prop:redundancy' on page 1 undefined on input line 60
.

[1{/var/lib/texmf/fonts/map/pdftex/updmap/pdftex.map}{/usr/share/texmf/fonts/en
c/dvips/lm/lm-ec.enc}{/usr/share/texmf/fonts/enc/dvips/lm/lm-mathit.enc}{/usr/s
hare/texmf/fonts/enc/dvips/lm/lm-rm.enc}{/usr/share/texmf/fonts/enc/dvips/lm/lm
-mathsy.enc}{/usr/share/texmf/fonts/enc/dvips/lm/lm-mathex.enc}]

LaTeX Warning: Reference `thm:paired' on page 2 undefined on input line 62.


LaTeX Warning: Reference `cor:every-native' on page 2 undefined on input line 6
2.


LaTeX Warning: Reference `thm:experiment' on page 2 undefined on input line 62.



LaTeX Warning: Citation `BCR' on page 2 undefined on input line 67.


LaTeX Warning: Citation `BM' on page 2 undefined on input line 67.


LaTeX Warning: Citation `BV' on page 2 undefined on input line 67.


LaTeX Warning: Reference `eq:intro-profile' on page 2 undefined on input line 6
7.


LaTeX Warning: Citation `BMDP' on page 2 undefined on input line 67.


LaTeX Warning: Citation `BMDPc' on page 2 undefined on input line 67.


LaTeX Warning: Citation `Blackwell' on page 2 undefined on input line 67.


LaTeX Warning: Citation `vdV' on page 2 undefined on input line 67.


LaTeX Warning: Reference `sec:reduction' on page 2 undefined on input line 69.


LaTeX Warning: Reference `sec:tensors' on page 2 undefined on input line 69.


LaTeX Warning: Reference `sec:endpoints' on page 2 undefined on input line 69.


LaTeX Warning: Reference `sec:native' on page 2 undefined on input line 69.


LaTeX Warning: Reference `sec:experiment' on page 2 undefined on input line 69.



LaTeX Warning: Reference `app:real' on page 2 undefined on input line 69.


LaTeX Warning: Reference `app:inverse' on page 2 undefined on input line 69.

(./article/v104/parts/01-reduction.tex [2]

LaTeX Warning: Reference `eq:gap' on page 3 undefined on input line 33.


LaTeX Warning: Reference `eq:polar-derivatives' on page 3 undefined on input li
ne 71.


LaTeX Warning: Reference `eq:derived-form' on page 3 undefined on input line 71
.

[3]

LaTeX Warning: Reference `eq:sheet-cost' on page 4 undefined on input line 78.


LaTeX Warning: Reference `eq:relative' on page 4 undefined on input line 83.


LaTeX Warning: Reference `eq:relative' on page 4 undefined on input line 85.


LaTeX Warning: Reference `eq:intrinsic-sheets' on page 4 undefined on input lin
e 87.


LaTeX Warning: Reference `eq:relative' on page 4 undefined on input line 93.


LaTeX Warning: Reference `eq:gap' on page 4 undefined on input line 93.


LaTeX Warning: Reference `eq:intrinsic-sheets' on page 4 undefined on input lin
e 93.


LaTeX Warning: Reference `thm:reduction' on page 4 undefined on input line 96.


LaTeX Warning: Reference `eq:intrinsic-sheets' on page 4 undefined on input lin
e 98.


LaTeX Warning: Reference `eq:gap' on page 4 undefined on input line 101.


LaTeX Warning: Reference `eq:polar-derivatives' on page 4 undefined on input li
ne 101.


LaTeX Warning: Reference `app:real' on page 4 undefined on input line 108.

[4]

LaTeX Warning: Reference `thm:reduction' on page 5 undefined on input line 116.



LaTeX Warning: Reference `thm:reduction' on page 5 undefined on input line 152.


[5]) (./article/v104/parts/02-tensors.tex

LaTeX Warning: Reference `thm:reduction' on page 6 undefined on input line 6.


LaTeX Warning: Reference `eq:relative' on page 6 undefined on input line 11.


LaTeX Warning: Reference `eq:intrinsic-sheets' on page 6 undefined on input lin
e 27.


LaTeX Warning: Reference `eq:lift' on page 6 undefined on input line 37.


LaTeX Warning: Reference `eq:lift' on page 6 undefined on input line 43.


LaTeX Warning: Reference `eq:faces' on page 6 undefined on input line 43.

[6]

LaTeX Warning: Reference `cor:invariance' on page 7 undefined on input line 47.



LaTeX Warning: Reference `thm:reduction' on page 7 undefined on input line 49.

) (./article/v104/parts/03-endpoints.tex

LaTeX Warning: Reference `eq:intro-profile' on page 7 undefined on input line 2
.


LaTeX Warning: Reference `eq:lattice' on page 7 undefined on input line 35.

[7]

LaTeX Warning: Reference `eq:lattice' on page 8 undefined on input line 41.


LaTeX Warning: Reference `eq:endpoint-reconstruct' on page 8 undefined on input
 line 65.


LaTeX Warning: Reference `eq:active-data' on page 8 undefined on input line 67.



LaTeX Warning: Reference `eq:endpoint-reconstruct' on page 8 undefined on input
 line 69.

[8]

LaTeX Warning: Reference `eq:redundancy' on page 9 undefined on input line 108.



LaTeX Warning: Reference `eq:redundancy' on page 9 undefined on input line 108.



LaTeX Warning: Reference `thm:reconstruct' on page 9 undefined on input line 11
0.

) (./article/v104/parts/04-native.tex [9]

LaTeX Warning: Reference `eq:paired' on page 10 undefined on input line 11.


LaTeX Warning: Reference `eq:paired-Q' on page 10 undefined on input line 27.

[10]

LaTeX Warning: Reference `sec:endpoints' on page 11 undefined on input line 40.



LaTeX Warning: Reference `thm:reduction' on page 11 undefined on input line 42.



LaTeX Warning: Reference `thm:paired' on page 11 undefined on input line 50.


LaTeX Warning: Reference `eq:paired-Q' on page 11 undefined on input line 56.


LaTeX Warning: Reference `eq:relative' on page 11 undefined on input line 66.

[11]

LaTeX Warning: Reference `eq:paired' on page 12 undefined on input line 72.


LaTeX Warning: Reference `thm:paired' on page 12 undefined on input line 75.


LaTeX Warning: Reference `eq:paired' on page 12 undefined on input line 79.


LaTeX Warning: Reference `eq:paired' on page 12 undefined on input line 83.


LaTeX Warning: Reference `eq:paired-Q' on page 12 undefined on input line 83.

) (./article/v104/parts/05-experiment.tex

LaTeX Warning: Reference `eq:LAN-model' on page 12 undefined on input line 14.

[12]

LaTeX Warning: Reference `eq:LAN-model' on page 13 undefined on input line 42.


LaTeX Warning: Reference `eq:LAN' on page 13 undefined on input line 42.


LaTeX Warning: Reference `eq:efficient-experiment' on page 13 undefined on inpu
t line 48.


LaTeX Warning: Reference `eq:cost-affinity' on page 13 undefined on input line 
50.


LaTeX Warning: Reference `eq:cost-affinity' on page 13 undefined on input line 
52.

[13]

LaTeX Warning: Reference `thm:experiment' on page 14 undefined on input line 61
.


LaTeX Warning: Reference `eq:LAN-model' on page 14 undefined on input line 65.

) (./article/v104/parts/06-real.tex [14]

LaTeX Warning: Reference `lem:accessible' on page 15 undefined on input line 38
.


LaTeX Warning: Citation `BM' on page 15 undefined on input line 50.


LaTeX Warning: Reference `lem:accessible' on page 15 undefined on input line 50
.


LaTeX Warning: Citation `BM' on page 15 undefined on input line 50.


LaTeX Warning: Reference `lem:factor' on page 15 undefined on input line 52.

[15]

LaTeX Warning: Reference `eq:real-monomials' on page 16 undefined on input line
 54.


LaTeX Warning: Reference `lem:accessible' on page 16 undefined on input line 54
.


LaTeX Warning: Reference `prop:order-tests' on page 16 undefined on input line 
58.


LaTeX Warning: Reference `eq:gap' on page 16 undefined on input line 58.


LaTeX Warning: Reference `eq:intrinsic-sheets' on page 16 undefined on input li
ne 58.

) (./article/v104/parts/07-binary-record.tex [16]

LaTeX Warning: Reference `lem:clock' on page 17 undefined on input line 41.


LaTeX Warning: Reference `lem:clock' on page 17 undefined on input line 53.

[17] [18] (./rigidity_v104.aux)

LaTeX Warning: There were undefined references.


LaTeX Warning: Label(s) may have changed. Rerun to get cross-references right.


Package rerunfilecheck Warning: File `rigidity_v104.out' has changed.
(rerunfilecheck)                Rerun to get outlines right
(rerunfilecheck)                or use package `bookmark'.

 ) ) )</usr/share/texmf/fonts/type1/public/lm/lmbx10.pfb></usr/share/texmf/font
s/type1/public/lm/lmbx9.pfb></usr/share/texmf/fonts/type1/public/lm/lmcsc10.pfb
></usr/share/texmf/fonts/type1/public/lm/lmex10.pfb></usr/share/texmf/fonts/typ
e1/public/lm/lmmi10.pfb></usr/share/texmf/fonts/type1/public/lm/lmmi6.pfb></usr
/share/texmf/fonts/type1/public/lm/lmmi8.pfb></usr/share/texmf/fonts/type1/publ
ic/lm/lmr10.pfb></usr/share/texmf/fonts/type1/public/lm/lmr6.pfb></usr/share/te
xmf/fonts/type1/public/lm/lmr8.pfb></usr/share/texmf/fonts/type1/public/lm/lmr9
.pfb></usr/share/texmf/fonts/type1/public/lm/lmri10.pfb></usr/share/texmf/fonts
/type1/public/lm/lmri9.pfb></usr/share/texmf/fonts/type1/public/lm/lmss8.pfb></
usr/share/texmf/fonts/type1/public/lm/lmsy10.pfb></usr/share/texmf/fonts/type1/
public/lm/lmsy8.pfb></usr/share/texlive/texmf-dist/fonts/type1/public/amsfonts/
symbols/msam10.pfb></usr/share/texlive/texmf-dist/fonts/type1/public/amsfonts/s
ymbols/msbm10.pfb>
Output written on rigidity_v104.pdf (18 pages, 427303 bytes).
Transcript written on rigidity_v104.log.
Latexmk: Getting log file 'rigidity_v104.log'
Latexmk: Examining 'rigidity_v104.fls'
Latexmk: Examining 'rigidity_v104.log'
Latexmk: References changed.
Latexmk: References changed.
Latexmk: Log file says output to 'rigidity_v104.pdf'
Latexmk: applying rule 'pdflatex'...
Rule 'pdflatex':  Reasons for rerun
Changed files or newly in use/created:
  rigidity_v104.aux
  rigidity_v104.out

------------
Run number 2 of rule 'pdflatex'
------------
------------
Running 'pdflatex  -interaction=nonstopmode -halt-on-error -file-line-error -recorder  "rigidity_v104.tex"'
------------
This is pdfTeX, Version 3.141592653-2.6-1.40.25 (TeX Live 2023/Debian) (preloaded format=pdflatex)
 restricted \write18 enabled.
entering extended mode
(./rigidity_v104.tex
LaTeX2e <2023-11-01> patch level 1
L3 programming layer <2024-01-22>
(./article/v104/paper.tex
(/usr/share/texlive/texmf-dist/tex/latex/amscls/amsart.cls
Document Class: amsart 2020/05/29 v2.20.6
(/usr/share/texlive/texmf-dist/tex/latex/amsmath/amsmath.sty
For additional information on amsmath, use the `?' option.
(/usr/share/texlive/texmf-dist/tex/latex/amsmath/amstext.sty
(/usr/share/texlive/texmf-dist/tex/latex/amsmath/amsgen.sty))
(/usr/share/texlive/texmf-dist/tex/latex/amsmath/amsbsy.sty)
(/usr/share/texlive/texmf-dist/tex/latex/amsmath/amsopn.sty))
(/usr/share/texlive/texmf-dist/tex/latex/amsfonts/umsa.fd)
(/usr/share/texlive/texmf-dist/tex/latex/amsfonts/amsfonts.sty))
(/usr/share/texlive/texmf-dist/tex/latex/base/fontenc.sty)
(/usr/share/texmf/tex/latex/lm/lmodern.sty)
(/usr/share/texlive/texmf-dist/tex/latex/amsfonts/amssymb.sty)
(/usr/share/texlive/texmf-dist/tex/latex/mathtools/mathtools.sty
(/usr/share/texlive/texmf-dist/tex/latex/graphics/keyval.sty)
(/usr/share/texlive/texmf-dist/tex/latex/tools/calc.sty)
(/usr/share/texlive/texmf-dist/tex/latex/mathtools/mhsetup.sty))
(/usr/share/texlive/texmf-dist/tex/latex/microtype/microtype.sty
(/usr/share/texlive/texmf-dist/tex/latex/etoolbox/etoolbox.sty)
(/usr/share/texlive/texmf-dist/tex/latex/microtype/microtype-pdftex.def)
(/usr/share/texlive/texmf-dist/tex/latex/microtype/microtype.cfg))
(/usr/share/texlive/texmf-dist/tex/latex/geometry/geometry.sty
(/usr/share/texlive/texmf-dist/tex/generic/iftex/ifvtex.sty
(/usr/share/texlive/texmf-dist/tex/generic/iftex/iftex.sty)))
(/usr/share/texlive/texmf-dist/tex/latex/hyperref/hyperref.sty
(/usr/share/texlive/texmf-dist/tex/latex/kvsetkeys/kvsetkeys.sty)
(/usr/share/texlive/texmf-dist/tex/generic/kvdefinekeys/kvdefinekeys.sty)
(/usr/share/texlive/texmf-dist/tex/generic/pdfescape/pdfescape.sty
(/usr/share/texlive/texmf-dist/tex/generic/ltxcmds/ltxcmds.sty)
(/usr/share/texlive/texmf-dist/tex/generic/pdftexcmds/pdftexcmds.sty
(/usr/share/texlive/texmf-dist/tex/generic/infwarerr/infwarerr.sty)))
(/usr/share/texlive/texmf-dist/tex/latex/hycolor/hycolor.sty)
(/usr/share/texlive/texmf-dist/tex/latex/auxhook/auxhook.sty)
(/usr/share/texlive/texmf-dist/tex/latex/hyperref/nameref.sty
(/usr/share/texlive/texmf-dist/tex/latex/refcount/refcount.sty)
(/usr/share/texlive/texmf-dist/tex/generic/gettitlestring/gettitlestring.sty
(/usr/share/texlive/texmf-dist/tex/latex/kvoptions/kvoptions.sty)))
(/usr/share/texlive/texmf-dist/tex/latex/hyperref/pd1enc.def)
(/usr/share/texlive/texmf-dist/tex/generic/intcalc/intcalc.sty)
(/usr/share/texlive/texmf-dist/tex/latex/hyperref/puenc.def)
(/usr/share/texlive/texmf-dist/tex/latex/url/url.sty)
(/usr/share/texlive/texmf-dist/tex/generic/bitset/bitset.sty
(/usr/share/texlive/texmf-dist/tex/generic/bigintcalc/bigintcalc.sty))
(/usr/share/texlive/texmf-dist/tex/latex/base/atbegshi-ltx.sty))
(/usr/share/texlive/texmf-dist/tex/latex/hyperref/hpdftex.def
(/usr/share/texlive/texmf-dist/tex/latex/base/atveryend-ltx.sty)
(/usr/share/texlive/texmf-dist/tex/latex/rerunfilecheck/rerunfilecheck.sty
(/usr/share/texlive/texmf-dist/tex/generic/uniquecounter/uniquecounter.sty)))
(/usr/share/texmf/tex/latex/lm/t1lmr.fd)
(/usr/share/texlive/texmf-dist/tex/latex/l3backend/l3backend-pdftex.def)
(./rigidity_v104.aux) (/usr/share/texmf/tex/latex/lm/ot1lmr.fd)
(/usr/share/texmf/tex/latex/lm/omllmm.fd)
(/usr/share/texmf/tex/latex/lm/omslmsy.fd)
(/usr/share/texmf/tex/latex/lm/omxlmex.fd)
(/usr/share/texlive/texmf-dist/tex/latex/amsfonts/umsa.fd)
(/usr/share/texlive/texmf-dist/tex/latex/amsfonts/umsb.fd)
(/usr/share/texlive/texmf-dist/tex/latex/graphics/graphicx.sty
(/usr/share/texlive/texmf-dist/tex/latex/graphics/graphics.sty
(/usr/share/texlive/texmf-dist/tex/latex/graphics/trig.sty)
(/usr/share/texlive/texmf-dist/tex/latex/graphics-cfg/graphics.cfg)
(/usr/share/texlive/texmf-dist/tex/latex/graphics-def/pdftex.def
(/usr/share/texlive/texmf-dist/tex/context/base/mkii/supp-pdf.mkii
[Loading MPS to PDF converter (version 2006.09.02).]
))) (/usr/share/texlive/texmf-dist/tex/latex/epstopdf-pkg/epstopdf-base.sty
(/usr/share/texlive/texmf-dist/tex/latex/latexconfig/epstopdf-sys.cfg)))
(/usr/share/texlive/texmf-dist/tex/latex/microtype/mt-cmr.cfg)
*geometry* driver: auto-detecting
*geometry* detected driver: pdftex
(./rigidity_v104.out) (./rigidity_v104.out)
(/usr/share/texlive/texmf-dist/tex/latex/microtype/mt-msa.cfg)
(/usr/share/texlive/texmf-dist/tex/latex/microtype/mt-msb.cfg)
(/usr/share/texmf/tex/latex/lm/ot1lmss.fd) [1{/var/lib/texmf/fonts/map/pdftex/u
pdmap/pdftex.map}{/usr/share/texmf/fonts/enc/dvips/lm/lm-ec.enc}{/usr/share/tex
mf/fonts/enc/dvips/lm/lm-mathit.enc}{/usr/share/texmf/fonts/enc/dvips/lm/lm-rm.
enc}{/usr/share/texmf/fonts/enc/dvips/lm/lm-mathsy.enc}{/usr/share/texmf/fonts/
enc/dvips/lm/lm-mathex.enc}] (./article/v104/parts/01-reduction.tex [2]
[3] [4] [5]) (./article/v104/parts/02-tensors.tex [6])
(./article/v104/parts/03-endpoints.tex [7] [8])
(./article/v104/parts/04-native.tex [9] [10] [11])
(./article/v104/parts/05-experiment.tex [12] [13])
(./article/v104/parts/06-real.tex [14] [15])
(./article/v104/parts/07-binary-record.tex [16] [17] [18] (./rigidity_v104.aux)
 ) ) )</usr/share/texmf/fonts/type1/public/lm/lmbx10.pfb></usr/share/texmf/font
s/type1/public/lm/lmbx9.pfb></usr/share/texmf/fonts/type1/public/lm/lmcsc10.pfb
></usr/share/texmf/fonts/type1/public/lm/lmex10.pfb></usr/share/texmf/fonts/typ
e1/public/lm/lmmi10.pfb></usr/share/texmf/fonts/type1/public/lm/lmmi6.pfb></usr
/share/texmf/fonts/type1/public/lm/lmmi8.pfb></usr/share/texmf/fonts/type1/publ
ic/lm/lmr10.pfb></usr/share/texmf/fonts/type1/public/lm/lmr6.pfb></usr/share/te
xmf/fonts/type1/public/lm/lmr8.pfb></usr/share/texmf/fonts/type1/public/lm/lmr9
.pfb></usr/share/texmf/fonts/type1/public/lm/lmri10.pfb></usr/share/texmf/fonts
/type1/public/lm/lmri9.pfb></usr/share/texmf/fonts/type1/public/lm/lmss8.pfb></
usr/share/texmf/fonts/type1/public/lm/lmsy10.pfb></usr/share/texmf/fonts/type1/
public/lm/lmsy8.pfb></usr/share/texlive/texmf-dist/fonts/type1/public/amsfonts/
symbols/msam10.pfb></usr/share/texlive/texmf-dist/fonts/type1/public/amsfonts/s
ymbols/msbm10.pfb>
Output written on rigidity_v104.pdf (18 pages, 431689 bytes).
Transcript written on rigidity_v104.log.
Latexmk: Getting log file 'rigidity_v104.log'
Latexmk: Examining 'rigidity_v104.fls'
Latexmk: Examining 'rigidity_v104.log'
Latexmk: Log file says output to 'rigidity_v104.pdf'
Latexmk: All targets (rigidity_v104.pdf) are up-to-date

