This is pdfTeX, Version 3.141592653-2.6-1.40.25 (TeX Live 2023/Debian) (preloaded format=pdflatex)
entering extended mode
(./ROUND45_REVISION.tex
LaTeX2e <2023-11-01> patch level 1
L3 programming layer <2024-01-22>
(/usr/share/texlive/texmf-dist/tex/latex/amscls/amsart.cls
Document Class: amsart 2020/05/29 v2.20.6
(/usr/share/texlive/texmf-dist/tex/latex/amsmath/amsmath.sty
For additional information on amsmath, use the `?' option.
(/usr/share/texlive/texmf-dist/tex/latex/amsmath/amstext.sty
(/usr/share/texlive/texmf-dist/tex/latex/amsmath/amsgen.sty))
(/usr/share/texlive/texmf-dist/tex/latex/amsmath/amsbsy.sty)
(/usr/share/texlive/texmf-dist/tex/latex/amsmath/amsopn.sty))
(/usr/share/texlive/texmf-dist/tex/latex/amsfonts/umsa.fd)
(/usr/share/texlive/texmf-dist/tex/latex/amsfonts/amsfonts.sty))
(./round45/preamble.tex
(/usr/share/texlive/texmf-dist/tex/latex/base/fontenc.sty)
(/usr/share/texlive/texmf-dist/tex/latex/base/inputenc.sty)
(/usr/share/texmf/tex/latex/lm/lmodern.sty)
(/usr/share/texlive/texmf-dist/tex/latex/amsfonts/amssymb.sty)
(/usr/share/texlive/texmf-dist/tex/latex/mathtools/mathtools.sty
(/usr/share/texlive/texmf-dist/tex/latex/graphics/keyval.sty)
(/usr/share/texlive/texmf-dist/tex/latex/tools/calc.sty)
(/usr/share/texlive/texmf-dist/tex/latex/mathtools/mhsetup.sty))
(/usr/share/texlive/texmf-dist/tex/latex/jknapltx/mathrsfs.sty)
(/usr/share/texlive/texmf-dist/tex/latex/tools/bm.sty)
(/usr/share/texlive/texmf-dist/tex/latex/geometry/geometry.sty
(/usr/share/texlive/texmf-dist/tex/generic/iftex/ifvtex.sty
(/usr/share/texlive/texmf-dist/tex/generic/iftex/iftex.sty)))
(/usr/share/texlive/texmf-dist/tex/latex/microtype/microtype.sty
(/usr/share/texlive/texmf-dist/tex/latex/etoolbox/etoolbox.sty)
(/usr/share/texlive/texmf-dist/tex/latex/microtype/microtype-pdftex.def)
(/usr/share/texlive/texmf-dist/tex/latex/microtype/microtype.cfg))
(/usr/share/texlive/texmf-dist/tex/latex/booktabs/booktabs.sty)
(/usr/share/texlive/texmf-dist/tex/latex/tools/longtable.sty)
(/usr/share/texlive/texmf-dist/tex/latex/tools/array.sty)
(/usr/share/texlive/texmf-dist/tex/latex/tools/tabularx.sty)
(/usr/share/texlive/texmf-dist/tex/latex/hyperref/hyperref.sty
(/usr/share/texlive/texmf-dist/tex/latex/kvsetkeys/kvsetkeys.sty)
(/usr/share/texlive/texmf-dist/tex/generic/kvdefinekeys/kvdefinekeys.sty)
(/usr/share/texlive/texmf-dist/tex/generic/pdfescape/pdfescape.sty
(/usr/share/texlive/texmf-dist/tex/generic/ltxcmds/ltxcmds.sty)
(/usr/share/texlive/texmf-dist/tex/generic/pdftexcmds/pdftexcmds.sty
(/usr/share/texlive/texmf-dist/tex/generic/infwarerr/infwarerr.sty)))
(/usr/share/texlive/texmf-dist/tex/latex/hycolor/hycolor.sty)
(/usr/share/texlive/texmf-dist/tex/latex/auxhook/auxhook.sty)
(/usr/share/texlive/texmf-dist/tex/latex/hyperref/nameref.sty
(/usr/share/texlive/texmf-dist/tex/latex/refcount/refcount.sty)
(/usr/share/texlive/texmf-dist/tex/generic/gettitlestring/gettitlestring.sty
(/usr/share/texlive/texmf-dist/tex/latex/kvoptions/kvoptions.sty)))
(/usr/share/texlive/texmf-dist/tex/latex/hyperref/pd1enc.def)
(/usr/share/texlive/texmf-dist/tex/generic/intcalc/intcalc.sty)
(/usr/share/texlive/texmf-dist/tex/latex/hyperref/puenc.def)
(/usr/share/texlive/texmf-dist/tex/latex/url/url.sty)
(/usr/share/texlive/texmf-dist/tex/generic/bitset/bitset.sty
(/usr/share/texlive/texmf-dist/tex/generic/bigintcalc/bigintcalc.sty))
(/usr/share/texlive/texmf-dist/tex/latex/base/atbegshi-ltx.sty))
(/usr/share/texlive/texmf-dist/tex/latex/hyperref/hpdftex.def
(/usr/share/texlive/texmf-dist/tex/latex/base/atveryend-ltx.sty)
(/usr/share/texlive/texmf-dist/tex/latex/rerunfilecheck/rerunfilecheck.sty
(/usr/share/texlive/texmf-dist/tex/generic/uniquecounter/uniquecounter.sty))))
(/usr/share/texmf/tex/latex/lm/t1lmr.fd)
(/usr/share/texlive/texmf-dist/tex/latex/l3backend/l3backend-pdftex.def)
No file ROUND45_REVISION.aux.
(/usr/share/texmf/tex/latex/lm/ot1lmr.fd)
(/usr/share/texmf/tex/latex/lm/omllmm.fd)
(/usr/share/texmf/tex/latex/lm/omslmsy.fd)
(/usr/share/texmf/tex/latex/lm/omxlmex.fd)
(/usr/share/texlive/texmf-dist/tex/latex/amsfonts/umsa.fd)
(/usr/share/texlive/texmf-dist/tex/latex/amsfonts/umsb.fd)
(/usr/share/texlive/texmf-dist/tex/latex/jknapltx/ursfs.fd)
(/usr/share/texlive/texmf-dist/tex/latex/graphics/graphicx.sty
(/usr/share/texlive/texmf-dist/tex/latex/graphics/graphics.sty
(/usr/share/texlive/texmf-dist/tex/latex/graphics/trig.sty)
(/usr/share/texlive/texmf-dist/tex/latex/graphics-cfg/graphics.cfg)
(/usr/share/texlive/texmf-dist/tex/latex/graphics-def/pdftex.def
(/usr/share/texlive/texmf-dist/tex/context/base/mkii/supp-pdf.mkii
[Loading MPS to PDF converter (version 2006.09.02).]
))))
*geometry* driver: auto-detecting
*geometry* detected driver: pdftex
(/usr/share/texlive/texmf-dist/tex/latex/microtype/mt-cmr.cfg)
No file ROUND45_REVISION.toc.
(./round45/introduction.tex
(/usr/share/texlive/texmf-dist/tex/latex/microtype/mt-msa.cfg)
(/usr/share/texlive/texmf-dist/tex/latex/microtype/mt-msb.cfg) [1{/var/lib/texm
f/fonts/map/pdftex/updmap/pdftex.map}{/usr/share/texmf/fonts/enc/dvips/lm/lm-ec
.enc}{/usr/share/texmf/fonts/enc/dvips/lm/lm-mathit.enc}{/usr/share/texmf/fonts
/enc/dvips/lm/lm-rm.enc}{/usr/share/texmf/fonts/enc/dvips/lm/lm-mathsy.enc}]

LaTeX Warning: Citation `Teschl2000' on page 2 undefined on input line 74.


LaTeX Warning: Citation `Vollmer2013' on page 2 undefined on input line 78.


LaTeX Warning: Citation `Shalizi2009' on page 2 undefined on input line 84.


LaTeX Warning: Citation `HowardEtAl2021' on page 2 undefined on input line 89.

) (./round45/triangular.tex

LaTeX Warning: Reference `prop:balanced-contrast' on page 2 undefined on input 
line 8.

[2] (/usr/share/texmf/tex/latex/lm/ot1lmss.fd)

LaTeX Warning: Reference `eq:quasi-posterior' on page 3 undefined on input line
 59.


LaTeX Warning: Reference `eq:true-triangular-law' on page 3 undefined on input 
line 60.

(/usr/share/texlive/texmf-dist/tex/latex/amsfonts/ueuf.fd)
(/usr/share/texlive/texmf-dist/tex/latex/microtype/mt-euf.cfg) [3{/usr/share/te
xmf/fonts/enc/dvips/lm/lm-mathex.enc}]

LaTeX Warning: Reference `eq:nuisance-potential' on page 4 undefined on input l
ine 158.


LaTeX Warning: Reference `eq:nuisance-derivative-budget' on page 4 undefined on
 input line 168.


LaTeX Warning: Reference `eq:abstract-contrast' on page 4 undefined on input li
ne 177.

[4]

LaTeX Warning: Reference `lem:nuisance-budget' on page 5 undefined on input lin
e 198.


LaTeX Warning: Reference `eq:sobolev-score' on page 5 undefined on input line 2
36.


LaTeX Warning: Reference `lem:sobolev-score' on page 5 undefined on input line 
250.


LaTeX Warning: Reference `lem:sobolev-score' on page 5 undefined on input line 
296.


LaTeX Warning: Reference `ass:triangular' on page 5 undefined on input line 301
.


LaTeX Warning: Reference `lem:nuisance-budget' on page 5 undefined on input lin
e 302.


LaTeX Warning: Reference `eq:abstract-contrast' on page 5 undefined on input li
ne 304.


LaTeX Warning: Reference `eq:global-envelope' on page 5 undefined on input line
 304.

[5]

LaTeX Warning: Reference `eq:uniform-lan' on page 6 undefined on input line 316
.


LaTeX Warning: Reference `eq:global-envelope' on page 6 undefined on input line
 319.


LaTeX Warning: Reference `eq:root-n-contraction' on page 6 undefined on input l
ine 324.


LaTeX Warning: Reference `ass:triangular' on page 6 undefined on input line 368
.


LaTeX Warning: Reference `lem:random-laplace' on page 6 undefined on input line
 385.


LaTeX Warning: Reference `prop:local-global' on page 6 undefined on input line 
388.

) (./round45/lattice.tex [6] [7]

LaTeX Warning: Reference `eq:prefix-calibration' on page 8 undefined on input l
ine 164.

[8]

LaTeX Warning: Reference `lem:five-energy' on page 9 undefined on input line 20
6.


LaTeX Warning: Reference `ass:triangular' on page 9 undefined on input line 247
.


LaTeX Warning: Reference `thm:abstract-bvm' on page 9 undefined on input line 2
54.


LaTeX Warning: Reference `prop:balanced-contrast' on page 9 undefined on input 
line 266.


LaTeX Warning: Reference `thm:abstract-bvm' on page 9 undefined on input line 2
68.


LaTeX Warning: Reference `prop:pseudotrue' on page 9 undefined on input line 26
8.

) (./round45/filter_memory.tex

LaTeX Warning: Reference `eq:nuisance-factorization' on page 9 undefined on inp
ut line 13.

[9]

LaTeX Warning: Reference `eq:strong-pushforward-bound' on page 10 undefined on 
input line 62.

[10] [11]) (./round45/uniform_statistics.tex

LaTeX Warning: Reference `eq:finite-n-field-bound' on page 12 undefined on inpu
t line 68.

[12]

LaTeX Warning: Reference `eq:finite-n-transient-tail' on page 13 undefined on i
nput line 128.


LaTeX Warning: Reference `eq:finite-n-transient-tail' on page 13 undefined on i
nput line 152.


LaTeX Warning: Reference `prop:finite-n-field-concentration' on page 13 undefin
ed on input line 156.


LaTeX Warning: Reference `eq:finite-n-field-bound' on page 13 undefined on inpu
t line 174.

[13]

LaTeX Warning: Reference `eq:adaptive-uniform-likelihood-tracking' on page 14 u
ndefined on input line 222.

) (./round45/infinite_jacobi.tex [14]

LaTeX Warning: Reference `lem:five-energy' on page 15 undefined on input line 3
0.


LaTeX Warning: Reference `eq:recover-tail' on page 15 undefined on input line 6
7.


LaTeX Warning: Citation `Teschl2000' on page 15 undefined on input line 73.


LaTeX Warning: Reference `thm:effective-jacobi-stability' on page 15 undefined 
on input line 93.

[15]

LaTeX Warning: Reference `eq:logarithmic-washout' on page 16 undefined on input
 line 144.


LaTeX Warning: Reference `sec:finite-sample-geometry' on page 16 undefined on i
nput line 158.


LaTeX Warning: Reference `prop:finite-n-field-concentration' on page 16 undefin
ed on input line 174.


LaTeX Warning: Reference `eq:washed-observation' on page 16 undefined on input 
line 177.


LaTeX Warning: Reference `lem:finite-n-exact-correction' on page 16 undefined o
n input line 178.


LaTeX Warning: Reference `thm:adaptive-laplace-tracking' on page 16 undefined o
n input line 192.


LaTeX Warning: Reference `eq:multiscale-design' on page 16 undefined on input l
ine 199.

[16]) (./round45/inverse_stability.tex

LaTeX Warning: Reference `eq:explicit-moment-recursion' on page 17 undefined on
 input line 57.

[17]

LaTeX Warning: Reference `eq:gram-recover-b' on page 18 undefined on input line
 94.


LaTeX Warning: Reference `eq:finite-map-ledger' on page 18 undefined on input l
ine 159.


LaTeX Warning: Reference `eq:effective-gram-lipschitz' on page 18 undefined on 
input line 162.

[18] [19]) (./round45/linear_time_protocol.tex [20]

LaTeX Warning: Reference `sec:finite-sample-geometry' on page 21 undefined on i
nput line 95.


LaTeX Warning: Reference `eq:finite-n-field-bound' on page 21 undefined on inpu
t line 105.


LaTeX Warning: Reference `eq:finite-n-transient-tail' on page 21 undefined on i
nput line 107.


LaTeX Warning: Reference `prop:finite-n-field-concentration' on page 21 undefin
ed on input line 110.


LaTeX Warning: Reference `eq:linear-time-information-floor' on page 21 undefine
d on input line 113.


LaTeX Warning: Reference `eq:adaptive-uniform-likelihood-tracking' on page 21 u
ndefined on input line 115.


LaTeX Warning: Reference `thm:finite-n-posterior-separation' on page 21 undefin
ed on input line 119.


LaTeX Warning: Reference `thm:adaptive-laplace-tracking' on page 21 undefined o
n input line 129.

) (./round45/growing_depth_uncertainty.tex [21]

LaTeX Warning: Reference `eq:policy-controlling-metric' on page 22 undefined on
 input line 14.


LaTeX Warning: Reference `eq:factorial-boundary-locality' on page 22 undefined 
on input line 61.

[22]

LaTeX Warning: Reference `eq:response-entropy-bound' on page 23 undefined on in
put line 113.


LaTeX Warning: Reference `eq:effective-entropy-prior' on page 23 undefined on i
nput line 115.


LaTeX Warning: Reference `thm:finite-n-posterior-separation' on page 23 undefin
ed on input line 149.


LaTeX Warning: Reference `eq:growing-depth-conditions' on page 23 undefined on 
input line 151.


LaTeX Warning: Reference `eq:finite-n-transient-tail' on page 23 undefined on i
nput line 152.


Underfull \hbox (badness 2229) in paragraph at lines 181--189
[]\T1/lmr/m/n/10.95 (+20) Split the tridi-ag-o-nal dif-fer-ence into the en-tri
es in-volv-ing the known co-ef-fi-cients
[23] [24]) (./round45/references.tex (/usr/share/texmf/tex/latex/lm/t1lmtt.fd)
pdfTeX warning (font expansion): font should be expanded before its first use

pdfTeX warning (font expansion): font should be expanded before its first use
) [25] (./ROUND45_REVISION.aux)

LaTeX Warning: There were undefined references.


LaTeX Warning: Label(s) may have changed. Rerun to get cross-references right.


Package rerunfilecheck Warning: File `ROUND45_REVISION.out' has changed.
(rerunfilecheck)                Rerun to get outlines right
(rerunfilecheck)                or use package `bookmark'.

 )
(see the transcript file for additional information)</usr/share/texlive/texmf-d
ist/fonts/type1/public/amsfonts/euler/eufm10.pfb></usr/share/texlive/texmf-dist
/fonts/type1/public/amsfonts/euler/eufm7.pfb></usr/share/texmf/fonts/type1/publ
ic/lm/lmbx10.pfb></usr/share/texmf/fonts/type1/public/lm/lmcsc10.pfb></usr/shar
e/texmf/fonts/type1/public/lm/lmex10.pfb></usr/share/texmf/fonts/type1/public/l
m/lmmi10.pfb></usr/share/texmf/fonts/type1/public/lm/lmmi6.pfb></usr/share/texm
f/fonts/type1/public/lm/lmmi8.pfb></usr/share/texmf/fonts/type1/public/lm/lmmi9
.pfb></usr/share/texmf/fonts/type1/public/lm/lmr10.pfb></usr/share/texmf/fonts/
type1/public/lm/lmr5.pfb></usr/share/texmf/fonts/type1/public/lm/lmr6.pfb></usr
/share/texmf/fonts/type1/public/lm/lmr8.pfb></usr/share/texmf/fonts/type1/publi
c/lm/lmr9.pfb></usr/share/texmf/fonts/type1/public/lm/lmri10.pfb></usr/share/te
xmf/fonts/type1/public/lm/lmri9.pfb></usr/share/texmf/fonts/type1/public/lm/lms
s10.pfb></usr/share/texmf/fonts/type1/public/lm/lmss8.pfb></usr/share/texmf/fon
ts/type1/public/lm/lmsy10.pfb></usr/share/texmf/fonts/type1/public/lm/lmsy6.pfb
></usr/share/texmf/fonts/type1/public/lm/lmsy8.pfb></usr/share/texmf/fonts/type
1/public/lm/lmsy9.pfb></usr/share/texmf/fonts/type1/public/lm/lmtt9.pfb></usr/s
hare/texlive/texmf-dist/fonts/type1/public/amsfonts/symbols/msam10.pfb></usr/sh
are/texlive/texmf-dist/fonts/type1/public/amsfonts/symbols/msbm10.pfb></usr/sha
re/texlive/texmf-dist/fonts/type1/public/rsfs/rsfs10.pfb>
Output written on ROUND45_REVISION.pdf (25 pages, 562671 bytes).
Transcript written on ROUND45_REVISION.log.
