Title:           Reference-free certification from intrinsic boundary laws
Subject:         
Keywords:        
Author:          Qian Qi
Creator:         LaTeX with hyperref
Producer:        pdfTeX-1.40.26
CreationDate:    Sat Oct  3 07:42:40 2026 UTC
ModDate:         Sat Oct  3 07:42:40 2026 UTC
Custom Metadata: yes
Metadata Stream: no
Tagged:          no
UserProperties:  no
Suspects:        no
Form:            none
JavaScript:      no
Pages:           15
Encrypted:       no
Page size:       612 x 792 pts (letter)
Page rot:        0
File size:       380056 bytes
Optimized:       no
PDF version:     1.7
