{
  "revision": 141,
  "audit": "real reciprocal likelihood",
  "ok": true,
  "arithmetic": "exact rational polynomial arithmetic; Sturm audits where recorded",
  "configurations": 54,
  "sturm_configurations": 24,
  "original_score_configurations": 54,
  "checks": {
    "r2-variant0": true,
    "r2-variant1": true,
    "r2-variant2": true,
    "r2-variant3": true,
    "r2-variant4": true,
    "r2-variant5": true,
    "r3-variant0": true,
    "r3-variant1": true,
    "r3-variant2": true,
    "r3-variant3": true,
    "r3-variant4": true,
    "r3-variant5": true,
    "r4-variant0": true,
    "r4-variant1": true,
    "r4-variant2": true,
    "r4-variant3": true,
    "r4-variant4": true,
    "r4-variant5": true,
    "r5-variant0": true,
    "r5-variant1": true,
    "r5-variant2": true,
    "r5-variant3": true,
    "r5-variant4": true,
    "r5-variant5": true,
    "r6-variant0": true,
    "r6-variant1": true,
    "r6-variant2": true,
    "r6-variant3": true,
    "r6-variant4": true,
    "r6-variant5": true,
    "r7-variant0": true,
    "r7-variant1": true,
    "r7-variant2": true,
    "r7-variant3": true,
    "r7-variant4": true,
    "r7-variant5": true,
    "r8-variant0": true,
    "r8-variant1": true,
    "r8-variant2": true,
    "r8-variant3": true,
    "r8-variant4": true,
    "r8-variant5": true,
    "r9-variant0": true,
    "r9-variant1": true,
    "r9-variant2": true,
    "r9-variant3": true,
    "r9-variant4": true,
    "r9-variant5": true,
    "r10-variant0": true,
    "r10-variant1": true,
    "r10-variant2": true,
    "r10-variant3": true,
    "r10-variant4": true,
    "r10-variant5": true,
    "displayed_cubic": true,
    "displayed_data": true
  },
  "scope": "Finite audits of the written all-rank proof, not a formal proof certificate; unrestricted real data, not positive-definite data."
}
