{
  "field": "QQ",
  "general_proof_machine_certified": false,
  "repeated_contact": {
    "binary_quartic": "u**2*(u - 2*v)*(u - v)",
    "J_equals_Icap_m3": true,
    "deltaJ_equals_deltaIcap_m5": true
  },
  "containment": {
    "h_identically_zero": true,
    "J_equals_delta_m": true,
    "delta2m_equals_delta2_cap_m5": true
  },
  "decomposable_kernel_wall": {
    "linear_minor_ideal": "delta*(c,d)",
    "expected_colon_generators": [
      "c",
      "d",
      "a^2",
      "a*b",
      "b^2"
    ],
    "delta_times_expected_colon_in_J": true,
    "delta_not_in_J": true,
    "delta_squared_in_J": true,
    "quotient_length_at_vertex": 3,
    "degree_test_rank": 3
  }
}
