Title:           Scalar collision laws and recognition of periodic dispersing billiards
Subject:         
Keywords:        
Author:          Qian Qi
Creator:         LaTeX with hyperref
Producer:        pdfTeX-1.40.26
CreationDate:    Sat Oct  3 20:43:34 2026 UTC
ModDate:         Sat Oct  3 20:43:34 2026 UTC
Custom Metadata: yes
Metadata Stream: no
Tagged:          no
UserProperties:  no
Suspects:        no
Form:            none
JavaScript:      no
Pages:           13
Encrypted:       no
Page size:       612 x 792 pts (letter)
Page rot:        0
File size:       398064 bytes
Optimized:       no
PDF version:     1.7
