Rc files read:
  /etc/LatexMk
Latexmk: This is Latexmk, John Collins, 31 Jan. 2024. Version 4.83.
No existing .aux file, so I'll make a simple one, and require run of *latex.
Latexmk: applying rule 'pdflatex'...
Rule 'pdflatex':  Reasons for rerun
Category 'other':
  Rerun of 'pdflatex' forced or previously required:
    Reason or flag: 'Initial setup'

------------
Run number 1 of rule 'pdflatex'
------------
------------
Running 'pdflatex  -interaction=nonstopmode -halt-on-error -file-line-error -recorder  "paper.tex"'
------------
This is pdfTeX, Version 3.141592653-2.6-1.40.25 (TeX Live 2023/Debian) (preloaded format=pdflatex)
 restricted \write18 enabled.
entering extended mode
(./paper.tex
LaTeX2e <2023-11-01> patch level 1
L3 programming layer <2024-01-22>
(/usr/share/texlive/texmf-dist/tex/latex/amscls/amsart.cls
Document Class: amsart 2020/05/29 v2.20.6
(/usr/share/texlive/texmf-dist/tex/latex/amsmath/amsmath.sty
For additional information on amsmath, use the `?' option.
(/usr/share/texlive/texmf-dist/tex/latex/amsmath/amstext.sty
(/usr/share/texlive/texmf-dist/tex/latex/amsmath/amsgen.sty))
(/usr/share/texlive/texmf-dist/tex/latex/amsmath/amsbsy.sty)
(/usr/share/texlive/texmf-dist/tex/latex/amsmath/amsopn.sty))
(/usr/share/texlive/texmf-dist/tex/latex/amsfonts/umsa.fd)
(/usr/share/texlive/texmf-dist/tex/latex/amsfonts/amsfonts.sty))
(/usr/share/texlive/texmf-dist/tex/latex/base/fontenc.sty)
(/usr/share/texmf/tex/latex/lm/lmodern.sty)
(/usr/share/texlive/texmf-dist/tex/latex/jknapltx/mathrsfs.sty)
(/usr/share/texlive/texmf-dist/tex/latex/amsfonts/amssymb.sty)
(/usr/share/texlive/texmf-dist/tex/latex/mathtools/mathtools.sty
(/usr/share/texlive/texmf-dist/tex/latex/graphics/keyval.sty)
(/usr/share/texlive/texmf-dist/tex/latex/tools/calc.sty)
(/usr/share/texlive/texmf-dist/tex/latex/mathtools/mhsetup.sty))
(/usr/share/texlive/texmf-dist/tex/latex/microtype/microtype.sty
(/usr/share/texlive/texmf-dist/tex/latex/etoolbox/etoolbox.sty)
(/usr/share/texlive/texmf-dist/tex/latex/microtype/microtype-pdftex.def)
(/usr/share/texlive/texmf-dist/tex/latex/microtype/microtype.cfg))
(/usr/share/texlive/texmf-dist/tex/latex/booktabs/booktabs.sty)
(/usr/share/texlive/texmf-dist/tex/latex/geometry/geometry.sty
(/usr/share/texlive/texmf-dist/tex/generic/iftex/ifvtex.sty
(/usr/share/texlive/texmf-dist/tex/generic/iftex/iftex.sty)))
(/usr/share/texlive/texmf-dist/tex/latex/hyperref/hyperref.sty
(/usr/share/texlive/texmf-dist/tex/latex/kvsetkeys/kvsetkeys.sty)
(/usr/share/texlive/texmf-dist/tex/generic/kvdefinekeys/kvdefinekeys.sty)
(/usr/share/texlive/texmf-dist/tex/generic/pdfescape/pdfescape.sty
(/usr/share/texlive/texmf-dist/tex/generic/ltxcmds/ltxcmds.sty)
(/usr/share/texlive/texmf-dist/tex/generic/pdftexcmds/pdftexcmds.sty
(/usr/share/texlive/texmf-dist/tex/generic/infwarerr/infwarerr.sty)))
(/usr/share/texlive/texmf-dist/tex/latex/hycolor/hycolor.sty)
(/usr/share/texlive/texmf-dist/tex/latex/auxhook/auxhook.sty)
(/usr/share/texlive/texmf-dist/tex/latex/hyperref/nameref.sty
(/usr/share/texlive/texmf-dist/tex/latex/refcount/refcount.sty)
(/usr/share/texlive/texmf-dist/tex/generic/gettitlestring/gettitlestring.sty
(/usr/share/texlive/texmf-dist/tex/latex/kvoptions/kvoptions.sty)))
(/usr/share/texlive/texmf-dist/tex/latex/hyperref/pd1enc.def)
(/usr/share/texlive/texmf-dist/tex/generic/intcalc/intcalc.sty)
(/usr/share/texlive/texmf-dist/tex/latex/hyperref/puenc.def)
(/usr/share/texlive/texmf-dist/tex/latex/url/url.sty)
(/usr/share/texlive/texmf-dist/tex/generic/bitset/bitset.sty
(/usr/share/texlive/texmf-dist/tex/generic/bigintcalc/bigintcalc.sty))
(/usr/share/texlive/texmf-dist/tex/latex/base/atbegshi-ltx.sty))
(/usr/share/texlive/texmf-dist/tex/latex/hyperref/hpdftex.def
(/usr/share/texlive/texmf-dist/tex/latex/base/atveryend-ltx.sty)
(/usr/share/texlive/texmf-dist/tex/latex/rerunfilecheck/rerunfilecheck.sty
(/usr/share/texlive/texmf-dist/tex/generic/uniquecounter/uniquecounter.sty)))
(/usr/share/texmf/tex/latex/lm/t1lmr.fd)
(/usr/share/texlive/texmf-dist/tex/latex/l3backend/l3backend-pdftex.def)
(./paper.aux) (/usr/share/texmf/tex/latex/lm/ot1lmr.fd)
(/usr/share/texmf/tex/latex/lm/omllmm.fd)
(/usr/share/texmf/tex/latex/lm/omslmsy.fd)
(/usr/share/texmf/tex/latex/lm/omxlmex.fd)
(/usr/share/texlive/texmf-dist/tex/latex/amsfonts/umsa.fd)
(/usr/share/texlive/texmf-dist/tex/latex/amsfonts/umsb.fd)
(/usr/share/texlive/texmf-dist/tex/latex/jknapltx/ursfs.fd)
(/usr/share/texlive/texmf-dist/tex/latex/graphics/graphicx.sty
(/usr/share/texlive/texmf-dist/tex/latex/graphics/graphics.sty
(/usr/share/texlive/texmf-dist/tex/latex/graphics/trig.sty)
(/usr/share/texlive/texmf-dist/tex/latex/graphics-cfg/graphics.cfg)
(/usr/share/texlive/texmf-dist/tex/latex/graphics-def/pdftex.def
(/usr/share/texlive/texmf-dist/tex/context/base/mkii/supp-pdf.mkii
[Loading MPS to PDF converter (version 2006.09.02).]
))) (/usr/share/texlive/texmf-dist/tex/latex/epstopdf-pkg/epstopdf-base.sty
(/usr/share/texlive/texmf-dist/tex/latex/latexconfig/epstopdf-sys.cfg)))
(/usr/share/texlive/texmf-dist/tex/latex/microtype/mt-cmr.cfg)
*geometry* driver: auto-detecting
*geometry* detected driver: pdftex
(./parts/01-contact-native.tex
(/usr/share/texlive/texmf-dist/tex/latex/microtype/mt-msa.cfg)
(/usr/share/texlive/texmf-dist/tex/latex/microtype/mt-msb.cfg)
(/usr/share/texmf/tex/latex/lm/ot1lmss.fd) [1{/var/lib/texmf/fonts/map/pdftex/u
pdmap/pdftex.map}{/usr/share/texmf/fonts/enc/dvips/lm/lm-ec.enc}{/usr/share/tex
mf/fonts/enc/dvips/lm/lm-rm.enc}{/usr/share/texmf/fonts/enc/dvips/lm/lm-mathsy.
enc}{/usr/share/texmf/fonts/enc/dvips/lm/lm-mathit.enc}{/usr/share/texmf/fonts/
enc/dvips/lm/lm-mathex.enc}]

LaTeX Warning: Reference `eq:codimension' on page 2 undefined on input line 28.



LaTeX Warning: Reference `thm:structure' on page 2 undefined on input line 30.


LaTeX Warning: Reference `thm:fixed-realization' on page 2 undefined on input l
ine 42.


LaTeX Warning: Reference `sec:native' on page 2 undefined on input line 44.

[2]

LaTeX Warning: Reference `eq:threshold' on page 3 undefined on input line 55.


LaTeX Warning: Citation `MP' on page 3 undefined on input line 58.


LaTeX Warning: Citation `BE85' on page 3 undefined on input line 58.


LaTeX Warning: Citation `BE87' on page 3 undefined on input line 58.


LaTeX Warning: Citation `Larson' on page 3 undefined on input line 58.


LaTeX Warning: Reference `thm:global-intro' on page 3 undefined on input line 5
8.


LaTeX Warning: Citation `CMSV' on page 3 undefined on input line 58.


LaTeX Warning: Citation `EHU' on page 3 undefined on input line 58.


LaTeX Warning: Citation `GL86' on page 3 undefined on input line 60.


LaTeX Warning: Citation `Ballico96' on page 3 undefined on input line 60.


LaTeX Warning: Citation `CMSV' on page 3 undefined on input line 60.


LaTeX Warning: Citation `EN' on page 3 undefined on input line 60.


LaTeX Warning: Citation `Kustin' on page 3 undefined on input line 60.


LaTeX Warning: Citation `KL' on page 3 undefined on input line 60.


LaTeX Warning: Citation `Fulton' on page 3 undefined on input line 60.


LaTeX Warning: Citation `Sch' on page 3 undefined on input line 62.


LaTeX Warning: Citation `Yu' on page 3 undefined on input line 62.


LaTeX Warning: Citation `Kohonen14' on page 3 undefined on input line 62.


LaTeX Warning: Citation `Kohonen17' on page 3 undefined on input line 62.


LaTeX Warning: Citation `BCE' on page 3 undefined on input line 62.


LaTeX Warning: Citation `GKZ' on page 3 undefined on input line 62.


LaTeX Warning: Reference `sec:boundary' on page 3 undefined on input line 64.


LaTeX Warning: Citation `Geyer' on page 3 undefined on input line 64.


LaTeX Warning: Citation `vdV' on page 3 undefined on input line 64.


Underfull \vbox (badness 10000) has occurred while \output is active [3]

LaTeX Warning: Reference `eq:distance' on page 4 undefined on input line 71.


LaTeX Warning: Reference `sec:realization' on page 4 undefined on input line 71
.


LaTeX Warning: Reference `lem:normal' on page 4 undefined on input line 104.

[4]

LaTeX Warning: Reference `eq:native' on page 5 undefined on input line 162.


LaTeX Warning: Reference `sec:score-contact' on page 5 undefined on input line 
164.


LaTeX Warning: Reference `sec:boundary' on page 5 undefined on input line 164.


LaTeX Warning: Reference `eq:native' on page 5 undefined on input line 164.

) (./parts/01b-structural-overview.tex [5]

LaTeX Warning: Reference `thm:all-dimension' on page 6 undefined on input line 
3.


LaTeX Warning: Reference `thm:residual-tangent' on page 6 undefined on input li
ne 10.


LaTeX Warning: Reference `thm:wall-node' on page 6 undefined on input line 18.


LaTeX Warning: Reference `cor:node-tail' on page 6 undefined on input line 19.


LaTeX Warning: Reference `thm:signed-normalization' on page 6 undefined on inpu
t line 25.


LaTeX Warning: Reference `prop:rank-two-fibre' on page 6 undefined on input lin
e 26.


LaTeX Warning: Reference `thm:higher-phase' on page 6 undefined on input line 3
0.


LaTeX Warning: Reference `thm:higher-residual' on page 6 undefined on input lin
e 30.


LaTeX Warning: Citation `Ballico93' on page 6 undefined on input line 40.


LaTeX Warning: Citation `GL86' on page 6 undefined on input line 41.


LaTeX Warning: Citation `Ballico96' on page 6 undefined on input line 41.


LaTeX Warning: Citation `Ballico93' on page 6 undefined on input line 46.


LaTeX Warning: Citation `CMSV' on page 6 undefined on input line 53.

) (./parts/02-global-geometry.tex [6]

LaTeX Warning: Reference `thm:global-intro' on page 7 undefined on input line 7
.


LaTeX Warning: Citation `CMSV' on page 7 undefined on input line 19.


LaTeX Warning: Citation `CMSV' on page 7 undefined on input line 19.


LaTeX Warning: Reference `eq:D-rs' on page 7 undefined on input line 38.


LaTeX Warning: Reference `eq:feasible' on page 7 undefined on input line 42.

[7]

LaTeX Warning: Reference `eq:optimization' on page 8 undefined on input line 59
.


LaTeX Warning: Reference `eq:feasible' on page 8 undefined on input line 65.

(/usr/share/texlive/texmf-dist/tex/latex/amsfonts/ueuf.fd)
(/usr/share/texlive/texmf-dist/tex/latex/microtype/mt-euf.cfg)

LaTeX Warning: Reference `thm:global-intro' on page 8 undefined on input line 9
3.


LaTeX Warning: Reference `lem:hankel-strata' on page 8 undefined on input line 
94.


LaTeX Warning: Reference `lem:isotropic' on page 8 undefined on input line 94.


LaTeX Warning: Reference `lem:optimization' on page 8 undefined on input line 9
8.

[8]

LaTeX Warning: Reference `prop:secant' on page 9 undefined on input line 104.


LaTeX Warning: Citation `EHU' on page 9 undefined on input line 104.


LaTeX Warning: Reference `thm:global-intro' on page 9 undefined on input line 1
14.

) (./parts/02c-residual-calculus.tex [9] [10]

LaTeX Warning: Reference `eq:residual-tangent-dimension' on page 11 undefined o
n input line 141.


LaTeX Warning: Reference `thm:global-intro' on page 11 undefined on input line 
147.


LaTeX Warning: Citation `EN' on page 11 undefined on input line 194.


LaTeX Warning: Citation `Kustin' on page 11 undefined on input line 194.

[11]

LaTeX Warning: Reference `prop:expected-grade' on page 12 undefined on input li
ne 200.


LaTeX Warning: Citation `Stacks' on page 12 undefined on input line 208.

) (./parts/02d-all-dimension-components.tex

LaTeX Warning: Reference `thm:global-intro' on page 12 undefined on input line 
3.


LaTeX Warning: Reference `tab:exceptions' on page 12 undefined on input line 12
.


LaTeX Warning: Reference `tab:exceptions' on page 12 undefined on input line 59
.

[12]

LaTeX Warning: Reference `thm:global-intro' on page 13 undefined on input line 
74.


LaTeX Warning: Reference `tab:exceptions' on page 13 undefined on input line 77
.


LaTeX Warning: Reference `lem:hankel-strata' on page 13 undefined on input line
 81.


LaTeX Warning: Reference `lem:isotropic' on page 13 undefined on input line 82.



LaTeX Warning: Reference `lem:optimization' on page 13 undefined on input line 
121.

[13]

LaTeX Warning: Reference `tab:exceptions' on page 14 undefined on input line 18
0.


LaTeX Warning: Reference `tab:exceptions' on page 14 undefined on input line 19
6.

[14]

LaTeX Warning: Reference `lem:orientation-incidences' on page 15 undefined on i
nput line 270.


LaTeX Warning: Reference `thm:all-dimension' on page 15 undefined on input line
 275.


LaTeX Warning: Reference `prop:expected-grade' on page 15 undefined on input li
ne 276.


LaTeX Warning: Reference `prop:incidence-components' on page 15 undefined on in
put line 278.


LaTeX Warning: Reference `lem:all-ties' on page 15 undefined on input line 278.



LaTeX Warning: Reference `lem:orientation-incidences' on page 15 undefined on i
nput line 284.


LaTeX Warning: Reference `lem:excess-example' on page 15 undefined on input lin
e 300.


LaTeX Warning: Reference `lem:all-signed' on page 15 undefined on input line 31
2.

[15]

LaTeX Warning: Reference `prop:residual-dominance' on page 16 undefined on inpu
t line 316.


LaTeX Warning: Reference `lem:three-plane-residual' on page 16 undefined on inp
ut line 324.


LaTeX Warning: Reference `cor:residual-singularity' on page 16 undefined on inp
ut line 326.


LaTeX Warning: Reference `thm:residual-tangent' on page 16 undefined on input l
ine 330.


LaTeX Warning: Reference `prop:generic-reducedness' on page 16 undefined on inp
ut line 339.


LaTeX Warning: Citation `KL' on page 16 undefined on input line 346.


LaTeX Warning: Citation `Fulton' on page 16 undefined on input line 346.


LaTeX Warning: Reference `eq:all-dimension-cycle' on page 16 undefined on input
 line 347.

) (./parts/02e-wall-geometry.tex [16]

LaTeX Warning: Reference `eq:sign-intersections' on page 17 undefined on input 
line 59.


LaTeX Warning: Reference `eq:sign-intersections' on page 17 undefined on input 
line 68.

[17]

LaTeX Warning: Reference `prop:residual-dominance' on page 18 undefined on inpu
t line 132.


LaTeX Warning: Reference `eq:wall-hypotheses' on page 18 undefined on input lin
e 142.


LaTeX Warning: Reference `eq:wall-node-ring' on page 18 undefined on input line
 158.


LaTeX Warning: Reference `thm:all-dimension' on page 18 undefined on input line
 164.


LaTeX Warning: Reference `prop:residual-dominance' on page 18 undefined on inpu
t line 167.

[18]

LaTeX Warning: Reference `thm:residual-tangent' on page 19 undefined on input l
ine 205.


LaTeX Warning: Reference `eq:normal-determinant' on page 19 undefined on input 
line 221.


LaTeX Warning: Reference `eq:wall-node-ring' on page 19 undefined on input line
 224.


LaTeX Warning: Reference `thm:all-dimension' on page 19 undefined on input line
 231.


LaTeX Warning: Reference `thm:wall-node' on page 19 undefined on input line 272
.


LaTeX Warning: Reference `eq:node-singular-value' on page 19 undefined on input
 line 277.

[19]) (./parts/02f-higher-products.tex

LaTeX Warning: Reference `eq:dihedral-count' on page 20 undefined on input line
 62.

[20]

LaTeX Warning: Reference `lem:all-signed' on page 21 undefined on input line 68
.


LaTeX Warning: Reference `eq:higher-residual-dimension' on page 21 undefined on
 input line 124.

) (./parts/03-realization-stability.tex [21]

LaTeX Warning: Reference `eq:positive' on page 22 undefined on input line 23.


LaTeX Warning: Reference `eq:no-split' on page 22 undefined on input line 34.


LaTeX Warning: Reference `eq:positive' on page 22 undefined on input line 34.


LaTeX Warning: Reference `eq:construct-A' on page 22 undefined on input line 34
.


LaTeX Warning: Reference `eq:sign-test' on page 22 undefined on input line 34.


LaTeX Warning: Reference `eq:separated-fibre' on page 22 undefined on input lin
e 34.


LaTeX Warning: Reference `eq:no-split' on page 22 undefined on input line 38.


LaTeX Warning: Reference `thm:fixed-realization' on page 22 undefined on input 
line 42.


LaTeX Warning: Reference `eq:separated-fibre' on page 22 undefined on input lin
e 45.

[22]

LaTeX Warning: Reference `thm:threshold' on page 23 undefined on input line 58.



LaTeX Warning: Reference `sec:contact' on page 23 undefined on input line 59.


LaTeX Warning: Reference `thm:global-intro' on page 23 undefined on input line 
59.


LaTeX Warning: Reference `thm:fixed-realization' on page 23 undefined on input 
line 59.


LaTeX Warning: Reference `lem:global' on page 23 undefined on input line 61.


LaTeX Warning: Reference `thm:fibre' on page 23 undefined on input line 61.


LaTeX Warning: Reference `eq:threshold' on page 23 undefined on input line 61.


LaTeX Warning: Reference `eq:ambient' on page 23 undefined on input line 61.


LaTeX Warning: Reference `thm:global-intro' on page 23 undefined on input line 
69.


LaTeX Warning: Reference `eq:nativeconstants' on page 23 undefined on input lin
e 69.


LaTeX Warning: Reference `eq:construct-A' on page 23 undefined on input line 69
.


LaTeX Warning: Reference `eq:sign-test' on page 23 undefined on input line 69.


LaTeX Warning: Reference `eq:codimension' on page 23 undefined on input line 71
.

[23]

LaTeX Warning: Reference `eq:tangent' on page 24 undefined on input line 87.


LaTeX Warning: Reference `thm:fibre' on page 24 undefined on input line 87.

[24]

LaTeX Warning: Reference `thm:fixed-realization' on page 25 undefined on input 
line 115.


LaTeX Warning: Reference `lem:global' on page 25 undefined on input line 115.

) (./parts/02b-component-structure.tex

LaTeX Warning: Reference `thm:global-intro' on page 25 undefined on input line 
7.

[25]

LaTeX Warning: Reference `lem:hankel-strata' on page 26 undefined on input line
 11.


LaTeX Warning: Citation `CMSV' on page 26 undefined on input line 11.


LaTeX Warning: Reference `prop:secant' on page 26 undefined on input line 24.


LaTeX Warning: Reference `eq:stable-range' on page 26 undefined on input line 3
3.


LaTeX Warning: Reference `eq:chow-class' on page 26 undefined on input line 60.



LaTeX Warning: Reference `eq:stable-range' on page 26 undefined on input line 6
4.

[26]

LaTeX Warning: Reference `lem:hankel-strata' on page 27 undefined on input line
 73.


LaTeX Warning: Reference `lem:isotropic' on page 27 undefined on input line 73.



LaTeX Warning: Reference `lem:optimization' on page 27 undefined on input line 
84.


LaTeX Warning: Reference `eq:stable-range' on page 27 undefined on input line 8
7.


LaTeX Warning: Reference `eq:signed-hyperplanes' on page 27 undefined on input 
line 93.


LaTeX Warning: Reference `eq:signed-hyperplanes' on page 27 undefined on input 
line 95.

[27]

LaTeX Warning: Reference `lem:isotropic' on page 28 undefined on input line 109
.


LaTeX Warning: Reference `lem:isotropic' on page 28 undefined on input line 115
.


LaTeX Warning: Reference `eq:incidence-differential' on page 28 undefined on in
put line 129.


LaTeX Warning: Reference `lem:signed-secants' on page 28 undefined on input lin
e 136.


LaTeX Warning: Reference `eq:signed-hyperplanes' on page 28 undefined on input 
line 138.

[28]

LaTeX Warning: Reference `thm:global-intro' on page 29 undefined on input line 
148.


LaTeX Warning: Reference `sec:global-geometry' on page 29 undefined on input li
ne 148.


LaTeX Warning: Reference `eq:residual-wall' on page 29 undefined on input line 
148.


LaTeX Warning: Reference `eq:incidence-differential' on page 29 undefined on in
put line 155.


LaTeX Warning: Reference `eq:residual-spanning' on page 29 undefined on input l
ine 155.


LaTeX Warning: Reference `lem:incidence-chart' on page 29 undefined on input li
ne 155.


LaTeX Warning: Reference `eq:residual-wall' on page 29 undefined on input line 
161.


LaTeX Warning: Reference `thm:structure' on page 29 undefined on input line 164
.


LaTeX Warning: Reference `thm:global-intro' on page 29 undefined on input line 
165.


LaTeX Warning: Citation `EN' on page 29 undefined on input line 165.


LaTeX Warning: Citation `Kustin' on page 29 undefined on input line 165.


LaTeX Warning: Reference `lem:strict-gap' on page 29 undefined on input line 16
7.


LaTeX Warning: Reference `lem:nondegenerate-incidence' on page 29 undefined on 
input line 167.


LaTeX Warning: Reference `lem:incidence-chart' on page 29 undefined on input li
ne 169.


LaTeX Warning: Reference `lem:signed-secants' on page 29 undefined on input lin
e 171.


LaTeX Warning: Reference `lem:secant-smooth' on page 29 undefined on input line
 171.

[29]

LaTeX Warning: Reference `lem:signed-secants' on page 30 undefined on input lin
e 173.


LaTeX Warning: Reference `lem:secant-smooth' on page 30 undefined on input line
 173.


LaTeX Warning: Citation `KL' on page 30 undefined on input line 176.


LaTeX Warning: Citation `Fulton' on page 30 undefined on input line 176.


LaTeX Warning: Reference `eq:chow-class' on page 30 undefined on input line 176
.


LaTeX Warning: Reference `eq:stable-range' on page 30 undefined on input line 1
81.


LaTeX Warning: Reference `thm:fixed-realization' on page 30 undefined on input 
line 184.


LaTeX Warning: Reference `lem:secant-smooth' on page 30 undefined on input line
 184.


LaTeX Warning: Reference `thm:fixed-realization' on page 30 undefined on input 
line 184.


LaTeX Warning: Reference `cor:signed-native' on page 30 undefined on input line
 188.


LaTeX Warning: Reference `lem:incidence-chart' on page 30 undefined on input li
ne 202.


LaTeX Warning: Reference `eq:local-tube-tail' on page 30 undefined on input lin
e 202.

) (./parts/04-statistical-experiments.tex [30]

LaTeX Warning: Reference `sec:native' on page 31 undefined on input line 2.


LaTeX Warning: Citation `Geyer' on page 31 undefined on input line 2.


LaTeX Warning: Citation `vdV' on page 31 undefined on input line 2.


LaTeX Warning: Reference `eq:LAN' on page 31 undefined on input line 29.


LaTeX Warning: Reference `eq:efficient-Y' on page 31 undefined on input line 29
.


LaTeX Warning: Reference `eq:efficient-Y' on page 31 undefined on input line 31
.


LaTeX Warning: Reference `eq:profile-limit' on page 31 undefined on input line 
31.

[31]

LaTeX Warning: Reference `eq:profile-limit' on page 32 undefined on input line 
33.


LaTeX Warning: Reference `eq:LAN' on page 32 undefined on input line 57.

[32]

LaTeX Warning: Reference `eq:least-favourable' on page 33 undefined on input li
ne 98.

[33]

LaTeX Warning: Reference `eq:least-favourable' on page 34 undefined on input li
ne 139.


LaTeX Warning: Reference `eq:direct-statistic' on page 34 undefined on input li
ne 139.


LaTeX Warning: Reference `lem:poisson-TV' on page 34 undefined on input line 15
1.


LaTeX Warning: Reference `eq:contact-limit' on page 34 undefined on input line 
151.


LaTeX Warning: Reference `eq:contact-information' on page 34 undefined on input
 line 151.


LaTeX Warning: Reference `eq:contact-limit' on page 34 undefined on input line 
153.


LaTeX Warning: Reference `lem:poisson-TV' on page 34 undefined on input line 15
3.


LaTeX Warning: Reference `thm:fibre' on page 34 undefined on input line 153.


LaTeX Warning: Reference `eq:direct-statistic' on page 34 undefined on input li
ne 155.


LaTeX Warning: Reference `eq:least-favourable' on page 34 undefined on input li
ne 157.


LaTeX Warning: Reference `thm:stability' on page 34 undefined on input line 157
.


LaTeX Warning: Reference `app:offset' on page 34 undefined on input line 157.

[34]

LaTeX Warning: Reference `eq:contact-limit' on page 35 undefined on input line 
169.


LaTeX Warning: Reference `thm:contact-experiment' on page 35 undefined on input
 line 174.


LaTeX Warning: Reference `lem:poisson-TV' on page 35 undefined on input line 17
7.


LaTeX Warning: Reference `eq:contact-limit' on page 35 undefined on input line 
177.


LaTeX Warning: Reference `eq:quantized-bound' on page 35 undefined on input lin
e 192.

[35]

LaTeX Warning: Reference `eq:contact-information' on page 36 undefined on input
 line 204.


LaTeX Warning: Reference `lem:poisson-TV' on page 36 undefined on input line 20
7.

) (./parts/04b-uniform-constants.tex

LaTeX Warning: Reference `lem:poisson-TV' on page 36 undefined on input line 4.


[36]

LaTeX Warning: Reference `eq:explicit-poisson-bound' on page 37 undefined on in
put line 52.


LaTeX Warning: Reference `thm:boundary' on page 37 undefined on input line 58.

) (./parts/05-complements.tex

LaTeX Warning: Citation `Larson' on page 37 undefined on input line 12.


LaTeX Warning: Citation `BE85' on page 37 undefined on input line 12.


LaTeX Warning: Citation `BE87' on page 37 undefined on input line 12.


LaTeX Warning: Citation `Yu' on page 37 undefined on input line 19.


LaTeX Warning: Citation `Kohonen14' on page 37 undefined on input line 19.


LaTeX Warning: Citation `Kohonen17' on page 37 undefined on input line 19.


LaTeX Warning: Reference `eq:sumset' on page 37 undefined on input line 21.

[37]

LaTeX Warning: Reference `thm:fixed-realization' on page 38 undefined on input 
line 34.


LaTeX Warning: Reference `eq:sumset' on page 38 undefined on input line 34.


LaTeX Warning: Reference `eq:nonorthogonal' on page 38 undefined on input line 
40.

[38]

LaTeX Warning: Reference `eq:native' on page 39 undefined on input line 69.


LaTeX Warning: Reference `eq:poisson-cov' on page 39 undefined on input line 86
.


LaTeX Warning: Reference `lem:poisson-TV' on page 39 undefined on input line 86
.


LaTeX Warning: Citation `vdV' on page 39 undefined on input line 86.


LaTeX Warning: Reference `eq:poisson-cov' on page 39 undefined on input line 88
.

[39]

LaTeX Warning: Reference `eq:offset-expansion' on page 40 undefined on input li
ne 113.


LaTeX Warning: Reference `thm:stability' on page 40 undefined on input line 118
.


LaTeX Warning: Reference `sec:score-contact' on page 40 undefined on input line
 120.


LaTeX Warning: Reference `eq:offset-expansion' on page 40 undefined on input li
ne 131.


LaTeX Warning: Citation `vdV' on page 40 undefined on input line 136.


LaTeX Warning: Reference `eq:offset-expansion' on page 40 undefined on input li
ne 136.

[40]

LaTeX Warning: Citation `GKZ' on page 41 undefined on input line 142.


LaTeX Warning: Reference `eq:three-site' on page 41 undefined on input line 150
.

[41]

LaTeX Warning: Citation `BPR' on page 42 undefined on input line 177.


LaTeX Warning: Citation `HGL' on page 42 undefined on input line 177.


LaTeX Warning: Citation `NORHN' on page 42 undefined on input line 177.


LaTeX Warning: Reference `prop:native' on page 42 undefined on input line 180.


LaTeX Warning: Reference `eq:distance' on page 42 undefined on input line 180.


LaTeX Warning: Reference `thm:boundary' on page 42 undefined on input line 184.


) (./references.tex
pdfTeX warning (font expansion): font should be expanded before its first use
[42]) [43] (./paper.aux)

LaTeX Warning: There were undefined references.


LaTeX Warning: Label(s) may have changed. Rerun to get cross-references right.


Package rerunfilecheck Warning: File `paper.out' has changed.
(rerunfilecheck)                Rerun to get outlines right
(rerunfilecheck)                or use package `bookmark'.

 )
(see the transcript file for additional information)</usr/share/texlive/texmf-d
ist/fonts/type1/public/amsfonts/euler/eufm10.pfb></usr/share/texmf/fonts/type1/
public/lm/lmbx10.pfb></usr/share/texmf/fonts/type1/public/lm/lmbx9.pfb></usr/sh
are/texmf/fonts/type1/public/lm/lmcsc10.pfb></usr/share/texmf/fonts/type1/publi
c/lm/lmex10.pfb></usr/share/texmf/fonts/type1/public/lm/lmmi10.pfb></usr/share/
texmf/fonts/type1/public/lm/lmmi6.pfb></usr/share/texmf/fonts/type1/public/lm/l
mmi8.pfb></usr/share/texmf/fonts/type1/public/lm/lmmi9.pfb></usr/share/texmf/fo
nts/type1/public/lm/lmmib10.pfb></usr/share/texmf/fonts/type1/public/lm/lmr10.p
fb></usr/share/texmf/fonts/type1/public/lm/lmr6.pfb></usr/share/texmf/fonts/typ
e1/public/lm/lmr8.pfb></usr/share/texmf/fonts/type1/public/lm/lmr9.pfb></usr/sh
are/texmf/fonts/type1/public/lm/lmri10.pfb></usr/share/texmf/fonts/type1/public
/lm/lmri9.pfb></usr/share/texmf/fonts/type1/public/lm/lmss8.pfb></usr/share/tex
mf/fonts/type1/public/lm/lmsy10.pfb></usr/share/texmf/fonts/type1/public/lm/lms
y6.pfb></usr/share/texmf/fonts/type1/public/lm/lmsy8.pfb></usr/share/texmf/font
s/type1/public/lm/lmsy9.pfb></usr/share/texlive/texmf-dist/fonts/type1/public/a
msfonts/symbols/msam10.pfb></usr/share/texlive/texmf-dist/fonts/type1/public/am
sfonts/symbols/msbm10.pfb></usr/share/texlive/texmf-dist/fonts/type1/public/rsf
s/rsfs10.pfb>
Output written on paper.pdf (43 pages, 621374 bytes).
Transcript written on paper.log.
Latexmk: Getting log file 'paper.log'
Latexmk: Examining 'paper.fls'
Latexmk: Examining 'paper.log'
Latexmk: References changed.
Latexmk: References changed.
Latexmk: Log file says output to 'paper.pdf'
Latexmk: applying rule 'pdflatex'...
Rule 'pdflatex':  Reasons for rerun
Changed files or newly in use/created:
  paper.aux
  paper.out

------------
Run number 2 of rule 'pdflatex'
------------
------------
Running 'pdflatex  -interaction=nonstopmode -halt-on-error -file-line-error -recorder  "paper.tex"'
------------
This is pdfTeX, Version 3.141592653-2.6-1.40.25 (TeX Live 2023/Debian) (preloaded format=pdflatex)
 restricted \write18 enabled.
entering extended mode
(./paper.tex
LaTeX2e <2023-11-01> patch level 1
L3 programming layer <2024-01-22>
(/usr/share/texlive/texmf-dist/tex/latex/amscls/amsart.cls
Document Class: amsart 2020/05/29 v2.20.6
(/usr/share/texlive/texmf-dist/tex/latex/amsmath/amsmath.sty
For additional information on amsmath, use the `?' option.
(/usr/share/texlive/texmf-dist/tex/latex/amsmath/amstext.sty
(/usr/share/texlive/texmf-dist/tex/latex/amsmath/amsgen.sty))
(/usr/share/texlive/texmf-dist/tex/latex/amsmath/amsbsy.sty)
(/usr/share/texlive/texmf-dist/tex/latex/amsmath/amsopn.sty))
(/usr/share/texlive/texmf-dist/tex/latex/amsfonts/umsa.fd)
(/usr/share/texlive/texmf-dist/tex/latex/amsfonts/amsfonts.sty))
(/usr/share/texlive/texmf-dist/tex/latex/base/fontenc.sty)
(/usr/share/texmf/tex/latex/lm/lmodern.sty)
(/usr/share/texlive/texmf-dist/tex/latex/jknapltx/mathrsfs.sty)
(/usr/share/texlive/texmf-dist/tex/latex/amsfonts/amssymb.sty)
(/usr/share/texlive/texmf-dist/tex/latex/mathtools/mathtools.sty
(/usr/share/texlive/texmf-dist/tex/latex/graphics/keyval.sty)
(/usr/share/texlive/texmf-dist/tex/latex/tools/calc.sty)
(/usr/share/texlive/texmf-dist/tex/latex/mathtools/mhsetup.sty))
(/usr/share/texlive/texmf-dist/tex/latex/microtype/microtype.sty
(/usr/share/texlive/texmf-dist/tex/latex/etoolbox/etoolbox.sty)
(/usr/share/texlive/texmf-dist/tex/latex/microtype/microtype-pdftex.def)
(/usr/share/texlive/texmf-dist/tex/latex/microtype/microtype.cfg))
(/usr/share/texlive/texmf-dist/tex/latex/booktabs/booktabs.sty)
(/usr/share/texlive/texmf-dist/tex/latex/geometry/geometry.sty
(/usr/share/texlive/texmf-dist/tex/generic/iftex/ifvtex.sty
(/usr/share/texlive/texmf-dist/tex/generic/iftex/iftex.sty)))
(/usr/share/texlive/texmf-dist/tex/latex/hyperref/hyperref.sty
(/usr/share/texlive/texmf-dist/tex/latex/kvsetkeys/kvsetkeys.sty)
(/usr/share/texlive/texmf-dist/tex/generic/kvdefinekeys/kvdefinekeys.sty)
(/usr/share/texlive/texmf-dist/tex/generic/pdfescape/pdfescape.sty
(/usr/share/texlive/texmf-dist/tex/generic/ltxcmds/ltxcmds.sty)
(/usr/share/texlive/texmf-dist/tex/generic/pdftexcmds/pdftexcmds.sty
(/usr/share/texlive/texmf-dist/tex/generic/infwarerr/infwarerr.sty)))
(/usr/share/texlive/texmf-dist/tex/latex/hycolor/hycolor.sty)
(/usr/share/texlive/texmf-dist/tex/latex/auxhook/auxhook.sty)
(/usr/share/texlive/texmf-dist/tex/latex/hyperref/nameref.sty
(/usr/share/texlive/texmf-dist/tex/latex/refcount/refcount.sty)
(/usr/share/texlive/texmf-dist/tex/generic/gettitlestring/gettitlestring.sty
(/usr/share/texlive/texmf-dist/tex/latex/kvoptions/kvoptions.sty)))
(/usr/share/texlive/texmf-dist/tex/latex/hyperref/pd1enc.def)
(/usr/share/texlive/texmf-dist/tex/generic/intcalc/intcalc.sty)
(/usr/share/texlive/texmf-dist/tex/latex/hyperref/puenc.def)
(/usr/share/texlive/texmf-dist/tex/latex/url/url.sty)
(/usr/share/texlive/texmf-dist/tex/generic/bitset/bitset.sty
(/usr/share/texlive/texmf-dist/tex/generic/bigintcalc/bigintcalc.sty))
(/usr/share/texlive/texmf-dist/tex/latex/base/atbegshi-ltx.sty))
(/usr/share/texlive/texmf-dist/tex/latex/hyperref/hpdftex.def
(/usr/share/texlive/texmf-dist/tex/latex/base/atveryend-ltx.sty)
(/usr/share/texlive/texmf-dist/tex/latex/rerunfilecheck/rerunfilecheck.sty
(/usr/share/texlive/texmf-dist/tex/generic/uniquecounter/uniquecounter.sty)))
(/usr/share/texmf/tex/latex/lm/t1lmr.fd)
(/usr/share/texlive/texmf-dist/tex/latex/l3backend/l3backend-pdftex.def)
(./paper.aux) (/usr/share/texmf/tex/latex/lm/ot1lmr.fd)
(/usr/share/texmf/tex/latex/lm/omllmm.fd)
(/usr/share/texmf/tex/latex/lm/omslmsy.fd)
(/usr/share/texmf/tex/latex/lm/omxlmex.fd)
(/usr/share/texlive/texmf-dist/tex/latex/amsfonts/umsa.fd)
(/usr/share/texlive/texmf-dist/tex/latex/amsfonts/umsb.fd)
(/usr/share/texlive/texmf-dist/tex/latex/jknapltx/ursfs.fd)
(/usr/share/texlive/texmf-dist/tex/latex/graphics/graphicx.sty
(/usr/share/texlive/texmf-dist/tex/latex/graphics/graphics.sty
(/usr/share/texlive/texmf-dist/tex/latex/graphics/trig.sty)
(/usr/share/texlive/texmf-dist/tex/latex/graphics-cfg/graphics.cfg)
(/usr/share/texlive/texmf-dist/tex/latex/graphics-def/pdftex.def
(/usr/share/texlive/texmf-dist/tex/context/base/mkii/supp-pdf.mkii
[Loading MPS to PDF converter (version 2006.09.02).]
))) (/usr/share/texlive/texmf-dist/tex/latex/epstopdf-pkg/epstopdf-base.sty
(/usr/share/texlive/texmf-dist/tex/latex/latexconfig/epstopdf-sys.cfg)))
(/usr/share/texlive/texmf-dist/tex/latex/microtype/mt-cmr.cfg)
*geometry* driver: auto-detecting
*geometry* detected driver: pdftex
(./paper.out) (./paper.out) (./parts/01-contact-native.tex
(/usr/share/texlive/texmf-dist/tex/latex/microtype/mt-msa.cfg)
(/usr/share/texlive/texmf-dist/tex/latex/microtype/mt-msb.cfg)
(/usr/share/texmf/tex/latex/lm/ot1lmss.fd) [1{/var/lib/texmf/fonts/map/pdftex/u
pdmap/pdftex.map}{/usr/share/texmf/fonts/enc/dvips/lm/lm-ec.enc}{/usr/share/tex
mf/fonts/enc/dvips/lm/lm-rm.enc}{/usr/share/texmf/fonts/enc/dvips/lm/lm-mathsy.
enc}{/usr/share/texmf/fonts/enc/dvips/lm/lm-mathit.enc}{/usr/share/texmf/fonts/
enc/dvips/lm/lm-mathex.enc}] [2]
Underfull \vbox (badness 10000) has occurred while \output is active [3]
[4]) (./parts/01b-structural-overview.tex [5]) (./parts/02-global-geometry.tex
[6] [7] (/usr/share/texlive/texmf-dist/tex/latex/amsfonts/ueuf.fd)
(/usr/share/texlive/texmf-dist/tex/latex/microtype/mt-euf.cfg) [8])
(./parts/02c-residual-calculus.tex [9] [10] [11])
(./parts/02d-all-dimension-components.tex [12] [13] [14] [15])
(./parts/02e-wall-geometry.tex [16] [17] [18] [19])
(./parts/02f-higher-products.tex [20]) (./parts/03-realization-stability.tex
[21] [22] [23] [24]) (./parts/02b-component-structure.tex [25] [26] [27]
[28] [29]) (./parts/04-statistical-experiments.tex [30] [31] [32] [33] [34]
[35]) (./parts/04b-uniform-constants.tex [36]) (./parts/05-complements.tex
[37] [38] [39] [40] [41]) (./references.tex
pdfTeX warning (font expansion): font should be expanded before its first use
[42]) [43] (./paper.aux)

LaTeX Warning: Label(s) may have changed. Rerun to get cross-references right.

 )
(see the transcript file for additional information)</usr/share/texlive/texmf-d
ist/fonts/type1/public/amsfonts/euler/eufm10.pfb></usr/share/texmf/fonts/type1/
public/lm/lmbx10.pfb></usr/share/texmf/fonts/type1/public/lm/lmbx9.pfb></usr/sh
are/texmf/fonts/type1/public/lm/lmcsc10.pfb></usr/share/texmf/fonts/type1/publi
c/lm/lmex10.pfb></usr/share/texmf/fonts/type1/public/lm/lmmi10.pfb></usr/share/
texmf/fonts/type1/public/lm/lmmi6.pfb></usr/share/texmf/fonts/type1/public/lm/l
mmi8.pfb></usr/share/texmf/fonts/type1/public/lm/lmmi9.pfb></usr/share/texmf/fo
nts/type1/public/lm/lmmib10.pfb></usr/share/texmf/fonts/type1/public/lm/lmr10.p
fb></usr/share/texmf/fonts/type1/public/lm/lmr6.pfb></usr/share/texmf/fonts/typ
e1/public/lm/lmr8.pfb></usr/share/texmf/fonts/type1/public/lm/lmr9.pfb></usr/sh
are/texmf/fonts/type1/public/lm/lmri10.pfb></usr/share/texmf/fonts/type1/public
/lm/lmri9.pfb></usr/share/texmf/fonts/type1/public/lm/lmss8.pfb></usr/share/tex
mf/fonts/type1/public/lm/lmsy10.pfb></usr/share/texmf/fonts/type1/public/lm/lms
y6.pfb></usr/share/texmf/fonts/type1/public/lm/lmsy8.pfb></usr/share/texmf/font
s/type1/public/lm/lmsy9.pfb></usr/share/texlive/texmf-dist/fonts/type1/public/a
msfonts/symbols/msam10.pfb></usr/share/texlive/texmf-dist/fonts/type1/public/am
sfonts/symbols/msbm10.pfb></usr/share/texlive/texmf-dist/fonts/type1/public/rsf
s/rsfs10.pfb>
Output written on paper.pdf (43 pages, 633758 bytes).
Transcript written on paper.log.
Latexmk: Getting log file 'paper.log'
Latexmk: Examining 'paper.fls'
Latexmk: Examining 'paper.log'
Latexmk: References changed.
Latexmk: Log file says output to 'paper.pdf'
Latexmk: applying rule 'pdflatex'...
Rule 'pdflatex':  Reasons for rerun
Changed files or newly in use/created:
  paper.aux

------------
Run number 3 of rule 'pdflatex'
------------
------------
Running 'pdflatex  -interaction=nonstopmode -halt-on-error -file-line-error -recorder  "paper.tex"'
------------
This is pdfTeX, Version 3.141592653-2.6-1.40.25 (TeX Live 2023/Debian) (preloaded format=pdflatex)
 restricted \write18 enabled.
entering extended mode
(./paper.tex
LaTeX2e <2023-11-01> patch level 1
L3 programming layer <2024-01-22>
(/usr/share/texlive/texmf-dist/tex/latex/amscls/amsart.cls
Document Class: amsart 2020/05/29 v2.20.6
(/usr/share/texlive/texmf-dist/tex/latex/amsmath/amsmath.sty
For additional information on amsmath, use the `?' option.
(/usr/share/texlive/texmf-dist/tex/latex/amsmath/amstext.sty
(/usr/share/texlive/texmf-dist/tex/latex/amsmath/amsgen.sty))
(/usr/share/texlive/texmf-dist/tex/latex/amsmath/amsbsy.sty)
(/usr/share/texlive/texmf-dist/tex/latex/amsmath/amsopn.sty))
(/usr/share/texlive/texmf-dist/tex/latex/amsfonts/umsa.fd)
(/usr/share/texlive/texmf-dist/tex/latex/amsfonts/amsfonts.sty))
(/usr/share/texlive/texmf-dist/tex/latex/base/fontenc.sty)
(/usr/share/texmf/tex/latex/lm/lmodern.sty)
(/usr/share/texlive/texmf-dist/tex/latex/jknapltx/mathrsfs.sty)
(/usr/share/texlive/texmf-dist/tex/latex/amsfonts/amssymb.sty)
(/usr/share/texlive/texmf-dist/tex/latex/mathtools/mathtools.sty
(/usr/share/texlive/texmf-dist/tex/latex/graphics/keyval.sty)
(/usr/share/texlive/texmf-dist/tex/latex/tools/calc.sty)
(/usr/share/texlive/texmf-dist/tex/latex/mathtools/mhsetup.sty))
(/usr/share/texlive/texmf-dist/tex/latex/microtype/microtype.sty
(/usr/share/texlive/texmf-dist/tex/latex/etoolbox/etoolbox.sty)
(/usr/share/texlive/texmf-dist/tex/latex/microtype/microtype-pdftex.def)
(/usr/share/texlive/texmf-dist/tex/latex/microtype/microtype.cfg))
(/usr/share/texlive/texmf-dist/tex/latex/booktabs/booktabs.sty)
(/usr/share/texlive/texmf-dist/tex/latex/geometry/geometry.sty
(/usr/share/texlive/texmf-dist/tex/generic/iftex/ifvtex.sty
(/usr/share/texlive/texmf-dist/tex/generic/iftex/iftex.sty)))
(/usr/share/texlive/texmf-dist/tex/latex/hyperref/hyperref.sty
(/usr/share/texlive/texmf-dist/tex/latex/kvsetkeys/kvsetkeys.sty)
(/usr/share/texlive/texmf-dist/tex/generic/kvdefinekeys/kvdefinekeys.sty)
(/usr/share/texlive/texmf-dist/tex/generic/pdfescape/pdfescape.sty
(/usr/share/texlive/texmf-dist/tex/generic/ltxcmds/ltxcmds.sty)
(/usr/share/texlive/texmf-dist/tex/generic/pdftexcmds/pdftexcmds.sty
(/usr/share/texlive/texmf-dist/tex/generic/infwarerr/infwarerr.sty)))
(/usr/share/texlive/texmf-dist/tex/latex/hycolor/hycolor.sty)
(/usr/share/texlive/texmf-dist/tex/latex/auxhook/auxhook.sty)
(/usr/share/texlive/texmf-dist/tex/latex/hyperref/nameref.sty
(/usr/share/texlive/texmf-dist/tex/latex/refcount/refcount.sty)
(/usr/share/texlive/texmf-dist/tex/generic/gettitlestring/gettitlestring.sty
(/usr/share/texlive/texmf-dist/tex/latex/kvoptions/kvoptions.sty)))
(/usr/share/texlive/texmf-dist/tex/latex/hyperref/pd1enc.def)
(/usr/share/texlive/texmf-dist/tex/generic/intcalc/intcalc.sty)
(/usr/share/texlive/texmf-dist/tex/latex/hyperref/puenc.def)
(/usr/share/texlive/texmf-dist/tex/latex/url/url.sty)
(/usr/share/texlive/texmf-dist/tex/generic/bitset/bitset.sty
(/usr/share/texlive/texmf-dist/tex/generic/bigintcalc/bigintcalc.sty))
(/usr/share/texlive/texmf-dist/tex/latex/base/atbegshi-ltx.sty))
(/usr/share/texlive/texmf-dist/tex/latex/hyperref/hpdftex.def
(/usr/share/texlive/texmf-dist/tex/latex/base/atveryend-ltx.sty)
(/usr/share/texlive/texmf-dist/tex/latex/rerunfilecheck/rerunfilecheck.sty
(/usr/share/texlive/texmf-dist/tex/generic/uniquecounter/uniquecounter.sty)))
(/usr/share/texmf/tex/latex/lm/t1lmr.fd)
(/usr/share/texlive/texmf-dist/tex/latex/l3backend/l3backend-pdftex.def)
(./paper.aux) (/usr/share/texmf/tex/latex/lm/ot1lmr.fd)
(/usr/share/texmf/tex/latex/lm/omllmm.fd)
(/usr/share/texmf/tex/latex/lm/omslmsy.fd)
(/usr/share/texmf/tex/latex/lm/omxlmex.fd)
(/usr/share/texlive/texmf-dist/tex/latex/amsfonts/umsa.fd)
(/usr/share/texlive/texmf-dist/tex/latex/amsfonts/umsb.fd)
(/usr/share/texlive/texmf-dist/tex/latex/jknapltx/ursfs.fd)
(/usr/share/texlive/texmf-dist/tex/latex/graphics/graphicx.sty
(/usr/share/texlive/texmf-dist/tex/latex/graphics/graphics.sty
(/usr/share/texlive/texmf-dist/tex/latex/graphics/trig.sty)
(/usr/share/texlive/texmf-dist/tex/latex/graphics-cfg/graphics.cfg)
(/usr/share/texlive/texmf-dist/tex/latex/graphics-def/pdftex.def
(/usr/share/texlive/texmf-dist/tex/context/base/mkii/supp-pdf.mkii
[Loading MPS to PDF converter (version 2006.09.02).]
))) (/usr/share/texlive/texmf-dist/tex/latex/epstopdf-pkg/epstopdf-base.sty
(/usr/share/texlive/texmf-dist/tex/latex/latexconfig/epstopdf-sys.cfg)))
(/usr/share/texlive/texmf-dist/tex/latex/microtype/mt-cmr.cfg)
*geometry* driver: auto-detecting
*geometry* detected driver: pdftex
(./paper.out) (./paper.out) (./parts/01-contact-native.tex
(/usr/share/texlive/texmf-dist/tex/latex/microtype/mt-msa.cfg)
(/usr/share/texlive/texmf-dist/tex/latex/microtype/mt-msb.cfg)
(/usr/share/texmf/tex/latex/lm/ot1lmss.fd) [1{/var/lib/texmf/fonts/map/pdftex/u
pdmap/pdftex.map}{/usr/share/texmf/fonts/enc/dvips/lm/lm-ec.enc}{/usr/share/tex
mf/fonts/enc/dvips/lm/lm-rm.enc}{/usr/share/texmf/fonts/enc/dvips/lm/lm-mathsy.
enc}{/usr/share/texmf/fonts/enc/dvips/lm/lm-mathit.enc}{/usr/share/texmf/fonts/
enc/dvips/lm/lm-mathex.enc}] [2]
Underfull \vbox (badness 10000) has occurred while \output is active [3]
[4]) (./parts/01b-structural-overview.tex [5]) (./parts/02-global-geometry.tex
[6] [7] (/usr/share/texlive/texmf-dist/tex/latex/amsfonts/ueuf.fd)
(/usr/share/texlive/texmf-dist/tex/latex/microtype/mt-euf.cfg) [8])
(./parts/02c-residual-calculus.tex [9] [10] [11])
(./parts/02d-all-dimension-components.tex [12] [13] [14] [15])
(./parts/02e-wall-geometry.tex [16] [17] [18] [19])
(./parts/02f-higher-products.tex [20]) (./parts/03-realization-stability.tex
[21] [22] [23] [24]) (./parts/02b-component-structure.tex [25] [26] [27]
[28] [29]) (./parts/04-statistical-experiments.tex [30] [31] [32] [33] [34]
[35]) (./parts/04b-uniform-constants.tex [36]) (./parts/05-complements.tex
[37] [38] [39] [40] [41]) (./references.tex
pdfTeX warning (font expansion): font should be expanded before its first use
[42]) [43] (./paper.aux) )
(see the transcript file for additional information)</usr/share/texlive/texmf-d
ist/fonts/type1/public/amsfonts/euler/eufm10.pfb></usr/share/texmf/fonts/type1/
public/lm/lmbx10.pfb></usr/share/texmf/fonts/type1/public/lm/lmbx9.pfb></usr/sh
are/texmf/fonts/type1/public/lm/lmcsc10.pfb></usr/share/texmf/fonts/type1/publi
c/lm/lmex10.pfb></usr/share/texmf/fonts/type1/public/lm/lmmi10.pfb></usr/share/
texmf/fonts/type1/public/lm/lmmi6.pfb></usr/share/texmf/fonts/type1/public/lm/l
mmi8.pfb></usr/share/texmf/fonts/type1/public/lm/lmmi9.pfb></usr/share/texmf/fo
nts/type1/public/lm/lmmib10.pfb></usr/share/texmf/fonts/type1/public/lm/lmr10.p
fb></usr/share/texmf/fonts/type1/public/lm/lmr6.pfb></usr/share/texmf/fonts/typ
e1/public/lm/lmr8.pfb></usr/share/texmf/fonts/type1/public/lm/lmr9.pfb></usr/sh
are/texmf/fonts/type1/public/lm/lmri10.pfb></usr/share/texmf/fonts/type1/public
/lm/lmri9.pfb></usr/share/texmf/fonts/type1/public/lm/lmss8.pfb></usr/share/tex
mf/fonts/type1/public/lm/lmsy10.pfb></usr/share/texmf/fonts/type1/public/lm/lms
y6.pfb></usr/share/texmf/fonts/type1/public/lm/lmsy8.pfb></usr/share/texmf/font
s/type1/public/lm/lmsy9.pfb></usr/share/texlive/texmf-dist/fonts/type1/public/a
msfonts/symbols/msam10.pfb></usr/share/texlive/texmf-dist/fonts/type1/public/am
sfonts/symbols/msbm10.pfb></usr/share/texlive/texmf-dist/fonts/type1/public/rsf
s/rsfs10.pfb>
Output written on paper.pdf (43 pages, 633758 bytes).
Transcript written on paper.log.
Latexmk: Getting log file 'paper.log'
Latexmk: Examining 'paper.fls'
Latexmk: Examining 'paper.log'
Latexmk: Log file says output to 'paper.pdf'
Latexmk: All targets (paper.pdf) are up-to-date

