This is pdfTeX, Version 3.141592653-2.6-1.40.25 (TeX Live 2023/Debian) (preloaded format=pdflatex)
 restricted \write18 enabled.
entering extended mode
(./geometry.tex
LaTeX2e <2023-11-01> patch level 1
L3 programming layer <2024-01-22>
(./preamble.tex (/usr/share/texlive/texmf-dist/tex/latex/amscls/amsart.cls
Document Class: amsart 2020/05/29 v2.20.6
(/usr/share/texlive/texmf-dist/tex/latex/amsmath/amsmath.sty
For additional information on amsmath, use the `?' option.
(/usr/share/texlive/texmf-dist/tex/latex/amsmath/amstext.sty
(/usr/share/texlive/texmf-dist/tex/latex/amsmath/amsgen.sty))
(/usr/share/texlive/texmf-dist/tex/latex/amsmath/amsbsy.sty)
(/usr/share/texlive/texmf-dist/tex/latex/amsmath/amsopn.sty))
(/usr/share/texlive/texmf-dist/tex/latex/amsfonts/umsa.fd)
(/usr/share/texlive/texmf-dist/tex/latex/amsfonts/amsfonts.sty))
(/usr/share/texlive/texmf-dist/tex/latex/base/fontenc.sty)
(/usr/share/texmf/tex/latex/lm/lmodern.sty)
(/usr/share/texlive/texmf-dist/tex/latex/amsmath/amscd.sty)
(/usr/share/texlive/texmf-dist/tex/latex/amsfonts/amssymb.sty)
(/usr/share/texlive/texmf-dist/tex/latex/mathtools/mathtools.sty
(/usr/share/texlive/texmf-dist/tex/latex/graphics/keyval.sty)
(/usr/share/texlive/texmf-dist/tex/latex/tools/calc.sty)
(/usr/share/texlive/texmf-dist/tex/latex/mathtools/mhsetup.sty))
(/usr/share/texlive/texmf-dist/tex/latex/jknapltx/mathrsfs.sty)
(/usr/share/texlive/texmf-dist/tex/latex/microtype/microtype.sty
(/usr/share/texlive/texmf-dist/tex/latex/etoolbox/etoolbox.sty)
(/usr/share/texlive/texmf-dist/tex/latex/microtype/microtype-pdftex.def)
(/usr/share/texlive/texmf-dist/tex/latex/microtype/microtype.cfg))
(/usr/share/texlive/texmf-dist/tex/latex/booktabs/booktabs.sty)
(/usr/share/texlive/texmf-dist/tex/latex/tools/longtable.sty)
(/usr/share/texlive/texmf-dist/tex/latex/geometry/geometry.sty
(/usr/share/texlive/texmf-dist/tex/generic/iftex/ifvtex.sty
(/usr/share/texlive/texmf-dist/tex/generic/iftex/iftex.sty)))
(/usr/share/texlive/texmf-dist/tex/latex/hyperref/xr-hyper.sty)
(/usr/share/texlive/texmf-dist/tex/latex/hyperref/hyperref.sty
(/usr/share/texlive/texmf-dist/tex/latex/kvsetkeys/kvsetkeys.sty)
(/usr/share/texlive/texmf-dist/tex/generic/kvdefinekeys/kvdefinekeys.sty)
(/usr/share/texlive/texmf-dist/tex/generic/pdfescape/pdfescape.sty
(/usr/share/texlive/texmf-dist/tex/generic/ltxcmds/ltxcmds.sty)
(/usr/share/texlive/texmf-dist/tex/generic/pdftexcmds/pdftexcmds.sty
(/usr/share/texlive/texmf-dist/tex/generic/infwarerr/infwarerr.sty)))
(/usr/share/texlive/texmf-dist/tex/latex/hycolor/hycolor.sty)
(/usr/share/texlive/texmf-dist/tex/latex/auxhook/auxhook.sty)
(/usr/share/texlive/texmf-dist/tex/latex/hyperref/nameref.sty
(/usr/share/texlive/texmf-dist/tex/latex/refcount/refcount.sty)
(/usr/share/texlive/texmf-dist/tex/generic/gettitlestring/gettitlestring.sty
(/usr/share/texlive/texmf-dist/tex/latex/kvoptions/kvoptions.sty)))
(/usr/share/texlive/texmf-dist/tex/latex/hyperref/pd1enc.def)
(/usr/share/texlive/texmf-dist/tex/generic/intcalc/intcalc.sty)
(/usr/share/texlive/texmf-dist/tex/latex/hyperref/puenc.def)
(/usr/share/texlive/texmf-dist/tex/latex/url/url.sty)
(/usr/share/texlive/texmf-dist/tex/generic/bitset/bitset.sty
(/usr/share/texlive/texmf-dist/tex/generic/bigintcalc/bigintcalc.sty))
(/usr/share/texlive/texmf-dist/tex/latex/base/atbegshi-ltx.sty))
(/usr/share/texlive/texmf-dist/tex/latex/hyperref/hpdftex.def
(/usr/share/texlive/texmf-dist/tex/latex/base/atveryend-ltx.sty)
(/usr/share/texlive/texmf-dist/tex/latex/rerunfilecheck/rerunfilecheck.sty
(/usr/share/texlive/texmf-dist/tex/generic/uniquecounter/uniquecounter.sty))))

Package xr Warning: 
No file supplement-labels.aux
LABELS NOT IMPORTED.
 on input line 2.

(/usr/share/texmf/tex/latex/lm/t1lmr.fd)
(/usr/share/texlive/texmf-dist/tex/latex/l3backend/l3backend-pdftex.def)
No file geometry.aux.
(/usr/share/texmf/tex/latex/lm/ot1lmr.fd)
(/usr/share/texmf/tex/latex/lm/omllmm.fd)
(/usr/share/texmf/tex/latex/lm/omslmsy.fd)
(/usr/share/texmf/tex/latex/lm/omxlmex.fd)
(/usr/share/texlive/texmf-dist/tex/latex/amsfonts/umsa.fd)
(/usr/share/texlive/texmf-dist/tex/latex/amsfonts/umsb.fd)
(/usr/share/texlive/texmf-dist/tex/latex/jknapltx/ursfs.fd)
(/usr/share/texlive/texmf-dist/tex/latex/graphics/graphicx.sty
(/usr/share/texlive/texmf-dist/tex/latex/graphics/graphics.sty
(/usr/share/texlive/texmf-dist/tex/latex/graphics/trig.sty)
(/usr/share/texlive/texmf-dist/tex/latex/graphics-cfg/graphics.cfg)
(/usr/share/texlive/texmf-dist/tex/latex/graphics-def/pdftex.def
(/usr/share/texlive/texmf-dist/tex/context/base/mkii/supp-pdf.mkii
[Loading MPS to PDF converter (version 2006.09.02).]
))) (/usr/share/texlive/texmf-dist/tex/latex/epstopdf-pkg/epstopdf-base.sty
(/usr/share/texlive/texmf-dist/tex/latex/latexconfig/epstopdf-sys.cfg)))
(/usr/share/texlive/texmf-dist/tex/latex/microtype/mt-cmr.cfg)
*geometry* driver: auto-detecting
*geometry* detected driver: pdftex
(./frontmatter.tex) (./parts/01-introduction.tex
(/usr/share/texlive/texmf-dist/tex/latex/microtype/mt-msa.cfg)
(/usr/share/texlive/texmf-dist/tex/latex/microtype/mt-msb.cfg) [1{/var/lib/texm
f/fonts/map/pdftex/updmap/pdftex.map}{/usr/share/texmf/fonts/enc/dvips/lm/lm-ec
.enc}{/usr/share/texmf/fonts/enc/dvips/lm/lm-rm.enc}{/usr/share/texmf/fonts/enc
/dvips/lm/lm-mathit.enc}{/usr/share/texmf/fonts/enc/dvips/lm/lm-mathsy.enc}]

LaTeX Warning: Reference `sec:intrinsic-web-reconstruction' on page 2 undefined
 on input line 70.


LaTeX Warning: Reference `lem:schur-contraction-kernel' on page 2 undefined on 
input line 94.


LaTeX Warning: Reference `thm:exceptional-component-fibres' on page 2 undefined
 on input line 106.


LaTeX Warning: Reference `thm:global-schur-recombination' on page 2 undefined o
n input line 114.


LaTeX Warning: Reference `sec:polarization' on page 2 undefined on input line 1
28.

[2{/usr/share/texmf/fonts/enc/dvips/lm/lm-mathex.enc}]

LaTeX Warning: Reference `sec:relations' on page 3 undefined on input line 151.



LaTeX Warning: Reference `sec:fitting' on page 3 undefined on input line 151.


LaTeX Warning: Reference `sec:intrinsic-web-reconstruction' on page 3 undefined
 on input line 152.


LaTeX Warning: Reference `sec:polarization' on page 3 undefined on input line 1
58.


LaTeX Warning: Reference `sec:classical' on page 3 undefined on input line 158.



LaTeX Warning: Reference `sec:support-literature' on page 3 undefined on input 
line 160.


LaTeX Warning: Citation `Ballico93' on page 3 undefined on input line 176.

) (./parts/02-relations.tex

LaTeX Warning: Reference `eq:Y-intro' on page 3 undefined on input line 32.

[3]

LaTeX Warning: Reference `lem:contraction' on page 4 undefined on input line 52
.

[4]) (./parts/03-fitting-core.tex

LaTeX Warning: Reference `eq:full-matrix-ideal' on page 5 undefined on input li
ne 28.

[5]

LaTeX Warning: Reference `eq:firstorder' on page 6 undefined on input line 74.


LaTeX Warning: Reference `eq:full-matrix-ideal' on page 6 undefined on input li
ne 78.


LaTeX Warning: Reference `prop:relative-open' on page 6 undefined on input line
 79.


LaTeX Warning: Reference `eq:normal-global' on page 6 undefined on input line 8
7.

) (./parts/12-intrinsic-web-reconstruction.tex [6]

LaTeX Warning: Reference `eq:deepest-cone-equation' on page 7 undefined on inpu
t line 130.

[7] (./parts/12a-universal-readout.tex [8]

LaTeX Warning: Reference `eq:universal-coefficient-map' on page 9 undefined on 
input line 52.


LaTeX Warning: Reference `eq:two-web-components' on page 9 undefined on input l
ine 64.


LaTeX Warning: Citation `FultonHarris' on page 9 undefined on input line 69.


LaTeX Warning: Citation `DCEP' on page 9 undefined on input line 69.


LaTeX Warning: Reference `eq:minor-two-summands' on page 9 undefined on input l
ine 96.


LaTeX Warning: Reference `eq:fixed-slice-universal' on page 9 undefined on inpu
t line 115.

[9]

LaTeX Warning: Reference `eq:explicit-exterior-duality' on page 10 undefined on
 input line 139.

)

LaTeX Warning: Reference `lem:deepest-normal-cone' on page 10 undefined on inpu
t line 194.


LaTeX Warning: Reference `lem:universal-schur-readout' on page 10 undefined on 
input line 210.


LaTeX Warning: Reference `lem:readout-exterior-twist' on page 10 undefined on i
nput line 221.


LaTeX Warning: Reference `lem:common-g-functoriality' on page 10 undefined on i
nput line 226.

(./parts/12b-functoriality.tex

LaTeX Warning: Reference `lem:deepest-normal-cone' on page 10 undefined on inpu
t line 20.


LaTeX Warning: Reference `eq:graded-cone-functoriality' on page 10 undefined on
 input line 30.


LaTeX Warning: Citation `StacksNormalCone' on page 10 undefined on input line 3
2.

[10]

LaTeX Warning: Reference `lem:deepest-normal-cone' on page 11 undefined on inpu
t line 38.


LaTeX Warning: Reference `lem:readout-exterior-twist' on page 11 undefined on i
nput line 80.

) (./parts/12d-schur-support.tex
(/usr/share/texlive/texmf-dist/tex/latex/amsfonts/ueuf.fd)
(/usr/share/texlive/texmf-dist/tex/latex/microtype/mt-euf.cfg)

LaTeX Warning: Reference `eq:two-web-components' on page 11 undefined on input 
line 29.

[11]

LaTeX Warning: Citation `Carlini' on page 12 undefined on input line 45.

(./parts/12f-structural-lemmas.tex [12]

LaTeX Warning: Reference `eq:explicit-so4-exterior-cube' on page 13 undefined o
n input line 148.

) [13] (./parts/12g-contraction-proof.tex

LaTeX Warning: Reference `eq:polarized-schur-embedding' on page 14 undefined on
 input line 17.


LaTeX Warning: Reference `lem:shear-descent' on page 14 undefined on input line
 23.


LaTeX Warning: Reference `lem:shear-descent' on page 14 undefined on input line
 51.


LaTeX Warning: Reference `eq:singular-contraction-kernel' on page 14 undefined 
on input line 53.


LaTeX Warning: Reference `lem:orthogonal-exterior-cube' on page 14 undefined on
 input line 77.


LaTeX Warning: Reference `eq:schur-polarization-formula' on page 14 undefined o
n input line 86.

[14]

LaTeX Warning: Reference `eq:nonsingular-contraction-kernel' on page 15 undefin
ed on input line 100.

)

LaTeX Warning: Reference `eq:schur-support-table' on page 15 undefined on input
 line 104.


LaTeX Warning: Reference `eq:exterior-support-annihilator' on page 15 undefined
 on input line 112.

[15]

LaTeX Warning: Reference `eq:jacobian-schur-normalization' on page 16 undefined
 on input line 157.


LaTeX Warning: Reference `prop:exact-schur-support' on page 16 undefined on inp
ut line 158.


LaTeX Warning: Reference `lem:secant-tangent-support' on page 16 undefined on i
nput line 175.


LaTeX Warning: Reference `eq:global-reconstruction-open-equality' on page 16 un
defined on input line 185.


LaTeX Warning: Reference `thm:global-schur-recombination' on page 16 undefined 
on input line 209.


LaTeX Warning: Reference `thm:generic-intrinsic-web' on page 16 undefined on in
put line 212.

)

LaTeX Warning: Reference `thm:generic-intrinsic-web' on page 16 undefined on in
put line 233.


LaTeX Warning: Reference `thm:global-schur-recombination' on page 16 undefined 
on input line 234.


LaTeX Warning: Reference `eq:reconstruction-open' on page 16 undefined on input
 line 237.


LaTeX Warning: Reference `lem:differential' on page 16 undefined on input line 
239.


LaTeX Warning: Reference `app:separating-pencils' on page 16 undefined on input
 line 239.


LaTeX Warning: Reference `eq:exact-plucker-pencil' on page 16 undefined on inpu
t line 249.

[16]

LaTeX Warning: Reference `lem:common-g-functoriality' on page 17 undefined on i
nput line 259.


LaTeX Warning: Reference `lem:universal-schur-readout' on page 17 undefined on 
input line 260.


LaTeX Warning: Reference `lem:algebra-orbits' on page 17 undefined on input lin
e 270.


LaTeX Warning: Reference `thm:torelli-monodromy' on page 17 undefined on input 
line 276.


LaTeX Warning: Reference `thm:generic-intrinsic-web' on page 17 undefined on in
put line 286.

) (./parts/04-polarization.tex

LaTeX Warning: Reference `eq:graph-E' on page 17 undefined on input line 4.


LaTeX Warning: Reference `eq:vanish-symmetric' on page 17 undefined on input li
ne 36.

[17]

LaTeX Warning: Reference `thm:normal-form' on page 18 undefined on input line 6
2.


LaTeX Warning: Reference `eq:line-cancellation' on page 18 undefined on input l
ine 72.


LaTeX Warning: Reference `thm:main-reconstruction' on page 18 undefined on inpu
t line 76.


LaTeX Warning: Reference `prop:canonical-line' on page 18 undefined on input li
ne 81.


LaTeX Warning: Reference `lem:no-functions' on page 18 undefined on input line 
81.


LaTeX Warning: Reference `prop:full-fitting' on page 18 undefined on input line
 101.


LaTeX Warning: Citation `Kollar' on page 18 undefined on input line 123.

[18]) (./parts/05-moduli.tex

LaTeX Warning: Reference `thm:main-moduli' on page 19 undefined on input line 3
.


LaTeX Warning: Reference `sec:certificates' on page 19 undefined on input line 
50.


LaTeX Warning: Reference `lem:differential' on page 19 undefined on input line 
72.


LaTeX Warning: Reference `prop:relative-open' on page 19 undefined on input lin
e 77.

[19]

LaTeX Warning: Citation `Huy' on page 20 undefined on input line 91.


LaTeX Warning: Reference `thm:main-moduli' on page 20 undefined on input line 1
03.


LaTeX Warning: Reference `prop:nine-image' on page 20 undefined on input line 1
04.


LaTeX Warning: Reference `thm:main-reconstruction' on page 20 undefined on inpu
t line 105.


LaTeX Warning: Reference `lem:algebra-orbits' on page 20 undefined on input lin
e 106.


LaTeX Warning: Reference `cor:relative-flat' on page 20 undefined on input line
 118.


LaTeX Warning: Reference `thm:main-reconstruction' on page 20 undefined on inpu
t line 124.


LaTeX Warning: Reference `eq:graph-delta' on page 20 undefined on input line 12
5.

) (./parts/07-classical.tex

LaTeX Warning: Reference `thm:main-reconstruction' on page 20 undefined on inpu
t line 15.

[20]

LaTeX Warning: Citation `IK' on page 21 undefined on input line 40.


LaTeX Warning: Citation `DK' on page 21 undefined on input line 43.


LaTeX Warning: Reference `prop:incidence-bridge' on page 21 undefined on input 
line 43.

) (./parts/15-support-literature.tex

LaTeX Warning: Reference `eq:exterior-support-annihilator' on page 21 undefined
 on input line 26.


LaTeX Warning: Citation `Carlini' on page 21 undefined on input line 32.

[21]

LaTeX Warning: Reference `prop:exact-schur-support' on page 22 undefined on inp
ut line 57.


LaTeX Warning: Reference `eq:pullback-support-eight' on page 22 undefined on in
put line 73.


LaTeX Warning: Citation `Boralevi' on page 22 undefined on input line 80.


LaTeX Warning: Reference `lem:secant-tangent-support' on page 22 undefined on i
nput line 83.


LaTeX Warning: Citation `LandsbergWeyman' on page 22 undefined on input line 91
.


LaTeX Warning: Reference `eq:pullback-support-four' on page 22 undefined on inp
ut line 95.


LaTeX Warning: Reference `eq:pullback-support-nine' on page 22 undefined on inp
ut line 95.


LaTeX Warning: Reference `lem:universal-schur-readout' on page 22 undefined on 
input line 110.


LaTeX Warning: Reference `lem:orthogonal-exterior-cube' on page 22 undefined on
 input line 114.


LaTeX Warning: Reference `lem:schur-contraction-kernel' on page 22 undefined on
 input line 118.


LaTeX Warning: Citation `Ballico93' on page 22 undefined on input line 129.

) (./references.tex [22]
pdfTeX warning (font expansion): font should be expanded before its first use
(/usr/share/texmf/tex/latex/lm/t1lmtt.fd)
Underfull \vbox (badness 10000) has occurred while \output is active [23])
[24] (./geometry.aux)

LaTeX Warning: There were undefined references.


LaTeX Warning: Label(s) may have changed. Rerun to get cross-references right.


Package rerunfilecheck Warning: File `geometry.out' has changed.
(rerunfilecheck)                Rerun to get outlines right
(rerunfilecheck)                or use package `bookmark'.

 )
(see the transcript file for additional information)</usr/share/texlive/texmf-d
ist/fonts/type1/public/amsfonts/euler/eufm10.pfb></usr/share/texmf/fonts/type1/
public/lm/lmbx10.pfb></usr/share/texmf/fonts/type1/public/lm/lmbx9.pfb></usr/sh
are/texmf/fonts/type1/public/lm/lmcsc10.pfb></usr/share/texmf/fonts/type1/publi
c/lm/lmex10.pfb></usr/share/texmf/fonts/type1/public/lm/lmmi10.pfb></usr/share/
texmf/fonts/type1/public/lm/lmmi6.pfb></usr/share/texmf/fonts/type1/public/lm/l
mmi8.pfb></usr/share/texmf/fonts/type1/public/lm/lmmi9.pfb></usr/share/texmf/fo
nts/type1/public/lm/lmr10.pfb></usr/share/texmf/fonts/type1/public/lm/lmr6.pfb>
</usr/share/texmf/fonts/type1/public/lm/lmr8.pfb></usr/share/texmf/fonts/type1/
public/lm/lmr9.pfb></usr/share/texmf/fonts/type1/public/lm/lmri10.pfb></usr/sha
re/texmf/fonts/type1/public/lm/lmri9.pfb></usr/share/texmf/fonts/type1/public/l
m/lmsy10.pfb></usr/share/texmf/fonts/type1/public/lm/lmsy6.pfb></usr/share/texm
f/fonts/type1/public/lm/lmsy8.pfb></usr/share/texmf/fonts/type1/public/lm/lmtt9
.pfb></usr/share/texlive/texmf-dist/fonts/type1/public/amsfonts/symbols/msam10.
pfb></usr/share/texlive/texmf-dist/fonts/type1/public/amsfonts/symbols/msbm10.p
fb></usr/share/texlive/texmf-dist/fonts/type1/public/rsfs/rsfs10.pfb>
Output written on geometry.pdf (24 pages, 499184 bytes).
Transcript written on geometry.log.
