This is pdfTeX, Version 3.141592653-2.6-1.40.25 (TeX Live 2023/Debian) (preloaded format=pdflatex)
 restricted \write18 enabled.
entering extended mode
(./geometry.tex
LaTeX2e <2023-11-01> patch level 1
L3 programming layer <2024-01-22>
(./preamble.tex (/usr/share/texlive/texmf-dist/tex/latex/amscls/amsart.cls
Document Class: amsart 2020/05/29 v2.20.6
(/usr/share/texlive/texmf-dist/tex/latex/amsmath/amsmath.sty
For additional information on amsmath, use the `?' option.
(/usr/share/texlive/texmf-dist/tex/latex/amsmath/amstext.sty
(/usr/share/texlive/texmf-dist/tex/latex/amsmath/amsgen.sty))
(/usr/share/texlive/texmf-dist/tex/latex/amsmath/amsbsy.sty)
(/usr/share/texlive/texmf-dist/tex/latex/amsmath/amsopn.sty))
(/usr/share/texlive/texmf-dist/tex/latex/amsfonts/umsa.fd)
(/usr/share/texlive/texmf-dist/tex/latex/amsfonts/amsfonts.sty))
(/usr/share/texlive/texmf-dist/tex/latex/base/fontenc.sty)
(/usr/share/texmf/tex/latex/lm/lmodern.sty)
(/usr/share/texlive/texmf-dist/tex/latex/amsmath/amscd.sty)
(/usr/share/texlive/texmf-dist/tex/latex/amsfonts/amssymb.sty)
(/usr/share/texlive/texmf-dist/tex/latex/mathtools/mathtools.sty
(/usr/share/texlive/texmf-dist/tex/latex/graphics/keyval.sty)
(/usr/share/texlive/texmf-dist/tex/latex/tools/calc.sty)
(/usr/share/texlive/texmf-dist/tex/latex/mathtools/mhsetup.sty))
(/usr/share/texlive/texmf-dist/tex/latex/jknapltx/mathrsfs.sty)
(/usr/share/texlive/texmf-dist/tex/latex/microtype/microtype.sty
(/usr/share/texlive/texmf-dist/tex/latex/etoolbox/etoolbox.sty)
(/usr/share/texlive/texmf-dist/tex/latex/microtype/microtype-pdftex.def)
(/usr/share/texlive/texmf-dist/tex/latex/microtype/microtype.cfg))
(/usr/share/texlive/texmf-dist/tex/latex/booktabs/booktabs.sty)
(/usr/share/texlive/texmf-dist/tex/latex/tools/longtable.sty)
(/usr/share/texlive/texmf-dist/tex/latex/geometry/geometry.sty
(/usr/share/texlive/texmf-dist/tex/generic/iftex/ifvtex.sty
(/usr/share/texlive/texmf-dist/tex/generic/iftex/iftex.sty)))
(/usr/share/texlive/texmf-dist/tex/latex/hyperref/hyperref.sty
(/usr/share/texlive/texmf-dist/tex/latex/kvsetkeys/kvsetkeys.sty)
(/usr/share/texlive/texmf-dist/tex/generic/kvdefinekeys/kvdefinekeys.sty)
(/usr/share/texlive/texmf-dist/tex/generic/pdfescape/pdfescape.sty
(/usr/share/texlive/texmf-dist/tex/generic/ltxcmds/ltxcmds.sty)
(/usr/share/texlive/texmf-dist/tex/generic/pdftexcmds/pdftexcmds.sty
(/usr/share/texlive/texmf-dist/tex/generic/infwarerr/infwarerr.sty)))
(/usr/share/texlive/texmf-dist/tex/latex/hycolor/hycolor.sty)
(/usr/share/texlive/texmf-dist/tex/latex/auxhook/auxhook.sty)
(/usr/share/texlive/texmf-dist/tex/latex/hyperref/nameref.sty
(/usr/share/texlive/texmf-dist/tex/latex/refcount/refcount.sty)
(/usr/share/texlive/texmf-dist/tex/generic/gettitlestring/gettitlestring.sty
(/usr/share/texlive/texmf-dist/tex/latex/kvoptions/kvoptions.sty)))
(/usr/share/texlive/texmf-dist/tex/latex/hyperref/pd1enc.def)
(/usr/share/texlive/texmf-dist/tex/generic/intcalc/intcalc.sty)
(/usr/share/texlive/texmf-dist/tex/latex/hyperref/puenc.def)
(/usr/share/texlive/texmf-dist/tex/latex/url/url.sty)
(/usr/share/texlive/texmf-dist/tex/generic/bitset/bitset.sty
(/usr/share/texlive/texmf-dist/tex/generic/bigintcalc/bigintcalc.sty))
(/usr/share/texlive/texmf-dist/tex/latex/base/atbegshi-ltx.sty))
(/usr/share/texlive/texmf-dist/tex/latex/hyperref/hpdftex.def
(/usr/share/texlive/texmf-dist/tex/latex/base/atveryend-ltx.sty)
(/usr/share/texlive/texmf-dist/tex/latex/rerunfilecheck/rerunfilecheck.sty
(/usr/share/texlive/texmf-dist/tex/generic/uniquecounter/uniquecounter.sty))))
(/usr/share/texmf/tex/latex/lm/t1lmr.fd)
(/usr/share/texlive/texmf-dist/tex/latex/l3backend/l3backend-pdftex.def)
No file geometry.aux.
(/usr/share/texmf/tex/latex/lm/ot1lmr.fd)
(/usr/share/texmf/tex/latex/lm/omllmm.fd)
(/usr/share/texmf/tex/latex/lm/omslmsy.fd)
(/usr/share/texmf/tex/latex/lm/omxlmex.fd)
(/usr/share/texlive/texmf-dist/tex/latex/amsfonts/umsa.fd)
(/usr/share/texlive/texmf-dist/tex/latex/amsfonts/umsb.fd)
(/usr/share/texlive/texmf-dist/tex/latex/jknapltx/ursfs.fd)
(/usr/share/texlive/texmf-dist/tex/latex/graphics/graphicx.sty
(/usr/share/texlive/texmf-dist/tex/latex/graphics/graphics.sty
(/usr/share/texlive/texmf-dist/tex/latex/graphics/trig.sty)
(/usr/share/texlive/texmf-dist/tex/latex/graphics-cfg/graphics.cfg)
(/usr/share/texlive/texmf-dist/tex/latex/graphics-def/pdftex.def
(/usr/share/texlive/texmf-dist/tex/context/base/mkii/supp-pdf.mkii
[Loading MPS to PDF converter (version 2006.09.02).]
))) (/usr/share/texlive/texmf-dist/tex/latex/epstopdf-pkg/epstopdf-base.sty
(/usr/share/texlive/texmf-dist/tex/latex/latexconfig/epstopdf-sys.cfg)))
(/usr/share/texlive/texmf-dist/tex/latex/microtype/mt-cmr.cfg)
*geometry* driver: auto-detecting
*geometry* detected driver: pdftex
(./frontmatter.tex) (./parts/01-introduction.tex
(/usr/share/texlive/texmf-dist/tex/latex/microtype/mt-msa.cfg)
(/usr/share/texlive/texmf-dist/tex/latex/microtype/mt-msb.cfg)
Overfull \vbox (1.83496pt too high) has occurred while \output is active
[1{/var/lib/texmf/fonts/map/pdftex/updmap/pdftex.map}{/usr/share/texmf/fonts/en
c/dvips/lm/lm-ec.enc}{/usr/share/texmf/fonts/enc/dvips/lm/lm-rm.enc}{/usr/share
/texmf/fonts/enc/dvips/lm/lm-mathit.enc}{/usr/share/texmf/fonts/enc/dvips/lm/lm
-mathsy.enc}]

LaTeX Warning: Reference `sec:intrinsic-web-reconstruction' on page 2 undefined
 on input line 70.


LaTeX Warning: Reference `lem:schur-contraction-kernel' on page 2 undefined on 
input line 94.


LaTeX Warning: Reference `thm:exceptional-component-fibres' on page 2 undefined
 on input line 106.


LaTeX Warning: Reference `thm:global-schur-recombination' on page 2 undefined o
n input line 114.


LaTeX Warning: Reference `sec:polarization' on page 2 undefined on input line 1
28.

[2{/usr/share/texmf/fonts/enc/dvips/lm/lm-mathex.enc}]

LaTeX Warning: Reference `sec:relations' on page 3 undefined on input line 151.



LaTeX Warning: Reference `sec:fitting' on page 3 undefined on input line 151.


LaTeX Warning: Reference `sec:intrinsic-web-reconstruction' on page 3 undefined
 on input line 153.


LaTeX Warning: Reference `app:boundary-overview' on page 3 undefined on input l
ine 159.


LaTeX Warning: Reference `sec:relative-tool-positioning' on page 3 undefined on
 input line 180.


LaTeX Warning: Reference `sec:primary-table-scope' on page 3 undefined on input
 line 182.

) (./parts/02-relations.tex

LaTeX Warning: Reference `eq:Y-intro' on page 3 undefined on input line 32.

[3]

LaTeX Warning: Reference `lem:contraction' on page 4 undefined on input line 52
.

[4]) (./parts/03-fitting.tex

LaTeX Warning: Reference `eq:full-matrix-ideal' on page 5 undefined on input li
ne 28.

[5]

LaTeX Warning: Reference `eq:firstorder' on page 6 undefined on input line 74.


LaTeX Warning: Reference `eq:full-matrix-ideal' on page 6 undefined on input li
ne 78.


LaTeX Warning: Reference `prop:relative-open' on page 6 undefined on input line
 79.


LaTeX Warning: Reference `eq:normal-global' on page 6 undefined on input line 8
7.

[6]

LaTeX Warning: Reference `eq:relative-sequence' on page 7 undefined on input li
ne 171.


LaTeX Warning: Reference `lem:flat-flag' on page 7 undefined on input line 186.



LaTeX Warning: Reference `eq:power-sequence' on page 7 undefined on input line 
187.


LaTeX Warning: Reference `eq:powers' on page 7 undefined on input line 188.


LaTeX Warning: Reference `eq:graph-delta' on page 7 undefined on input line 192
.


LaTeX Warning: Reference `eq:graph-E' on page 7 undefined on input line 192.


LaTeX Warning: Reference `prop:relative-open' on page 7 undefined on input line
 193.


LaTeX Warning: Reference `cor:powers' on page 7 undefined on input line 195.

) (./parts/04-depth.tex

LaTeX Warning: Reference `prop:full-fitting' on page 7 undefined on input line 
27.


LaTeX Warning: Reference `thm:normal-form' on page 7 undefined on input line 28
.


LaTeX Warning: Reference `eq:depth-filtration' on page 7 undefined on input lin
e 36.

[7]

LaTeX Warning: Reference `thm:normal-form' on page 8 undefined on input line 57
.


LaTeX Warning: Reference `prop:canonical-line' on page 8 undefined on input lin
e 58.


LaTeX Warning: Reference `thm:main-reconstruction' on page 8 undefined on input
 line 59.


LaTeX Warning: Reference `eq:depth-filtration' on page 8 undefined on input lin
e 62.


LaTeX Warning: Reference `thm:global-residual-colon' on page 8 undefined on inp
ut line 75.


LaTeX Warning: Reference `sec:coranktwo' on page 8 undefined on input line 87.


LaTeX Warning: Reference `sec:ranktwo-boundary' on page 8 undefined on input li
ne 92.


LaTeX Warning: Reference `sec:stratified-nilpotent' on page 8 undefined on inpu
t line 93.


LaTeX Warning: Reference `thm:decomposable-kernel-wall' on page 8 undefined on 
input line 112.


LaTeX Warning: Citation `BayerEisenbud' on page 8 undefined on input line 128.


LaTeX Warning: Citation `Manolache' on page 8 undefined on input line 128.


LaTeX Warning: Citation `Drezet' on page 8 undefined on input line 128.


LaTeX Warning: Reference `eq:depth-filtration' on page 8 undefined on input lin
e 129.

) (./parts/12-intrinsic-web-reconstruction.tex [8] [9]

LaTeX Warning: Reference `eq:deepest-cone-equation' on page 10 undefined on inp
ut line 125.

(./parts/12a-universal-readout.tex [10]

LaTeX Warning: Reference `eq:universal-coefficient-map' on page 11 undefined on
 input line 52.


LaTeX Warning: Reference `eq:two-web-components' on page 11 undefined on input 
line 64.


LaTeX Warning: Citation `FultonHarris' on page 11 undefined on input line 69.


LaTeX Warning: Citation `DCEP' on page 11 undefined on input line 69.


LaTeX Warning: Reference `eq:minor-two-summands' on page 11 undefined on input 
line 96.


LaTeX Warning: Reference `eq:fixed-slice-universal' on page 11 undefined on inp
ut line 115.

[11]

LaTeX Warning: Reference `eq:explicit-exterior-duality' on page 12 undefined on
 input line 139.

)

LaTeX Warning: Reference `lem:deepest-normal-cone' on page 12 undefined on inpu
t line 187.


LaTeX Warning: Reference `lem:universal-schur-readout' on page 12 undefined on 
input line 203.


LaTeX Warning: Reference `lem:readout-exterior-twist' on page 12 undefined on i
nput line 214.


LaTeX Warning: Reference `lem:common-g-functoriality' on page 12 undefined on i
nput line 219.

(./parts/12b-functoriality.tex [12]

LaTeX Warning: Reference `lem:deepest-normal-cone' on page 13 undefined on inpu
t line 20.


LaTeX Warning: Reference `eq:graded-cone-functoriality' on page 13 undefined on
 input line 30.


LaTeX Warning: Citation `StacksNormalCone' on page 13 undefined on input line 3
2.


LaTeX Warning: Reference `lem:deepest-normal-cone' on page 13 undefined on inpu
t line 38.


LaTeX Warning: Reference `lem:readout-exterior-twist' on page 13 undefined on i
nput line 80.

) (./parts/12c-exceptional-fibres.tex [13]

LaTeX Warning: Reference `eq:exceptional-tangent-criterion' on page 14 undefine
d on input line 105.

[14]

LaTeX Warning: Reference `lem:common-g-functoriality' on page 15 undefined on i
nput line 126.


LaTeX Warning: Reference `thm:global-schur-recombination' on page 15 undefined 
on input line 132.


LaTeX Warning: Reference `app:separating-pencils' on page 15 undefined on input
 line 141.

) (./parts/12d-schur-support.tex
(/usr/share/texlive/texmf-dist/tex/latex/amsfonts/ueuf.fd)
(/usr/share/texlive/texmf-dist/tex/latex/microtype/mt-euf.cfg)

LaTeX Warning: Reference `eq:two-web-components' on page 15 undefined on input 
line 29.

[15]

LaTeX Warning: Reference `eq:polarized-schur-embedding' on page 16 undefined on
 input line 63.


LaTeX Warning: Reference `eq:singular-contraction-kernel' on page 16 undefined 
on input line 99.


LaTeX Warning: Reference `eq:orthogonal-quartic-decomposition' on page 16 undef
ined on input line 118.

[16]

LaTeX Warning: Reference `eq:schur-polarization-formula' on page 17 undefined o
n input line 151.


LaTeX Warning: Reference `eq:nonsingular-contraction-kernel' on page 17 undefin
ed on input line 162.


LaTeX Warning: Reference `eq:schur-support-table' on page 17 undefined on input
 line 201.


LaTeX Warning: Reference `eq:exterior-support-annihilator' on page 17 undefined
 on input line 209.

[17]

LaTeX Warning: Reference `eq:jacobian-schur-normalization' on page 18 undefined
 on input line 254.


LaTeX Warning: Reference `prop:exact-schur-support' on page 18 undefined on inp
ut line 255.


LaTeX Warning: Reference `thm:exceptional-component-fibres' on page 18 undefine
d on input line 259.


LaTeX Warning: Reference `lem:secant-tangent-support' on page 18 undefined on i
nput line 265.


LaTeX Warning: Reference `eq:exceptional-tangent-criterion' on page 18 undefine
d on input line 268.


LaTeX Warning: Reference `eq:global-reconstruction-open-equality' on page 18 un
defined on input line 274.


LaTeX Warning: Reference `thm:global-schur-recombination' on page 18 undefined 
on input line 293.


LaTeX Warning: Reference `thm:generic-intrinsic-web' on page 18 undefined on in
put line 296.

) (./parts/12e-global-rank-strata.tex [18]

LaTeX Warning: Reference `thm:exceptional-component-fibres' on page 19 undefine
d on input line 68.


LaTeX Warning: Reference `eq:ramification-evaluation-ideal' on page 19 undefine
d on input line 82.


LaTeX Warning: Reference `thm:global-schur-recombination' on page 19 undefined 
on input line 86.

)

LaTeX Warning: Reference `thm:generic-intrinsic-web' on page 19 undefined on in
put line 228.


LaTeX Warning: Reference `thm:global-schur-recombination' on page 19 undefined 
on input line 229.


LaTeX Warning: Reference `prop:global-pencil-rank-strata' on page 19 undefined 
on input line 231.


LaTeX Warning: Reference `lem:differential' on page 19 undefined on input line 
234.


LaTeX Warning: Reference `app:separating-pencils' on page 19 undefined on input
 line 234.


LaTeX Warning: Reference `lem:exact-plucker-pencil' on page 19 undefined on inp
ut line 238.


LaTeX Warning: Reference `eq:reconstruction-open' on page 19 undefined on input
 line 239.


LaTeX Warning: Reference `eq:exact-plucker-pencil' on page 19 undefined on inpu
t line 243.

[19]

LaTeX Warning: Reference `lem:common-g-functoriality' on page 20 undefined on i
nput line 253.


LaTeX Warning: Reference `lem:universal-schur-readout' on page 20 undefined on 
input line 254.


LaTeX Warning: Reference `lem:algebra-orbits' on page 20 undefined on input lin
e 264.


LaTeX Warning: Reference `thm:torelli-monodromy' on page 20 undefined on input 
line 270.


LaTeX Warning: Reference `thm:generic-intrinsic-web' on page 20 undefined on in
put line 280.

) (./parts/04-polarization.tex

LaTeX Warning: Reference `eq:graph-E' on page 20 undefined on input line 4.


LaTeX Warning: Reference `eq:vanish-symmetric' on page 20 undefined on input li
ne 36.

[20]

LaTeX Warning: Reference `thm:normal-form' on page 21 undefined on input line 6
2.


LaTeX Warning: Reference `eq:line-cancellation' on page 21 undefined on input l
ine 72.


LaTeX Warning: Reference `thm:main-reconstruction' on page 21 undefined on inpu
t line 76.


LaTeX Warning: Reference `prop:canonical-line' on page 21 undefined on input li
ne 81.


LaTeX Warning: Reference `lem:no-functions' on page 21 undefined on input line 
81.


LaTeX Warning: Reference `prop:full-fitting' on page 21 undefined on input line
 101.


LaTeX Warning: Citation `Kollar' on page 21 undefined on input line 123.

[21]) (./parts/05-moduli.tex

LaTeX Warning: Reference `thm:main-moduli' on page 22 undefined on input line 3
.


LaTeX Warning: Reference `sec:certificates' on page 22 undefined on input line 
50.


LaTeX Warning: Reference `lem:differential' on page 22 undefined on input line 
72.


LaTeX Warning: Reference `prop:relative-open' on page 22 undefined on input lin
e 77.

[22]

LaTeX Warning: Citation `Huy' on page 23 undefined on input line 91.


LaTeX Warning: Reference `thm:main-moduli' on page 23 undefined on input line 1
03.


LaTeX Warning: Reference `prop:nine-image' on page 23 undefined on input line 1
04.


LaTeX Warning: Reference `thm:main-reconstruction' on page 23 undefined on inpu
t line 105.


LaTeX Warning: Reference `lem:algebra-orbits' on page 23 undefined on input lin
e 106.


LaTeX Warning: Reference `cor:relative-flat' on page 23 undefined on input line
 118.


LaTeX Warning: Reference `thm:main-reconstruction' on page 23 undefined on inpu
t line 124.


LaTeX Warning: Reference `eq:graph-delta' on page 23 undefined on input line 12
5.

) (./parts/07-classical.tex

LaTeX Warning: Reference `thm:main-reconstruction' on page 23 undefined on inpu
t line 15.

[23]

LaTeX Warning: Citation `IK' on page 24 undefined on input line 40.


LaTeX Warning: Citation `DK' on page 24 undefined on input line 43.


LaTeX Warning: Reference `prop:incidence-bridge' on page 24 undefined on input 
line 43.

) (./parts/10-reye-priority.tex

LaTeX Warning: Reference `sec:classical' on page 24 undefined on input line 14.



LaTeX Warning: Citation `Cossec' on page 24 undefined on input line 18.


LaTeX Warning: Citation `ArrondoSols' on page 24 undefined on input line 18.


LaTeX Warning: Citation `DolgachevReider' on page 24 undefined on input line 18
.


LaTeX Warning: Citation `IK' on page 24 undefined on input line 18.


LaTeX Warning: Citation `DK' on page 24 undefined on input line 18.


LaTeX Warning: Citation `MMV' on page 24 undefined on input line 18.


LaTeX Warning: Citation `MMV' on page 24 undefined on input line 27.


LaTeX Warning: Reference `thm:main-moduli' on page 24 undefined on input line 5
1.

[24]

LaTeX Warning: Reference `prop:reye-tangent' on page 25 undefined on input line
 92.


LaTeX Warning: Reference `prop:reye-tangent' on page 25 undefined on input line
 114.


LaTeX Warning: Reference `lem:differential' on page 25 undefined on input line 
117.


LaTeX Warning: Reference `thm:main-moduli' on page 25 undefined on input line 1
26.


LaTeX Warning: Reference `thm:main-moduli' on page 25 undefined on input line 1
45.


LaTeX Warning: Reference `thm:generic-intrinsic-web' on page 25 undefined on in
put line 154.

[25]

LaTeX Warning: Reference `sec:ranktwo-boundary' on page 26 undefined on input l
ine 159.


LaTeX Warning: Reference `thm:main-moduli' on page 26 undefined on input line 1
72.


LaTeX Warning: Reference `thm:generic-intrinsic-web' on page 26 undefined on in
put line 201.


LaTeX Warning: Reference `cor:separate-torelli-packet' on page 26 undefined on 
input line 203.


LaTeX Warning: Reference `thm:main-moduli' on page 26 undefined on input line 2
11.


LaTeX Warning: Citation `BayerEisenbud' on page 26 undefined on input line 244.



LaTeX Warning: Citation `Manolache' on page 26 undefined on input line 245.


LaTeX Warning: Citation `Drezet' on page 26 undefined on input line 247.

[26]

LaTeX Warning: Citation `Ballico93' on page 27 undefined on input line 279.


LaTeX Warning: Citation `Ballico96' on page 27 undefined on input line 282.


LaTeX Warning: Reference `thm:torelli-monodromy' on page 27 undefined on input 
line 327.


LaTeX Warning: Reference `thm:generic-intrinsic-web' on page 27 undefined on in
put line 329.

[27] (./parts/13-inverse-comparison.tex

LaTeX Warning: Citation `MMV' on page 28 undefined on input line 5.


LaTeX Warning: Citation `MMV' on page 28 undefined on input line 15.


LaTeX Warning: Reference `thm:main-reconstruction' on page 28 undefined on inpu
t line 18.


LaTeX Warning: Reference `thm:torelli-monodromy' on page 28 undefined on input 
line 21.


LaTeX Warning: Reference `thm:generic-intrinsic-web' on page 28 undefined on in
put line 24.


LaTeX Warning: Reference `lem:universal-schur-readout' on page 28 undefined on 
input line 28.


LaTeX Warning: Reference `lem:common-g-functoriality' on page 28 undefined on i
nput line 29.


LaTeX Warning: Citation `StacksGenericFree' on page 28 undefined on input line 
43.


LaTeX Warning: Citation `StacksFlattening' on page 28 undefined on input line 4
3.


LaTeX Warning: Citation `StacksRelativeAssassin' on page 28 undefined on input 
line 43.


LaTeX Warning: Citation `StacksDescent' on page 28 undefined on input line 43.

)) (./parts/14-boundary-overview.tex [28]

LaTeX Warning: Reference `thm:sharp-global-jacobian-depth' on page 29 undefined
 on input line 12.


LaTeX Warning: Reference `prop:smooth-web-rank-admissibility' on page 29 undefi
ned on input line 24.


LaTeX Warning: Reference `thm:global-minimal-supports' on page 29 undefined on 
input line 32.


LaTeX Warning: Reference `thm:cross-corank-incidence' on page 29 undefined on i
nput line 36.


LaTeX Warning: Reference `prop:cross-corank-graded-fibres' on page 29 undefined
 on input line 38.


LaTeX Warning: Citation `BrunsVasconcelos' on page 29 undefined on input line 5
1.


LaTeX Warning: Reference `thm:quotient-induced-primary-law' on page 29 undefine
d on input line 53.

[29]

LaTeX Warning: Reference `sec:stratified-nilpotent' on page 30 undefined on inp
ut line 92.


LaTeX Warning: Reference `eq:intro-graded-packet' on page 30 undefined on input
 line 101.


LaTeX Warning: Reference `thm:corank-two-mixed-kernel-atlas' on page 30 undefin
ed on input line 128.


LaTeX Warning: Reference `thm:generic-primary-signatures' on page 30 undefined 
on input line 129.


LaTeX Warning: Reference `thm:sharp-global-jacobian-depth' on page 30 undefined
 on input line 143.


LaTeX Warning: Reference `sec:relative-primary-specialization' on page 30 undef
ined on input line 168.

[30]

LaTeX Warning: Reference `thm:generic-intrinsic-web' on page 31 undefined on in
put line 240.


LaTeX Warning: Reference `cor:separate-torelli-packet' on page 31 undefined on 
input line 242.


LaTeX Warning: Reference `sec:sharp-global-laws' on page 31 undefined on input 
line 246.

) (./parts/01b-boundary-atlas.tex

LaTeX Warning: Reference `thm:global-residual-colon' on page 31 undefined on in
put line 5.


LaTeX Warning: Reference `thm:all-corank-presentation' on page 31 undefined on 
input line 16.

[31]

LaTeX Warning: Reference `prop:smooth-web-rank-admissibility' on page 32 undefi
ned on input line 113.


LaTeX Warning: Reference `thm:sharp-global-jacobian-depth' on page 32 undefined
 on input line 115.

[32]

LaTeX Warning: Reference `sec:stratified-nilpotent' on page 33 undefined on inp
ut line 151.


LaTeX Warning: Reference `thm:generic-slice-certification' on page 33 undefined
 on input line 163.

[33] (/usr/share/texmf/tex/latex/lm/ot1lmss.fd)

LaTeX Warning: Reference `eq:atlas-residual-J' on page 34 undefined on input li
ne 251.


LaTeX Warning: Reference `lem:graded-flat-diagram' on page 34 undefined on inpu
t line 317.

[34] (./parts/01c-graded-universal.tex

LaTeX Warning: Reference `thm:bounded-principal-colon-stratification' on page 3
5 undefined on input line 37.


LaTeX Warning: Reference `prop:relative-primary-models' on page 35 undefined on
 input line 40.


LaTeX Warning: Reference `prop:no-new-packet-torsion' on page 35 undefined on i
nput line 41.


LaTeX Warning: Reference `lem:graded-flat-diagram' on page 35 undefined on inpu
t line 42.


LaTeX Warning: Reference `eq:universal-finite-multiplications' on page 35 undef
ined on input line 49.


LaTeX Warning: Reference `lem:graded-flat-diagram' on page 35 undefined on inpu
t line 51.


LaTeX Warning: Reference `eq:universal-finite-multiplications' on page 35 undef
ined on input line 62.


LaTeX Warning: Reference `prop:relative-primary-models' on page 35 undefined on
 input line 66.

)

LaTeX Warning: Reference `thm:finite-all-corank-depth' on page 35 undefined on 
input line 331.

[35]

LaTeX Warning: Reference `eq:atlas-multiplication' on page 36 undefined on inpu
t line 338.


LaTeX Warning: Reference `sec:relative-primary-specialization' on page 36 undef
ined on input line 375.


LaTeX Warning: Reference `thm:bounded-principal-colon-stratification' on page 3
6 undefined on input line 376.

[36]

LaTeX Warning: Reference `eq:wedge6-sym2-decomposition' on page 37 undefined on
 input line 469.


LaTeX Warning: Reference `eq:corank4-depth' on page 37 undefined on input line 
470.


LaTeX Warning: Reference `eq:wedge6-sym2-decomposition' on page 37 undefined on
 input line 478.


LaTeX Warning: Reference `eq:corank4-depth' on page 37 undefined on input line 
487.


LaTeX Warning: Reference `thm:finite-all-corank-depth' on page 37 undefined on 
input line 490.


LaTeX Warning: Reference `thm:corank-two-mixed-kernel-atlas' on page 37 undefin
ed on input line 491.


LaTeX Warning: Reference `thm:corank-three-depth' on page 37 undefined on input
 line 492.


LaTeX Warning: Reference `thm:corank-four-jacobian' on page 37 undefined on inp
ut line 493.


LaTeX Warning: Reference `sec:relative-primary-specialization' on page 37 undef
ined on input line 495.

) (./parts/06-coranktwo.tex [37]

LaTeX Warning: Reference `eq:C-star' on page 38 undefined on input line 43.


LaTeX Warning: Reference `lem:differential' on page 38 undefined on input line 
65.


LaTeX Warning: Reference `prop:full-fitting' on page 38 undefined on input line
 86.

[38]

LaTeX Warning: Reference `lem:residual-matrix' on page 39 undefined on input li
ne 121.

[39]

LaTeX Warning: Reference `eq:main-coranktwo' on page 40 undefined on input line
 180.


LaTeX Warning: Reference `lem:cone-ideal' on page 40 undefined on input line 21
1.


LaTeX Warning: Reference `eq:N-square' on page 40 undefined on input line 229.


LaTeX Warning: Reference `thm:main-coranktwo' on page 40 undefined on input lin
e 236.


LaTeX Warning: Reference `lem:good-open' on page 40 undefined on input line 237
.


LaTeX Warning: Reference `lem:residual-matrix' on page 40 undefined on input li
ne 238.


LaTeX Warning: Reference `lem:cone-ideal' on page 40 undefined on input line 23
8.


LaTeX Warning: Reference `thm:coranktwo-proof' on page 40 undefined on input li
ne 239.


LaTeX Warning: Reference `eq:N-square' on page 40 undefined on input line 243.

) (./parts/08-corank-boundary.tex

LaTeX Warning: Reference `sec:stratified-nilpotent' on page 40 undefined on inp
ut line 10.

[40]

LaTeX Warning: Reference `prop:full-fitting' on page 41 undefined on input line
 54.


LaTeX Warning: Reference `eq:all-corank-presentation' on page 41 undefined on i
nput line 68.


LaTeX Warning: Reference `prop:full-fitting' on page 41 undefined on input line
 107.

[41]

LaTeX Warning: Reference `eq:all-ranktwo-presentation' on page 42 undefined on 
input line 117.


LaTeX Warning: Reference `sec:stratified-nilpotent' on page 42 undefined on inp
ut line 126.


LaTeX Warning: Reference `def:good-pair' on page 42 undefined on input line 142
.


LaTeX Warning: Reference `lem:residual-matrix' on page 42 undefined on input li
ne 144.


LaTeX Warning: Reference `eq:residual-matrix' on page 42 undefined on input lin
e 149.


LaTeX Warning: Reference `lem:cone-ideal' on page 42 undefined on input line 17
3.


LaTeX Warning: Reference `eq:rootfree' on page 42 undefined on input line 186.


LaTeX Warning: Reference `lem:cone-ideal' on page 42 undefined on input line 18
8.


LaTeX Warning: Reference `lem:rootfree' on page 42 undefined on input line 211.


[42]

LaTeX Warning: Reference `eq:universal-contact-quartic' on page 43 undefined on
 input line 265.


LaTeX Warning: Reference `eq:universal-contact-quartic' on page 43 undefined on
 input line 301.


LaTeX Warning: Reference `lem:good-open' on page 43 undefined on input line 313
.


LaTeX Warning: Reference `prop:contact-cover' on page 43 undefined on input lin
e 314.


LaTeX Warning: Reference `def:mixed-regular' on page 43 undefined on input line
 316.


LaTeX Warning: Reference `thm:coranktwo-proof' on page 43 undefined on input li
ne 320.

[43]

LaTeX Warning: Reference `eq:contact-cover' on page 44 undefined on input line 
329.


LaTeX Warning: Reference `thm:collision-depth' on page 44 undefined on input li
ne 337.


LaTeX Warning: Reference `thm:saturated-contact' on page 44 undefined on input 
line 346.


LaTeX Warning: Reference `thm:main-depth' on page 44 undefined on input line 35
1.


LaTeX Warning: Reference `thm:main-depth' on page 44 undefined on input line 35
4.


LaTeX Warning: Reference `thm:collision-depth' on page 44 undefined on input li
ne 357.


LaTeX Warning: Reference `prop:contact-cover' on page 44 undefined on input lin
e 358.


LaTeX Warning: Reference `sec:stratified-nilpotent' on page 44 undefined on inp
ut line 363.

) (./parts/09-stratified-nilpotent.tex

LaTeX Warning: Reference `lem:rootfree' on page 44 undefined on input line 4.

[44]

LaTeX Warning: Reference `prop:full-fitting' on page 45 undefined on input line
 86.


LaTeX Warning: Reference `eq:global-residual-factorization' on page 45 undefine
d on input line 95.


LaTeX Warning: Reference `eq:global-ann-colon' on page 45 undefined on input li
ne 106.


LaTeX Warning: Reference `eq:global-graded-piece' on page 45 undefined on input
 line 124.


LaTeX Warning: Reference `eq:global-graded-piece' on page 45 undefined on input
 line 127.


LaTeX Warning: Reference `eq:global-gr-colon' on page 45 undefined on input lin
e 128.


LaTeX Warning: Reference `eq:nilpotency-colon-index' on page 45 undefined on in
put line 130.

[45]

LaTeX Warning: Reference `eq:failure-contact-vertex' on page 46 undefined on in
put line 195.


LaTeX Warning: Reference `eq:J-contact-intersection' on page 46 undefined on in
put line 235.


LaTeX Warning: Reference `eq:failure-contact-vertex' on page 46 undefined on in
put line 254.


LaTeX Warning: Reference `eq:contact-graded-sections' on page 46 undefined on i
nput line 257.


LaTeX Warning: Reference `eq:contact-Cartier-divisor' on page 46 undefined on i
nput line 260.


LaTeX Warning: Reference `eq:failure-contact-vertex' on page 46 undefined on in
put line 270.

[46]

LaTeX Warning: Reference `eq:associated-primes-mixed-regular' on page 47 undefi
ned on input line 286.


LaTeX Warning: Reference `eq:containment-local-ideal' on page 47 undefined on i
nput line 318.


LaTeX Warning: Reference `eq:collision-primary-type' on page 47 undefined on in
put line 324.


LaTeX Warning: Reference `eq:grade-one-contact' on page 47 undefined on input l
ine 374.

[47]

LaTeX Warning: Reference `thm:collision-depth' on page 48 undefined on input li
ne 389.


LaTeX Warning: Reference `eq:grade-two-vertex' on page 48 undefined on input li
ne 390.


LaTeX Warning: Reference `eq:global-associated-graded' on page 48 undefined on 
input line 392.


LaTeX Warning: Reference `eq:Z1Z2-exact' on page 48 undefined on input line 399
.


LaTeX Warning: Reference `eq:decomposable-linear-block' on page 48 undefined on
 input line 469.

[48]

LaTeX Warning: Reference `eq:decomposable-colon' on page 49 undefined on input 
line 500.


LaTeX Warning: Reference `eq:containment-local-ideal' on page 49 undefined on i
nput line 526.


LaTeX Warning: Reference `thm:saturated-contact' on page 49 undefined on input 
line 552.

) (./parts/09b-boundary-atlas-proofs.tex

LaTeX Warning: Reference `sec:boundary-atlas-statement' on page 49 undefined on
 input line 5.


LaTeX Warning: Reference `prop:full-fitting' on page 49 undefined on input line
 9.


LaTeX Warning: Reference `thm:universal-det-completion' on page 49 undefined on
 input line 13.

[49]

LaTeX Warning: Reference `thm:finite-all-corank-depth' on page 50 undefined on 
input line 46.


LaTeX Warning: Reference `thm:universal-det-completion' on page 50 undefined on
 input line 47.


LaTeX Warning: Reference `eq:global-graded-piece' on page 50 undefined on input
 line 54.


LaTeX Warning: Reference `eq:atlas-multiplication' on page 50 undefined on inpu
t line 76.


LaTeX Warning: Reference `eq:psi-beta-chi' on page 50 undefined on input line 9
6.


LaTeX Warning: Reference `thm:corank-two-mixed-kernel-atlas' on page 50 undefin
ed on input line 105.


LaTeX Warning: Reference `lem:rootfree' on page 50 undefined on input line 131.


[50]

LaTeX Warning: Reference `def:mixed-kernel-orbit-type' on page 51 undefined on 
input line 138.


LaTeX Warning: Reference `eq:beta-normal-forms' on page 51 undefined on input l
ine 182.


LaTeX Warning: Reference `thm:corank-two-mixed-kernel-atlas' on page 51 undefin
ed on input line 189.


LaTeX Warning: Reference `thm:graded-nilpotent' on page 51 undefined on input l
ine 194.


LaTeX Warning: Reference `thm:decomposable-kernel-wall' on page 51 undefined on
 input line 195.

[51] [52]

LaTeX Warning: Reference `thm:generic-slice-certification' on page 53 undefined
 on input line 353.


LaTeX Warning: Reference `thm:corank-two-mixed-kernel-atlas' on page 53 undefin
ed on input line 362.


LaTeX Warning: Reference `lem:contact-symbol-all-Ainj' on page 53 undefined on 
input line 363.


LaTeX Warning: Reference `eq:beta-normal-forms' on page 53 undefined on input l
ine 365.


LaTeX Warning: Reference `lem:nine-orbit-colons' on page 53 undefined on input 
line 365.


LaTeX Warning: Reference `thm:global-residual-colon' on page 53 undefined on in
put line 371.


LaTeX Warning: Reference `lem:contact-symbol-all-Ainj' on page 53 undefined on 
input line 376.


LaTeX Warning: Reference `prop:rankdrop-coranktwo-depth' on page 53 undefined o
n input line 387.


LaTeX Warning: Reference `thm:finite-all-corank-depth' on page 53 undefined on 
input line 402.

[53]

LaTeX Warning: Reference `def:macaulay-atlas' on page 54 undefined on input lin
e 426.


LaTeX Warning: Reference `lem:corank3-functorial-symbol' on page 54 undefined o
n input line 467.

[54]

LaTeX Warning: Reference `thm:corank-three-depth' on page 55 undefined on input
 line 535.


LaTeX Warning: Reference `lem:no-d3-corank3' on page 55 undefined on input line
 536.


LaTeX Warning: Reference `thm:sharp-global-jacobian-depth' on page 55 undefined
 on input line 538.


LaTeX Warning: Citation `FultonHarris' on page 55 undefined on input line 549.

[55]

LaTeX Warning: Reference `lem:fischer-determinant-projection' on page 56 undefi
ned on input line 606.


LaTeX Warning: Reference `eq:plethysm-corank4' on page 56 undefined on input li
ne 660.


LaTeX Warning: Reference `thm:corank-four-jacobian' on page 56 undefined on inp
ut line 664.


LaTeX Warning: Reference `eq:plethysm-corank4' on page 56 undefined on input li
ne 670.


LaTeX Warning: Reference `lem:jacobian-projection' on page 56 undefined on inpu
t line 676.


LaTeX Warning: Reference `lem:effective-pieri-matrix-ring' on page 56 undefined
 on input line 685.

[56]

LaTeX Warning: Reference `lem:corank4-ideal-equivariance' on page 57 undefined 
on input line 695.


LaTeX Warning: Reference `lem:effective-pieri-matrix-ring' on page 57 undefined
 on input line 700.


LaTeX Warning: Reference `sec:relative-primary-specialization' on page 57 undef
ined on input line 728.


LaTeX Warning: Reference `prop:associated-prime-refinement' on page 57 undefine
d on input line 733.

) (./parts/09c-relative-primary-specialization.tex

LaTeX Warning: Reference `lem:nine-orbit-colons' on page 57 undefined on input 
line 29.


LaTeX Warning: Reference `thm:corank-two-mixed-kernel-atlas' on page 57 undefin
ed on input line 35.


LaTeX Warning: Reference `lem:nine-orbit-colons' on page 57 undefined on input 
line 39.

[57]

LaTeX Warning: Reference `eq:stabilizer-linearization' on page 58 undefined on 
input line 77.


LaTeX Warning: Reference `eq:chi-linearization' on page 58 undefined on input l
ine 78.


LaTeX Warning: Reference `thm:corank-two-mixed-kernel-atlas' on page 58 undefin
ed on input line 103.

(/usr/share/texmf/tex/latex/lm/t1lmtt.fd) [58]

LaTeX Warning: Reference `lem:nine-orbit-colons' on page 59 undefined on input 
line 175.


LaTeX Warning: Reference `thm:generic-slice-certification' on page 59 undefined
 on input line 178.


LaTeX Warning: Reference `prop:rankdrop-coranktwo-depth' on page 59 undefined o
n input line 196.

[59] [60] (./parts/09d-relative-primary-filtrations.tex

LaTeX Warning: Citation `StacksGenericFree' on page 61 undefined on input line 
27.

[61]

LaTeX Warning: Citation `StacksGeometricFibres' on page 62 undefined on input l
ine 99.


LaTeX Warning: Reference `lem:finite-exact-diagram' on page 62 undefined on inp
ut line 100.

[62]

LaTeX Warning: Reference `prop:relative-primary-models' on page 63 undefined on
 input line 133.

(./parts/09e-packet-descent.tex

LaTeX Warning: Reference `thm:bounded-principal-colon-stratification' on page 6
3 undefined on input line 9.

[63]

LaTeX Warning: Citation `StacksDescent' on page 64 undefined on input line 59.


LaTeX Warning: Reference `eq:orbit-ideal-descent' on page 64 undefined on input
 line 62.


LaTeX Warning: Reference `prop:relative-primary-models' on page 64 undefined on
 input line 76.


LaTeX Warning: Reference `eq:orbit-ideal-descent' on page 64 undefined on input
 line 81.


LaTeX Warning: Citation `StacksRelativeAssassin' on page 64 undefined on input 
line 104.

[64]

LaTeX Warning: Reference `lem:finite-exact-diagram' on page 65 undefined on inp
ut line 113.


LaTeX Warning: Reference `eq:packet-power-sandwich' on page 65 undefined on inp
ut line 136.


LaTeX Warning: Reference `eq:packet-exact-geometric-components' on page 65 unde
fined on input line 147.

[65]

LaTeX Warning: Reference `eq:downstairs-torsion' on page 66 undefined on input 
line 198.


LaTeX Warning: Reference `prop:no-new-packet-torsion' on page 66 undefined on i
nput line 206.

)

LaTeX Warning: Reference `prop:relative-primary-models' on page 66 undefined on
 input line 213.


LaTeX Warning: Reference `prop:relative-primary-models' on page 66 undefined on
 input line 218.


LaTeX Warning: Reference `prop:no-new-packet-torsion' on page 66 undefined on i
nput line 219.


LaTeX Warning: Reference `lem:power-certified-packets' on page 66 undefined on 
input line 227.


LaTeX Warning: Reference `lem:galois-packet-descent' on page 66 undefined on in
put line 232.


LaTeX Warning: Reference `lem:power-certified-packets' on page 66 undefined on 
input line 238.


LaTeX Warning: Reference `prop:relative-primary-models' on page 66 undefined on
 input line 242.


LaTeX Warning: Reference `prop:no-new-packet-torsion' on page 66 undefined on i
nput line 245.


LaTeX Warning: Reference `prop:descended-packet-torsion' on page 66 undefined o
n input line 247.

[66])

LaTeX Warning: Reference `thm:bounded-principal-colon-stratification' on page 6
7 undefined on input line 325.


LaTeX Warning: Reference `eq:two-flat-sequences' on page 67 undefined on input 
line 346.

[67]

LaTeX Warning: Reference `lem:graded-flat-diagram' on page 68 undefined on inpu
t line 368.


LaTeX Warning: Reference `lem:finite-geometric-assassin-stratification' on page
 68 undefined on input line 370.


LaTeX Warning: Reference `prop:associated-prime-refinement' on page 68 undefine
d on input line 376.


LaTeX Warning: Reference `thm:bounded-principal-colon-stratification' on page 6
8 undefined on input line 377.


LaTeX Warning: Reference `thm:finite-all-corank-depth' on page 68 undefined on 
input line 383.

[68]

LaTeX Warning: Reference `thm:generic-primary-signatures' on page 69 undefined 
on input line 481.


LaTeX Warning: Reference `thm:rankdrop-primary-signatures' on page 69 undefined
 on input line 498.

) (./parts/11-sharp-global-laws.tex [69]

LaTeX Warning: Citation `CSSCayley' on page 70 undefined on input line 45.


LaTeX Warning: Reference `thm:corank-four-jacobian' on page 70 undefined on inp
ut line 74.


LaTeX Warning: Reference `lem:fischer-determinant-projection' on page 70 undefi
ned on input line 75.


LaTeX Warning: Reference `lem:no-d3-corank3' on page 70 undefined on input line
 92.


LaTeX Warning: Reference `thm:corank-four-jacobian' on page 70 undefined on inp
ut line 94.

[70] [71] [72]

LaTeX Warning: Reference `eq:cross-corank-primary' on page 73 undefined on inpu
t line 300.


LaTeX Warning: Reference `thm:finite-all-corank-depth' on page 73 undefined on 
input line 334.


LaTeX Warning: Reference `thm:sharp-global-jacobian-depth' on page 73 undefined
 on input line 337.


LaTeX Warning: Reference `eq:cross-corank-primary' on page 73 undefined on inpu
t line 348.


LaTeX Warning: Citation `BrunsVasconcelos' on page 73 undefined on input line 3
61.

[73] [74]) (./parts/09a-rees-specialization.tex

LaTeX Warning: Citation `FultonIntersection' on page 75 undefined on input line
 6.


LaTeX Warning: Citation `StacksNormalCone' on page 75 undefined on input line 7
.


LaTeX Warning: Reference `sec:stratified-nilpotent' on page 75 undefined on inp
ut line 9.


LaTeX Warning: Reference `sec:boundary-atlas-proofs' on page 75 undefined on in
put line 10.


LaTeX Warning: Reference `prop:intrinsic-dnc-v127' on page 75 undefined on inpu
t line 57.


LaTeX Warning: Reference `eq:atlas-multiplication' on page 75 undefined on inpu
t line 68.


LaTeX Warning: Reference `thm:corank-two-mixed-kernel-atlas' on page 75 undefin
ed on input line 70.


LaTeX Warning: Reference `prop:rankdrop-coranktwo-depth' on page 75 undefined o
n input line 72.


LaTeX Warning: Reference `thm:corank-three-depth' on page 75 undefined on input
 line 74.


LaTeX Warning: Reference `thm:sharp-global-jacobian-depth' on page 75 undefined
 on input line 75.


LaTeX Warning: Reference `thm:corank-four-jacobian' on page 75 undefined on inp
ut line 77.

[75]

LaTeX Warning: Citation `StacksFlattening' on page 76 undefined on input line 8
5.

) (./parts/14-separating-pencils.tex

LaTeX Warning: Reference `eq:C-star' on page 76 undefined on input line 4.


LaTeX Warning: Reference `thm:global-schur-recombination' on page 76 undefined 
on input line 9.


Package amsmath Warning: Foreign command \over;
(amsmath)                \frac or \genfrac should be used instead
(amsmath)                 on input line 37.


LaTeX Warning: Reference `eq:exact-projector-witness' on page 76 undefined on i
nput line 60.


LaTeX Warning: Reference `eq:exact-projector-witness' on page 76 undefined on i
nput line 69.

[76]

LaTeX Warning: Reference `eq:exact-projector-witness' on page 77 undefined on i
nput line 79.


LaTeX Warning: Reference `eq:two-separating-quadrics' on page 77 undefined on i
nput line 80.


LaTeX Warning: Reference `eq:C-star' on page 77 undefined on input line 99.


LaTeX Warning: Reference `eq:C-star' on page 77 undefined on input line 109.


LaTeX Warning: Reference `lem:differential' on page 77 undefined on input line 
114.

) (./parts/08-weighted.tex

LaTeX Warning: Reference `sec:coranktwo' on page 77 undefined on input line 6.


LaTeX Warning: Citation `DCEP' on page 77 undefined on input line 21.


LaTeX Warning: Citation `BC' on page 77 undefined on input line 22.

[77]

LaTeX Warning: Reference `eq:coefficient-rule' on page 78 undefined on input li
ne 52.


LaTeX Warning: Reference `eq:weighted' on page 78 undefined on input line 57.


LaTeX Warning: Reference `eq:classical-product' on page 78 undefined on input l
ine 62.


LaTeX Warning: Reference `eq:coefficient-rule' on page 78 undefined on input li
ne 83.


LaTeX Warning: Reference `sec:coranktwo' on page 78 undefined on input line 89.


) (./parts/09-certificates.tex [78]

LaTeX Warning: Reference `eq:exact-differential-det' on page 79 undefined on in
put line 43.


LaTeX Warning: Reference `lem:differential' on page 79 undefined on input line 
61.


LaTeX Warning: Reference `eq:BC-witness' on page 79 undefined on input line 66.



LaTeX Warning: Reference `eq:h-witness' on page 79 undefined on input line 78.

[79]

LaTeX Warning: Reference `eq:residual-matrix' on page 80 undefined on input lin
e 83.


LaTeX Warning: Reference `eq:main-coranktwo' on page 80 undefined on input line
 89.


LaTeX Warning: Reference `lem:cone-ideal' on page 80 undefined on input line 94
.


LaTeX Warning: Reference `thm:coranktwo-proof' on page 80 undefined on input li
ne 95.

) (./references.tex
pdfTeX warning (font expansion): font should be expanded before its first use
[80]) [81] (./geometry.aux)

LaTeX Warning: There were undefined references.


LaTeX Warning: Label(s) may have changed. Rerun to get cross-references right.


Package rerunfilecheck Warning: File `geometry.out' has changed.
(rerunfilecheck)                Rerun to get outlines right
(rerunfilecheck)                or use package `bookmark'.

 )
(see the transcript file for additional information)</usr/share/texlive/texmf-d
ist/fonts/type1/public/amsfonts/euler/eufm10.pfb></usr/share/texmf/fonts/type1/
public/lm/lmbx10.pfb></usr/share/texmf/fonts/type1/public/lm/lmbx9.pfb></usr/sh
are/texmf/fonts/type1/public/lm/lmcsc10.pfb></usr/share/texmf/fonts/type1/publi
c/lm/lmex10.pfb></usr/share/texmf/fonts/type1/public/lm/lmmi10.pfb></usr/share/
texmf/fonts/type1/public/lm/lmmi6.pfb></usr/share/texmf/fonts/type1/public/lm/l
mmi8.pfb></usr/share/texmf/fonts/type1/public/lm/lmmi9.pfb></usr/share/texmf/fo
nts/type1/public/lm/lmr10.pfb></usr/share/texmf/fonts/type1/public/lm/lmr6.pfb>
</usr/share/texmf/fonts/type1/public/lm/lmr7.pfb></usr/share/texmf/fonts/type1/
public/lm/lmr8.pfb></usr/share/texmf/fonts/type1/public/lm/lmr9.pfb></usr/share
/texmf/fonts/type1/public/lm/lmri10.pfb></usr/share/texmf/fonts/type1/public/lm
/lmri9.pfb></usr/share/texmf/fonts/type1/public/lm/lmss10.pfb></usr/share/texmf
/fonts/type1/public/lm/lmsy10.pfb></usr/share/texmf/fonts/type1/public/lm/lmsy6
.pfb></usr/share/texmf/fonts/type1/public/lm/lmsy8.pfb></usr/share/texmf/fonts/
type1/public/lm/lmtt10.pfb></usr/share/texmf/fonts/type1/public/lm/lmtt9.pfb></
usr/share/texlive/texmf-dist/fonts/type1/public/amsfonts/symbols/msam10.pfb></u
sr/share/texlive/texmf-dist/fonts/type1/public/amsfonts/symbols/msbm10.pfb></us
r/share/texlive/texmf-dist/fonts/type1/public/rsfs/rsfs10.pfb>
Output written on geometry.pdf (81 pages, 868317 bytes).
Transcript written on geometry.log.
