Title:           
Subject:         
Keywords:        
Author:          
Creator:         LaTeX with hyperref
Producer:        pdfTeX-1.40.26
CreationDate:    Sat Oct  3 16:15:31 2026 UTC
ModDate:         Sat Oct  3 16:15:31 2026 UTC
Custom Metadata: yes
Metadata Stream: no
Tagged:          no
UserProperties:  no
Suspects:        no
Form:            none
JavaScript:      no
Pages:           19
Encrypted:       no
Page size:       612 x 792 pts (letter)
Page rot:        0
File size:       463237 bytes
Optimized:       no
PDF version:     1.7
