This is pdfTeX, Version 3.141592653-2.6-1.40.25 (TeX Live 2023/Debian) (preloaded format=pdflatex)
 restricted \write18 enabled.
entering extended mode
(./supplement.tex
LaTeX2e <2023-11-01> patch level 1
L3 programming layer <2024-01-22>
(./preamble.tex (/usr/share/texlive/texmf-dist/tex/latex/amscls/amsart.cls
Document Class: amsart 2020/05/29 v2.20.6
(/usr/share/texlive/texmf-dist/tex/latex/amsmath/amsmath.sty
For additional information on amsmath, use the `?' option.
(/usr/share/texlive/texmf-dist/tex/latex/amsmath/amstext.sty
(/usr/share/texlive/texmf-dist/tex/latex/amsmath/amsgen.sty))
(/usr/share/texlive/texmf-dist/tex/latex/amsmath/amsbsy.sty)
(/usr/share/texlive/texmf-dist/tex/latex/amsmath/amsopn.sty))
(/usr/share/texlive/texmf-dist/tex/latex/amsfonts/umsa.fd)
(/usr/share/texlive/texmf-dist/tex/latex/amsfonts/amsfonts.sty))
(/usr/share/texlive/texmf-dist/tex/latex/base/fontenc.sty)
(/usr/share/texmf/tex/latex/lm/lmodern.sty)
(/usr/share/texlive/texmf-dist/tex/latex/amsmath/amscd.sty)
(/usr/share/texlive/texmf-dist/tex/latex/amsfonts/amssymb.sty)
(/usr/share/texlive/texmf-dist/tex/latex/mathtools/mathtools.sty
(/usr/share/texlive/texmf-dist/tex/latex/graphics/keyval.sty)
(/usr/share/texlive/texmf-dist/tex/latex/tools/calc.sty)
(/usr/share/texlive/texmf-dist/tex/latex/mathtools/mhsetup.sty))
(/usr/share/texlive/texmf-dist/tex/latex/jknapltx/mathrsfs.sty)
(/usr/share/texlive/texmf-dist/tex/latex/microtype/microtype.sty
(/usr/share/texlive/texmf-dist/tex/latex/etoolbox/etoolbox.sty)
(/usr/share/texlive/texmf-dist/tex/latex/microtype/microtype-pdftex.def)
(/usr/share/texlive/texmf-dist/tex/latex/microtype/microtype.cfg))
(/usr/share/texlive/texmf-dist/tex/latex/booktabs/booktabs.sty)
(/usr/share/texlive/texmf-dist/tex/latex/tools/longtable.sty)
(/usr/share/texlive/texmf-dist/tex/latex/geometry/geometry.sty
(/usr/share/texlive/texmf-dist/tex/generic/iftex/ifvtex.sty
(/usr/share/texlive/texmf-dist/tex/generic/iftex/iftex.sty)))
(/usr/share/texlive/texmf-dist/tex/latex/hyperref/xr-hyper.sty)
(/usr/share/texlive/texmf-dist/tex/latex/hyperref/hyperref.sty
(/usr/share/texlive/texmf-dist/tex/latex/kvsetkeys/kvsetkeys.sty)
(/usr/share/texlive/texmf-dist/tex/generic/kvdefinekeys/kvdefinekeys.sty)
(/usr/share/texlive/texmf-dist/tex/generic/pdfescape/pdfescape.sty
(/usr/share/texlive/texmf-dist/tex/generic/ltxcmds/ltxcmds.sty)
(/usr/share/texlive/texmf-dist/tex/generic/pdftexcmds/pdftexcmds.sty
(/usr/share/texlive/texmf-dist/tex/generic/infwarerr/infwarerr.sty)))
(/usr/share/texlive/texmf-dist/tex/latex/hycolor/hycolor.sty)
(/usr/share/texlive/texmf-dist/tex/latex/auxhook/auxhook.sty)
(/usr/share/texlive/texmf-dist/tex/latex/hyperref/nameref.sty
(/usr/share/texlive/texmf-dist/tex/latex/refcount/refcount.sty)
(/usr/share/texlive/texmf-dist/tex/generic/gettitlestring/gettitlestring.sty
(/usr/share/texlive/texmf-dist/tex/latex/kvoptions/kvoptions.sty)))
(/usr/share/texlive/texmf-dist/tex/latex/hyperref/pd1enc.def)
(/usr/share/texlive/texmf-dist/tex/generic/intcalc/intcalc.sty)
(/usr/share/texlive/texmf-dist/tex/latex/hyperref/puenc.def)
(/usr/share/texlive/texmf-dist/tex/latex/url/url.sty)
(/usr/share/texlive/texmf-dist/tex/generic/bitset/bitset.sty
(/usr/share/texlive/texmf-dist/tex/generic/bigintcalc/bigintcalc.sty))
(/usr/share/texlive/texmf-dist/tex/latex/base/atbegshi-ltx.sty))
(/usr/share/texlive/texmf-dist/tex/latex/hyperref/hpdftex.def
(/usr/share/texlive/texmf-dist/tex/latex/base/atveryend-ltx.sty)
(/usr/share/texlive/texmf-dist/tex/latex/rerunfilecheck/rerunfilecheck.sty
(/usr/share/texlive/texmf-dist/tex/generic/uniquecounter/uniquecounter.sty))))
(/usr/share/texmf/tex/latex/lm/t1lmr.fd)
(/usr/share/texlive/texmf-dist/tex/latex/l3backend/l3backend-pdftex.def)
No file supplement.aux.
(/usr/share/texmf/tex/latex/lm/ot1lmr.fd)
(/usr/share/texmf/tex/latex/lm/omllmm.fd)
(/usr/share/texmf/tex/latex/lm/omslmsy.fd)
(/usr/share/texmf/tex/latex/lm/omxlmex.fd)
(/usr/share/texlive/texmf-dist/tex/latex/amsfonts/umsa.fd)
(/usr/share/texlive/texmf-dist/tex/latex/amsfonts/umsb.fd)
(/usr/share/texlive/texmf-dist/tex/latex/jknapltx/ursfs.fd)
(/usr/share/texlive/texmf-dist/tex/latex/graphics/graphicx.sty
(/usr/share/texlive/texmf-dist/tex/latex/graphics/graphics.sty
(/usr/share/texlive/texmf-dist/tex/latex/graphics/trig.sty)
(/usr/share/texlive/texmf-dist/tex/latex/graphics-cfg/graphics.cfg)
(/usr/share/texlive/texmf-dist/tex/latex/graphics-def/pdftex.def
(/usr/share/texlive/texmf-dist/tex/context/base/mkii/supp-pdf.mkii
[Loading MPS to PDF converter (version 2006.09.02).]
))) (/usr/share/texlive/texmf-dist/tex/latex/epstopdf-pkg/epstopdf-base.sty
(/usr/share/texlive/texmf-dist/tex/latex/latexconfig/epstopdf-sys.cfg)))
(/usr/share/texlive/texmf-dist/tex/latex/microtype/mt-cmr.cfg)
*geometry* driver: auto-detecting
*geometry* detected driver: pdftex
No file supplement.toc.
(./parts/03-relative-powers.tex
(/usr/share/texlive/texmf-dist/tex/latex/microtype/mt-msa.cfg)
(/usr/share/texlive/texmf-dist/tex/latex/microtype/mt-msb.cfg)

LaTeX Warning: Reference `eq:relative-sequence' on page 1 undefined on input li
ne 56.

[1{/var/lib/texmf/fonts/map/pdftex/updmap/pdftex.map}{/usr/share/texmf/fonts/en
c/dvips/lm/lm-ec.enc}{/usr/share/texmf/fonts/enc/dvips/lm/lm-mathit.enc}{/usr/s
hare/texmf/fonts/enc/dvips/lm/lm-mathsy.enc}{/usr/share/texmf/fonts/enc/dvips/l
m/lm-rm.enc}]

LaTeX Warning: Reference `lem:flat-flag' on page 2 undefined on input line 71.


LaTeX Warning: Reference `eq:power-sequence' on page 2 undefined on input line 
72.


LaTeX Warning: Reference `eq:powers' on page 2 undefined on input line 73.


LaTeX Warning: Reference `cor:powers' on page 2 undefined on input line 80.

) (./parts/04-depth.tex

LaTeX Warning: Reference `eq:depth-filtration' on page 2 undefined on input lin
e 36.


LaTeX Warning: Reference `eq:depth-filtration' on page 2 undefined on input lin
e 62.

[2{/usr/share/texmf/fonts/enc/dvips/lm/lm-mathex.enc}]

LaTeX Warning: Reference `thm:global-residual-colon' on page 3 undefined on inp
ut line 75.


LaTeX Warning: Reference `sec:coranktwo' on page 3 undefined on input line 87.


LaTeX Warning: Reference `sec:ranktwo-boundary' on page 3 undefined on input li
ne 92.


LaTeX Warning: Reference `sec:stratified-nilpotent' on page 3 undefined on inpu
t line 93.


LaTeX Warning: Reference `thm:decomposable-kernel-wall' on page 3 undefined on 
input line 112.


LaTeX Warning: Citation `BayerEisenbud' on page 3 undefined on input line 128.


LaTeX Warning: Citation `Manolache' on page 3 undefined on input line 128.


LaTeX Warning: Citation `Drezet' on page 3 undefined on input line 128.


LaTeX Warning: Reference `eq:depth-filtration' on page 3 undefined on input lin
e 129.

) (./parts/10-reye-priority.tex

LaTeX Warning: Citation `Cossec' on page 3 undefined on input line 18.


LaTeX Warning: Citation `ArrondoSols' on page 3 undefined on input line 18.


LaTeX Warning: Citation `DolgachevReider' on page 3 undefined on input line 18.



LaTeX Warning: Citation `IK' on page 3 undefined on input line 18.


LaTeX Warning: Citation `DK' on page 3 undefined on input line 18.


LaTeX Warning: Citation `MMV' on page 3 undefined on input line 18.


LaTeX Warning: Citation `MMV' on page 3 undefined on input line 27.

[3] (/usr/share/texlive/texmf-dist/tex/latex/amsfonts/ueuf.fd)
(/usr/share/texlive/texmf-dist/tex/latex/microtype/mt-euf.cfg)

LaTeX Warning: Reference `thm:main-moduli' on page 4 undefined on input line 51
.


LaTeX Warning: Reference `prop:reye-tangent' on page 4 undefined on input line 
92.


LaTeX Warning: Reference `prop:reye-tangent' on page 4 undefined on input line 
114.

[4]

LaTeX Warning: Reference `thm:main-moduli' on page 5 undefined on input line 12
6.


LaTeX Warning: Reference `thm:main-moduli' on page 5 undefined on input line 14
5.


LaTeX Warning: Reference `sec:ranktwo-boundary' on page 5 undefined on input li
ne 159.


LaTeX Warning: Reference `thm:main-moduli' on page 5 undefined on input line 17
2.

[5]

LaTeX Warning: Reference `thm:main-moduli' on page 6 undefined on input line 21
1.


LaTeX Warning: Citation `BayerEisenbud' on page 6 undefined on input line 244.


LaTeX Warning: Citation `Manolache' on page 6 undefined on input line 245.


LaTeX Warning: Citation `Drezet' on page 6 undefined on input line 247.


LaTeX Warning: Citation `Ballico93' on page 6 undefined on input line 279.


LaTeX Warning: Citation `Ballico96' on page 6 undefined on input line 282.

[6]

LaTeX Warning: Reference `thm:torelli-monodromy' on page 7 undefined on input l
ine 327.

(./parts/13-inverse-comparison.tex

LaTeX Warning: Citation `MMV' on page 7 undefined on input line 5.


LaTeX Warning: Citation `MMV' on page 7 undefined on input line 15.


LaTeX Warning: Reference `thm:torelli-monodromy' on page 7 undefined on input l
ine 21.


LaTeX Warning: Citation `StacksGenericFree' on page 7 undefined on input line 4
3.


LaTeX Warning: Citation `StacksFlattening' on page 7 undefined on input line 43
.


LaTeX Warning: Citation `StacksRelativeAssassin' on page 7 undefined on input l
ine 43.


LaTeX Warning: Citation `StacksDescent' on page 7 undefined on input line 43.

[7])) (./parts/16-ambient-pencil.tex (./parts/12c-exceptional-fibres.tex
[8]

LaTeX Warning: Reference `eq:exceptional-tangent-criterion' on page 9 undefined
 on input line 105.

[9]

LaTeX Warning: Reference `app:separating-pencils' on page 10 undefined on input
 line 141.

) (./parts/12e-global-rank-strata.tex (./parts/12i-residual-sections.tex
[10])

LaTeX Warning: Citation `StacksUnramified' on page 11 undefined on input line 4
6.


LaTeX Warning: Reference `lem:residual-cartier-sections' on page 11 undefined o
n input line 70.


LaTeX Warning: Reference `eq:ramification-evaluation-ideal' on page 11 undefine
d on input line 84.

[11]) (./parts/12h-coordinate-parity.tex)) (./parts/14-boundary-overview.tex

LaTeX Warning: Reference `thm:sharp-global-jacobian-depth' on page 12 undefined
 on input line 12.


LaTeX Warning: Reference `prop:smooth-web-rank-admissibility' on page 12 undefi
ned on input line 24.


LaTeX Warning: Reference `thm:global-minimal-supports' on page 12 undefined on 
input line 32.


LaTeX Warning: Reference `thm:cross-corank-incidence' on page 12 undefined on i
nput line 36.


LaTeX Warning: Reference `prop:cross-corank-graded-fibres' on page 12 undefined
 on input line 38.

[12]

LaTeX Warning: Citation `BrunsVasconcelos' on page 13 undefined on input line 5
1.


LaTeX Warning: Reference `thm:quotient-induced-primary-law' on page 13 undefine
d on input line 53.


LaTeX Warning: Reference `sec:stratified-nilpotent' on page 13 undefined on inp
ut line 92.


LaTeX Warning: Reference `eq:intro-graded-packet' on page 13 undefined on input
 line 101.


LaTeX Warning: Reference `thm:corank-two-mixed-kernel-atlas' on page 13 undefin
ed on input line 128.


LaTeX Warning: Reference `thm:generic-primary-signatures' on page 13 undefined 
on input line 129.

[13]

LaTeX Warning: Reference `thm:sharp-global-jacobian-depth' on page 14 undefined
 on input line 143.


LaTeX Warning: Reference `sec:relative-primary-specialization' on page 14 undef
ined on input line 168.

[14]

LaTeX Warning: Reference `sec:sharp-global-laws' on page 15 undefined on input 
line 246.

) (./parts/01b-boundary-atlas.tex

LaTeX Warning: Reference `thm:global-residual-colon' on page 15 undefined on in
put line 5.


LaTeX Warning: Reference `thm:all-corank-presentation' on page 15 undefined on 
input line 16.

[15]

LaTeX Warning: Reference `prop:smooth-web-rank-admissibility' on page 16 undefi
ned on input line 113.


LaTeX Warning: Reference `thm:sharp-global-jacobian-depth' on page 16 undefined
 on input line 115.


LaTeX Warning: Reference `sec:stratified-nilpotent' on page 16 undefined on inp
ut line 151.


LaTeX Warning: Reference `thm:generic-slice-certification' on page 16 undefined
 on input line 163.

[16] (/usr/share/texmf/tex/latex/lm/ot1lmss.fd)

LaTeX Warning: Reference `eq:atlas-residual-J' on page 17 undefined on input li
ne 251.

[17]

LaTeX Warning: Reference `lem:graded-flat-diagram' on page 18 undefined on inpu
t line 317.

(./parts/01c-graded-universal.tex [18]

LaTeX Warning: Reference `thm:bounded-principal-colon-stratification' on page 1
9 undefined on input line 37.


LaTeX Warning: Reference `prop:relative-primary-models' on page 19 undefined on
 input line 40.


LaTeX Warning: Reference `prop:no-new-packet-torsion' on page 19 undefined on i
nput line 41.


LaTeX Warning: Reference `lem:graded-flat-diagram' on page 19 undefined on inpu
t line 42.


LaTeX Warning: Reference `eq:universal-finite-multiplications' on page 19 undef
ined on input line 49.


LaTeX Warning: Reference `lem:graded-flat-diagram' on page 19 undefined on inpu
t line 51.


LaTeX Warning: Reference `eq:universal-finite-multiplications' on page 19 undef
ined on input line 62.


LaTeX Warning: Reference `prop:relative-primary-models' on page 19 undefined on
 input line 66.

)

LaTeX Warning: Reference `thm:finite-all-corank-depth' on page 19 undefined on 
input line 331.


LaTeX Warning: Reference `eq:atlas-multiplication' on page 19 undefined on inpu
t line 338.

[19]

LaTeX Warning: Reference `sec:relative-primary-specialization' on page 20 undef
ined on input line 375.


LaTeX Warning: Reference `thm:bounded-principal-colon-stratification' on page 2
0 undefined on input line 376.

[20]

LaTeX Warning: Reference `eq:wedge6-sym2-decomposition' on page 21 undefined on
 input line 469.


LaTeX Warning: Reference `eq:corank4-depth' on page 21 undefined on input line 
470.


LaTeX Warning: Reference `eq:wedge6-sym2-decomposition' on page 21 undefined on
 input line 478.


LaTeX Warning: Reference `eq:corank4-depth' on page 21 undefined on input line 
487.


LaTeX Warning: Reference `thm:finite-all-corank-depth' on page 21 undefined on 
input line 490.


LaTeX Warning: Reference `thm:corank-two-mixed-kernel-atlas' on page 21 undefin
ed on input line 491.


LaTeX Warning: Reference `thm:corank-three-depth' on page 21 undefined on input
 line 492.


LaTeX Warning: Reference `thm:corank-four-jacobian' on page 21 undefined on inp
ut line 493.


LaTeX Warning: Reference `sec:relative-primary-specialization' on page 21 undef
ined on input line 495.

) (./parts/06-coranktwo.tex [21]

LaTeX Warning: Reference `lem:residual-matrix' on page 22 undefined on input li
ne 121.

[22]

LaTeX Warning: Reference `eq:main-coranktwo' on page 23 undefined on input line
 180.

[23]

LaTeX Warning: Reference `lem:cone-ideal' on page 24 undefined on input line 21
1.


LaTeX Warning: Reference `eq:N-square' on page 24 undefined on input line 229.


LaTeX Warning: Reference `thm:main-coranktwo' on page 24 undefined on input lin
e 236.


LaTeX Warning: Reference `lem:good-open' on page 24 undefined on input line 237
.


LaTeX Warning: Reference `lem:residual-matrix' on page 24 undefined on input li
ne 238.


LaTeX Warning: Reference `lem:cone-ideal' on page 24 undefined on input line 23
8.


LaTeX Warning: Reference `thm:coranktwo-proof' on page 24 undefined on input li
ne 239.


LaTeX Warning: Reference `eq:N-square' on page 24 undefined on input line 243.

) (./parts/08-corank-boundary.tex

LaTeX Warning: Reference `sec:stratified-nilpotent' on page 24 undefined on inp
ut line 10.

[24]

LaTeX Warning: Reference `eq:all-corank-presentation' on page 25 undefined on i
nput line 68.


LaTeX Warning: Reference `eq:all-ranktwo-presentation' on page 25 undefined on 
input line 117.


LaTeX Warning: Reference `sec:stratified-nilpotent' on page 25 undefined on inp
ut line 126.


LaTeX Warning: Reference `def:good-pair' on page 25 undefined on input line 142
.


LaTeX Warning: Reference `lem:residual-matrix' on page 25 undefined on input li
ne 144.

[25]

LaTeX Warning: Reference `eq:residual-matrix' on page 26 undefined on input lin
e 149.


LaTeX Warning: Reference `lem:cone-ideal' on page 26 undefined on input line 17
3.


LaTeX Warning: Reference `eq:rootfree' on page 26 undefined on input line 186.


LaTeX Warning: Reference `lem:cone-ideal' on page 26 undefined on input line 18
8.


LaTeX Warning: Reference `lem:rootfree' on page 26 undefined on input line 211.


[26]

LaTeX Warning: Reference `eq:universal-contact-quartic' on page 27 undefined on
 input line 265.


LaTeX Warning: Reference `eq:universal-contact-quartic' on page 27 undefined on
 input line 301.


LaTeX Warning: Reference `lem:good-open' on page 27 undefined on input line 313
.


LaTeX Warning: Reference `prop:contact-cover' on page 27 undefined on input lin
e 314.


LaTeX Warning: Reference `def:mixed-regular' on page 27 undefined on input line
 316.


LaTeX Warning: Reference `thm:coranktwo-proof' on page 27 undefined on input li
ne 320.


LaTeX Warning: Reference `eq:contact-cover' on page 27 undefined on input line 
329.


LaTeX Warning: Reference `thm:collision-depth' on page 27 undefined on input li
ne 337.


LaTeX Warning: Reference `thm:saturated-contact' on page 27 undefined on input 
line 346.

[27]

LaTeX Warning: Reference `thm:main-depth' on page 28 undefined on input line 35
1.


LaTeX Warning: Reference `thm:main-depth' on page 28 undefined on input line 35
4.


LaTeX Warning: Reference `thm:collision-depth' on page 28 undefined on input li
ne 357.


LaTeX Warning: Reference `prop:contact-cover' on page 28 undefined on input lin
e 358.


LaTeX Warning: Reference `sec:stratified-nilpotent' on page 28 undefined on inp
ut line 363.

) (./parts/09-stratified-nilpotent.tex

LaTeX Warning: Reference `lem:rootfree' on page 28 undefined on input line 4.

[28]

LaTeX Warning: Reference `eq:global-residual-factorization' on page 29 undefine
d on input line 95.


LaTeX Warning: Reference `eq:global-ann-colon' on page 29 undefined on input li
ne 106.


LaTeX Warning: Reference `eq:global-graded-piece' on page 29 undefined on input
 line 124.


LaTeX Warning: Reference `eq:global-graded-piece' on page 29 undefined on input
 line 127.


LaTeX Warning: Reference `eq:global-gr-colon' on page 29 undefined on input lin
e 128.


LaTeX Warning: Reference `eq:nilpotency-colon-index' on page 29 undefined on in
put line 130.

[29]

LaTeX Warning: Reference `eq:failure-contact-vertex' on page 30 undefined on in
put line 195.


LaTeX Warning: Reference `eq:J-contact-intersection' on page 30 undefined on in
put line 235.


LaTeX Warning: Reference `eq:failure-contact-vertex' on page 30 undefined on in
put line 254.


LaTeX Warning: Reference `eq:contact-graded-sections' on page 30 undefined on i
nput line 257.


LaTeX Warning: Reference `eq:contact-Cartier-divisor' on page 30 undefined on i
nput line 260.


LaTeX Warning: Reference `eq:failure-contact-vertex' on page 30 undefined on in
put line 270.


LaTeX Warning: Reference `eq:associated-primes-mixed-regular' on page 30 undefi
ned on input line 286.

[30]

LaTeX Warning: Reference `eq:containment-local-ideal' on page 31 undefined on i
nput line 318.


LaTeX Warning: Reference `eq:collision-primary-type' on page 31 undefined on in
put line 324.


LaTeX Warning: Reference `eq:grade-one-contact' on page 31 undefined on input l
ine 374.


LaTeX Warning: Reference `thm:collision-depth' on page 31 undefined on input li
ne 389.


LaTeX Warning: Reference `eq:grade-two-vertex' on page 31 undefined on input li
ne 390.


LaTeX Warning: Reference `eq:global-associated-graded' on page 31 undefined on 
input line 392.


LaTeX Warning: Reference `eq:Z1Z2-exact' on page 31 undefined on input line 399
.

[31]

LaTeX Warning: Reference `eq:decomposable-linear-block' on page 32 undefined on
 input line 469.


LaTeX Warning: Reference `eq:decomposable-colon' on page 32 undefined on input 
line 500.

[32]

LaTeX Warning: Reference `eq:containment-local-ideal' on page 33 undefined on i
nput line 526.


LaTeX Warning: Reference `thm:saturated-contact' on page 33 undefined on input 
line 552.

) (./parts/09b-boundary-atlas-proofs.tex

LaTeX Warning: Reference `sec:boundary-atlas-statement' on page 33 undefined on
 input line 5.


LaTeX Warning: Reference `thm:universal-det-completion' on page 33 undefined on
 input line 13.


LaTeX Warning: Reference `thm:finite-all-corank-depth' on page 33 undefined on 
input line 46.


LaTeX Warning: Reference `thm:universal-det-completion' on page 33 undefined on
 input line 47.


LaTeX Warning: Reference `eq:global-graded-piece' on page 33 undefined on input
 line 54.

[33]

LaTeX Warning: Reference `eq:atlas-multiplication' on page 34 undefined on inpu
t line 76.


LaTeX Warning: Reference `eq:psi-beta-chi' on page 34 undefined on input line 9
6.


LaTeX Warning: Reference `thm:corank-two-mixed-kernel-atlas' on page 34 undefin
ed on input line 105.


LaTeX Warning: Reference `lem:rootfree' on page 34 undefined on input line 131.



LaTeX Warning: Reference `def:mixed-kernel-orbit-type' on page 34 undefined on 
input line 138.

[34]

LaTeX Warning: Reference `eq:beta-normal-forms' on page 35 undefined on input l
ine 182.


LaTeX Warning: Reference `thm:corank-two-mixed-kernel-atlas' on page 35 undefin
ed on input line 189.


LaTeX Warning: Reference `thm:graded-nilpotent' on page 35 undefined on input l
ine 194.


LaTeX Warning: Reference `thm:decomposable-kernel-wall' on page 35 undefined on
 input line 195.

[35] [36]

LaTeX Warning: Reference `thm:generic-slice-certification' on page 37 undefined
 on input line 353.


LaTeX Warning: Reference `thm:corank-two-mixed-kernel-atlas' on page 37 undefin
ed on input line 362.


LaTeX Warning: Reference `lem:contact-symbol-all-Ainj' on page 37 undefined on 
input line 363.


LaTeX Warning: Reference `eq:beta-normal-forms' on page 37 undefined on input l
ine 365.


LaTeX Warning: Reference `lem:nine-orbit-colons' on page 37 undefined on input 
line 365.


LaTeX Warning: Reference `thm:global-residual-colon' on page 37 undefined on in
put line 371.


LaTeX Warning: Reference `lem:contact-symbol-all-Ainj' on page 37 undefined on 
input line 376.


LaTeX Warning: Reference `prop:rankdrop-coranktwo-depth' on page 37 undefined o
n input line 387.


LaTeX Warning: Reference `thm:finite-all-corank-depth' on page 37 undefined on 
input line 402.

[37]

LaTeX Warning: Reference `def:macaulay-atlas' on page 38 undefined on input lin
e 426.


LaTeX Warning: Reference `lem:corank3-functorial-symbol' on page 38 undefined o
n input line 467.

[38]

LaTeX Warning: Reference `thm:corank-three-depth' on page 39 undefined on input
 line 535.


LaTeX Warning: Reference `lem:no-d3-corank3' on page 39 undefined on input line
 536.


LaTeX Warning: Reference `thm:sharp-global-jacobian-depth' on page 39 undefined
 on input line 538.


LaTeX Warning: Citation `FultonHarris' on page 39 undefined on input line 549.


LaTeX Warning: Reference `lem:fischer-determinant-projection' on page 39 undefi
ned on input line 606.

[39]

LaTeX Warning: Reference `eq:plethysm-corank4' on page 40 undefined on input li
ne 660.


LaTeX Warning: Reference `thm:corank-four-jacobian' on page 40 undefined on inp
ut line 664.


LaTeX Warning: Reference `eq:plethysm-corank4' on page 40 undefined on input li
ne 670.


LaTeX Warning: Reference `lem:jacobian-projection' on page 40 undefined on inpu
t line 676.


LaTeX Warning: Reference `lem:effective-pieri-matrix-ring' on page 40 undefined
 on input line 685.


LaTeX Warning: Reference `lem:corank4-ideal-equivariance' on page 40 undefined 
on input line 695.


LaTeX Warning: Reference `lem:effective-pieri-matrix-ring' on page 40 undefined
 on input line 700.

[40]

LaTeX Warning: Reference `sec:relative-primary-specialization' on page 41 undef
ined on input line 728.


LaTeX Warning: Reference `prop:associated-prime-refinement' on page 41 undefine
d on input line 733.

) (./parts/09c-relative-primary-specialization.tex

LaTeX Warning: Reference `lem:nine-orbit-colons' on page 41 undefined on input 
line 29.


LaTeX Warning: Reference `thm:corank-two-mixed-kernel-atlas' on page 41 undefin
ed on input line 35.


LaTeX Warning: Reference `lem:nine-orbit-colons' on page 41 undefined on input 
line 39.

[41]

LaTeX Warning: Reference `eq:stabilizer-linearization' on page 42 undefined on 
input line 77.


LaTeX Warning: Reference `eq:chi-linearization' on page 42 undefined on input l
ine 78.


LaTeX Warning: Reference `thm:corank-two-mixed-kernel-atlas' on page 42 undefin
ed on input line 103.

(/usr/share/texmf/tex/latex/lm/t1lmtt.fd) [42]

LaTeX Warning: Reference `lem:nine-orbit-colons' on page 43 undefined on input 
line 175.


LaTeX Warning: Reference `thm:generic-slice-certification' on page 43 undefined
 on input line 178.


LaTeX Warning: Reference `prop:rankdrop-coranktwo-depth' on page 43 undefined o
n input line 196.

[43] [44] (./parts/09d-relative-primary-filtrations.tex

LaTeX Warning: Citation `StacksGenericFree' on page 45 undefined on input line 
27.

[45]

LaTeX Warning: Citation `StacksGeometricFibres' on page 46 undefined on input l
ine 99.


LaTeX Warning: Reference `lem:finite-exact-diagram' on page 46 undefined on inp
ut line 100.

[46]

LaTeX Warning: Reference `prop:relative-primary-models' on page 47 undefined on
 input line 133.

(./parts/09e-packet-descent.tex

LaTeX Warning: Reference `thm:bounded-principal-colon-stratification' on page 4
7 undefined on input line 9.

[47]

LaTeX Warning: Citation `StacksDescent' on page 48 undefined on input line 59.


LaTeX Warning: Reference `eq:orbit-ideal-descent' on page 48 undefined on input
 line 62.


LaTeX Warning: Reference `prop:relative-primary-models' on page 48 undefined on
 input line 76.


LaTeX Warning: Reference `eq:orbit-ideal-descent' on page 48 undefined on input
 line 81.


LaTeX Warning: Citation `StacksRelativeAssassin' on page 48 undefined on input 
line 104.

[48]

LaTeX Warning: Reference `lem:finite-exact-diagram' on page 49 undefined on inp
ut line 113.


LaTeX Warning: Reference `eq:packet-power-sandwich' on page 49 undefined on inp
ut line 136.


LaTeX Warning: Reference `eq:packet-exact-geometric-components' on page 49 unde
fined on input line 147.

[49]

LaTeX Warning: Reference `eq:downstairs-torsion' on page 50 undefined on input 
line 198.


LaTeX Warning: Reference `prop:no-new-packet-torsion' on page 50 undefined on i
nput line 206.

)

LaTeX Warning: Reference `prop:relative-primary-models' on page 50 undefined on
 input line 213.


LaTeX Warning: Reference `prop:relative-primary-models' on page 50 undefined on
 input line 218.


LaTeX Warning: Reference `prop:no-new-packet-torsion' on page 50 undefined on i
nput line 219.


LaTeX Warning: Reference `lem:power-certified-packets' on page 50 undefined on 
input line 227.


LaTeX Warning: Reference `lem:galois-packet-descent' on page 50 undefined on in
put line 232.


LaTeX Warning: Reference `lem:power-certified-packets' on page 50 undefined on 
input line 238.


LaTeX Warning: Reference `prop:relative-primary-models' on page 50 undefined on
 input line 242.


LaTeX Warning: Reference `prop:no-new-packet-torsion' on page 50 undefined on i
nput line 245.


LaTeX Warning: Reference `prop:descended-packet-torsion' on page 50 undefined o
n input line 247.

[50])

LaTeX Warning: Reference `thm:bounded-principal-colon-stratification' on page 5
1 undefined on input line 325.


LaTeX Warning: Reference `eq:two-flat-sequences' on page 51 undefined on input 
line 346.

[51]

LaTeX Warning: Reference `lem:graded-flat-diagram' on page 52 undefined on inpu
t line 368.


LaTeX Warning: Reference `lem:finite-geometric-assassin-stratification' on page
 52 undefined on input line 370.


LaTeX Warning: Reference `prop:associated-prime-refinement' on page 52 undefine
d on input line 376.


LaTeX Warning: Reference `thm:bounded-principal-colon-stratification' on page 5
2 undefined on input line 377.


LaTeX Warning: Reference `thm:finite-all-corank-depth' on page 52 undefined on 
input line 383.

[52]

LaTeX Warning: Reference `thm:generic-primary-signatures' on page 53 undefined 
on input line 481.


LaTeX Warning: Reference `thm:rankdrop-primary-signatures' on page 53 undefined
 on input line 498.

) (./parts/11-sharp-global-laws.tex [53]

LaTeX Warning: Citation `CSSCayley' on page 54 undefined on input line 45.


LaTeX Warning: Reference `thm:corank-four-jacobian' on page 54 undefined on inp
ut line 74.


LaTeX Warning: Reference `lem:fischer-determinant-projection' on page 54 undefi
ned on input line 75.


LaTeX Warning: Reference `lem:no-d3-corank3' on page 54 undefined on input line
 92.


LaTeX Warning: Reference `thm:corank-four-jacobian' on page 54 undefined on inp
ut line 94.

[54] [55] [56]

LaTeX Warning: Reference `eq:cross-corank-primary' on page 57 undefined on inpu
t line 300.


LaTeX Warning: Reference `thm:finite-all-corank-depth' on page 57 undefined on 
input line 334.


LaTeX Warning: Reference `thm:sharp-global-jacobian-depth' on page 57 undefined
 on input line 337.


LaTeX Warning: Reference `eq:cross-corank-primary' on page 57 undefined on inpu
t line 348.


LaTeX Warning: Citation `BrunsVasconcelos' on page 57 undefined on input line 3
61.

[57] [58]) (./parts/09a-rees-specialization.tex

LaTeX Warning: Citation `FultonIntersection' on page 59 undefined on input line
 6.


LaTeX Warning: Citation `StacksNormalCone' on page 59 undefined on input line 7
.


LaTeX Warning: Reference `sec:stratified-nilpotent' on page 59 undefined on inp
ut line 9.


LaTeX Warning: Reference `sec:boundary-atlas-proofs' on page 59 undefined on in
put line 10.


LaTeX Warning: Reference `prop:intrinsic-dnc-v127' on page 59 undefined on inpu
t line 57.


LaTeX Warning: Reference `eq:atlas-multiplication' on page 59 undefined on inpu
t line 68.


LaTeX Warning: Reference `thm:corank-two-mixed-kernel-atlas' on page 59 undefin
ed on input line 70.


LaTeX Warning: Reference `prop:rankdrop-coranktwo-depth' on page 59 undefined o
n input line 72.


LaTeX Warning: Reference `thm:corank-three-depth' on page 59 undefined on input
 line 74.


LaTeX Warning: Reference `thm:sharp-global-jacobian-depth' on page 59 undefined
 on input line 75.


LaTeX Warning: Reference `thm:corank-four-jacobian' on page 59 undefined on inp
ut line 77.

[59]

LaTeX Warning: Citation `StacksFlattening' on page 60 undefined on input line 8
5.

) (./parts/14-separating-pencils.tex

Package amsmath Warning: Foreign command \over;
(amsmath)                \frac or \genfrac should be used instead
(amsmath)                 on input line 37.


LaTeX Warning: Reference `eq:exact-projector-witness' on page 60 undefined on i
nput line 60.


LaTeX Warning: Reference `eq:exact-projector-witness' on page 60 undefined on i
nput line 69.

[60]

LaTeX Warning: Reference `eq:exact-projector-witness' on page 61 undefined on i
nput line 79.


LaTeX Warning: Reference `eq:two-separating-quadrics' on page 61 undefined on i
nput line 80.

) (./parts/08-weighted.tex

LaTeX Warning: Reference `sec:coranktwo' on page 61 undefined on input line 6.


LaTeX Warning: Citation `DCEP' on page 61 undefined on input line 21.


LaTeX Warning: Citation `BC' on page 61 undefined on input line 22.

[61]

LaTeX Warning: Reference `eq:coefficient-rule' on page 62 undefined on input li
ne 52.


LaTeX Warning: Reference `eq:weighted' on page 62 undefined on input line 57.


LaTeX Warning: Reference `eq:classical-product' on page 62 undefined on input l
ine 62.


LaTeX Warning: Reference `eq:coefficient-rule' on page 62 undefined on input li
ne 83.


LaTeX Warning: Reference `sec:coranktwo' on page 62 undefined on input line 89.


) (./parts/09-certificates.tex [62]

LaTeX Warning: Reference `eq:BC-witness' on page 63 undefined on input line 66.



LaTeX Warning: Reference `eq:h-witness' on page 63 undefined on input line 78.

[63]

LaTeX Warning: Reference `eq:residual-matrix' on page 64 undefined on input lin
e 83.


LaTeX Warning: Reference `eq:main-coranktwo' on page 64 undefined on input line
 89.


LaTeX Warning: Reference `lem:cone-ideal' on page 64 undefined on input line 94
.


LaTeX Warning: Reference `thm:coranktwo-proof' on page 64 undefined on input li
ne 95.

) (./references-v142.tex (./references.tex [64]

LaTeX Warning: Citation `LandsbergOttaviani' on page 65 undefined on input line
 204.


Underfull \hbox (badness 1231) in paragraph at lines 242--246
[]\T1/lmr/m/n/9 (+20) R. Howe, Re-marks on clas-si-cal in-vari-ant the-ory, \T1
/lmr/m/it/9 (+20) Trans. Amer. Math. Soc. \T1/lmr/bx/n/9 (+20) 313 \T1/lmr/m/n/
9 (+20) (1989), 539--570.
)) [65] (./supplement.aux)

LaTeX Warning: There were undefined references.


LaTeX Warning: Label(s) may have changed. Rerun to get cross-references right.


Package rerunfilecheck Warning: File `supplement.out' has changed.
(rerunfilecheck)                Rerun to get outlines right
(rerunfilecheck)                or use package `bookmark'.

 )
(see the transcript file for additional information)</usr/share/texlive/texmf-d
ist/fonts/type1/public/amsfonts/euler/eufm10.pfb></usr/share/texmf/fonts/type1/
public/lm/lmbx10.pfb></usr/share/texmf/fonts/type1/public/lm/lmbx9.pfb></usr/sh
are/texmf/fonts/type1/public/lm/lmcsc10.pfb></usr/share/texmf/fonts/type1/publi
c/lm/lmex10.pfb></usr/share/texmf/fonts/type1/public/lm/lmmi10.pfb></usr/share/
texmf/fonts/type1/public/lm/lmmi6.pfb></usr/share/texmf/fonts/type1/public/lm/l
mmi8.pfb></usr/share/texmf/fonts/type1/public/lm/lmmi9.pfb></usr/share/texmf/fo
nts/type1/public/lm/lmr10.pfb></usr/share/texmf/fonts/type1/public/lm/lmr6.pfb>
</usr/share/texmf/fonts/type1/public/lm/lmr7.pfb></usr/share/texmf/fonts/type1/
public/lm/lmr8.pfb></usr/share/texmf/fonts/type1/public/lm/lmr9.pfb></usr/share
/texmf/fonts/type1/public/lm/lmri10.pfb></usr/share/texmf/fonts/type1/public/lm
/lmri9.pfb></usr/share/texmf/fonts/type1/public/lm/lmss10.pfb></usr/share/texmf
/fonts/type1/public/lm/lmsy10.pfb></usr/share/texmf/fonts/type1/public/lm/lmsy6
.pfb></usr/share/texmf/fonts/type1/public/lm/lmsy8.pfb></usr/share/texmf/fonts/
type1/public/lm/lmtt10.pfb></usr/share/texmf/fonts/type1/public/lm/lmtt9.pfb></
usr/share/texlive/texmf-dist/fonts/type1/public/amsfonts/symbols/msam10.pfb></u
sr/share/texlive/texmf-dist/fonts/type1/public/amsfonts/symbols/msbm10.pfb></us
r/share/texlive/texmf-dist/fonts/type1/public/rsfs/rsfs10.pfb>
Output written on supplement.pdf (65 pages, 778190 bytes).
Transcript written on supplement.log.
