This is pdfTeX, Version 3.141592653-2.6-1.40.25 (TeX Live 2023/Debian) (preloaded format=pdflatex)
 restricted \write18 enabled.
entering extended mode
(./complete.tex
LaTeX2e <2023-11-01> patch level 1
L3 programming layer <2024-01-22>
(./preamble.tex (/usr/share/texlive/texmf-dist/tex/latex/amscls/amsart.cls
Document Class: amsart 2020/05/29 v2.20.6
(/usr/share/texlive/texmf-dist/tex/latex/amsmath/amsmath.sty
For additional information on amsmath, use the `?' option.
(/usr/share/texlive/texmf-dist/tex/latex/amsmath/amstext.sty
(/usr/share/texlive/texmf-dist/tex/latex/amsmath/amsgen.sty))
(/usr/share/texlive/texmf-dist/tex/latex/amsmath/amsbsy.sty)
(/usr/share/texlive/texmf-dist/tex/latex/amsmath/amsopn.sty))
(/usr/share/texlive/texmf-dist/tex/latex/amsfonts/umsa.fd)
(/usr/share/texlive/texmf-dist/tex/latex/amsfonts/amsfonts.sty))
(/usr/share/texlive/texmf-dist/tex/latex/base/fontenc.sty)
(/usr/share/texmf/tex/latex/lm/lmodern.sty)
(/usr/share/texlive/texmf-dist/tex/latex/amsmath/amscd.sty)
(/usr/share/texlive/texmf-dist/tex/latex/amsfonts/amssymb.sty)
(/usr/share/texlive/texmf-dist/tex/latex/mathtools/mathtools.sty
(/usr/share/texlive/texmf-dist/tex/latex/graphics/keyval.sty)
(/usr/share/texlive/texmf-dist/tex/latex/tools/calc.sty)
(/usr/share/texlive/texmf-dist/tex/latex/mathtools/mhsetup.sty))
(/usr/share/texlive/texmf-dist/tex/latex/jknapltx/mathrsfs.sty)
(/usr/share/texlive/texmf-dist/tex/latex/microtype/microtype.sty
(/usr/share/texlive/texmf-dist/tex/latex/etoolbox/etoolbox.sty)
(/usr/share/texlive/texmf-dist/tex/latex/microtype/microtype-pdftex.def)
(/usr/share/texlive/texmf-dist/tex/latex/microtype/microtype.cfg))
(/usr/share/texlive/texmf-dist/tex/latex/booktabs/booktabs.sty)
(/usr/share/texlive/texmf-dist/tex/latex/tools/longtable.sty)
(/usr/share/texlive/texmf-dist/tex/latex/geometry/geometry.sty
(/usr/share/texlive/texmf-dist/tex/generic/iftex/ifvtex.sty
(/usr/share/texlive/texmf-dist/tex/generic/iftex/iftex.sty)))
(/usr/share/texlive/texmf-dist/tex/latex/hyperref/xr-hyper.sty)
(/usr/share/texlive/texmf-dist/tex/latex/hyperref/hyperref.sty
(/usr/share/texlive/texmf-dist/tex/latex/kvsetkeys/kvsetkeys.sty)
(/usr/share/texlive/texmf-dist/tex/generic/kvdefinekeys/kvdefinekeys.sty)
(/usr/share/texlive/texmf-dist/tex/generic/pdfescape/pdfescape.sty
(/usr/share/texlive/texmf-dist/tex/generic/ltxcmds/ltxcmds.sty)
(/usr/share/texlive/texmf-dist/tex/generic/pdftexcmds/pdftexcmds.sty
(/usr/share/texlive/texmf-dist/tex/generic/infwarerr/infwarerr.sty)))
(/usr/share/texlive/texmf-dist/tex/latex/hycolor/hycolor.sty)
(/usr/share/texlive/texmf-dist/tex/latex/auxhook/auxhook.sty)
(/usr/share/texlive/texmf-dist/tex/latex/hyperref/nameref.sty
(/usr/share/texlive/texmf-dist/tex/latex/refcount/refcount.sty)
(/usr/share/texlive/texmf-dist/tex/generic/gettitlestring/gettitlestring.sty
(/usr/share/texlive/texmf-dist/tex/latex/kvoptions/kvoptions.sty)))
(/usr/share/texlive/texmf-dist/tex/latex/hyperref/pd1enc.def)
(/usr/share/texlive/texmf-dist/tex/generic/intcalc/intcalc.sty)
(/usr/share/texlive/texmf-dist/tex/latex/hyperref/puenc.def)
(/usr/share/texlive/texmf-dist/tex/latex/url/url.sty)
(/usr/share/texlive/texmf-dist/tex/generic/bitset/bitset.sty
(/usr/share/texlive/texmf-dist/tex/generic/bigintcalc/bigintcalc.sty))
(/usr/share/texlive/texmf-dist/tex/latex/base/atbegshi-ltx.sty))
(/usr/share/texlive/texmf-dist/tex/latex/hyperref/hpdftex.def
(/usr/share/texlive/texmf-dist/tex/latex/base/atveryend-ltx.sty)
(/usr/share/texlive/texmf-dist/tex/latex/rerunfilecheck/rerunfilecheck.sty
(/usr/share/texlive/texmf-dist/tex/generic/uniquecounter/uniquecounter.sty))))
(/usr/share/texmf/tex/latex/lm/t1lmr.fd)
(/usr/share/texlive/texmf-dist/tex/latex/l3backend/l3backend-pdftex.def)
No file complete.aux.
(/usr/share/texmf/tex/latex/lm/ot1lmr.fd)
(/usr/share/texmf/tex/latex/lm/omllmm.fd)
(/usr/share/texmf/tex/latex/lm/omslmsy.fd)
(/usr/share/texmf/tex/latex/lm/omxlmex.fd)
(/usr/share/texlive/texmf-dist/tex/latex/amsfonts/umsa.fd)
(/usr/share/texlive/texmf-dist/tex/latex/amsfonts/umsb.fd)
(/usr/share/texlive/texmf-dist/tex/latex/jknapltx/ursfs.fd)
(/usr/share/texlive/texmf-dist/tex/latex/graphics/graphicx.sty
(/usr/share/texlive/texmf-dist/tex/latex/graphics/graphics.sty
(/usr/share/texlive/texmf-dist/tex/latex/graphics/trig.sty)
(/usr/share/texlive/texmf-dist/tex/latex/graphics-cfg/graphics.cfg)
(/usr/share/texlive/texmf-dist/tex/latex/graphics-def/pdftex.def
(/usr/share/texlive/texmf-dist/tex/context/base/mkii/supp-pdf.mkii
[Loading MPS to PDF converter (version 2006.09.02).]
))) (/usr/share/texlive/texmf-dist/tex/latex/epstopdf-pkg/epstopdf-base.sty
(/usr/share/texlive/texmf-dist/tex/latex/latexconfig/epstopdf-sys.cfg)))
(/usr/share/texlive/texmf-dist/tex/latex/microtype/mt-cmr.cfg)
*geometry* driver: auto-detecting
*geometry* detected driver: pdftex
(./frontmatter.tex) (./parts/01-introduction.tex
(/usr/share/texlive/texmf-dist/tex/latex/microtype/mt-msa.cfg)
(/usr/share/texlive/texmf-dist/tex/latex/microtype/mt-msb.cfg) [1{/var/lib/texm
f/fonts/map/pdftex/updmap/pdftex.map}{/usr/share/texmf/fonts/enc/dvips/lm/lm-ec
.enc}{/usr/share/texmf/fonts/enc/dvips/lm/lm-rm.enc}{/usr/share/texmf/fonts/enc
/dvips/lm/lm-mathit.enc}{/usr/share/texmf/fonts/enc/dvips/lm/lm-mathsy.enc}]

LaTeX Warning: Reference `sec:intrinsic-web-reconstruction' on page 2 undefined
 on input line 82.


LaTeX Warning: Reference `lem:schur-contraction-kernel' on page 2 undefined on 
input line 106.


LaTeX Warning: Reference `thm:exceptional-component-fibres' on page 2 undefined
 on input line 118.


LaTeX Warning: Reference `thm:global-schur-recombination' on page 2 undefined o
n input line 126.

[2{/usr/share/texmf/fonts/enc/dvips/lm/lm-mathex.enc}]

LaTeX Warning: Reference `thm:uniform-contraction' on page 3 undefined on input
 line 145.


LaTeX Warning: Reference `thm:uniform-recombination' on page 3 undefined on inp
ut line 145.


LaTeX Warning: Citation `LandsbergOttaviani' on page 3 undefined on input line 
160.


LaTeX Warning: Citation `Sheridan' on page 3 undefined on input line 160.


LaTeX Warning: Reference `thm:main-web-reconstruction' on page 3 undefined on i
nput line 165.


LaTeX Warning: Reference `thm:polar-system-torelli' on page 3 undefined on inpu
t line 176.


LaTeX Warning: Reference `thm:structural-coefficient-reconstruction' on page 3 
undefined on input line 182.


LaTeX Warning: Reference `sec:polarization' on page 3 undefined on input line 1
93.


LaTeX Warning: Reference `sec:uniform-support' on page 3 undefined on input lin
e 216.


LaTeX Warning: Reference `sec:relations' on page 3 undefined on input line 218.



LaTeX Warning: Reference `sec:fitting' on page 3 undefined on input line 218.


LaTeX Warning: Reference `sec:intrinsic-web-reconstruction' on page 3 undefined
 on input line 219.


LaTeX Warning: Reference `sec:structural-coefficient-principle' on page 3 undef
ined on input line 225.


LaTeX Warning: Reference `sec:polarization' on page 3 undefined on input line 2
27.


LaTeX Warning: Reference `sec:classical' on page 3 undefined on input line 227.



LaTeX Warning: Reference `sec:support-literature' on page 3 undefined on input 
line 229.

[3]

LaTeX Warning: Citation `Ballico93' on page 4 undefined on input line 245.

) (./parts/02a-uniform-support.tex (./parts/02b-shear-descent.tex [4])

LaTeX Warning: Reference `thm:uniform-contraction' on page 5 undefined on input
 line 40.


LaTeX Warning: Reference `lem:shear-descent' on page 5 undefined on input line 
52.


LaTeX Warning: Reference `eq:uniform-j' on page 5 undefined on input line 62.


LaTeX Warning: Citation `KupfermanShachar' on page 5 undefined on input line 80
.

[5]

LaTeX Warning: Reference `eq:uniform-j' on page 6 undefined on input line 114.


LaTeX Warning: Reference `eq:cofactor-divergence' on page 6 undefined on input 
line 118.

(./parts/02c-full-orthogonal-harmonics.tex

LaTeX Warning: Reference `eq:full-orthogonal-fischer' on page 6 undefined on in
put line 20.

[6]

LaTeX Warning: Citation `DeBieEelbodeRoels' on page 7 undefined on input line 7
6.

)

LaTeX Warning: Reference `thm:uniform-contraction' on page 7 undefined on input
 line 125.


LaTeX Warning: Reference `lem:full-orthogonal-harmonics' on page 7 undefined on
 input line 134.


LaTeX Warning: Reference `eq:uniform-harmonics' on page 7 undefined on input li
ne 142.


LaTeX Warning: Reference `eq:uniform-j' on page 7 undefined on input line 152.


LaTeX Warning: Reference `eq:uniform-coefficient-rule' on page 7 undefined on i
nput line 165.

[7]

LaTeX Warning: Reference `lem:wick-cofactor' on page 8 undefined on input line 
175.


LaTeX Warning: Citation `LandsbergOttaviani' on page 8 undefined on input line 
188.


LaTeX Warning: Citation `Sheridan' on page 8 undefined on input line 188.


LaTeX Warning: Citation `Carlini' on page 8 undefined on input line 191.


LaTeX Warning: Reference `thm:uniform-contraction' on page 8 undefined on input
 line 213.


LaTeX Warning: Citation `LandsbergOttaviani2010' on page 8 undefined on input l
ine 234.


LaTeX Warning: Citation `LandsbergOttaviani' on page 8 undefined on input line 
234.

[8]

LaTeX Warning: Reference `thm:uniform-support-table' on page 9 undefined on inp
ut line 270.


LaTeX Warning: Reference `eq:uniform-pencil-section' on page 9 undefined on inp
ut line 289.


LaTeX Warning: Reference `thm:uniform-support-table' on page 9 undefined on inp
ut line 315.


LaTeX Warning: Reference `thm:uniform-recombination' on page 9 undefined on inp
ut line 317.


LaTeX Warning: Reference `sec:structural-coefficient-principle' on page 9 undef
ined on input line 344.

[9]) (./parts/02-relations.tex

LaTeX Warning: Reference `eq:Y-intro' on page 10 undefined on input line 32.


LaTeX Warning: Reference `lem:contraction' on page 10 undefined on input line 5
2.

[10]) (./parts/03-fitting-core.tex

LaTeX Warning: Reference `eq:full-matrix-ideal' on page 11 undefined on input l
ine 28.

[11]

LaTeX Warning: Reference `eq:firstorder' on page 12 undefined on input line 74.



LaTeX Warning: Reference `eq:full-matrix-ideal' on page 12 undefined on input l
ine 78.


LaTeX Warning: Reference `prop:relative-open' on page 12 undefined on input lin
e 79.


LaTeX Warning: Reference `eq:normal-global' on page 12 undefined on input line 
87.

) (./parts/12-intrinsic-web-reconstruction.tex [12] [13]

LaTeX Warning: Reference `eq:deepest-cone-equation' on page 14 undefined on inp
ut line 130.


LaTeX Warning: Reference `lem:rank-one-fano-scheme' on page 14 undefined on inp
ut line 149.

(./parts/12j-intrinsic-descent.tex (./parts/12k-rank-one-fano.tex [14]

LaTeX Warning: Reference `eq:fano-rank-one-scheme' on page 15 undefined on inpu
t line 73.

) [15]

LaTeX Warning: Reference `lem:rank-one-fano-scheme' on page 16 undefined on inp
ut line 25.


LaTeX Warning: Reference `lem:deepest-normal-cone' on page 16 undefined on inpu
t line 77.

[16]

LaTeX Warning: Reference `lem:deepest-normal-cone' on page 17 undefined on inpu
t line 117.


LaTeX Warning: Reference `eq:determinant-line-bundle' on page 17 undefined on i
nput line 123.


LaTeX Warning: Reference `eq:twisted-residual-piece' on page 17 undefined on in
put line 130.


LaTeX Warning: Reference `eq:twisted-residual-piece' on page 17 undefined on in
put line 134.

) (./parts/12a-universal-readout.tex [17]

LaTeX Warning: Reference `eq:universal-coefficient-map' on page 18 undefined on
 input line 52.


LaTeX Warning: Reference `eq:two-web-components' on page 18 undefined on input 
line 64.


LaTeX Warning: Citation `FultonHarris' on page 18 undefined on input line 69.


LaTeX Warning: Citation `DCEP' on page 18 undefined on input line 69.


LaTeX Warning: Reference `eq:minor-two-summands' on page 18 undefined on input 
line 96.


LaTeX Warning: Reference `eq:fixed-slice-universal' on page 18 undefined on inp
ut line 115.


LaTeX Warning: Reference `eq:explicit-exterior-duality' on page 18 undefined on
 input line 139.

[18])

LaTeX Warning: Reference `lem:deepest-normal-cone' on page 19 undefined on inpu
t line 196.


LaTeX Warning: Reference `lem:intrinsic-residual-ideal' on page 19 undefined on
 input line 202.


LaTeX Warning: Reference `lem:universal-schur-readout' on page 19 undefined on 
input line 213.


LaTeX Warning: Reference `lem:readout-exterior-twist' on page 19 undefined on i
nput line 224.


LaTeX Warning: Reference `lem:common-g-functoriality' on page 19 undefined on i
nput line 229.

(./parts/12b-functoriality.tex

LaTeX Warning: Reference `lem:deepest-normal-cone' on page 19 undefined on inpu
t line 20.

(/usr/share/texlive/texmf-dist/tex/latex/amsfonts/ueuf.fd)
(/usr/share/texlive/texmf-dist/tex/latex/microtype/mt-euf.cfg)

LaTeX Warning: Reference `eq:graded-cone-functoriality' on page 19 undefined on
 input line 30.


LaTeX Warning: Citation `StacksNormalCone' on page 19 undefined on input line 3
2.

[19]

LaTeX Warning: Reference `lem:rank-one-fano-scheme' on page 20 undefined on inp
ut line 63.


LaTeX Warning: Reference `lem:deepest-normal-cone' on page 20 undefined on inpu
t line 74.


LaTeX Warning: Reference `lem:oriented-segre-descent' on page 20 undefined on i
nput line 75.


LaTeX Warning: Reference `eq:full-intrinsic-chain' on page 20 undefined on inpu
t line 93.


LaTeX Warning: Reference `lem:intrinsic-residual-ideal' on page 20 undefined on
 input line 114.


LaTeX Warning: Reference `lem:readout-exterior-twist' on page 20 undefined on i
nput line 127.

[20]) (./parts/12d-schur-support.tex

LaTeX Warning: Reference `eq:two-web-components' on page 21 undefined on input 
line 29.


LaTeX Warning: Citation `Carlini' on page 21 undefined on input line 45.

(./parts/12f-structural-lemmas.tex

LaTeX Warning: Reference `lem:shear-descent' on page 21 undefined on input line
 3.

[21]

LaTeX Warning: Reference `eq:explicit-so4-exterior-cube' on page 22 undefined o
n input line 83.

) (./parts/12g-contraction-proof.tex

LaTeX Warning: Reference `eq:polarized-schur-embedding' on page 22 undefined on
 input line 17.

[22]

LaTeX Warning: Reference `lem:shear-descent' on page 23 undefined on input line
 23.


LaTeX Warning: Reference `lem:shear-descent' on page 23 undefined on input line
 51.


LaTeX Warning: Reference `eq:singular-contraction-kernel' on page 23 undefined 
on input line 53.


LaTeX Warning: Reference `lem:orthogonal-exterior-cube' on page 23 undefined on
 input line 77.


LaTeX Warning: Reference `eq:schur-polarization-formula' on page 23 undefined o
n input line 86.


LaTeX Warning: Reference `eq:nonsingular-contraction-kernel' on page 23 undefin
ed on input line 100.

) [23]

LaTeX Warning: Reference `eq:schur-support-table' on page 24 undefined on input
 line 104.


LaTeX Warning: Reference `eq:exterior-support-annihilator' on page 24 undefined
 on input line 112.


LaTeX Warning: Reference `eq:jacobian-schur-normalization' on page 24 undefined
 on input line 157.


LaTeX Warning: Reference `prop:exact-schur-support' on page 24 undefined on inp
ut line 158.

[24]

LaTeX Warning: Reference `lem:secant-tangent-support' on page 25 undefined on i
nput line 175.


LaTeX Warning: Reference `eq:global-reconstruction-open-equality' on page 25 un
defined on input line 185.


LaTeX Warning: Reference `thm:global-schur-recombination' on page 25 undefined 
on input line 209.


LaTeX Warning: Reference `thm:generic-intrinsic-web' on page 25 undefined on in
put line 212.

)

LaTeX Warning: Reference `thm:generic-intrinsic-web' on page 25 undefined on in
put line 236.


LaTeX Warning: Reference `thm:global-schur-recombination' on page 25 undefined 
on input line 237.


LaTeX Warning: Reference `eq:reconstruction-open' on page 25 undefined on input
 line 240.


LaTeX Warning: Reference `lem:differential' on page 25 undefined on input line 
242.


LaTeX Warning: Reference `app:separating-pencils' on page 25 undefined on input
 line 242.


LaTeX Warning: Reference `eq:exact-plucker-pencil' on page 25 undefined on inpu
t line 252.


LaTeX Warning: Reference `lem:common-g-functoriality' on page 25 undefined on i
nput line 262.


LaTeX Warning: Reference `lem:universal-schur-readout' on page 25 undefined on 
input line 263.


LaTeX Warning: Reference `lem:algebra-orbits' on page 25 undefined on input lin
e 273.


LaTeX Warning: Reference `thm:torelli-monodromy' on page 25 undefined on input 
line 279.

[25]

LaTeX Warning: Reference `thm:generic-intrinsic-web' on page 26 undefined on in
put line 289.

) (./parts/13-structural-coefficient-reconstruction.tex [26]

LaTeX Warning: Reference `lem:rank-one-fano-scheme' on page 27 undefined on inp
ut line 82.


LaTeX Warning: Reference `lem:oriented-segre-descent' on page 27 undefined on i
nput line 85.


LaTeX Warning: Reference `thm:main-web-reconstruction' on page 27 undefined on 
input line 120.


LaTeX Warning: Reference `lem:deepest-normal-cone' on page 27 undefined on inpu
t line 124.


LaTeX Warning: Reference `lem:intrinsic-residual-ideal' on page 27 undefined on
 input line 126.


LaTeX Warning: Reference `eq:structural-coefficient-hypothesis' on page 27 unde
fined on input line 127.


LaTeX Warning: Reference `lem:universal-schur-readout' on page 27 undefined on 
input line 128.


LaTeX Warning: Reference `lem:readout-exterior-twist' on page 27 undefined on i
nput line 129.


LaTeX Warning: Reference `thm:global-schur-recombination' on page 27 undefined 
on input line 130.

[27]

LaTeX Warning: Reference `eq:polar-fitting-map' on page 28 undefined on input l
ine 182.


LaTeX Warning: Reference `eq:polar-residual-factorization' on page 28 undefined
 on input line 189.


LaTeX Warning: Reference `thm:structural-coefficient-reconstruction' on page 28
 undefined on input line 237.


LaTeX Warning: Reference `eq:polar-system-torelli' on page 28 undefined on inpu
t line 255.

[28]) (./parts/04-polarization.tex

LaTeX Warning: Reference `eq:graph-E' on page 29 undefined on input line 4.


LaTeX Warning: Reference `eq:vanish-symmetric' on page 29 undefined on input li
ne 36.


LaTeX Warning: Reference `thm:normal-form' on page 29 undefined on input line 6
2.

[29]

LaTeX Warning: Reference `eq:line-cancellation' on page 30 undefined on input l
ine 72.


LaTeX Warning: Reference `thm:main-reconstruction' on page 30 undefined on inpu
t line 76.


LaTeX Warning: Reference `prop:canonical-line' on page 30 undefined on input li
ne 81.


LaTeX Warning: Reference `lem:no-functions' on page 30 undefined on input line 
81.


LaTeX Warning: Reference `prop:full-fitting' on page 30 undefined on input line
 101.


LaTeX Warning: Citation `Kollar' on page 30 undefined on input line 123.

) (./parts/05-moduli.tex

LaTeX Warning: Reference `thm:main-moduli' on page 30 undefined on input line 3
.

[30]

LaTeX Warning: Reference `sec:certificates' on page 31 undefined on input line 
50.


LaTeX Warning: Reference `lem:differential' on page 31 undefined on input line 
72.


LaTeX Warning: Reference `prop:relative-open' on page 31 undefined on input lin
e 77.


LaTeX Warning: Citation `Huy' on page 31 undefined on input line 91.

[31]

LaTeX Warning: Reference `thm:main-moduli' on page 32 undefined on input line 1
03.


LaTeX Warning: Reference `prop:nine-image' on page 32 undefined on input line 1
04.


LaTeX Warning: Reference `thm:main-reconstruction' on page 32 undefined on inpu
t line 105.


LaTeX Warning: Reference `lem:algebra-orbits' on page 32 undefined on input lin
e 106.


LaTeX Warning: Reference `cor:relative-flat' on page 32 undefined on input line
 118.


LaTeX Warning: Reference `thm:main-reconstruction' on page 32 undefined on inpu
t line 124.


LaTeX Warning: Reference `eq:graph-delta' on page 32 undefined on input line 12
5.

) (./parts/07-classical.tex

LaTeX Warning: Reference `thm:main-reconstruction' on page 32 undefined on inpu
t line 15.


LaTeX Warning: Citation `IK' on page 32 undefined on input line 40.


LaTeX Warning: Citation `DK' on page 32 undefined on input line 43.


LaTeX Warning: Reference `prop:incidence-bridge' on page 32 undefined on input 
line 43.

) (./parts/15-support-literature.tex [32]

LaTeX Warning: Reference `thm:uniform-contraction' on page 33 undefined on inpu
t line 13.


LaTeX Warning: Reference `eq:exterior-support-annihilator' on page 33 undefined
 on input line 27.


LaTeX Warning: Citation `Carlini' on page 33 undefined on input line 33.


LaTeX Warning: Reference `prop:exact-schur-support' on page 33 undefined on inp
ut line 58.


LaTeX Warning: Reference `eq:pullback-support-eight' on page 33 undefined on in
put line 74.

[33]

LaTeX Warning: Citation `Boralevi' on page 34 undefined on input line 81.


LaTeX Warning: Reference `lem:secant-tangent-support' on page 34 undefined on i
nput line 84.


LaTeX Warning: Citation `LandsbergOttaviani2010' on page 34 undefined on input 
line 92.


LaTeX Warning: Citation `LandsbergOttaviani' on page 34 undefined on input line
 93.


LaTeX Warning: Citation `Sheridan' on page 34 undefined on input line 98.


LaTeX Warning: Reference `thm:uniform-contraction' on page 34 undefined on inpu
t line 108.


LaTeX Warning: Reference `thm:uniform-support-table' on page 34 undefined on in
put line 109.


LaTeX Warning: Citation `LandsbergWeyman' on page 34 undefined on input line 11
7.


LaTeX Warning: Reference `eq:pullback-support-four' on page 34 undefined on inp
ut line 121.


LaTeX Warning: Reference `eq:pullback-support-nine' on page 34 undefined on inp
ut line 121.


LaTeX Warning: Reference `lem:universal-schur-readout' on page 34 undefined on 
input line 136.


LaTeX Warning: Reference `lem:orthogonal-exterior-cube' on page 34 undefined on
 input line 140.


LaTeX Warning: Reference `thm:uniform-contraction' on page 34 undefined on inpu
t line 144.


LaTeX Warning: Reference `lem:schur-contraction-kernel' on page 34 undefined on
 input line 146.


LaTeX Warning: Citation `Ballico93' on page 34 undefined on input line 157.


LaTeX Warning: Citation `ChengWang' on page 34 undefined on input line 164.

[34]

LaTeX Warning: Citation `DeBieEelbodeRoels' on page 35 undefined on input line 
175.


LaTeX Warning: Reference `lem:full-orthogonal-harmonics' on page 35 undefined o
n input line 179.


LaTeX Warning: Reference `lem:wick-cofactor' on page 35 undefined on input line
 186.


LaTeX Warning: Citation `KupfermanShachar' on page 35 undefined on input line 1
88.


LaTeX Warning: Reference `thm:structural-coefficient-reconstruction' on page 35
 undefined on input line 203.


LaTeX Warning: Reference `thm:polar-system-torelli' on page 35 undefined on inp
ut line 205.

) (./parts/03-relative-powers.tex [35]

LaTeX Warning: Reference `eq:relative-sequence' on page 36 undefined on input l
ine 56.


LaTeX Warning: Reference `lem:flat-flag' on page 36 undefined on input line 71.



LaTeX Warning: Reference `eq:power-sequence' on page 36 undefined on input line
 72.


LaTeX Warning: Reference `eq:powers' on page 36 undefined on input line 73.


LaTeX Warning: Reference `eq:graph-delta' on page 36 undefined on input line 77
.


LaTeX Warning: Reference `eq:graph-E' on page 36 undefined on input line 77.


LaTeX Warning: Reference `prop:relative-open' on page 36 undefined on input lin
e 78.


LaTeX Warning: Reference `cor:powers' on page 36 undefined on input line 80.

) (./parts/04-depth.tex

LaTeX Warning: Reference `prop:full-fitting' on page 36 undefined on input line
 27.


LaTeX Warning: Reference `thm:normal-form' on page 36 undefined on input line 2
8.


LaTeX Warning: Reference `eq:depth-filtration' on page 36 undefined on input li
ne 36.

[36]

LaTeX Warning: Reference `thm:normal-form' on page 37 undefined on input line 5
7.


LaTeX Warning: Reference `prop:canonical-line' on page 37 undefined on input li
ne 58.


LaTeX Warning: Reference `thm:main-reconstruction' on page 37 undefined on inpu
t line 59.


LaTeX Warning: Reference `eq:depth-filtration' on page 37 undefined on input li
ne 62.


LaTeX Warning: Reference `thm:global-residual-colon' on page 37 undefined on in
put line 75.


LaTeX Warning: Reference `sec:coranktwo' on page 37 undefined on input line 87.



LaTeX Warning: Reference `sec:ranktwo-boundary' on page 37 undefined on input l
ine 92.


LaTeX Warning: Reference `sec:stratified-nilpotent' on page 37 undefined on inp
ut line 93.


LaTeX Warning: Reference `thm:decomposable-kernel-wall' on page 37 undefined on
 input line 112.


LaTeX Warning: Citation `BayerEisenbud' on page 37 undefined on input line 128.



LaTeX Warning: Citation `Manolache' on page 37 undefined on input line 128.


LaTeX Warning: Citation `Drezet' on page 37 undefined on input line 128.


LaTeX Warning: Reference `eq:depth-filtration' on page 37 undefined on input li
ne 129.

) (./parts/10-reye-priority.tex

LaTeX Warning: Reference `sec:classical' on page 37 undefined on input line 14.



LaTeX Warning: Citation `Cossec' on page 37 undefined on input line 18.


LaTeX Warning: Citation `ArrondoSols' on page 37 undefined on input line 18.


LaTeX Warning: Citation `DolgachevReider' on page 37 undefined on input line 18
.


LaTeX Warning: Citation `IK' on page 37 undefined on input line 18.


LaTeX Warning: Citation `DK' on page 37 undefined on input line 18.


LaTeX Warning: Citation `MMV' on page 37 undefined on input line 18.

[37]

LaTeX Warning: Citation `MMV' on page 38 undefined on input line 27.


LaTeX Warning: Reference `thm:main-moduli' on page 38 undefined on input line 5
1.


LaTeX Warning: Reference `prop:reye-tangent' on page 38 undefined on input line
 92.


LaTeX Warning: Reference `prop:reye-tangent' on page 38 undefined on input line
 114.

[38]

LaTeX Warning: Reference `lem:differential' on page 39 undefined on input line 
117.


LaTeX Warning: Reference `thm:main-moduli' on page 39 undefined on input line 1
26.


LaTeX Warning: Reference `thm:main-moduli' on page 39 undefined on input line 1
45.


LaTeX Warning: Reference `thm:generic-intrinsic-web' on page 39 undefined on in
put line 154.


LaTeX Warning: Reference `sec:ranktwo-boundary' on page 39 undefined on input l
ine 159.


LaTeX Warning: Reference `thm:main-moduli' on page 39 undefined on input line 1
72.


LaTeX Warning: Reference `thm:generic-intrinsic-web' on page 39 undefined on in
put line 201.


LaTeX Warning: Reference `cor:separate-torelli-packet' on page 39 undefined on 
input line 203.

[39]

LaTeX Warning: Reference `thm:main-moduli' on page 40 undefined on input line 2
11.


LaTeX Warning: Citation `BayerEisenbud' on page 40 undefined on input line 244.



LaTeX Warning: Citation `Manolache' on page 40 undefined on input line 245.


LaTeX Warning: Citation `Drezet' on page 40 undefined on input line 247.


LaTeX Warning: Citation `Ballico93' on page 40 undefined on input line 279.


LaTeX Warning: Citation `Ballico96' on page 40 undefined on input line 282.

[40]

LaTeX Warning: Reference `thm:torelli-monodromy' on page 41 undefined on input 
line 327.


LaTeX Warning: Reference `thm:generic-intrinsic-web' on page 41 undefined on in
put line 329.

(./parts/13-inverse-comparison.tex

LaTeX Warning: Citation `MMV' on page 41 undefined on input line 5.


LaTeX Warning: Citation `MMV' on page 41 undefined on input line 15.


LaTeX Warning: Reference `thm:main-reconstruction' on page 41 undefined on inpu
t line 18.


LaTeX Warning: Reference `thm:torelli-monodromy' on page 41 undefined on input 
line 21.


LaTeX Warning: Reference `thm:generic-intrinsic-web' on page 41 undefined on in
put line 24.


LaTeX Warning: Reference `lem:universal-schur-readout' on page 41 undefined on 
input line 28.


LaTeX Warning: Reference `lem:common-g-functoriality' on page 41 undefined on i
nput line 29.


LaTeX Warning: Citation `StacksGenericFree' on page 41 undefined on input line 
43.


LaTeX Warning: Citation `StacksFlattening' on page 41 undefined on input line 4
3.


LaTeX Warning: Citation `StacksRelativeAssassin' on page 41 undefined on input 
line 43.


LaTeX Warning: Citation `StacksDescent' on page 41 undefined on input line 43.

[41])) (./parts/16-ambient-pencil.tex (./parts/12c-exceptional-fibres.tex
[42]

LaTeX Warning: Reference `eq:exceptional-tangent-criterion' on page 43 undefine
d on input line 105.


LaTeX Warning: Reference `lem:common-g-functoriality' on page 43 undefined on i
nput line 126.


LaTeX Warning: Reference `thm:global-schur-recombination' on page 43 undefined 
on input line 132.

[43]

LaTeX Warning: Reference `app:separating-pencils' on page 44 undefined on input
 line 141.

) (./parts/12e-global-rank-strata.tex (./parts/12i-residual-sections.tex
[44])

LaTeX Warning: Citation `StacksUnramified' on page 45 undefined on input line 4
6.


LaTeX Warning: Reference `lem:residual-cartier-sections' on page 45 undefined o
n input line 70.


LaTeX Warning: Reference `eq:ramification-evaluation-ideal' on page 45 undefine
d on input line 84.


LaTeX Warning: Reference `thm:global-schur-recombination' on page 45 undefined 
on input line 88.

[45]) (./parts/12h-coordinate-parity.tex

LaTeX Warning: Reference `lem:orthogonal-exterior-cube' on page 46 undefined on
 input line 3.

)) (./parts/14-boundary-overview.tex

LaTeX Warning: Reference `thm:sharp-global-jacobian-depth' on page 46 undefined
 on input line 12.


LaTeX Warning: Reference `prop:smooth-web-rank-admissibility' on page 46 undefi
ned on input line 24.


LaTeX Warning: Reference `thm:global-minimal-supports' on page 46 undefined on 
input line 32.


LaTeX Warning: Reference `thm:cross-corank-incidence' on page 46 undefined on i
nput line 36.


LaTeX Warning: Reference `prop:cross-corank-graded-fibres' on page 46 undefined
 on input line 38.

[46]

LaTeX Warning: Citation `BrunsVasconcelos' on page 47 undefined on input line 5
1.


LaTeX Warning: Reference `thm:quotient-induced-primary-law' on page 47 undefine
d on input line 53.


LaTeX Warning: Reference `sec:stratified-nilpotent' on page 47 undefined on inp
ut line 92.


LaTeX Warning: Reference `eq:intro-graded-packet' on page 47 undefined on input
 line 101.


LaTeX Warning: Reference `thm:corank-two-mixed-kernel-atlas' on page 47 undefin
ed on input line 128.


LaTeX Warning: Reference `thm:generic-primary-signatures' on page 47 undefined 
on input line 129.

[47]

LaTeX Warning: Reference `thm:sharp-global-jacobian-depth' on page 48 undefined
 on input line 143.


LaTeX Warning: Reference `sec:relative-primary-specialization' on page 48 undef
ined on input line 168.

[48]

LaTeX Warning: Reference `thm:generic-intrinsic-web' on page 49 undefined on in
put line 240.


LaTeX Warning: Reference `cor:separate-torelli-packet' on page 49 undefined on 
input line 242.


LaTeX Warning: Reference `sec:sharp-global-laws' on page 49 undefined on input 
line 246.

) (./parts/01b-boundary-atlas.tex

LaTeX Warning: Reference `thm:global-residual-colon' on page 49 undefined on in
put line 5.


LaTeX Warning: Reference `thm:all-corank-presentation' on page 49 undefined on 
input line 16.

[49]

LaTeX Warning: Reference `prop:smooth-web-rank-admissibility' on page 50 undefi
ned on input line 113.


LaTeX Warning: Reference `thm:sharp-global-jacobian-depth' on page 50 undefined
 on input line 115.


LaTeX Warning: Reference `sec:stratified-nilpotent' on page 50 undefined on inp
ut line 151.


LaTeX Warning: Reference `thm:generic-slice-certification' on page 50 undefined
 on input line 163.

[50] (/usr/share/texmf/tex/latex/lm/ot1lmss.fd)

LaTeX Warning: Reference `eq:atlas-residual-J' on page 51 undefined on input li
ne 251.

[51]

LaTeX Warning: Reference `lem:graded-flat-diagram' on page 52 undefined on inpu
t line 317.

(./parts/01c-graded-universal.tex [52]

LaTeX Warning: Reference `thm:bounded-principal-colon-stratification' on page 5
3 undefined on input line 37.


LaTeX Warning: Reference `prop:relative-primary-models' on page 53 undefined on
 input line 40.


LaTeX Warning: Reference `prop:no-new-packet-torsion' on page 53 undefined on i
nput line 41.


LaTeX Warning: Reference `lem:graded-flat-diagram' on page 53 undefined on inpu
t line 42.


LaTeX Warning: Reference `eq:universal-finite-multiplications' on page 53 undef
ined on input line 49.


LaTeX Warning: Reference `lem:graded-flat-diagram' on page 53 undefined on inpu
t line 51.


LaTeX Warning: Reference `eq:universal-finite-multiplications' on page 53 undef
ined on input line 62.


LaTeX Warning: Reference `prop:relative-primary-models' on page 53 undefined on
 input line 66.

)

LaTeX Warning: Reference `thm:finite-all-corank-depth' on page 53 undefined on 
input line 331.


LaTeX Warning: Reference `eq:atlas-multiplication' on page 53 undefined on inpu
t line 338.

[53]

LaTeX Warning: Reference `sec:relative-primary-specialization' on page 54 undef
ined on input line 375.


LaTeX Warning: Reference `thm:bounded-principal-colon-stratification' on page 5
4 undefined on input line 376.

[54]

LaTeX Warning: Reference `eq:wedge6-sym2-decomposition' on page 55 undefined on
 input line 469.


LaTeX Warning: Reference `eq:corank4-depth' on page 55 undefined on input line 
470.


LaTeX Warning: Reference `eq:wedge6-sym2-decomposition' on page 55 undefined on
 input line 478.


LaTeX Warning: Reference `eq:corank4-depth' on page 55 undefined on input line 
487.


LaTeX Warning: Reference `thm:finite-all-corank-depth' on page 55 undefined on 
input line 490.


LaTeX Warning: Reference `thm:corank-two-mixed-kernel-atlas' on page 55 undefin
ed on input line 491.


LaTeX Warning: Reference `thm:corank-three-depth' on page 55 undefined on input
 line 492.


LaTeX Warning: Reference `thm:corank-four-jacobian' on page 55 undefined on inp
ut line 493.


LaTeX Warning: Reference `sec:relative-primary-specialization' on page 55 undef
ined on input line 495.

) (./parts/06-coranktwo.tex

LaTeX Warning: Reference `eq:C-star' on page 55 undefined on input line 43.

[55]

LaTeX Warning: Reference `lem:differential' on page 56 undefined on input line 
65.


LaTeX Warning: Reference `prop:full-fitting' on page 56 undefined on input line
 86.


LaTeX Warning: Reference `lem:residual-matrix' on page 56 undefined on input li
ne 121.

[56]

LaTeX Warning: Reference `eq:main-coranktwo' on page 57 undefined on input line
 180.

[57]

LaTeX Warning: Reference `lem:cone-ideal' on page 58 undefined on input line 21
1.


LaTeX Warning: Reference `eq:N-square' on page 58 undefined on input line 229.


LaTeX Warning: Reference `thm:main-coranktwo' on page 58 undefined on input lin
e 236.


LaTeX Warning: Reference `lem:good-open' on page 58 undefined on input line 237
.


LaTeX Warning: Reference `lem:residual-matrix' on page 58 undefined on input li
ne 238.


LaTeX Warning: Reference `lem:cone-ideal' on page 58 undefined on input line 23
8.


LaTeX Warning: Reference `thm:coranktwo-proof' on page 58 undefined on input li
ne 239.


LaTeX Warning: Reference `eq:N-square' on page 58 undefined on input line 243.

) (./parts/08-corank-boundary.tex

LaTeX Warning: Reference `sec:stratified-nilpotent' on page 58 undefined on inp
ut line 10.

[58]

LaTeX Warning: Reference `prop:full-fitting' on page 59 undefined on input line
 54.


LaTeX Warning: Reference `eq:all-corank-presentation' on page 59 undefined on i
nput line 68.


LaTeX Warning: Reference `prop:full-fitting' on page 59 undefined on input line
 107.


LaTeX Warning: Reference `eq:all-ranktwo-presentation' on page 59 undefined on 
input line 117.


LaTeX Warning: Reference `sec:stratified-nilpotent' on page 59 undefined on inp
ut line 126.


LaTeX Warning: Reference `def:good-pair' on page 59 undefined on input line 142
.


LaTeX Warning: Reference `lem:residual-matrix' on page 59 undefined on input li
ne 144.

[59]

LaTeX Warning: Reference `eq:residual-matrix' on page 60 undefined on input lin
e 149.


LaTeX Warning: Reference `lem:cone-ideal' on page 60 undefined on input line 17
3.


LaTeX Warning: Reference `eq:rootfree' on page 60 undefined on input line 186.


LaTeX Warning: Reference `lem:cone-ideal' on page 60 undefined on input line 18
8.


LaTeX Warning: Reference `lem:rootfree' on page 60 undefined on input line 211.


[60]

LaTeX Warning: Reference `eq:universal-contact-quartic' on page 61 undefined on
 input line 265.


LaTeX Warning: Reference `eq:universal-contact-quartic' on page 61 undefined on
 input line 301.


LaTeX Warning: Reference `lem:good-open' on page 61 undefined on input line 313
.


LaTeX Warning: Reference `prop:contact-cover' on page 61 undefined on input lin
e 314.


LaTeX Warning: Reference `def:mixed-regular' on page 61 undefined on input line
 316.


LaTeX Warning: Reference `thm:coranktwo-proof' on page 61 undefined on input li
ne 320.


LaTeX Warning: Reference `eq:contact-cover' on page 61 undefined on input line 
329.


LaTeX Warning: Reference `thm:collision-depth' on page 61 undefined on input li
ne 337.


LaTeX Warning: Reference `thm:saturated-contact' on page 61 undefined on input 
line 346.

[61]

LaTeX Warning: Reference `thm:main-depth' on page 62 undefined on input line 35
1.


LaTeX Warning: Reference `thm:main-depth' on page 62 undefined on input line 35
4.


LaTeX Warning: Reference `thm:collision-depth' on page 62 undefined on input li
ne 357.


LaTeX Warning: Reference `prop:contact-cover' on page 62 undefined on input lin
e 358.


LaTeX Warning: Reference `sec:stratified-nilpotent' on page 62 undefined on inp
ut line 363.

) (./parts/09-stratified-nilpotent.tex

LaTeX Warning: Reference `lem:rootfree' on page 62 undefined on input line 4.


LaTeX Warning: Reference `prop:full-fitting' on page 62 undefined on input line
 86.

[62]

LaTeX Warning: Reference `eq:global-residual-factorization' on page 63 undefine
d on input line 95.


LaTeX Warning: Reference `eq:global-ann-colon' on page 63 undefined on input li
ne 106.


LaTeX Warning: Reference `eq:global-graded-piece' on page 63 undefined on input
 line 124.


LaTeX Warning: Reference `eq:global-graded-piece' on page 63 undefined on input
 line 127.


LaTeX Warning: Reference `eq:global-gr-colon' on page 63 undefined on input lin
e 128.


LaTeX Warning: Reference `eq:nilpotency-colon-index' on page 63 undefined on in
put line 130.

[63]

LaTeX Warning: Reference `eq:failure-contact-vertex' on page 64 undefined on in
put line 195.


LaTeX Warning: Reference `eq:J-contact-intersection' on page 64 undefined on in
put line 235.


LaTeX Warning: Reference `eq:failure-contact-vertex' on page 64 undefined on in
put line 254.


LaTeX Warning: Reference `eq:contact-graded-sections' on page 64 undefined on i
nput line 257.


LaTeX Warning: Reference `eq:contact-Cartier-divisor' on page 64 undefined on i
nput line 260.


LaTeX Warning: Reference `eq:failure-contact-vertex' on page 64 undefined on in
put line 270.


LaTeX Warning: Reference `eq:associated-primes-mixed-regular' on page 64 undefi
ned on input line 286.

[64]

LaTeX Warning: Reference `eq:containment-local-ideal' on page 65 undefined on i
nput line 318.


LaTeX Warning: Reference `eq:collision-primary-type' on page 65 undefined on in
put line 324.


LaTeX Warning: Reference `eq:grade-one-contact' on page 65 undefined on input l
ine 374.


LaTeX Warning: Reference `thm:collision-depth' on page 65 undefined on input li
ne 389.


LaTeX Warning: Reference `eq:grade-two-vertex' on page 65 undefined on input li
ne 390.


LaTeX Warning: Reference `eq:global-associated-graded' on page 65 undefined on 
input line 392.


LaTeX Warning: Reference `eq:Z1Z2-exact' on page 65 undefined on input line 399
.

[65]

LaTeX Warning: Reference `eq:decomposable-linear-block' on page 66 undefined on
 input line 469.


LaTeX Warning: Reference `eq:decomposable-colon' on page 66 undefined on input 
line 500.

[66]

LaTeX Warning: Reference `eq:containment-local-ideal' on page 67 undefined on i
nput line 526.


LaTeX Warning: Reference `thm:saturated-contact' on page 67 undefined on input 
line 552.

) (./parts/09b-boundary-atlas-proofs.tex

LaTeX Warning: Reference `sec:boundary-atlas-statement' on page 67 undefined on
 input line 5.


LaTeX Warning: Reference `prop:full-fitting' on page 67 undefined on input line
 9.


LaTeX Warning: Reference `thm:universal-det-completion' on page 67 undefined on
 input line 13.


LaTeX Warning: Reference `thm:finite-all-corank-depth' on page 67 undefined on 
input line 46.


LaTeX Warning: Reference `thm:universal-det-completion' on page 67 undefined on
 input line 47.


LaTeX Warning: Reference `eq:global-graded-piece' on page 67 undefined on input
 line 54.

[67]

LaTeX Warning: Reference `eq:atlas-multiplication' on page 68 undefined on inpu
t line 76.


LaTeX Warning: Reference `eq:psi-beta-chi' on page 68 undefined on input line 9
6.


LaTeX Warning: Reference `thm:corank-two-mixed-kernel-atlas' on page 68 undefin
ed on input line 105.


LaTeX Warning: Reference `lem:rootfree' on page 68 undefined on input line 131.



LaTeX Warning: Reference `def:mixed-kernel-orbit-type' on page 68 undefined on 
input line 138.

[68]

LaTeX Warning: Reference `eq:beta-normal-forms' on page 69 undefined on input l
ine 182.


LaTeX Warning: Reference `thm:corank-two-mixed-kernel-atlas' on page 69 undefin
ed on input line 189.


LaTeX Warning: Reference `thm:graded-nilpotent' on page 69 undefined on input l
ine 194.


LaTeX Warning: Reference `thm:decomposable-kernel-wall' on page 69 undefined on
 input line 195.

[69] [70]

LaTeX Warning: Reference `thm:generic-slice-certification' on page 71 undefined
 on input line 353.


LaTeX Warning: Reference `thm:corank-two-mixed-kernel-atlas' on page 71 undefin
ed on input line 362.


LaTeX Warning: Reference `lem:contact-symbol-all-Ainj' on page 71 undefined on 
input line 363.


LaTeX Warning: Reference `eq:beta-normal-forms' on page 71 undefined on input l
ine 365.


LaTeX Warning: Reference `lem:nine-orbit-colons' on page 71 undefined on input 
line 365.


LaTeX Warning: Reference `thm:global-residual-colon' on page 71 undefined on in
put line 371.


LaTeX Warning: Reference `lem:contact-symbol-all-Ainj' on page 71 undefined on 
input line 376.


LaTeX Warning: Reference `prop:rankdrop-coranktwo-depth' on page 71 undefined o
n input line 387.


LaTeX Warning: Reference `thm:finite-all-corank-depth' on page 71 undefined on 
input line 402.

[71]

LaTeX Warning: Reference `def:macaulay-atlas' on page 72 undefined on input lin
e 426.


LaTeX Warning: Reference `lem:corank3-functorial-symbol' on page 72 undefined o
n input line 467.

[72]

LaTeX Warning: Reference `thm:corank-three-depth' on page 73 undefined on input
 line 535.


LaTeX Warning: Reference `lem:no-d3-corank3' on page 73 undefined on input line
 536.


LaTeX Warning: Reference `thm:sharp-global-jacobian-depth' on page 73 undefined
 on input line 538.


LaTeX Warning: Citation `FultonHarris' on page 73 undefined on input line 549.


LaTeX Warning: Reference `lem:fischer-determinant-projection' on page 73 undefi
ned on input line 606.

[73]

LaTeX Warning: Reference `eq:plethysm-corank4' on page 74 undefined on input li
ne 660.


LaTeX Warning: Reference `thm:corank-four-jacobian' on page 74 undefined on inp
ut line 664.


LaTeX Warning: Reference `eq:plethysm-corank4' on page 74 undefined on input li
ne 670.


LaTeX Warning: Reference `lem:jacobian-projection' on page 74 undefined on inpu
t line 676.


LaTeX Warning: Reference `lem:effective-pieri-matrix-ring' on page 74 undefined
 on input line 685.


LaTeX Warning: Reference `lem:corank4-ideal-equivariance' on page 74 undefined 
on input line 695.


LaTeX Warning: Reference `lem:effective-pieri-matrix-ring' on page 74 undefined
 on input line 700.

[74]

LaTeX Warning: Reference `sec:relative-primary-specialization' on page 75 undef
ined on input line 728.


LaTeX Warning: Reference `prop:associated-prime-refinement' on page 75 undefine
d on input line 733.

) (./parts/09c-relative-primary-specialization.tex

LaTeX Warning: Reference `lem:nine-orbit-colons' on page 75 undefined on input 
line 29.


LaTeX Warning: Reference `thm:corank-two-mixed-kernel-atlas' on page 75 undefin
ed on input line 35.


LaTeX Warning: Reference `lem:nine-orbit-colons' on page 75 undefined on input 
line 39.

[75]

LaTeX Warning: Reference `eq:stabilizer-linearization' on page 76 undefined on 
input line 77.


LaTeX Warning: Reference `eq:chi-linearization' on page 76 undefined on input l
ine 78.


LaTeX Warning: Reference `thm:corank-two-mixed-kernel-atlas' on page 76 undefin
ed on input line 103.

(/usr/share/texmf/tex/latex/lm/t1lmtt.fd) [76]

LaTeX Warning: Reference `lem:nine-orbit-colons' on page 77 undefined on input 
line 175.


LaTeX Warning: Reference `thm:generic-slice-certification' on page 77 undefined
 on input line 178.


LaTeX Warning: Reference `prop:rankdrop-coranktwo-depth' on page 77 undefined o
n input line 196.

[77] [78] (./parts/09d-relative-primary-filtrations.tex

LaTeX Warning: Citation `StacksGenericFree' on page 79 undefined on input line 
27.

[79]

LaTeX Warning: Citation `StacksGeometricFibres' on page 80 undefined on input l
ine 99.


LaTeX Warning: Reference `lem:finite-exact-diagram' on page 80 undefined on inp
ut line 100.

[80]

LaTeX Warning: Reference `prop:relative-primary-models' on page 81 undefined on
 input line 133.

(./parts/09e-packet-descent.tex

LaTeX Warning: Reference `thm:bounded-principal-colon-stratification' on page 8
1 undefined on input line 9.

[81]

LaTeX Warning: Citation `StacksDescent' on page 82 undefined on input line 59.


LaTeX Warning: Reference `eq:orbit-ideal-descent' on page 82 undefined on input
 line 62.


LaTeX Warning: Reference `prop:relative-primary-models' on page 82 undefined on
 input line 76.


LaTeX Warning: Reference `eq:orbit-ideal-descent' on page 82 undefined on input
 line 81.


LaTeX Warning: Citation `StacksRelativeAssassin' on page 82 undefined on input 
line 104.

[82]

LaTeX Warning: Reference `lem:finite-exact-diagram' on page 83 undefined on inp
ut line 113.


LaTeX Warning: Reference `eq:packet-power-sandwich' on page 83 undefined on inp
ut line 136.


LaTeX Warning: Reference `eq:packet-exact-geometric-components' on page 83 unde
fined on input line 147.

[83]

LaTeX Warning: Reference `eq:downstairs-torsion' on page 84 undefined on input 
line 198.


LaTeX Warning: Reference `prop:no-new-packet-torsion' on page 84 undefined on i
nput line 206.

)

LaTeX Warning: Reference `prop:relative-primary-models' on page 84 undefined on
 input line 213.


LaTeX Warning: Reference `prop:relative-primary-models' on page 84 undefined on
 input line 218.


LaTeX Warning: Reference `prop:no-new-packet-torsion' on page 84 undefined on i
nput line 219.


LaTeX Warning: Reference `lem:power-certified-packets' on page 84 undefined on 
input line 227.


LaTeX Warning: Reference `lem:galois-packet-descent' on page 84 undefined on in
put line 232.


LaTeX Warning: Reference `lem:power-certified-packets' on page 84 undefined on 
input line 238.


LaTeX Warning: Reference `prop:relative-primary-models' on page 84 undefined on
 input line 242.


LaTeX Warning: Reference `prop:no-new-packet-torsion' on page 84 undefined on i
nput line 245.


LaTeX Warning: Reference `prop:descended-packet-torsion' on page 84 undefined o
n input line 247.

[84])

LaTeX Warning: Reference `thm:bounded-principal-colon-stratification' on page 8
5 undefined on input line 325.


LaTeX Warning: Reference `eq:two-flat-sequences' on page 85 undefined on input 
line 346.

[85]

LaTeX Warning: Reference `lem:graded-flat-diagram' on page 86 undefined on inpu
t line 368.


LaTeX Warning: Reference `lem:finite-geometric-assassin-stratification' on page
 86 undefined on input line 370.


LaTeX Warning: Reference `prop:associated-prime-refinement' on page 86 undefine
d on input line 376.


LaTeX Warning: Reference `thm:bounded-principal-colon-stratification' on page 8
6 undefined on input line 377.


LaTeX Warning: Reference `thm:finite-all-corank-depth' on page 86 undefined on 
input line 383.

[86]

LaTeX Warning: Reference `thm:generic-primary-signatures' on page 87 undefined 
on input line 481.


LaTeX Warning: Reference `thm:rankdrop-primary-signatures' on page 87 undefined
 on input line 498.

) (./parts/11-sharp-global-laws.tex [87]

LaTeX Warning: Citation `CSSCayley' on page 88 undefined on input line 45.


LaTeX Warning: Reference `thm:corank-four-jacobian' on page 88 undefined on inp
ut line 74.


LaTeX Warning: Reference `lem:fischer-determinant-projection' on page 88 undefi
ned on input line 75.


LaTeX Warning: Reference `lem:no-d3-corank3' on page 88 undefined on input line
 92.


LaTeX Warning: Reference `thm:corank-four-jacobian' on page 88 undefined on inp
ut line 94.

[88] [89] [90]

LaTeX Warning: Reference `eq:cross-corank-primary' on page 91 undefined on inpu
t line 300.


LaTeX Warning: Reference `thm:finite-all-corank-depth' on page 91 undefined on 
input line 334.


LaTeX Warning: Reference `thm:sharp-global-jacobian-depth' on page 91 undefined
 on input line 337.


LaTeX Warning: Reference `eq:cross-corank-primary' on page 91 undefined on inpu
t line 348.


LaTeX Warning: Citation `BrunsVasconcelos' on page 91 undefined on input line 3
61.

[91] [92]) (./parts/09a-rees-specialization.tex

LaTeX Warning: Citation `FultonIntersection' on page 93 undefined on input line
 6.


LaTeX Warning: Citation `StacksNormalCone' on page 93 undefined on input line 7
.


LaTeX Warning: Reference `sec:stratified-nilpotent' on page 93 undefined on inp
ut line 9.


LaTeX Warning: Reference `sec:boundary-atlas-proofs' on page 93 undefined on in
put line 10.


LaTeX Warning: Reference `prop:intrinsic-dnc-v127' on page 93 undefined on inpu
t line 57.


LaTeX Warning: Reference `eq:atlas-multiplication' on page 93 undefined on inpu
t line 68.


LaTeX Warning: Reference `thm:corank-two-mixed-kernel-atlas' on page 93 undefin
ed on input line 70.


LaTeX Warning: Reference `prop:rankdrop-coranktwo-depth' on page 93 undefined o
n input line 72.


LaTeX Warning: Reference `thm:corank-three-depth' on page 93 undefined on input
 line 74.


LaTeX Warning: Reference `thm:sharp-global-jacobian-depth' on page 93 undefined
 on input line 75.


LaTeX Warning: Reference `thm:corank-four-jacobian' on page 93 undefined on inp
ut line 77.

[93]

LaTeX Warning: Citation `StacksFlattening' on page 94 undefined on input line 8
5.

) (./parts/14-separating-pencils.tex

LaTeX Warning: Reference `eq:C-star' on page 94 undefined on input line 4.


LaTeX Warning: Reference `thm:global-schur-recombination' on page 94 undefined 
on input line 9.


Package amsmath Warning: Foreign command \over;
(amsmath)                \frac or \genfrac should be used instead
(amsmath)                 on input line 37.


LaTeX Warning: Reference `eq:exact-projector-witness' on page 94 undefined on i
nput line 60.


LaTeX Warning: Reference `eq:exact-projector-witness' on page 94 undefined on i
nput line 69.

[94]

LaTeX Warning: Reference `eq:exact-projector-witness' on page 95 undefined on i
nput line 79.


LaTeX Warning: Reference `eq:two-separating-quadrics' on page 95 undefined on i
nput line 80.


LaTeX Warning: Reference `eq:C-star' on page 95 undefined on input line 99.


LaTeX Warning: Reference `eq:C-star' on page 95 undefined on input line 109.


LaTeX Warning: Reference `lem:differential' on page 95 undefined on input line 
114.

) (./parts/08-weighted.tex

LaTeX Warning: Reference `sec:coranktwo' on page 95 undefined on input line 6.


LaTeX Warning: Citation `DCEP' on page 95 undefined on input line 21.


LaTeX Warning: Citation `BC' on page 95 undefined on input line 22.

[95]

LaTeX Warning: Reference `eq:coefficient-rule' on page 96 undefined on input li
ne 52.


LaTeX Warning: Reference `eq:weighted' on page 96 undefined on input line 57.


LaTeX Warning: Reference `eq:classical-product' on page 96 undefined on input l
ine 62.


LaTeX Warning: Reference `eq:coefficient-rule' on page 96 undefined on input li
ne 83.


LaTeX Warning: Reference `sec:coranktwo' on page 96 undefined on input line 89.


) (./parts/09-certificates.tex [96]

LaTeX Warning: Reference `eq:exact-differential-det' on page 97 undefined on in
put line 43.


LaTeX Warning: Reference `lem:differential' on page 97 undefined on input line 
61.


LaTeX Warning: Reference `eq:BC-witness' on page 97 undefined on input line 66.



LaTeX Warning: Reference `eq:h-witness' on page 97 undefined on input line 78.

[97]

LaTeX Warning: Reference `eq:residual-matrix' on page 98 undefined on input lin
e 83.


LaTeX Warning: Reference `eq:main-coranktwo' on page 98 undefined on input line
 89.


LaTeX Warning: Reference `lem:cone-ideal' on page 98 undefined on input line 94
.


LaTeX Warning: Reference `thm:coranktwo-proof' on page 98 undefined on input li
ne 95.

) (./parts/17-assistance.tex) (./references.tex
pdfTeX warning (font expansion): font should be expanded before its first use
[98]

LaTeX Warning: Citation `LandsbergOttaviani' on page 99 undefined on input line
 204.

) [99] (./complete.aux)

LaTeX Warning: There were undefined references.


LaTeX Warning: Label(s) may have changed. Rerun to get cross-references right.


Package rerunfilecheck Warning: File `complete.out' has changed.
(rerunfilecheck)                Rerun to get outlines right
(rerunfilecheck)                or use package `bookmark'.

 )
(see the transcript file for additional information)</usr/share/texlive/texmf-d
ist/fonts/type1/public/amsfonts/euler/eufm10.pfb></usr/share/texmf/fonts/type1/
public/lm/lmbx10.pfb></usr/share/texmf/fonts/type1/public/lm/lmbx9.pfb></usr/sh
are/texmf/fonts/type1/public/lm/lmcsc10.pfb></usr/share/texmf/fonts/type1/publi
c/lm/lmex10.pfb></usr/share/texmf/fonts/type1/public/lm/lmmi10.pfb></usr/share/
texmf/fonts/type1/public/lm/lmmi6.pfb></usr/share/texmf/fonts/type1/public/lm/l
mmi8.pfb></usr/share/texmf/fonts/type1/public/lm/lmmi9.pfb></usr/share/texmf/fo
nts/type1/public/lm/lmr10.pfb></usr/share/texmf/fonts/type1/public/lm/lmr6.pfb>
</usr/share/texmf/fonts/type1/public/lm/lmr7.pfb></usr/share/texmf/fonts/type1/
public/lm/lmr8.pfb></usr/share/texmf/fonts/type1/public/lm/lmr9.pfb></usr/share
/texmf/fonts/type1/public/lm/lmri10.pfb></usr/share/texmf/fonts/type1/public/lm
/lmri9.pfb></usr/share/texmf/fonts/type1/public/lm/lmss10.pfb></usr/share/texmf
/fonts/type1/public/lm/lmsy10.pfb></usr/share/texmf/fonts/type1/public/lm/lmsy6
.pfb></usr/share/texmf/fonts/type1/public/lm/lmsy8.pfb></usr/share/texmf/fonts/
type1/public/lm/lmsy9.pfb></usr/share/texmf/fonts/type1/public/lm/lmtt10.pfb></
usr/share/texmf/fonts/type1/public/lm/lmtt9.pfb></usr/share/texlive/texmf-dist/
fonts/type1/public/amsfonts/symbols/msam10.pfb></usr/share/texlive/texmf-dist/f
onts/type1/public/amsfonts/symbols/msbm10.pfb></usr/share/texlive/texmf-dist/fo
nts/type1/public/rsfs/rsfs10.pfb>
Output written on complete.pdf (99 pages, 982765 bytes).
Transcript written on complete.log.
