{
  "executed_physical_sensor": false,
  "finite_checks": 2530,
  "formal_proof_certificate": false,
  "groups": {
    "Hermite_index_bounds": 21,
    "absolute_action_elimination": 27,
    "adversarial_bounded_registry_match": 88,
    "analytic_curvature_coefficient": 88,
    "analytic_example_positive_gap": 44,
    "analytic_local_series_reversion": 88,
    "apparatus_range_power": 4,
    "common_denominator_divides_index": 21,
    "completion_defect_identity": 168,
    "completion_zero_characterization": 168,
    "coordinate_bias_cell_bound": 729,
    "finite_epoch_preparation_budget": 40,
    "finite_example_oriented_separation": 1,
    "foot_speed": 81,
    "hazard_exponential_bound": 120,
    "integer_cycle_rank": 6,
    "launch_expected_cost_summability": 5,
    "linear_Bernstein_term": 4,
    "logarithmic_witness_bound": 128,
    "main_proof_route": 7,
    "native_input_exists": 7,
    "no_primitive_pair_example": 1,
    "normalization_slope": 27,
    "probe_expected_cost_summability": 5,
    "probe_precision_half_power": 4,
    "proper_divisor_halving": 315,
    "reference_free_covolume": 21,
    "registration_bias_balance": 4,
    "resolved_citation": 5,
    "resolved_reference": 39,
    "source_curvature": 81,
    "square_bias_balance": 4,
    "square_boundary_band": 81,
    "target_curvature": 81,
    "translated_contact_displacement": 12,
    "unique_labels": 1,
    "variance_bandwidth_balance": 4
  },
  "metrics": {
    "synthetic_fingerprint_order": 6,
    "synthetic_min_descriptor_separation": 2.6771583173476986e-05,
    "synthetic_oriented_descriptors": 88
  },
  "schema": "a2-v24-finite-diagnostics-1",
  "scope": "Finite algebra and analytic-body examples; not uniform proof certification",
  "status": "passed"
}
