This is pdfTeX, Version 3.141592653-2.6-1.40.25 (TeX Live 2023/Debian) (preloaded format=pdflatex)
 restricted \write18 enabled.
entering extended mode
(./geometry.tex
LaTeX2e <2023-11-01> patch level 1
L3 programming layer <2024-01-22>
(./preamble.tex (/usr/share/texlive/texmf-dist/tex/latex/amscls/amsart.cls
Document Class: amsart 2020/05/29 v2.20.6
(/usr/share/texlive/texmf-dist/tex/latex/amsmath/amsmath.sty
For additional information on amsmath, use the `?' option.
(/usr/share/texlive/texmf-dist/tex/latex/amsmath/amstext.sty
(/usr/share/texlive/texmf-dist/tex/latex/amsmath/amsgen.sty))
(/usr/share/texlive/texmf-dist/tex/latex/amsmath/amsbsy.sty)
(/usr/share/texlive/texmf-dist/tex/latex/amsmath/amsopn.sty))
(/usr/share/texlive/texmf-dist/tex/latex/amsfonts/umsa.fd)
(/usr/share/texlive/texmf-dist/tex/latex/amsfonts/amsfonts.sty))
(/usr/share/texlive/texmf-dist/tex/latex/base/fontenc.sty)
(/usr/share/texmf/tex/latex/lm/lmodern.sty)
(/usr/share/texlive/texmf-dist/tex/latex/amsfonts/amssymb.sty)
(/usr/share/texlive/texmf-dist/tex/latex/mathtools/mathtools.sty
(/usr/share/texlive/texmf-dist/tex/latex/graphics/keyval.sty)
(/usr/share/texlive/texmf-dist/tex/latex/tools/calc.sty)
(/usr/share/texlive/texmf-dist/tex/latex/mathtools/mhsetup.sty))
(/usr/share/texlive/texmf-dist/tex/latex/jknapltx/mathrsfs.sty)
(/usr/share/texlive/texmf-dist/tex/latex/microtype/microtype.sty
(/usr/share/texlive/texmf-dist/tex/latex/etoolbox/etoolbox.sty)
(/usr/share/texlive/texmf-dist/tex/latex/microtype/microtype-pdftex.def)
(/usr/share/texlive/texmf-dist/tex/latex/microtype/microtype.cfg))
(/usr/share/texlive/texmf-dist/tex/latex/booktabs/booktabs.sty)
(/usr/share/texlive/texmf-dist/tex/latex/tools/longtable.sty)
(/usr/share/texlive/texmf-dist/tex/latex/geometry/geometry.sty
(/usr/share/texlive/texmf-dist/tex/generic/iftex/ifvtex.sty
(/usr/share/texlive/texmf-dist/tex/generic/iftex/iftex.sty)))
(/usr/share/texlive/texmf-dist/tex/latex/hyperref/hyperref.sty
(/usr/share/texlive/texmf-dist/tex/latex/kvsetkeys/kvsetkeys.sty)
(/usr/share/texlive/texmf-dist/tex/generic/kvdefinekeys/kvdefinekeys.sty)
(/usr/share/texlive/texmf-dist/tex/generic/pdfescape/pdfescape.sty
(/usr/share/texlive/texmf-dist/tex/generic/ltxcmds/ltxcmds.sty)
(/usr/share/texlive/texmf-dist/tex/generic/pdftexcmds/pdftexcmds.sty
(/usr/share/texlive/texmf-dist/tex/generic/infwarerr/infwarerr.sty)))
(/usr/share/texlive/texmf-dist/tex/latex/hycolor/hycolor.sty)
(/usr/share/texlive/texmf-dist/tex/latex/auxhook/auxhook.sty)
(/usr/share/texlive/texmf-dist/tex/latex/hyperref/nameref.sty
(/usr/share/texlive/texmf-dist/tex/latex/refcount/refcount.sty)
(/usr/share/texlive/texmf-dist/tex/generic/gettitlestring/gettitlestring.sty
(/usr/share/texlive/texmf-dist/tex/latex/kvoptions/kvoptions.sty)))
(/usr/share/texlive/texmf-dist/tex/latex/hyperref/pd1enc.def)
(/usr/share/texlive/texmf-dist/tex/generic/intcalc/intcalc.sty)
(/usr/share/texlive/texmf-dist/tex/latex/hyperref/puenc.def)
(/usr/share/texlive/texmf-dist/tex/latex/url/url.sty)
(/usr/share/texlive/texmf-dist/tex/generic/bitset/bitset.sty
(/usr/share/texlive/texmf-dist/tex/generic/bigintcalc/bigintcalc.sty))
(/usr/share/texlive/texmf-dist/tex/latex/base/atbegshi-ltx.sty))
(/usr/share/texlive/texmf-dist/tex/latex/hyperref/hpdftex.def
(/usr/share/texlive/texmf-dist/tex/latex/base/atveryend-ltx.sty)
(/usr/share/texlive/texmf-dist/tex/latex/rerunfilecheck/rerunfilecheck.sty
(/usr/share/texlive/texmf-dist/tex/generic/uniquecounter/uniquecounter.sty))))
(/usr/share/texmf/tex/latex/lm/t1lmr.fd)
(/usr/share/texlive/texmf-dist/tex/latex/l3backend/l3backend-pdftex.def)
No file geometry.aux.
(/usr/share/texmf/tex/latex/lm/ot1lmr.fd)
(/usr/share/texmf/tex/latex/lm/omllmm.fd)
(/usr/share/texmf/tex/latex/lm/omslmsy.fd)
(/usr/share/texmf/tex/latex/lm/omxlmex.fd)
(/usr/share/texlive/texmf-dist/tex/latex/amsfonts/umsa.fd)
(/usr/share/texlive/texmf-dist/tex/latex/amsfonts/umsb.fd)
(/usr/share/texlive/texmf-dist/tex/latex/jknapltx/ursfs.fd)
(/usr/share/texlive/texmf-dist/tex/latex/graphics/graphicx.sty
(/usr/share/texlive/texmf-dist/tex/latex/graphics/graphics.sty
(/usr/share/texlive/texmf-dist/tex/latex/graphics/trig.sty)
(/usr/share/texlive/texmf-dist/tex/latex/graphics-cfg/graphics.cfg)
(/usr/share/texlive/texmf-dist/tex/latex/graphics-def/pdftex.def
(/usr/share/texlive/texmf-dist/tex/context/base/mkii/supp-pdf.mkii
[Loading MPS to PDF converter (version 2006.09.02).]
))) (/usr/share/texlive/texmf-dist/tex/latex/epstopdf-pkg/epstopdf-base.sty
(/usr/share/texlive/texmf-dist/tex/latex/latexconfig/epstopdf-sys.cfg)))
(/usr/share/texlive/texmf-dist/tex/latex/microtype/mt-cmr.cfg)
*geometry* driver: auto-detecting
*geometry* detected driver: pdftex
(./frontmatter.tex) (./parts/01-introduction.tex
(/usr/share/texlive/texmf-dist/tex/latex/microtype/mt-msa.cfg)
(/usr/share/texlive/texmf-dist/tex/latex/microtype/mt-msb.cfg) [1{/var/lib/texm
f/fonts/map/pdftex/updmap/pdftex.map}{/usr/share/texmf/fonts/enc/dvips/lm/lm-ec
.enc}{/usr/share/texmf/fonts/enc/dvips/lm/lm-rm.enc}{/usr/share/texmf/fonts/enc
/dvips/lm/lm-mathit.enc}{/usr/share/texmf/fonts/enc/dvips/lm/lm-mathsy.enc}{/us
r/share/texmf/fonts/enc/dvips/lm/lm-mathex.enc}]

LaTeX Warning: Reference `sec:polarization' on page 2 undefined on input line 7
6.


LaTeX Warning: Reference `sec:stratified-nilpotent' on page 2 undefined on inpu
t line 111.


LaTeX Warning: Reference `eq:intro-graded-packet' on page 2 undefined on input 
line 120.

[2]

LaTeX Warning: Reference `thm:corank-two-mixed-kernel-atlas' on page 3 undefine
d on input line 147.


LaTeX Warning: Reference `thm:generic-primary-signatures' on page 3 undefined o
n input line 148.


LaTeX Warning: Reference `sec:relative-primary-specialization' on page 3 undefi
ned on input line 186.

[3] (/usr/share/texlive/texmf-dist/tex/latex/amsfonts/ueuf.fd)
(/usr/share/texlive/texmf-dist/tex/latex/microtype/mt-euf.cfg)

LaTeX Warning: Reference `sec:relations' on page 4 undefined on input line 257.



LaTeX Warning: Reference `sec:fitting' on page 4 undefined on input line 258.


LaTeX Warning: Reference `sec:depth' on page 4 undefined on input line 259.


LaTeX Warning: Reference `sec:boundary-atlas-statement' on page 4 undefined on 
input line 261.


LaTeX Warning: Reference `sec:boundary-atlas-proofs' on page 4 undefined on inp
ut line 263.


LaTeX Warning: Reference `sec:relative-primary-specialization' on page 4 undefi
ned on input line 265.

) (./parts/02-relations.tex [4]

LaTeX Warning: Reference `eq:Y-intro' on page 5 undefined on input line 32.


LaTeX Warning: Reference `lem:contraction' on page 5 undefined on input line 52
.

[5]) (./parts/03-fitting.tex

LaTeX Warning: Reference `eq:full-matrix-ideal' on page 6 undefined on input li
ne 28.

[6]

LaTeX Warning: Reference `eq:firstorder' on page 7 undefined on input line 74.


LaTeX Warning: Reference `eq:full-matrix-ideal' on page 7 undefined on input li
ne 78.


LaTeX Warning: Reference `prop:relative-open' on page 7 undefined on input line
 79.


LaTeX Warning: Reference `eq:normal-global' on page 7 undefined on input line 8
7.

[7]

LaTeX Warning: Reference `eq:relative-sequence' on page 8 undefined on input li
ne 171.


LaTeX Warning: Reference `lem:flat-flag' on page 8 undefined on input line 186.



LaTeX Warning: Reference `eq:power-sequence' on page 8 undefined on input line 
187.


LaTeX Warning: Reference `eq:powers' on page 8 undefined on input line 188.


LaTeX Warning: Reference `eq:graph-delta' on page 8 undefined on input line 192
.


LaTeX Warning: Reference `eq:graph-E' on page 8 undefined on input line 192.


LaTeX Warning: Reference `prop:relative-open' on page 8 undefined on input line
 193.


LaTeX Warning: Reference `cor:powers' on page 8 undefined on input line 195.

) (./parts/04-depth.tex

LaTeX Warning: Reference `prop:full-fitting' on page 8 undefined on input line 
27.


LaTeX Warning: Reference `thm:normal-form' on page 8 undefined on input line 28
.

[8]

LaTeX Warning: Reference `eq:depth-filtration' on page 9 undefined on input lin
e 36.


LaTeX Warning: Reference `thm:normal-form' on page 9 undefined on input line 57
.


LaTeX Warning: Reference `prop:canonical-line' on page 9 undefined on input lin
e 58.


LaTeX Warning: Reference `thm:main-reconstruction' on page 9 undefined on input
 line 59.


LaTeX Warning: Reference `eq:depth-filtration' on page 9 undefined on input lin
e 62.


LaTeX Warning: Reference `thm:global-residual-colon' on page 9 undefined on inp
ut line 75.


LaTeX Warning: Reference `sec:coranktwo' on page 9 undefined on input line 87.


LaTeX Warning: Reference `sec:ranktwo-boundary' on page 9 undefined on input li
ne 92.


LaTeX Warning: Reference `sec:stratified-nilpotent' on page 9 undefined on inpu
t line 93.


LaTeX Warning: Reference `thm:decomposable-kernel-wall' on page 9 undefined on 
input line 112.


LaTeX Warning: Citation `BayerEisenbud' on page 9 undefined on input line 128.


LaTeX Warning: Citation `Manolache' on page 9 undefined on input line 128.


LaTeX Warning: Citation `Drezet' on page 9 undefined on input line 128.


LaTeX Warning: Reference `eq:depth-filtration' on page 9 undefined on input lin
e 129.

[9]) (./parts/04-polarization.tex

LaTeX Warning: Reference `eq:graph-E' on page 10 undefined on input line 4.


LaTeX Warning: Reference `eq:vanish-symmetric' on page 10 undefined on input li
ne 36.


LaTeX Warning: Reference `thm:normal-form' on page 10 undefined on input line 6
2.


LaTeX Warning: Reference `eq:line-cancellation' on page 10 undefined on input l
ine 72.


LaTeX Warning: Reference `thm:main-reconstruction' on page 10 undefined on inpu
t line 76.


LaTeX Warning: Reference `prop:canonical-line' on page 10 undefined on input li
ne 81.


LaTeX Warning: Reference `lem:no-functions' on page 10 undefined on input line 
81.

[10]

LaTeX Warning: Reference `prop:full-fitting' on page 11 undefined on input line
 101.


LaTeX Warning: Citation `Kollar' on page 11 undefined on input line 123.

) (./parts/01b-boundary-atlas.tex

LaTeX Warning: Reference `thm:global-residual-colon' on page 11 undefined on in
put line 5.


LaTeX Warning: Reference `thm:all-corank-presentation' on page 11 undefined on 
input line 16.

[11]

LaTeX Warning: Reference `sec:stratified-nilpotent' on page 12 undefined on inp
ut line 143.

[12]

LaTeX Warning: Reference `thm:generic-slice-certification' on page 13 undefined
 on input line 155.


pdfTeX warning (font expansion): font should be expanded before its first use
(/usr/share/texmf/tex/latex/lm/ot1lmss.fd) [13]

LaTeX Warning: Reference `eq:atlas-residual-J' on page 14 undefined on input li
ne 243.


LaTeX Warning: Reference `thm:finite-all-corank-depth' on page 14 undefined on 
input line 318.


LaTeX Warning: Reference `eq:atlas-multiplication' on page 14 undefined on inpu
t line 325.

[14]

LaTeX Warning: Reference `sec:relative-primary-specialization' on page 15 undef
ined on input line 362.


LaTeX Warning: Reference `thm:bounded-principal-colon-stratification' on page 1
5 undefined on input line 363.

[15]

LaTeX Warning: Reference `eq:wedge6-sym2-decomposition' on page 16 undefined on
 input line 461.


LaTeX Warning: Reference `eq:corank4-depth' on page 16 undefined on input line 
462.


LaTeX Warning: Reference `eq:wedge6-sym2-decomposition' on page 16 undefined on
 input line 470.


LaTeX Warning: Reference `eq:corank4-depth' on page 16 undefined on input line 
479.


LaTeX Warning: Reference `thm:finite-all-corank-depth' on page 16 undefined on 
input line 482.


LaTeX Warning: Reference `thm:corank-two-mixed-kernel-atlas' on page 16 undefin
ed on input line 483.


LaTeX Warning: Reference `thm:corank-three-depth' on page 16 undefined on input
 line 484.


LaTeX Warning: Reference `thm:corank-four-jacobian' on page 16 undefined on inp
ut line 485.


LaTeX Warning: Reference `sec:relative-primary-specialization' on page 16 undef
ined on input line 487.

) (./parts/06-coranktwo.tex [16]

LaTeX Warning: Reference `eq:C-star' on page 17 undefined on input line 43.


LaTeX Warning: Reference `lem:differential' on page 17 undefined on input line 
65.


LaTeX Warning: Reference `prop:full-fitting' on page 17 undefined on input line
 86.

[17]

LaTeX Warning: Reference `lem:residual-matrix' on page 18 undefined on input li
ne 121.


LaTeX Warning: Reference `eq:main-coranktwo' on page 18 undefined on input line
 180.

[18]

LaTeX Warning: Reference `lem:cone-ideal' on page 19 undefined on input line 21
1.


LaTeX Warning: Reference `eq:N-square' on page 19 undefined on input line 229.


LaTeX Warning: Reference `thm:main-coranktwo' on page 19 undefined on input lin
e 236.


LaTeX Warning: Reference `lem:good-open' on page 19 undefined on input line 237
.


LaTeX Warning: Reference `lem:residual-matrix' on page 19 undefined on input li
ne 238.


LaTeX Warning: Reference `lem:cone-ideal' on page 19 undefined on input line 23
8.


LaTeX Warning: Reference `thm:coranktwo-proof' on page 19 undefined on input li
ne 239.


LaTeX Warning: Reference `eq:N-square' on page 19 undefined on input line 243.

) (./parts/08-corank-boundary.tex

LaTeX Warning: Reference `sec:stratified-nilpotent' on page 19 undefined on inp
ut line 10.

[19]

LaTeX Warning: Reference `prop:full-fitting' on page 20 undefined on input line
 54.


LaTeX Warning: Reference `eq:all-corank-presentation' on page 20 undefined on i
nput line 68.


LaTeX Warning: Reference `prop:full-fitting' on page 20 undefined on input line
 107.


LaTeX Warning: Reference `eq:all-ranktwo-presentation' on page 20 undefined on 
input line 117.

[20]

LaTeX Warning: Reference `sec:stratified-nilpotent' on page 21 undefined on inp
ut line 126.


LaTeX Warning: Reference `def:good-pair' on page 21 undefined on input line 142
.


LaTeX Warning: Reference `lem:residual-matrix' on page 21 undefined on input li
ne 144.


LaTeX Warning: Reference `eq:residual-matrix' on page 21 undefined on input lin
e 149.


LaTeX Warning: Reference `lem:cone-ideal' on page 21 undefined on input line 17
3.


LaTeX Warning: Reference `eq:rootfree' on page 21 undefined on input line 186.


LaTeX Warning: Reference `lem:cone-ideal' on page 21 undefined on input line 18
8.


LaTeX Warning: Reference `lem:rootfree' on page 21 undefined on input line 211.


[21]

LaTeX Warning: Reference `eq:universal-contact-quartic' on page 22 undefined on
 input line 265.


LaTeX Warning: Reference `eq:universal-contact-quartic' on page 22 undefined on
 input line 301.


LaTeX Warning: Reference `lem:good-open' on page 22 undefined on input line 313
.


LaTeX Warning: Reference `prop:contact-cover' on page 22 undefined on input lin
e 314.


LaTeX Warning: Reference `def:mixed-regular' on page 22 undefined on input line
 316.


LaTeX Warning: Reference `thm:coranktwo-proof' on page 22 undefined on input li
ne 320.

[22]

LaTeX Warning: Reference `eq:contact-cover' on page 23 undefined on input line 
329.


LaTeX Warning: Reference `thm:collision-depth' on page 23 undefined on input li
ne 337.


LaTeX Warning: Reference `thm:saturated-contact' on page 23 undefined on input 
line 346.


LaTeX Warning: Reference `thm:main-depth' on page 23 undefined on input line 35
1.


LaTeX Warning: Reference `thm:main-depth' on page 23 undefined on input line 35
4.


LaTeX Warning: Reference `thm:collision-depth' on page 23 undefined on input li
ne 357.


LaTeX Warning: Reference `prop:contact-cover' on page 23 undefined on input lin
e 358.


LaTeX Warning: Reference `sec:stratified-nilpotent' on page 23 undefined on inp
ut line 363.

) (./parts/09-stratified-nilpotent.tex

LaTeX Warning: Reference `lem:rootfree' on page 23 undefined on input line 4.

[23]

LaTeX Warning: Reference `prop:full-fitting' on page 24 undefined on input line
 86.


LaTeX Warning: Reference `eq:global-residual-factorization' on page 24 undefine
d on input line 95.


LaTeX Warning: Reference `eq:global-ann-colon' on page 24 undefined on input li
ne 106.


LaTeX Warning: Reference `eq:global-graded-piece' on page 24 undefined on input
 line 124.


LaTeX Warning: Reference `eq:global-graded-piece' on page 24 undefined on input
 line 127.


LaTeX Warning: Reference `eq:global-gr-colon' on page 24 undefined on input lin
e 128.


LaTeX Warning: Reference `eq:nilpotency-colon-index' on page 24 undefined on in
put line 130.

[24]

LaTeX Warning: Reference `eq:failure-contact-vertex' on page 25 undefined on in
put line 195.


LaTeX Warning: Reference `eq:J-contact-intersection' on page 25 undefined on in
put line 235.


LaTeX Warning: Reference `eq:failure-contact-vertex' on page 25 undefined on in
put line 254.


LaTeX Warning: Reference `eq:contact-graded-sections' on page 25 undefined on i
nput line 257.


LaTeX Warning: Reference `eq:contact-Cartier-divisor' on page 25 undefined on i
nput line 260.


LaTeX Warning: Reference `eq:failure-contact-vertex' on page 25 undefined on in
put line 270.

[25]

LaTeX Warning: Reference `eq:associated-primes-mixed-regular' on page 26 undefi
ned on input line 286.


LaTeX Warning: Reference `eq:containment-local-ideal' on page 26 undefined on i
nput line 318.


LaTeX Warning: Reference `eq:collision-primary-type' on page 26 undefined on in
put line 324.


LaTeX Warning: Reference `eq:grade-one-contact' on page 26 undefined on input l
ine 374.

[26]

LaTeX Warning: Reference `thm:collision-depth' on page 27 undefined on input li
ne 389.


LaTeX Warning: Reference `eq:grade-two-vertex' on page 27 undefined on input li
ne 390.


LaTeX Warning: Reference `eq:global-associated-graded' on page 27 undefined on 
input line 392.


LaTeX Warning: Reference `eq:Z1Z2-exact' on page 27 undefined on input line 399
.


LaTeX Warning: Reference `eq:decomposable-linear-block' on page 27 undefined on
 input line 469.

[27]

LaTeX Warning: Reference `eq:decomposable-colon' on page 28 undefined on input 
line 500.


LaTeX Warning: Reference `eq:containment-local-ideal' on page 28 undefined on i
nput line 526.


LaTeX Warning: Reference `thm:saturated-contact' on page 28 undefined on input 
line 552.

) (./parts/09b-boundary-atlas-proofs.tex

LaTeX Warning: Reference `sec:boundary-atlas-statement' on page 28 undefined on
 input line 5.


LaTeX Warning: Reference `prop:full-fitting' on page 28 undefined on input line
 9.


LaTeX Warning: Reference `thm:universal-det-completion' on page 28 undefined on
 input line 13.

[28]

LaTeX Warning: Reference `thm:finite-all-corank-depth' on page 29 undefined on 
input line 46.


LaTeX Warning: Reference `thm:universal-det-completion' on page 29 undefined on
 input line 47.


LaTeX Warning: Reference `eq:global-graded-piece' on page 29 undefined on input
 line 54.


LaTeX Warning: Reference `eq:atlas-multiplication' on page 29 undefined on inpu
t line 76.


LaTeX Warning: Reference `eq:psi-beta-chi' on page 29 undefined on input line 9
6.


LaTeX Warning: Reference `thm:corank-two-mixed-kernel-atlas' on page 29 undefin
ed on input line 105.


LaTeX Warning: Reference `lem:rootfree' on page 29 undefined on input line 131.


[29]

LaTeX Warning: Reference `def:mixed-kernel-orbit-type' on page 30 undefined on 
input line 138.


LaTeX Warning: Reference `eq:beta-normal-forms' on page 30 undefined on input l
ine 182.


LaTeX Warning: Reference `thm:corank-two-mixed-kernel-atlas' on page 30 undefin
ed on input line 189.


LaTeX Warning: Reference `thm:graded-nilpotent' on page 30 undefined on input l
ine 194.


LaTeX Warning: Reference `thm:decomposable-kernel-wall' on page 30 undefined on
 input line 195.

[30] [31]

LaTeX Warning: Reference `thm:generic-slice-certification' on page 32 undefined
 on input line 353.


LaTeX Warning: Reference `thm:corank-two-mixed-kernel-atlas' on page 32 undefin
ed on input line 362.


LaTeX Warning: Reference `lem:contact-symbol-all-Ainj' on page 32 undefined on 
input line 363.


LaTeX Warning: Reference `eq:beta-normal-forms' on page 32 undefined on input l
ine 365.


LaTeX Warning: Reference `lem:nine-orbit-colons' on page 32 undefined on input 
line 365.


LaTeX Warning: Reference `thm:global-residual-colon' on page 32 undefined on in
put line 371.


LaTeX Warning: Reference `lem:contact-symbol-all-Ainj' on page 32 undefined on 
input line 376.


LaTeX Warning: Reference `prop:rankdrop-coranktwo-depth' on page 32 undefined o
n input line 387.


LaTeX Warning: Reference `thm:finite-all-corank-depth' on page 32 undefined on 
input line 402.

[32]

LaTeX Warning: Reference `def:macaulay-atlas' on page 33 undefined on input lin
e 426.


LaTeX Warning: Reference `lem:corank3-functorial-symbol' on page 33 undefined o
n input line 467.

[33]

LaTeX Warning: Reference `thm:corank-three-depth' on page 34 undefined on input
 line 535.


LaTeX Warning: Reference `lem:no-d3-corank3' on page 34 undefined on input line
 536.


LaTeX Warning: Reference `thm:finite-all-corank-depth' on page 34 undefined on 
input line 537.


LaTeX Warning: Reference `def:macaulay-atlas' on page 34 undefined on input lin
e 539.


LaTeX Warning: Citation `FultonHarris' on page 34 undefined on input line 547.

[34]

LaTeX Warning: Citation `DCEP' on page 35 undefined on input line 629.


LaTeX Warning: Reference `eq:plethysm-corank4' on page 35 undefined on input li
ne 683.


LaTeX Warning: Reference `thm:corank-four-jacobian' on page 35 undefined on inp
ut line 687.


LaTeX Warning: Reference `eq:plethysm-corank4' on page 35 undefined on input li
ne 693.


LaTeX Warning: Reference `lem:jacobian-projection' on page 35 undefined on inpu
t line 699.

[35]

LaTeX Warning: Reference `lem:effective-pieri-matrix-ring' on page 36 undefined
 on input line 708.


LaTeX Warning: Reference `lem:corank4-ideal-equivariance' on page 36 undefined 
on input line 718.


LaTeX Warning: Reference `lem:effective-pieri-matrix-ring' on page 36 undefined
 on input line 723.


LaTeX Warning: Reference `sec:relative-primary-specialization' on page 36 undef
ined on input line 751.


LaTeX Warning: Reference `prop:associated-prime-refinement' on page 36 undefine
d on input line 756.

) (./parts/09c-relative-primary-specialization.tex [36]

LaTeX Warning: Reference `lem:nine-orbit-colons' on page 37 undefined on input 
line 29.


LaTeX Warning: Reference `thm:corank-two-mixed-kernel-atlas' on page 37 undefin
ed on input line 35.


LaTeX Warning: Reference `lem:nine-orbit-colons' on page 37 undefined on input 
line 39.


LaTeX Warning: Reference `eq:stabilizer-linearization' on page 37 undefined on 
input line 77.


LaTeX Warning: Reference `eq:chi-linearization' on page 37 undefined on input l
ine 78.


LaTeX Warning: Reference `thm:corank-two-mixed-kernel-atlas' on page 37 undefin
ed on input line 103.

(/usr/share/texmf/tex/latex/lm/t1lmtt.fd) [37]

LaTeX Warning: Reference `lem:nine-orbit-colons' on page 38 undefined on input 
line 175.


LaTeX Warning: Reference `thm:generic-slice-certification' on page 38 undefined
 on input line 178.


LaTeX Warning: Reference `prop:rankdrop-coranktwo-depth' on page 38 undefined o
n input line 196.

[38] [39]

LaTeX Warning: Citation `StacksRelativeAssassin' on page 40 undefined on input 
line 353.


LaTeX Warning: Citation `StacksFlatRelativeAssassin' on page 40 undefined on in
put line 357.


LaTeX Warning: Citation `StacksConstructibleAssassin' on page 40 undefined on i
nput line 362.

[40]

LaTeX Warning: Reference `thm:bounded-principal-colon-stratification' on page 4
1 undefined on input line 388.


LaTeX Warning: Reference `eq:two-flat-sequences' on page 41 undefined on input 
line 409.


LaTeX Warning: Reference `lem:finite-geometric-assassin-stratification' on page
 41 undefined on input line 432.


LaTeX Warning: Reference `prop:associated-prime-refinement' on page 41 undefine
d on input line 438.


LaTeX Warning: Reference `thm:bounded-principal-colon-stratification' on page 4
1 undefined on input line 439.


LaTeX Warning: Reference `thm:finite-all-corank-depth' on page 41 undefined on 
input line 445.

[41] [42]

LaTeX Warning: Reference `thm:generic-primary-signatures' on page 43 undefined 
on input line 543.


LaTeX Warning: Reference `thm:rankdrop-primary-signatures' on page 43 undefined
 on input line 560.

) (./parts/09a-rees-specialization.tex

LaTeX Warning: Citation `FultonIntersection' on page 43 undefined on input line
 6.


LaTeX Warning: Citation `StacksNormalCone' on page 43 undefined on input line 7
.


LaTeX Warning: Reference `sec:stratified-nilpotent' on page 43 undefined on inp
ut line 9.


LaTeX Warning: Reference `sec:boundary-atlas-proofs' on page 43 undefined on in
put line 10.


LaTeX Warning: Reference `prop:intrinsic-dnc-v127' on page 43 undefined on inpu
t line 56.


LaTeX Warning: Reference `eq:atlas-multiplication' on page 43 undefined on inpu
t line 68.


LaTeX Warning: Reference `thm:corank-two-mixed-kernel-atlas' on page 43 undefin
ed on input line 70.


LaTeX Warning: Reference `prop:rankdrop-coranktwo-depth' on page 43 undefined o
n input line 72.


LaTeX Warning: Reference `thm:corank-three-depth' on page 43 undefined on input
 line 74.


LaTeX Warning: Reference `thm:corank-four-jacobian' on page 43 undefined on inp
ut line 76.

[43]

LaTeX Warning: Citation `StacksFlattening' on page 44 undefined on input line 8
1.

) (./parts/05-moduli.tex

LaTeX Warning: Reference `thm:main-moduli' on page 44 undefined on input line 3
.


LaTeX Warning: Reference `sec:certificates' on page 44 undefined on input line 
50.

[44]

LaTeX Warning: Reference `lem:differential' on page 45 undefined on input line 
72.


LaTeX Warning: Reference `prop:relative-open' on page 45 undefined on input lin
e 77.


LaTeX Warning: Citation `Huy' on page 45 undefined on input line 91.


LaTeX Warning: Reference `thm:main-moduli' on page 45 undefined on input line 1
03.


LaTeX Warning: Reference `prop:nine-image' on page 45 undefined on input line 1
04.


LaTeX Warning: Reference `thm:main-reconstruction' on page 45 undefined on inpu
t line 105.


LaTeX Warning: Reference `lem:algebra-orbits' on page 45 undefined on input lin
e 106.


LaTeX Warning: Reference `cor:relative-flat' on page 45 undefined on input line
 118.


LaTeX Warning: Reference `thm:main-reconstruction' on page 45 undefined on inpu
t line 124.


LaTeX Warning: Reference `eq:graph-delta' on page 45 undefined on input line 12
5.

) (./parts/07-classical.tex [45]

LaTeX Warning: Reference `thm:main-reconstruction' on page 46 undefined on inpu
t line 15.


LaTeX Warning: Citation `IK' on page 46 undefined on input line 40.


LaTeX Warning: Citation `DK' on page 46 undefined on input line 43.


LaTeX Warning: Reference `prop:incidence-bridge' on page 46 undefined on input 
line 43.

) (./parts/10-reye-priority.tex

LaTeX Warning: Reference `sec:classical' on page 46 undefined on input line 13.



LaTeX Warning: Citation `Cossec' on page 46 undefined on input line 17.


LaTeX Warning: Citation `ArrondoSols' on page 46 undefined on input line 17.


LaTeX Warning: Citation `DolgachevReider' on page 46 undefined on input line 17
.


LaTeX Warning: Citation `IK' on page 46 undefined on input line 17.


LaTeX Warning: Citation `DK' on page 46 undefined on input line 17.


LaTeX Warning: Citation `MMV' on page 46 undefined on input line 17.


LaTeX Warning: Citation `MMV' on page 46 undefined on input line 26.

[46]

LaTeX Warning: Reference `thm:main-moduli' on page 47 undefined on input line 4
9.


LaTeX Warning: Reference `prop:reye-tangent' on page 47 undefined on input line
 90.


LaTeX Warning: Reference `prop:reye-tangent' on page 47 undefined on input line
 112.


LaTeX Warning: Reference `lem:differential' on page 47 undefined on input line 
115.


LaTeX Warning: Reference `thm:main-moduli' on page 47 undefined on input line 1
24.

[47]

LaTeX Warning: Reference `thm:main-moduli' on page 48 undefined on input line 1
42.


LaTeX Warning: Reference `sec:ranktwo-boundary' on page 48 undefined on input l
ine 154.


LaTeX Warning: Reference `thm:main-moduli' on page 48 undefined on input line 1
67.


LaTeX Warning: Reference `thm:main-moduli' on page 48 undefined on input line 2
03.

[48]

LaTeX Warning: Citation `BayerEisenbud' on page 49 undefined on input line 236.



LaTeX Warning: Citation `Manolache' on page 49 undefined on input line 237.


LaTeX Warning: Citation `Drezet' on page 49 undefined on input line 239.


LaTeX Warning: Citation `Ballico93' on page 49 undefined on input line 271.


LaTeX Warning: Citation `Ballico96' on page 49 undefined on input line 274.

[49]

LaTeX Warning: Reference `thm:torelli-monodromy' on page 50 undefined on input 
line 319.

) (./parts/08-weighted.tex

LaTeX Warning: Reference `sec:coranktwo' on page 50 undefined on input line 6.


LaTeX Warning: Citation `DCEP' on page 50 undefined on input line 21.


LaTeX Warning: Citation `BC' on page 50 undefined on input line 22.


LaTeX Warning: Reference `eq:coefficient-rule' on page 50 undefined on input li
ne 52.


LaTeX Warning: Reference `eq:weighted' on page 50 undefined on input line 57.

[50]

LaTeX Warning: Reference `eq:classical-product' on page 51 undefined on input l
ine 62.


LaTeX Warning: Reference `eq:coefficient-rule' on page 51 undefined on input li
ne 83.


LaTeX Warning: Reference `sec:coranktwo' on page 51 undefined on input line 89.


) (./parts/09-certificates.tex [51]

LaTeX Warning: Reference `eq:exact-differential-det' on page 52 undefined on in
put line 43.


LaTeX Warning: Reference `lem:differential' on page 52 undefined on input line 
61.


LaTeX Warning: Reference `eq:BC-witness' on page 52 undefined on input line 66.



LaTeX Warning: Reference `eq:h-witness' on page 52 undefined on input line 78.


LaTeX Warning: Reference `eq:residual-matrix' on page 52 undefined on input lin
e 83.


LaTeX Warning: Reference `eq:main-coranktwo' on page 52 undefined on input line
 89.


LaTeX Warning: Reference `lem:cone-ideal' on page 52 undefined on input line 94
.


LaTeX Warning: Reference `thm:coranktwo-proof' on page 52 undefined on input li
ne 95.

) (./references.tex [52]
pdfTeX warning (font expansion): font should be expanded before its first use
) [53] (./geometry.aux)

LaTeX Warning: There were undefined references.


LaTeX Warning: Label(s) may have changed. Rerun to get cross-references right.


Package rerunfilecheck Warning: File `geometry.out' has changed.
(rerunfilecheck)                Rerun to get outlines right
(rerunfilecheck)                or use package `bookmark'.

 )
(see the transcript file for additional information)</usr/share/texlive/texmf-d
ist/fonts/type1/public/amsfonts/euler/eufm10.pfb></usr/share/texmf/fonts/type1/
public/lm/lmbx10.pfb></usr/share/texmf/fonts/type1/public/lm/lmbx9.pfb></usr/sh
are/texmf/fonts/type1/public/lm/lmcsc10.pfb></usr/share/texmf/fonts/type1/publi
c/lm/lmex10.pfb></usr/share/texmf/fonts/type1/public/lm/lmmi10.pfb></usr/share/
texmf/fonts/type1/public/lm/lmmi5.pfb></usr/share/texmf/fonts/type1/public/lm/l
mmi6.pfb></usr/share/texmf/fonts/type1/public/lm/lmmi8.pfb></usr/share/texmf/fo
nts/type1/public/lm/lmmi9.pfb></usr/share/texmf/fonts/type1/public/lm/lmr10.pfb
></usr/share/texmf/fonts/type1/public/lm/lmr5.pfb></usr/share/texmf/fonts/type1
/public/lm/lmr6.pfb></usr/share/texmf/fonts/type1/public/lm/lmr7.pfb></usr/shar
e/texmf/fonts/type1/public/lm/lmr8.pfb></usr/share/texmf/fonts/type1/public/lm/
lmr9.pfb></usr/share/texmf/fonts/type1/public/lm/lmri10.pfb></usr/share/texmf/f
onts/type1/public/lm/lmri9.pfb></usr/share/texmf/fonts/type1/public/lm/lmss10.p
fb></usr/share/texmf/fonts/type1/public/lm/lmsy10.pfb></usr/share/texmf/fonts/t
ype1/public/lm/lmsy5.pfb></usr/share/texmf/fonts/type1/public/lm/lmsy6.pfb></us
r/share/texmf/fonts/type1/public/lm/lmsy8.pfb></usr/share/texmf/fonts/type1/pub
lic/lm/lmsy9.pfb></usr/share/texmf/fonts/type1/public/lm/lmtt10.pfb></usr/share
/texmf/fonts/type1/public/lm/lmtt9.pfb></usr/share/texlive/texmf-dist/fonts/typ
e1/public/amsfonts/symbols/msam10.pfb></usr/share/texlive/texmf-dist/fonts/type
1/public/amsfonts/symbols/msbm10.pfb></usr/share/texlive/texmf-dist/fonts/type1
/public/rsfs/rsfs10.pfb>
Output written on geometry.pdf (53 pages, 739187 bytes).
Transcript written on geometry.log.
