This is pdfTeX, Version 3.141592653-2.6-1.40.25 (TeX Live 2023/Debian) (preloaded format=pdflatex)
 restricted \write18 enabled.
entering extended mode
(./geometry.tex
LaTeX2e <2023-11-01> patch level 1
L3 programming layer <2024-01-22>
(./preamble.tex (/usr/share/texlive/texmf-dist/tex/latex/amscls/amsart.cls
Document Class: amsart 2020/05/29 v2.20.6
(/usr/share/texlive/texmf-dist/tex/latex/amsmath/amsmath.sty
For additional information on amsmath, use the `?' option.
(/usr/share/texlive/texmf-dist/tex/latex/amsmath/amstext.sty
(/usr/share/texlive/texmf-dist/tex/latex/amsmath/amsgen.sty))
(/usr/share/texlive/texmf-dist/tex/latex/amsmath/amsbsy.sty)
(/usr/share/texlive/texmf-dist/tex/latex/amsmath/amsopn.sty))
(/usr/share/texlive/texmf-dist/tex/latex/amsfonts/umsa.fd)
(/usr/share/texlive/texmf-dist/tex/latex/amsfonts/amsfonts.sty))
(/usr/share/texlive/texmf-dist/tex/latex/base/fontenc.sty)
(/usr/share/texmf/tex/latex/lm/lmodern.sty)
(/usr/share/texlive/texmf-dist/tex/latex/amsmath/amscd.sty)
(/usr/share/texlive/texmf-dist/tex/latex/amsfonts/amssymb.sty)
(/usr/share/texlive/texmf-dist/tex/latex/mathtools/mathtools.sty
(/usr/share/texlive/texmf-dist/tex/latex/graphics/keyval.sty)
(/usr/share/texlive/texmf-dist/tex/latex/tools/calc.sty)
(/usr/share/texlive/texmf-dist/tex/latex/mathtools/mhsetup.sty))
(/usr/share/texlive/texmf-dist/tex/latex/jknapltx/mathrsfs.sty)
(/usr/share/texlive/texmf-dist/tex/latex/microtype/microtype.sty
(/usr/share/texlive/texmf-dist/tex/latex/etoolbox/etoolbox.sty)
(/usr/share/texlive/texmf-dist/tex/latex/microtype/microtype-pdftex.def)
(/usr/share/texlive/texmf-dist/tex/latex/microtype/microtype.cfg))
(/usr/share/texlive/texmf-dist/tex/latex/booktabs/booktabs.sty)
(/usr/share/texlive/texmf-dist/tex/latex/tools/longtable.sty)
(/usr/share/texlive/texmf-dist/tex/latex/geometry/geometry.sty
(/usr/share/texlive/texmf-dist/tex/generic/iftex/ifvtex.sty
(/usr/share/texlive/texmf-dist/tex/generic/iftex/iftex.sty)))
(/usr/share/texlive/texmf-dist/tex/latex/hyperref/xr-hyper.sty)
(/usr/share/texlive/texmf-dist/tex/latex/hyperref/hyperref.sty
(/usr/share/texlive/texmf-dist/tex/latex/kvsetkeys/kvsetkeys.sty)
(/usr/share/texlive/texmf-dist/tex/generic/kvdefinekeys/kvdefinekeys.sty)
(/usr/share/texlive/texmf-dist/tex/generic/pdfescape/pdfescape.sty
(/usr/share/texlive/texmf-dist/tex/generic/ltxcmds/ltxcmds.sty)
(/usr/share/texlive/texmf-dist/tex/generic/pdftexcmds/pdftexcmds.sty
(/usr/share/texlive/texmf-dist/tex/generic/infwarerr/infwarerr.sty)))
(/usr/share/texlive/texmf-dist/tex/latex/hycolor/hycolor.sty)
(/usr/share/texlive/texmf-dist/tex/latex/auxhook/auxhook.sty)
(/usr/share/texlive/texmf-dist/tex/latex/hyperref/nameref.sty
(/usr/share/texlive/texmf-dist/tex/latex/refcount/refcount.sty)
(/usr/share/texlive/texmf-dist/tex/generic/gettitlestring/gettitlestring.sty
(/usr/share/texlive/texmf-dist/tex/latex/kvoptions/kvoptions.sty)))
(/usr/share/texlive/texmf-dist/tex/latex/hyperref/pd1enc.def)
(/usr/share/texlive/texmf-dist/tex/generic/intcalc/intcalc.sty)
(/usr/share/texlive/texmf-dist/tex/latex/hyperref/puenc.def)
(/usr/share/texlive/texmf-dist/tex/latex/url/url.sty)
(/usr/share/texlive/texmf-dist/tex/generic/bitset/bitset.sty
(/usr/share/texlive/texmf-dist/tex/generic/bigintcalc/bigintcalc.sty))
(/usr/share/texlive/texmf-dist/tex/latex/base/atbegshi-ltx.sty))
(/usr/share/texlive/texmf-dist/tex/latex/hyperref/hpdftex.def
(/usr/share/texlive/texmf-dist/tex/latex/base/atveryend-ltx.sty)
(/usr/share/texlive/texmf-dist/tex/latex/rerunfilecheck/rerunfilecheck.sty
(/usr/share/texlive/texmf-dist/tex/generic/uniquecounter/uniquecounter.sty))))

Package xr Warning: 
No file supplement-labels.aux
LABELS NOT IMPORTED.
 on input line 2.

(/usr/share/texmf/tex/latex/lm/t1lmr.fd)
(/usr/share/texlive/texmf-dist/tex/latex/l3backend/l3backend-pdftex.def)
No file geometry.aux.
(/usr/share/texmf/tex/latex/lm/ot1lmr.fd)
(/usr/share/texmf/tex/latex/lm/omllmm.fd)
(/usr/share/texmf/tex/latex/lm/omslmsy.fd)
(/usr/share/texmf/tex/latex/lm/omxlmex.fd)
(/usr/share/texlive/texmf-dist/tex/latex/amsfonts/umsa.fd)
(/usr/share/texlive/texmf-dist/tex/latex/amsfonts/umsb.fd)
(/usr/share/texlive/texmf-dist/tex/latex/jknapltx/ursfs.fd)
(/usr/share/texlive/texmf-dist/tex/latex/graphics/graphicx.sty
(/usr/share/texlive/texmf-dist/tex/latex/graphics/graphics.sty
(/usr/share/texlive/texmf-dist/tex/latex/graphics/trig.sty)
(/usr/share/texlive/texmf-dist/tex/latex/graphics-cfg/graphics.cfg)
(/usr/share/texlive/texmf-dist/tex/latex/graphics-def/pdftex.def
(/usr/share/texlive/texmf-dist/tex/context/base/mkii/supp-pdf.mkii
[Loading MPS to PDF converter (version 2006.09.02).]
))) (/usr/share/texlive/texmf-dist/tex/latex/epstopdf-pkg/epstopdf-base.sty
(/usr/share/texlive/texmf-dist/tex/latex/latexconfig/epstopdf-sys.cfg)))
(/usr/share/texlive/texmf-dist/tex/latex/microtype/mt-cmr.cfg)
*geometry* driver: auto-detecting
*geometry* detected driver: pdftex
(./frontmatter.tex) (./parts/01-introduction.tex
(/usr/share/texlive/texmf-dist/tex/latex/microtype/mt-msa.cfg)
(/usr/share/texlive/texmf-dist/tex/latex/microtype/mt-msb.cfg)

LaTeX Warning: Reference `thm:totally-real-reciprocal-likelihood' on page 1 und
efined on input line 32.


LaTeX Warning: Citation `FevolaMandelshtamSturmfels' on page 1 undefined on inp
ut line 34.

[1{/var/lib/texmf/fonts/map/pdftex/updmap/pdftex.map}{/usr/share/texmf/fonts/en
c/dvips/lm/lm-ec.enc}{/usr/share/texmf/fonts/enc/dvips/lm/lm-mathit.enc}{/usr/s
hare/texmf/fonts/enc/dvips/lm/lm-mathsy.enc}{/usr/share/texmf/fonts/enc/dvips/l
m/lm-rm.enc}{/usr/share/texmf/fonts/enc/dvips/lm/lm-mathex.enc}]

LaTeX Warning: Reference `sec:intrinsic-web-reconstruction' on page 2 undefined
 on input line 101.


LaTeX Warning: Reference `lem:schur-contraction-kernel' on page 2 undefined on 
input line 125.

[2]

LaTeX Warning: Reference `thm:exceptional-component-fibres' on page 3 undefined
 on input line 137.


LaTeX Warning: Reference `thm:global-schur-recombination' on page 3 undefined o
n input line 145.


LaTeX Warning: Reference `thm:uniform-contraction' on page 3 undefined on input
 line 164.


LaTeX Warning: Reference `thm:uniform-recombination' on page 3 undefined on inp
ut line 164.


LaTeX Warning: Citation `LandsbergOttaviani' on page 3 undefined on input line 
179.


LaTeX Warning: Citation `Sheridan' on page 3 undefined on input line 179.


LaTeX Warning: Reference `thm:main-web-reconstruction' on page 3 undefined on i
nput line 184.


LaTeX Warning: Reference `thm:natural-pencil-reconstruction' on page 3 undefine
d on input line 193.


LaTeX Warning: Reference `thm:automatic-quadratic-coefficients' on page 3 undef
ined on input line 199.


LaTeX Warning: Citation `FevolaMandelshtamSturmfels' on page 3 undefined on inp
ut line 207.


LaTeX Warning: Reference `ex:same-discriminant-distinct-failure' on page 3 unde
fined on input line 208.


LaTeX Warning: Citation `SmithQuadrics' on page 3 undefined on input line 214.


LaTeX Warning: Reference `cor:hyperelliptic-failure-invariant' on page 3 undefi
ned on input line 215.


LaTeX Warning: Reference `sec:moduli' on page 3 undefined on input line 221.

[3] (/usr/share/texlive/texmf-dist/tex/latex/amsfonts/ueuf.fd)
(/usr/share/texlive/texmf-dist/tex/latex/microtype/mt-euf.cfg)

LaTeX Warning: Reference `thm:sharp-finite-pencil' on page 4 undefined on input
 line 237.


LaTeX Warning: Reference `thm:finite-parameter-immersion' on page 4 undefined o
n input line 248.


LaTeX Warning: Reference `cor:finite-hyperelliptic' on page 4 undefined on inpu
t line 255.


LaTeX Warning: Reference `thm:spectral-finite-torelli' on page 4 undefined on i
nput line 264.


LaTeX Warning: Reference `thm:rank-preserving-specialization' on page 4 undefin
ed on input line 267.


LaTeX Warning: Reference `cor:reciprocal-conic-line' on page 4 undefined on inp
ut line 276.


LaTeX Warning: Reference `thm:universal-finite-neighbourhood' on page 4 undefin
ed on input line 282.


LaTeX Warning: Reference `thm:relative-spectral-readout' on page 4 undefined on
 input line 289.


LaTeX Warning: Reference `thm:totally-real-reciprocal-likelihood' on page 4 und
efined on input line 294.


LaTeX Warning: Reference `thm:polar-system-torelli' on page 4 undefined on inpu
t line 307.


LaTeX Warning: Reference `thm:structural-coefficient-reconstruction' on page 4 
undefined on input line 313.

[4]

LaTeX Warning: Reference `sec:polarization' on page 5 undefined on input line 3
25.


LaTeX Warning: Reference `sec:uniform-support' on page 5 undefined on input lin
e 348.


LaTeX Warning: Reference `sec:relations' on page 5 undefined on input line 350.



LaTeX Warning: Reference `sec:fitting' on page 5 undefined on input line 350.


LaTeX Warning: Reference `sec:intrinsic-web-reconstruction' on page 5 undefined
 on input line 351.


LaTeX Warning: Reference `sec:natural-pencils' on page 5 undefined on input lin
e 357.


LaTeX Warning: Reference `sec:finite-neighbourhoods' on page 5 undefined on inp
ut line 359.


LaTeX Warning: Reference `sec:relative-spectral-strata' on page 5 undefined on 
input line 360.


LaTeX Warning: Reference `sec:totally-real-likelihood' on page 5 undefined on i
nput line 361.


LaTeX Warning: Reference `sec:structural-coefficient-principle' on page 5 undef
ined on input line 363.


LaTeX Warning: Reference `sec:polarization' on page 5 undefined on input line 3
65.


LaTeX Warning: Reference `sec:classical' on page 5 undefined on input line 365.



LaTeX Warning: Reference `sec:support-literature' on page 5 undefined on input 
line 367.


LaTeX Warning: Citation `Ballico93' on page 5 undefined on input line 382.

) (./parts/02a-uniform-support.tex [5] (./parts/02b-shear-descent.tex)

LaTeX Warning: Reference `thm:uniform-contraction' on page 6 undefined on input
 line 40.


LaTeX Warning: Reference `lem:shear-descent' on page 6 undefined on input line 
52.

[6]

LaTeX Warning: Reference `eq:uniform-j' on page 7 undefined on input line 62.


LaTeX Warning: Citation `KupfermanShachar' on page 7 undefined on input line 80
.


LaTeX Warning: Reference `eq:uniform-j' on page 7 undefined on input line 114.


LaTeX Warning: Reference `eq:cofactor-divergence' on page 7 undefined on input 
line 118.

(./parts/02c-full-orthogonal-harmonics.tex [7]

LaTeX Warning: Reference `eq:full-orthogonal-fischer' on page 8 undefined on in
put line 20.


LaTeX Warning: Citation `DeBieEelbodeRoels' on page 8 undefined on input line 8
0.

)

LaTeX Warning: Reference `thm:uniform-contraction' on page 8 undefined on input
 line 125.

[8]

LaTeX Warning: Reference `lem:full-orthogonal-harmonics' on page 9 undefined on
 input line 134.


LaTeX Warning: Reference `eq:uniform-harmonics' on page 9 undefined on input li
ne 142.


LaTeX Warning: Reference `eq:uniform-j' on page 9 undefined on input line 152.


LaTeX Warning: Reference `eq:uniform-coefficient-rule' on page 9 undefined on i
nput line 165.


LaTeX Warning: Reference `lem:wick-cofactor' on page 9 undefined on input line 
175.


LaTeX Warning: Citation `LandsbergOttaviani' on page 9 undefined on input line 
188.


LaTeX Warning: Citation `Sheridan' on page 9 undefined on input line 188.


LaTeX Warning: Citation `Carlini' on page 9 undefined on input line 191.


LaTeX Warning: Reference `thm:uniform-contraction' on page 9 undefined on input
 line 213.

[9]

LaTeX Warning: Citation `LandsbergOttaviani2010' on page 10 undefined on input 
line 234.


LaTeX Warning: Citation `LandsbergOttaviani' on page 10 undefined on input line
 234.


LaTeX Warning: Reference `thm:uniform-support-table' on page 10 undefined on in
put line 270.


LaTeX Warning: Reference `eq:uniform-pencil-section' on page 10 undefined on in
put line 289.

[10]

LaTeX Warning: Reference `thm:uniform-support-table' on page 11 undefined on in
put line 315.


LaTeX Warning: Reference `thm:uniform-recombination' on page 11 undefined on in
put line 317.


LaTeX Warning: Reference `sec:structural-coefficient-principle' on page 11 unde
fined on input line 344.

) (./parts/02-relations.tex

LaTeX Warning: Reference `eq:Y-intro' on page 11 undefined on input line 32.


LaTeX Warning: Reference `lem:contraction' on page 11 undefined on input line 5
2.

[11] [12]) (./parts/03-fitting-core.tex

LaTeX Warning: Reference `eq:full-matrix-ideal' on page 13 undefined on input l
ine 28.


LaTeX Warning: Reference `eq:firstorder' on page 13 undefined on input line 74.



LaTeX Warning: Reference `eq:full-matrix-ideal' on page 13 undefined on input l
ine 78.


LaTeX Warning: Reference `prop:relative-open' on page 13 undefined on input lin
e 79.

[13]

LaTeX Warning: Reference `eq:normal-global' on page 14 undefined on input line 
87.

) (./parts/12-intrinsic-web-reconstruction.tex [14]

LaTeX Warning: Reference `eq:deepest-cone-equation' on page 15 undefined on inp
ut line 130.

[15]

LaTeX Warning: Reference `lem:rank-one-fano-scheme' on page 16 undefined on inp
ut line 149.

(./parts/12j-intrinsic-descent.tex (./parts/12k-rank-one-fano.tex [16]

LaTeX Warning: Reference `eq:fano-rank-one-scheme' on page 17 undefined on inpu
t line 81.

)

LaTeX Warning: Reference `lem:rank-one-fano-scheme' on page 17 undefined on inp
ut line 25.

[17]

LaTeX Warning: Reference `lem:deepest-normal-cone' on page 18 undefined on inpu
t line 77.


LaTeX Warning: Reference `lem:deepest-normal-cone' on page 18 undefined on inpu
t line 117.


LaTeX Warning: Reference `eq:determinant-line-bundle' on page 18 undefined on i
nput line 123.


LaTeX Warning: Reference `eq:twisted-residual-piece' on page 18 undefined on in
put line 130.


LaTeX Warning: Reference `eq:twisted-residual-piece' on page 18 undefined on in
put line 134.

[18]) (./parts/12a-universal-readout.tex

LaTeX Warning: Reference `eq:universal-coefficient-map' on page 19 undefined on
 input line 52.


LaTeX Warning: Reference `eq:two-web-components' on page 19 undefined on input 
line 64.


LaTeX Warning: Citation `FultonHarris' on page 19 undefined on input line 69.


LaTeX Warning: Citation `DCEP' on page 19 undefined on input line 69.

[19]

LaTeX Warning: Reference `eq:minor-two-summands' on page 20 undefined on input 
line 96.


LaTeX Warning: Reference `eq:fixed-slice-universal' on page 20 undefined on inp
ut line 115.


LaTeX Warning: Reference `eq:explicit-exterior-duality' on page 20 undefined on
 input line 139.

)

LaTeX Warning: Reference `lem:deepest-normal-cone' on page 20 undefined on inpu
t line 196.


LaTeX Warning: Reference `lem:intrinsic-residual-ideal' on page 20 undefined on
 input line 202.


LaTeX Warning: Reference `lem:universal-schur-readout' on page 20 undefined on 
input line 213.

[20]

LaTeX Warning: Reference `lem:readout-exterior-twist' on page 21 undefined on i
nput line 224.


LaTeX Warning: Reference `lem:common-g-functoriality' on page 21 undefined on i
nput line 229.

(./parts/12b-functoriality.tex

LaTeX Warning: Reference `lem:deepest-normal-cone' on page 21 undefined on inpu
t line 20.


LaTeX Warning: Reference `eq:graded-cone-functoriality' on page 21 undefined on
 input line 30.


LaTeX Warning: Citation `StacksNormalCone' on page 21 undefined on input line 3
2.


LaTeX Warning: Reference `lem:rank-one-fano-scheme' on page 21 undefined on inp
ut line 63.


LaTeX Warning: Reference `lem:deepest-normal-cone' on page 21 undefined on inpu
t line 74.


LaTeX Warning: Reference `lem:oriented-segre-descent' on page 21 undefined on i
nput line 75.

[21]

LaTeX Warning: Reference `eq:full-intrinsic-chain' on page 22 undefined on inpu
t line 93.


LaTeX Warning: Reference `lem:intrinsic-residual-ideal' on page 22 undefined on
 input line 114.


LaTeX Warning: Reference `lem:readout-exterior-twist' on page 22 undefined on i
nput line 127.

) (./parts/12d-schur-support.tex [22]

LaTeX Warning: Reference `eq:two-web-components' on page 23 undefined on input 
line 29.


LaTeX Warning: Citation `Carlini' on page 23 undefined on input line 45.

(./parts/12f-structural-lemmas.tex

LaTeX Warning: Reference `lem:shear-descent' on page 23 undefined on input line
 3.

[23]

LaTeX Warning: Reference `eq:explicit-so4-exterior-cube' on page 24 undefined o
n input line 83.

) (./parts/12g-contraction-proof.tex

LaTeX Warning: Reference `eq:polarized-schur-embedding' on page 24 undefined on
 input line 17.


LaTeX Warning: Reference `lem:shear-descent' on page 24 undefined on input line
 23.

[24]

LaTeX Warning: Reference `lem:shear-descent' on page 25 undefined on input line
 51.


LaTeX Warning: Reference `eq:singular-contraction-kernel' on page 25 undefined 
on input line 53.


LaTeX Warning: Reference `lem:orthogonal-exterior-cube' on page 25 undefined on
 input line 77.


LaTeX Warning: Reference `eq:schur-polarization-formula' on page 25 undefined o
n input line 86.


LaTeX Warning: Reference `eq:nonsingular-contraction-kernel' on page 25 undefin
ed on input line 100.

) [25]

LaTeX Warning: Reference `eq:schur-support-table' on page 26 undefined on input
 line 104.


LaTeX Warning: Reference `eq:exterior-support-annihilator' on page 26 undefined
 on input line 112.


LaTeX Warning: Reference `eq:jacobian-schur-normalization' on page 26 undefined
 on input line 157.


LaTeX Warning: Reference `prop:exact-schur-support' on page 26 undefined on inp
ut line 158.


LaTeX Warning: Reference `lem:secant-tangent-support' on page 26 undefined on i
nput line 175.

[26]

LaTeX Warning: Reference `eq:global-reconstruction-open-equality' on page 27 un
defined on input line 185.


LaTeX Warning: Reference `thm:global-schur-recombination' on page 27 undefined 
on input line 209.


LaTeX Warning: Reference `thm:generic-intrinsic-web' on page 27 undefined on in
put line 212.

)

LaTeX Warning: Reference `thm:generic-intrinsic-web' on page 27 undefined on in
put line 236.


LaTeX Warning: Reference `thm:global-schur-recombination' on page 27 undefined 
on input line 237.


LaTeX Warning: Reference `eq:reconstruction-open' on page 27 undefined on input
 line 240.


LaTeX Warning: Reference `lem:differential' on page 27 undefined on input line 
242.


LaTeX Warning: Reference `app:separating-pencils' on page 27 undefined on input
 line 242.


LaTeX Warning: Reference `eq:exact-plucker-pencil' on page 27 undefined on inpu
t line 252.


LaTeX Warning: Reference `lem:common-g-functoriality' on page 27 undefined on i
nput line 262.


LaTeX Warning: Reference `lem:universal-schur-readout' on page 27 undefined on 
input line 263.


LaTeX Warning: Reference `lem:algebra-orbits' on page 27 undefined on input lin
e 273.


LaTeX Warning: Reference `thm:torelli-monodromy' on page 27 undefined on input 
line 279.

[27]

LaTeX Warning: Reference `thm:generic-intrinsic-web' on page 28 undefined on in
put line 289.

) (./parts/13-structural-coefficient-reconstruction.tex

LaTeX Warning: Reference `thm:automatic-quadratic-coefficients' on page 28 unde
fined on input line 9.

[28]

LaTeX Warning: Reference `lem:rank-one-fano-scheme' on page 29 undefined on inp
ut line 83.


LaTeX Warning: Reference `lem:oriented-segre-descent' on page 29 undefined on i
nput line 86.


LaTeX Warning: Reference `thm:main-web-reconstruction' on page 29 undefined on 
input line 121.


LaTeX Warning: Reference `lem:deepest-normal-cone' on page 29 undefined on inpu
t line 125.


LaTeX Warning: Reference `lem:intrinsic-residual-ideal' on page 29 undefined on
 input line 127.


LaTeX Warning: Reference `eq:structural-coefficient-hypothesis' on page 29 unde
fined on input line 128.


LaTeX Warning: Reference `lem:universal-schur-readout' on page 29 undefined on 
input line 129.


LaTeX Warning: Reference `lem:readout-exterior-twist' on page 29 undefined on i
nput line 130.


LaTeX Warning: Reference `thm:global-schur-recombination' on page 29 undefined 
on input line 131.

[29]

LaTeX Warning: Reference `eq:polar-fitting-map' on page 30 undefined on input l
ine 192.


LaTeX Warning: Reference `eq:polar-residual-factorization' on page 30 undefined
 on input line 199.


LaTeX Warning: Reference `thm:structural-coefficient-reconstruction' on page 30
 undefined on input line 247.


LaTeX Warning: Reference `sec:natural-pencils' on page 30 undefined on input li
ne 265.


LaTeX Warning: Reference `eq:polar-system-torelli' on page 30 undefined on inpu
t line 266.

[30]) (./parts/18-natural-pencils.tex

LaTeX Warning: Reference `eq:failure-intro' on page 31 undefined on input line 
23.


LaTeX Warning: Reference `thm:structural-coefficient-reconstruction' on page 31
 undefined on input line 62.

[31]

LaTeX Warning: Reference `eq:general-fitting-factorization' on page 32 undefine
d on input line 103.


LaTeX Warning: Reference `eq:general-normal-cone' on page 32 undefined on input
 line 112.


LaTeX Warning: Reference `lem:rank-one-fano-scheme' on page 32 undefined on inp
ut line 121.


LaTeX Warning: Reference `lem:oriented-segre-descent' on page 32 undefined on i
nput line 129.


LaTeX Warning: Reference `eq:automatic-residual-module' on page 32 undefined on
 input line 135.


LaTeX Warning: Reference `eq:general-exterior-decomposition' on page 32 undefin
ed on input line 144.


LaTeX Warning: Citation `ChengWang' on page 32 undefined on input line 145.


LaTeX Warning: Reference `eq:automatic-residual-module' on page 32 undefined on
 input line 155.

[32]

LaTeX Warning: Reference `thm:automatic-quadratic-coefficients' on page 33 unde
fined on input line 209.


LaTeX Warning: Reference `lem:pencil-irreducibility' on page 33 undefined on in
put line 210.


LaTeX Warning: Reference `eq:general-fitting-factorization' on page 33 undefine
d on input line 231.


LaTeX Warning: Citation `FevolaMandelshtamSturmfels' on page 33 undefined on in
put line 242.

[33]

LaTeX Warning: Reference `eq:natural-pencil-torelli' on page 34 undefined on in
put line 281.


LaTeX Warning: Reference `ex:same-discriminant-distinct-failure' on page 34 und
efined on input line 325.


LaTeX Warning: Citation `SmithQuadrics' on page 34 undefined on input line 331.



LaTeX Warning: Reference `thm:natural-pencil-reconstruction' on page 34 undefin
ed on input line 343.

[34]

LaTeX Warning: Reference `eq:general-fitting-factorization' on page 35 undefine
d on input line 350.


LaTeX Warning: Reference `eq:same-discriminant-pencils' on page 35 undefined on
 input line 351.

) (./parts/20-finite-neighbourhoods.tex

LaTeX Warning: Reference `sec:natural-pencils' on page 35 undefined on input li
ne 18.


LaTeX Warning: Reference `eq:general-fitting-factorization' on page 35 undefine
d on input line 57.

[35]

LaTeX Warning: Reference `eq:finite-homogeneous-ideal' on page 36 undefined on 
input line 80.


LaTeX Warning: Reference `thm:sharp-finite-pencil' on page 36 undefined on inpu
t line 98.


LaTeX Warning: Reference `eq:finite-homogeneous-ideal' on page 36 undefined on 
input line 99.


LaTeX Warning: Reference `eq:finite-neighbourhood-definition' on page 36 undefi
ned on input line 100.


LaTeX Warning: Reference `lem:first-relation-cone' on page 36 undefined on inpu
t line 110.


LaTeX Warning: Reference `thm:automatic-quadratic-coefficients' on page 36 unde
fined on input line 112.


LaTeX Warning: Reference `eq:finite-homogeneous-ideal' on page 36 undefined on 
input line 124.


LaTeX Warning: Reference `lem:pencil-irreducibility' on page 36 undefined on in
put line 125.


LaTeX Warning: Reference `eq:pencil-exterior-duality' on page 36 undefined on i
nput line 127.


LaTeX Warning: Reference `eq:finite-pencil-equivalences' on page 36 undefined o
n input line 135.


LaTeX Warning: Reference `thm:natural-pencil-reconstruction' on page 36 undefin
ed on input line 136.

[36]

LaTeX Warning: Reference `thm:finite-parameter-immersion' on page 37 undefined 
on input line 201.


LaTeX Warning: Reference `eq:general-coefficient-map' on page 37 undefined on i
nput line 202.


LaTeX Warning: Reference `lem:pencil-irreducibility' on page 37 undefined on in
put line 206.


LaTeX Warning: Reference `lem:line-subspace-immersion' on page 37 undefined on 
input line 221.

[37]

LaTeX Warning: Reference `thm:finite-parameter-immersion' on page 38 undefined 
on input line 245.


LaTeX Warning: Reference `thm:sharp-finite-pencil' on page 38 undefined on inpu
t line 272.


LaTeX Warning: Reference `cor:hyperelliptic-failure-invariant' on page 38 undef
ined on input line 273.


LaTeX Warning: Reference `eq:pencil-detection-order' on page 38 undefined on in
put line 274.


LaTeX Warning: Reference `cor:finite-flat-family' on page 38 undefined on input
 line 281.

) (./parts/21-spectral-specialization.tex

LaTeX Warning: Reference `thm:sharp-finite-pencil' on page 38 undefined on inpu
t line 9.


LaTeX Warning: Citation `FevolaMandelshtamSturmfels' on page 38 undefined on in
put line 31.

[38]

LaTeX Warning: Reference `thm:sharp-finite-pencil' on page 39 undefined on inpu
t line 101.


LaTeX Warning: Reference `eq:spectral-torsion-sequence' on page 39 undefined on
 input line 102.


LaTeX Warning: Reference `lem:spectral-sheaf-similarity' on page 39 undefined o
n input line 110.


LaTeX Warning: Reference `lem:artinian-polynomial-square-root' on page 39 undef
ined on input line 116.

[39]

LaTeX Warning: Reference `eq:fixed-discriminant-specialization' on page 40 unde
fined on input line 203.


LaTeX Warning: Reference `eq:spectral-partition-inversion' on page 40 undefined
 on input line 210.


LaTeX Warning: Reference `thm:spectral-finite-torelli' on page 40 undefined on 
input line 216.

[40]

LaTeX Warning: Reference `thm:universal-finite-neighbourhood' on page 41 undefi
ned on input line 223.


LaTeX Warning: Reference `eq:finite-homogeneous-ideal' on page 41 undefined on 
input line 237.


LaTeX Warning: Reference `thm:finite-parameter-immersion' on page 41 undefined 
on input line 243.


LaTeX Warning: Reference `eq:relative-spectral-finite-algebra' on page 41 undef
ined on input line 247.


LaTeX Warning: Citation `FevolaMandelshtamSturmfels' on page 41 undefined on in
put line 272.


LaTeX Warning: Reference `eq:symmetric-specialization-pair' on page 41 undefine
d on input line 276.


LaTeX Warning: Reference `thm:rank-preserving-specialization' on page 41 undefi
ned on input line 297.

) (./parts/22-relative-spectral-strata.tex [41]
Underfull \hbox (badness 1584) in paragraph at lines 22--26
[]\T1/lmr/bx/n/10.95 (+20) Theorem 10.1 \T1/lmr/m/n/10.95 (+20) (Uni-ver-sal ne
igh-bour-hood and ar-bi-trary base change)\T1/lmr/bx/n/10.95 (+20) . \T1/lmr/m/
it/10.95 (+20) The uni-ver-sal

LaTeX Warning: Reference `eq:finite-homogeneous-ideal' on page 42 undefined on 
input line 53.


LaTeX Warning: Reference `thm:finite-parameter-immersion' on page 42 undefined 
on input line 76.


LaTeX Warning: Reference `eq:universal-relation-bundle-map' on page 42 undefine
d on input line 85.


LaTeX Warning: Reference `eq:universal-truncated-algebra' on page 42 undefined 
on input line 94.

[42]

LaTeX Warning: Reference `eq:universal-finite-rank' on page 43 undefined on inp
ut line 102.


LaTeX Warning: Reference `thm:finite-parameter-immersion' on page 43 undefined 
on input line 156.


LaTeX Warning: Reference `thm:finite-parameter-immersion' on page 43 undefined 
on input line 173.


LaTeX Warning: Reference `lem:truncated-spectral-presentation' on page 43 undef
ined on input line 177.


LaTeX Warning: Reference `eq:spectral-incidence-minors' on page 43 undefined on
 input line 180.


LaTeX Warning: Reference `eq:spectral-partition-inversion' on page 43 undefined
 on input line 194.

[43]

LaTeX Warning: Reference `thm:universal-finite-neighbourhood' on page 44 undefi
ned on input line 212.


LaTeX Warning: Citation `FevolaMandelshtamSturmfels' on page 44 undefined on in
put line 215.


LaTeX Warning: Reference `thm:rank-preserving-specialization' on page 44 undefi
ned on input line 217.


LaTeX Warning: Reference `eq:segre-scheme-realization' on page 44 undefined on 
input line 224.

) (./parts/23-real-likelihood.tex

LaTeX Warning: Citation `FevolaMandelshtamSturmfels' on page 44 undefined on in
put line 8.


LaTeX Warning: Reference `eq:grouped-reciprocal-likelihood' on page 44 undefine
d on input line 46.


LaTeX Warning: Citation `FevolaMandelshtamSturmfels' on page 44 undefined on in
put line 54.

[44]

LaTeX Warning: Reference `eq:explicit-real-likelihood-data' on page 45 undefine
d on input line 61.


LaTeX Warning: Reference `thm:totally-real-reciprocal-likelihood' on page 45 un
defined on input line 99.


LaTeX Warning: Reference `eq:real-score-partial-fractions' on page 45 undefined
 on input line 130.

[45]

LaTeX Warning: Reference `eq:real-score-elimination' on page 46 undefined on in
put line 149.

) (./parts/04-polarization.tex

LaTeX Warning: Reference `eq:graph-E' on page 46 undefined on input line 4.

[46]

LaTeX Warning: Reference `eq:vanish-symmetric' on page 47 undefined on input li
ne 36.


LaTeX Warning: Reference `thm:normal-form' on page 47 undefined on input line 6
2.


LaTeX Warning: Reference `eq:line-cancellation' on page 47 undefined on input l
ine 72.


LaTeX Warning: Reference `thm:main-reconstruction' on page 47 undefined on inpu
t line 76.


LaTeX Warning: Reference `prop:canonical-line' on page 47 undefined on input li
ne 81.


LaTeX Warning: Reference `lem:no-functions' on page 47 undefined on input line 
81.


LaTeX Warning: Reference `prop:full-fitting' on page 47 undefined on input line
 101.


LaTeX Warning: Citation `Kollar' on page 47 undefined on input line 123.

[47]) (./parts/05-moduli.tex

LaTeX Warning: Reference `thm:main-moduli' on page 48 undefined on input line 3
.


LaTeX Warning: Reference `sec:certificates' on page 48 undefined on input line 
50.

[48]

LaTeX Warning: Reference `lem:differential' on page 49 undefined on input line 
72.


LaTeX Warning: Reference `prop:relative-open' on page 49 undefined on input lin
e 77.


LaTeX Warning: Citation `Huy' on page 49 undefined on input line 91.


LaTeX Warning: Reference `thm:main-moduli' on page 49 undefined on input line 1
03.


LaTeX Warning: Reference `prop:nine-image' on page 49 undefined on input line 1
04.


LaTeX Warning: Reference `thm:main-reconstruction' on page 49 undefined on inpu
t line 105.


LaTeX Warning: Reference `lem:algebra-orbits' on page 49 undefined on input lin
e 106.


LaTeX Warning: Reference `cor:relative-flat' on page 49 undefined on input line
 118.


LaTeX Warning: Reference `thm:main-reconstruction' on page 49 undefined on inpu
t line 124.


LaTeX Warning: Reference `eq:graph-delta' on page 49 undefined on input line 12
5.

) (./parts/07-classical.tex

LaTeX Warning: Reference `thm:main-reconstruction' on page 49 undefined on inpu
t line 15.

[49]

LaTeX Warning: Citation `IK' on page 50 undefined on input line 40.


LaTeX Warning: Citation `DK' on page 50 undefined on input line 43.


LaTeX Warning: Reference `prop:incidence-bridge' on page 50 undefined on input 
line 43.

) (./parts/15-support-literature.tex

LaTeX Warning: Reference `thm:uniform-contraction' on page 50 undefined on inpu
t line 13.


LaTeX Warning: Reference `eq:exterior-support-annihilator' on page 50 undefined
 on input line 27.


LaTeX Warning: Citation `Carlini' on page 50 undefined on input line 33.

[50]

LaTeX Warning: Reference `prop:exact-schur-support' on page 51 undefined on inp
ut line 58.


LaTeX Warning: Reference `eq:pullback-support-eight' on page 51 undefined on in
put line 74.


LaTeX Warning: Citation `Boralevi' on page 51 undefined on input line 81.


LaTeX Warning: Reference `lem:secant-tangent-support' on page 51 undefined on i
nput line 84.


LaTeX Warning: Citation `LandsbergOttaviani2010' on page 51 undefined on input 
line 92.


LaTeX Warning: Citation `LandsbergOttaviani' on page 51 undefined on input line
 93.


LaTeX Warning: Citation `Sheridan' on page 51 undefined on input line 98.


LaTeX Warning: Reference `thm:uniform-contraction' on page 51 undefined on inpu
t line 108.


LaTeX Warning: Reference `thm:uniform-support-table' on page 51 undefined on in
put line 109.


LaTeX Warning: Citation `LandsbergWeyman' on page 51 undefined on input line 11
7.


LaTeX Warning: Reference `eq:pullback-support-four' on page 51 undefined on inp
ut line 121.


LaTeX Warning: Reference `eq:pullback-support-nine' on page 51 undefined on inp
ut line 121.

[51]

LaTeX Warning: Reference `lem:universal-schur-readout' on page 52 undefined on 
input line 136.


LaTeX Warning: Reference `lem:orthogonal-exterior-cube' on page 52 undefined on
 input line 140.


LaTeX Warning: Reference `thm:uniform-contraction' on page 52 undefined on inpu
t line 144.


LaTeX Warning: Reference `lem:schur-contraction-kernel' on page 52 undefined on
 input line 146.


LaTeX Warning: Citation `Ballico93' on page 52 undefined on input line 157.


LaTeX Warning: Citation `ChengWang' on page 52 undefined on input line 164.


LaTeX Warning: Citation `DeBieEelbodeRoels' on page 52 undefined on input line 
175.


LaTeX Warning: Reference `lem:full-orthogonal-harmonics' on page 52 undefined o
n input line 179.


LaTeX Warning: Reference `lem:wick-cofactor' on page 52 undefined on input line
 186.


LaTeX Warning: Citation `KupfermanShachar' on page 52 undefined on input line 1
88.


LaTeX Warning: Reference `thm:structural-coefficient-reconstruction' on page 52
 undefined on input line 203.


LaTeX Warning: Reference `thm:polar-system-torelli' on page 52 undefined on inp
ut line 205.

(./parts/19-operator-comparison.tex

LaTeX Warning: Citation `HoweClassical' on page 52 undefined on input line 6.


LaTeX Warning: Reference `thm:uniform-contraction' on page 52 undefined on inpu
t line 10.

[52]

LaTeX Warning: Citation `OliveGordan' on page 53 undefined on input line 21.


LaTeX Warning: Reference `sec:uniform-support' on page 53 undefined on input li
ne 49.


LaTeX Warning: Reference `sec:uniform-support' on page 53 undefined on input li
ne 70.


LaTeX Warning: Reference `eq:general-coefficient-map' on page 53 undefined on i
nput line 76.

)) (./parts/17-assistance.tex) (./references.tex [53]
pdfTeX warning (font expansion): font should be expanded before its first use
(/usr/share/texmf/tex/latex/lm/t1lmtt.fd) [54]

LaTeX Warning: Citation `LandsbergOttaviani' on page 55 undefined on input line
 204.


Underfull \hbox (badness 1231) in paragraph at lines 242--246
[]\T1/lmr/m/n/9 (+20) R. Howe, Re-marks on clas-si-cal in-vari-ant the-ory, \T1
/lmr/m/it/9 (+20) Trans. Amer. Math. Soc. \T1/lmr/bx/n/9 (+20) 313 \T1/lmr/m/n/
9 (+20) (1989), 539--570.
) [55] (./geometry.aux)

LaTeX Warning: There were undefined references.


LaTeX Warning: Label(s) may have changed. Rerun to get cross-references right.


Package rerunfilecheck Warning: File `geometry.out' has changed.
(rerunfilecheck)                Rerun to get outlines right
(rerunfilecheck)                or use package `bookmark'.

 )
(see the transcript file for additional information)</usr/share/texlive/texmf-d
ist/fonts/type1/public/amsfonts/euler/eufm10.pfb></usr/share/texmf/fonts/type1/
public/lm/lmbx10.pfb></usr/share/texmf/fonts/type1/public/lm/lmbx9.pfb></usr/sh
are/texmf/fonts/type1/public/lm/lmcsc10.pfb></usr/share/texmf/fonts/type1/publi
c/lm/lmex10.pfb></usr/share/texmf/fonts/type1/public/lm/lmmi10.pfb></usr/share/
texmf/fonts/type1/public/lm/lmmi6.pfb></usr/share/texmf/fonts/type1/public/lm/l
mmi8.pfb></usr/share/texmf/fonts/type1/public/lm/lmmi9.pfb></usr/share/texmf/fo
nts/type1/public/lm/lmr10.pfb></usr/share/texmf/fonts/type1/public/lm/lmr6.pfb>
</usr/share/texmf/fonts/type1/public/lm/lmr8.pfb></usr/share/texmf/fonts/type1/
public/lm/lmr9.pfb></usr/share/texmf/fonts/type1/public/lm/lmri10.pfb></usr/sha
re/texmf/fonts/type1/public/lm/lmri9.pfb></usr/share/texmf/fonts/type1/public/l
m/lmsy10.pfb></usr/share/texmf/fonts/type1/public/lm/lmsy6.pfb></usr/share/texm
f/fonts/type1/public/lm/lmsy8.pfb></usr/share/texmf/fonts/type1/public/lm/lmsy9
.pfb></usr/share/texmf/fonts/type1/public/lm/lmtt9.pfb></usr/share/texlive/texm
f-dist/fonts/type1/public/amsfonts/symbols/msam10.pfb></usr/share/texlive/texmf
-dist/fonts/type1/public/amsfonts/symbols/msbm10.pfb></usr/share/texlive/texmf-
dist/fonts/type1/public/rsfs/rsfs10.pfb>
Output written on geometry.pdf (55 pages, 702648 bytes).
Transcript written on geometry.log.
