{
  "revision": 140,
  "ok": true,
  "checks": {
    "symmetric_pair": true,
    "nilpotent_rank_one_N": true,
    "factorization_all_t": true,
    "power_formula_all_t": true,
    "determinant_all_t": true,
    "rank_two_all_t_kernel": true,
    "ranks_at_generic_and_special": true,
    "fixed_complement": true,
    "full_determinantal_divisors": true,
    "inverse_formula": true,
    "reciprocal_spans": true,
    "length_profiles": true,
    "spectator_formula_dimensions_4_to_8": true
  },
  "coefficient_domain": "Q(i)(t), exact symbolic arithmetic",
  "minor_gcds": {
    "generic": [
      "1",
      "1",
      "z",
      "z**4"
    ],
    "special": [
      "1",
      "1",
      "z**2",
      "z**4"
    ]
  },
  "spectator_cases": [
    {
      "n": 4,
      "d": 20,
      "finite_flat_rank": 7307872065
    },
    {
      "n": 5,
      "d": 31,
      "finite_flat_rank": 5574440580220407
    },
    {
      "n": 6,
      "d": 44,
      "finite_flat_rank": 72375774809317008101590
    },
    {
      "n": 7,
      "d": 59,
      "finite_flat_rank": 15702543118395599603052556320822
    },
    {
      "n": 8,
      "d": 76,
      "finite_flat_rank": 56268815755796132645259780703489116803520
    }
  ],
  "not_machine_certified": [
    "intrinsic recovery of the entire projective socle neighbourhood",
    "global flatness and arbitrary base change of the relation subbundle",
    "all-dimensional spectral sheaf classification proof",
    "historical exhaustiveness or journal-level significance"
  ],
  "script_sha256": "5cca0da2aec047f65b10e0d1b070778c079380c9690dbfc2d61069552f897139"
}
