{
  "formal_proof_certificate": false,
  "groups": {
    "Bernstein_bias_variance_balance": 4,
    "Bernstein_linear_remainder_smaller": 4,
    "absolute_cell_error_balance": 4,
    "cell_second_derivative_noise": 512,
    "cell_tensor_reproduction": 81,
    "central_proof_present": 5,
    "citation_resolves": 8,
    "coherent_density_reversal": 200,
    "divisor_sum_count": 32,
    "dual_membership": 18701,
    "flux_factor_recovery": 200,
    "foot_speed": 135,
    "incidence_record_order_and_reversal": 160,
    "index_annihilates_quotient": 18701,
    "input_exists": 6,
    "integer_locking_separation": 72,
    "labels_unique": 1,
    "nonlinear_stationary_curvature": 90,
    "opposite_curvature": 135,
    "overlattice_index": 857,
    "prime_example_distinct": 34,
    "prime_example_index": 34,
    "prime_example_no_intermediate_axis_centers": 334,
    "prime_example_off_axis_clearance": 334,
    "prime_example_physical_candidate_count": 5,
    "primitive_unique_control": 32,
    "reference_resolves": 56,
    "row_HNF_unique": 857,
    "source_curvature": 135,
    "twist_frame_margins": 135,
    "two_density_cubic_jet_identity": 2000
  },
  "numerical": {
    "families": 5,
    "max_absolute_curvature_error": 1.2312545871751013e-08,
    "points_per_family": 9
  },
  "schema": "a2-v19-finite-checks-1",
  "status": "passed",
  "total_checks": 43864
}
