{
  "executed_physical_scanner": false,
  "formal_proof_certificate": false,
  "groups": {
    "adaptive_cover_union_bound": 48,
    "adaptive_hazard_absence_bound": 120,
    "adaptive_producer_probability": 311,
    "adaptive_state_mass": 48,
    "bias_variance_balance": 5,
    "boundary_mixture_TV": 288,
    "cells_bounded_by_samples": 5,
    "complete_cell_uniformity": 288,
    "completion_defect_identity": 256,
    "continuous_boundary_constant": 24,
    "current_epoch_tail_union": 13,
    "finite_epoch_preparation_cost": 60,
    "finite_expected_launch_cost_condition": 1,
    "fourth_moment_tail_condition": 1,
    "free_tile_count": 288,
    "gcd_235_saturation": 1,
    "incomplete_gap": 252,
    "infinite_error_budget_integral_bound": 1,
    "input_exists": 9,
    "launch_acceptance_lower_bound": 24,
    "launch_chernoff_exponent": 1,
    "linear_bernstein_smaller": 5,
    "logarithmic_witness_bound": 162,
    "no_primitive_pair_example": 1,
    "periodic_gate_contraction": 864,
    "preparation_bias_balance": 5,
    "principal_result_present": 8,
    "proper_subgroup_control": 1,
    "rational_denominator_separation": 1984,
    "resolved_cross_reference": 90,
    "retained_generators_same_group_index": 162,
    "reviewed_core_blob": 3,
    "robust_acceptance_no_false_positive": 768,
    "strict_enlargement_halves_index": 250,
    "unique_labels": 1,
    "unique_noisy_rational_decoding": 123,
    "unresolved_arithmetic_fails_closed": 1,
    "varying_hazard_product": 90,
    "witness_index_divisibility": 250,
    "witness_saturation": 162,
    "zero_iff_complete": 256
  },
  "new_finite_checks": 7230,
  "retained_selected": {
    "groups": {
      "Bernstein_bias_variance_balance": 4,
      "Bernstein_linear_remainder_smaller": 4,
      "absolute_cell_error_balance": 4,
      "cell_second_derivative_noise": 512,
      "cell_tensor_reproduction": 81,
      "coherent_density_reversal": 200,
      "flux_factor_recovery": 200,
      "foot_speed": 135,
      "nonlinear_stationary_curvature": 90,
      "opposite_curvature": 135,
      "source_curvature": 135,
      "twist_frame_margins": 135,
      "two_density_cubic_jet_identity": 2000
    },
    "numerical": {
      "families": 5,
      "max_absolute_curvature_error": 1.2312545871751013e-08,
      "points_per_family": 9
    },
    "scope": "Selected retained local curvature/density/bin identities, not the v19 complete suite",
    "total_checks": 3635
  },
  "schema": "a2-v23-finite-diagnostics-1",
  "status": "passed"
}
