This is pdfTeX, Version 3.141592653-2.6-1.40.25 (TeX Live 2023/Debian) (preloaded format=pdflatex)
 restricted \write18 enabled.
entering extended mode
(./geometry.tex
LaTeX2e <2023-11-01> patch level 1
L3 programming layer <2024-01-22>
(./preamble.tex (/usr/share/texlive/texmf-dist/tex/latex/amscls/amsart.cls
Document Class: amsart 2020/05/29 v2.20.6
(/usr/share/texlive/texmf-dist/tex/latex/amsmath/amsmath.sty
For additional information on amsmath, use the `?' option.
(/usr/share/texlive/texmf-dist/tex/latex/amsmath/amstext.sty
(/usr/share/texlive/texmf-dist/tex/latex/amsmath/amsgen.sty))
(/usr/share/texlive/texmf-dist/tex/latex/amsmath/amsbsy.sty)
(/usr/share/texlive/texmf-dist/tex/latex/amsmath/amsopn.sty))
(/usr/share/texlive/texmf-dist/tex/latex/amsfonts/umsa.fd)
(/usr/share/texlive/texmf-dist/tex/latex/amsfonts/amsfonts.sty))
(/usr/share/texlive/texmf-dist/tex/latex/base/fontenc.sty)
(/usr/share/texmf/tex/latex/lm/lmodern.sty)
(/usr/share/texlive/texmf-dist/tex/latex/amsmath/amscd.sty)
(/usr/share/texlive/texmf-dist/tex/latex/amsfonts/amssymb.sty)
(/usr/share/texlive/texmf-dist/tex/latex/mathtools/mathtools.sty
(/usr/share/texlive/texmf-dist/tex/latex/graphics/keyval.sty)
(/usr/share/texlive/texmf-dist/tex/latex/tools/calc.sty)
(/usr/share/texlive/texmf-dist/tex/latex/mathtools/mhsetup.sty))
(/usr/share/texlive/texmf-dist/tex/latex/jknapltx/mathrsfs.sty)
(/usr/share/texlive/texmf-dist/tex/latex/microtype/microtype.sty
(/usr/share/texlive/texmf-dist/tex/latex/etoolbox/etoolbox.sty)
(/usr/share/texlive/texmf-dist/tex/latex/microtype/microtype-pdftex.def)
(/usr/share/texlive/texmf-dist/tex/latex/microtype/microtype.cfg))
(/usr/share/texlive/texmf-dist/tex/latex/booktabs/booktabs.sty)
(/usr/share/texlive/texmf-dist/tex/latex/tools/longtable.sty)
(/usr/share/texlive/texmf-dist/tex/latex/geometry/geometry.sty
(/usr/share/texlive/texmf-dist/tex/generic/iftex/ifvtex.sty
(/usr/share/texlive/texmf-dist/tex/generic/iftex/iftex.sty)))
(/usr/share/texlive/texmf-dist/tex/latex/hyperref/xr-hyper.sty)
(/usr/share/texlive/texmf-dist/tex/latex/hyperref/hyperref.sty
(/usr/share/texlive/texmf-dist/tex/latex/kvsetkeys/kvsetkeys.sty)
(/usr/share/texlive/texmf-dist/tex/generic/kvdefinekeys/kvdefinekeys.sty)
(/usr/share/texlive/texmf-dist/tex/generic/pdfescape/pdfescape.sty
(/usr/share/texlive/texmf-dist/tex/generic/ltxcmds/ltxcmds.sty)
(/usr/share/texlive/texmf-dist/tex/generic/pdftexcmds/pdftexcmds.sty
(/usr/share/texlive/texmf-dist/tex/generic/infwarerr/infwarerr.sty)))
(/usr/share/texlive/texmf-dist/tex/latex/hycolor/hycolor.sty)
(/usr/share/texlive/texmf-dist/tex/latex/auxhook/auxhook.sty)
(/usr/share/texlive/texmf-dist/tex/latex/hyperref/nameref.sty
(/usr/share/texlive/texmf-dist/tex/latex/refcount/refcount.sty)
(/usr/share/texlive/texmf-dist/tex/generic/gettitlestring/gettitlestring.sty
(/usr/share/texlive/texmf-dist/tex/latex/kvoptions/kvoptions.sty)))
(/usr/share/texlive/texmf-dist/tex/latex/hyperref/pd1enc.def)
(/usr/share/texlive/texmf-dist/tex/generic/intcalc/intcalc.sty)
(/usr/share/texlive/texmf-dist/tex/latex/hyperref/puenc.def)
(/usr/share/texlive/texmf-dist/tex/latex/url/url.sty)
(/usr/share/texlive/texmf-dist/tex/generic/bitset/bitset.sty
(/usr/share/texlive/texmf-dist/tex/generic/bigintcalc/bigintcalc.sty))
(/usr/share/texlive/texmf-dist/tex/latex/base/atbegshi-ltx.sty))
(/usr/share/texlive/texmf-dist/tex/latex/hyperref/hpdftex.def
(/usr/share/texlive/texmf-dist/tex/latex/base/atveryend-ltx.sty)
(/usr/share/texlive/texmf-dist/tex/latex/rerunfilecheck/rerunfilecheck.sty
(/usr/share/texlive/texmf-dist/tex/generic/uniquecounter/uniquecounter.sty))))
(/usr/share/texmf/tex/latex/lm/t1lmr.fd)
(/usr/share/texlive/texmf-dist/tex/latex/l3backend/l3backend-pdftex.def)
No file geometry.aux.
(/usr/share/texmf/tex/latex/lm/ot1lmr.fd)
(/usr/share/texmf/tex/latex/lm/omllmm.fd)
(/usr/share/texmf/tex/latex/lm/omslmsy.fd)
(/usr/share/texmf/tex/latex/lm/omxlmex.fd)
(/usr/share/texlive/texmf-dist/tex/latex/amsfonts/umsa.fd)
(/usr/share/texlive/texmf-dist/tex/latex/amsfonts/umsb.fd)
(/usr/share/texlive/texmf-dist/tex/latex/jknapltx/ursfs.fd)
(/usr/share/texlive/texmf-dist/tex/latex/graphics/graphicx.sty
(/usr/share/texlive/texmf-dist/tex/latex/graphics/graphics.sty
(/usr/share/texlive/texmf-dist/tex/latex/graphics/trig.sty)
(/usr/share/texlive/texmf-dist/tex/latex/graphics-cfg/graphics.cfg)
(/usr/share/texlive/texmf-dist/tex/latex/graphics-def/pdftex.def
(/usr/share/texlive/texmf-dist/tex/context/base/mkii/supp-pdf.mkii
[Loading MPS to PDF converter (version 2006.09.02).]
))) (/usr/share/texlive/texmf-dist/tex/latex/epstopdf-pkg/epstopdf-base.sty
(/usr/share/texlive/texmf-dist/tex/latex/latexconfig/epstopdf-sys.cfg)))
(/usr/share/texlive/texmf-dist/tex/latex/microtype/mt-cmr.cfg)
*geometry* driver: auto-detecting
*geometry* detected driver: pdftex
(./frontmatter-v145.tex) (./parts/00-principal-introduction-v145.tex
(/usr/share/texlive/texmf-dist/tex/latex/microtype/mt-msa.cfg)
(/usr/share/texlive/texmf-dist/tex/latex/microtype/mt-msb.cfg)
(/usr/share/texlive/texmf-dist/tex/latex/amsfonts/ueuf.fd)
(/usr/share/texlive/texmf-dist/tex/latex/microtype/mt-euf.cfg) [1{/var/lib/texm
f/fonts/map/pdftex/updmap/pdftex.map}{/usr/share/texmf/fonts/enc/dvips/lm/lm-ec
.enc}{/usr/share/texmf/fonts/enc/dvips/lm/lm-mathit.enc}{/usr/share/texmf/fonts
/enc/dvips/lm/lm-mathsy.enc}{/usr/share/texmf/fonts/enc/dvips/lm/lm-rm.enc}{/us
r/share/texmf/fonts/enc/dvips/lm/lm-mathex.enc}]

LaTeX Warning: Reference `thm:sharp-finite-pencil' on page 2 undefined on input
 line 54.


LaTeX Warning: Reference `cor:schubert-line-reconstruction-v145' on page 2 unde
fined on input line 56.


LaTeX Warning: Reference `thm:curve-reconstruction-v145' on page 2 undefined on
 input line 57.


LaTeX Warning: Reference `thm:structural-coefficient-reconstruction' on page 2 
undefined on input line 83.


LaTeX Warning: Reference `thm:finite-parameter-immersion' on page 2 undefined o
n input line 94.


LaTeX Warning: Reference `thm:universal-finite-neighbourhood' on page 2 undefin
ed on input line 98.


LaTeX Warning: Reference `thm:fixed-spectral-classification' on page 2 undefine
d on input line 113.


LaTeX Warning: Citation `FevolaMandelshtamSturmfels' on page 2 undefined on inp
ut line 121.


LaTeX Warning: Reference `lem:orthogonal-orbits-v145' on page 2 undefined on in
put line 123.


LaTeX Warning: Citation `Ohta1986' on page 2 undefined on input line 124.

[2]

LaTeX Warning: Citation `Ballico96' on page 3 undefined on input line 129.


LaTeX Warning: Citation `Ballico93' on page 3 undefined on input line 134.

) (./parts/00-ruling-foundations-v145.tex (./parts/12k-rank-one-fano.tex
[3]

LaTeX Warning: Reference `eq:fano-rank-one-scheme' on page 4 undefined on input
 line 81.

)

LaTeX Warning: Reference `lem:rank-one-fano-scheme' on page 4 undefined on inpu
t line 31.

[4]) (./parts/13a-criterion-v145.tex

LaTeX Warning: Reference `lem:rank-one-fano-scheme' on page 5 undefined on inpu
t line 79.


LaTeX Warning: Reference `lem:oriented-segre-descent' on page 5 undefined on in
put line 82.

[5]) (./parts/18-pencil-proof-v145.tex

LaTeX Warning: Reference `eq:failure-intro' on page 6 undefined on input line 2
3.

[6]

LaTeX Warning: Reference `thm:structural-coefficient-reconstruction' on page 7 
undefined on input line 62.


LaTeX Warning: Reference `eq:general-fitting-factorization' on page 7 undefined
 on input line 103.


LaTeX Warning: Reference `eq:general-normal-cone' on page 7 undefined on input 
line 112.


LaTeX Warning: Reference `lem:rank-one-fano-scheme' on page 7 undefined on inpu
t line 121.


LaTeX Warning: Reference `lem:oriented-segre-descent' on page 7 undefined on in
put line 129.


LaTeX Warning: Reference `eq:automatic-residual-module' on page 7 undefined on 
input line 135.


LaTeX Warning: Reference `eq:general-exterior-decomposition' on page 7 undefine
d on input line 144.


LaTeX Warning: Citation `ChengWang' on page 7 undefined on input line 145.


LaTeX Warning: Reference `eq:automatic-residual-module' on page 7 undefined on 
input line 155.

[7]

LaTeX Warning: Reference `thm:automatic-quadratic-coefficients' on page 8 undef
ined on input line 209.


LaTeX Warning: Reference `lem:pencil-irreducibility' on page 8 undefined on inp
ut line 210.


LaTeX Warning: Reference `eq:general-fitting-factorization' on page 8 undefined
 on input line 231.


LaTeX Warning: Citation `FevolaMandelshtamSturmfels' on page 8 undefined on inp
ut line 242.

[8]

LaTeX Warning: Reference `eq:natural-pencil-torelli' on page 9 undefined on inp
ut line 281.


LaTeX Warning: Reference `ex:same-discriminant-distinct-failure' on page 9 unde
fined on input line 325.

[9]

LaTeX Warning: Citation `SmithQuadrics' on page 10 undefined on input line 331.



LaTeX Warning: Reference `thm:natural-pencil-reconstruction' on page 10 undefin
ed on input line 343.


LaTeX Warning: Reference `eq:general-fitting-factorization' on page 10 undefine
d on input line 350.


LaTeX Warning: Reference `eq:same-discriminant-pencils' on page 10 undefined on
 input line 351.

) (./parts/20-finite-neighbourhoods.tex

LaTeX Warning: Reference `sec:natural-pencils' on page 10 undefined on input li
ne 18.

[10]

LaTeX Warning: Reference `eq:general-fitting-factorization' on page 11 undefine
d on input line 57.


LaTeX Warning: Reference `eq:finite-homogeneous-ideal' on page 11 undefined on 
input line 80.


LaTeX Warning: Reference `thm:sharp-finite-pencil' on page 11 undefined on inpu
t line 98.


LaTeX Warning: Reference `eq:finite-homogeneous-ideal' on page 11 undefined on 
input line 99.


LaTeX Warning: Reference `eq:finite-neighbourhood-definition' on page 11 undefi
ned on input line 100.


LaTeX Warning: Reference `lem:first-relation-cone' on page 11 undefined on inpu
t line 110.


LaTeX Warning: Reference `thm:automatic-quadratic-coefficients' on page 11 unde
fined on input line 112.


LaTeX Warning: Reference `eq:finite-homogeneous-ideal' on page 11 undefined on 
input line 124.


LaTeX Warning: Reference `lem:pencil-irreducibility' on page 11 undefined on in
put line 125.


LaTeX Warning: Reference `eq:pencil-exterior-duality' on page 11 undefined on i
nput line 127.

[11]

LaTeX Warning: Reference `eq:finite-pencil-equivalences' on page 12 undefined o
n input line 135.


LaTeX Warning: Reference `thm:natural-pencil-reconstruction' on page 12 undefin
ed on input line 136.


LaTeX Warning: Reference `thm:finite-parameter-immersion' on page 12 undefined 
on input line 201.


LaTeX Warning: Reference `eq:general-coefficient-map' on page 12 undefined on i
nput line 202.


LaTeX Warning: Reference `lem:pencil-irreducibility' on page 12 undefined on in
put line 206.


LaTeX Warning: Reference `lem:line-subspace-immersion' on page 12 undefined on 
input line 221.

[12]

LaTeX Warning: Reference `thm:finite-parameter-immersion' on page 13 undefined 
on input line 245.


LaTeX Warning: Reference `thm:sharp-finite-pencil' on page 13 undefined on inpu
t line 272.


LaTeX Warning: Reference `cor:hyperelliptic-failure-invariant' on page 13 undef
ined on input line 273.


LaTeX Warning: Reference `eq:pencil-detection-order' on page 13 undefined on in
put line 274.


LaTeX Warning: Reference `cor:finite-flat-family' on page 13 undefined on input
 line 281.

) (./parts/29-curve-reconstruction-v145.tex [13]

LaTeX Warning: Reference `eq:curve-failure-ideal-v145' on page 14 undefined on 
input line 55.


LaTeX Warning: Reference `eq:finite-coefficient-factorization' on page 14 undef
ined on input line 58.


LaTeX Warning: Reference `lem:first-relation-cone' on page 14 undefined on inpu
t line 71.


LaTeX Warning: Reference `lem:oriented-segre-descent' on page 14 undefined on i
nput line 85.


LaTeX Warning: Reference `thm:structural-coefficient-reconstruction' on page 14
 undefined on input line 89.


LaTeX Warning: Reference `lem:pencil-irreducibility' on page 14 undefined on in
put line 90.


LaTeX Warning: Reference `eq:pencil-exterior-duality' on page 14 undefined on i
nput line 92.


LaTeX Warning: Reference `eq:curve-torelli-v145' on page 14 undefined on input 
line 94.


LaTeX Warning: Reference `eq:curve-failure-ideal-v145' on page 14 undefined on 
input line 120.


LaTeX Warning: Reference `thm:curve-reconstruction-v145' on page 14 undefined o
n input line 123.

[14]) (./parts/21-spectral-specialization.tex

LaTeX Warning: Reference `thm:sharp-finite-pencil' on page 15 undefined on inpu
t line 9.


LaTeX Warning: Citation `FevolaMandelshtamSturmfels' on page 15 undefined on in
put line 31.

[15]

LaTeX Warning: Reference `thm:sharp-finite-pencil' on page 16 undefined on inpu
t line 101.


LaTeX Warning: Reference `eq:spectral-torsion-sequence' on page 16 undefined on
 input line 102.


LaTeX Warning: Reference `lem:spectral-sheaf-similarity' on page 16 undefined o
n input line 110.


LaTeX Warning: Reference `lem:artinian-polynomial-square-root' on page 16 undef
ined on input line 116.

[16]

LaTeX Warning: Reference `eq:fixed-discriminant-specialization' on page 17 unde
fined on input line 203.


LaTeX Warning: Reference `eq:spectral-partition-inversion' on page 17 undefined
 on input line 210.


LaTeX Warning: Reference `thm:spectral-finite-torelli' on page 17 undefined on 
input line 216.


LaTeX Warning: Reference `thm:universal-finite-neighbourhood' on page 17 undefi
ned on input line 223.

[17]

LaTeX Warning: Reference `eq:finite-homogeneous-ideal' on page 18 undefined on 
input line 237.


LaTeX Warning: Reference `thm:finite-parameter-immersion' on page 18 undefined 
on input line 243.


LaTeX Warning: Reference `eq:relative-spectral-finite-algebra' on page 18 undef
ined on input line 247.


LaTeX Warning: Citation `FevolaMandelshtamSturmfels' on page 18 undefined on in
put line 272.


LaTeX Warning: Reference `eq:symmetric-specialization-pair' on page 18 undefine
d on input line 276.


LaTeX Warning: Reference `thm:rank-preserving-specialization' on page 18 undefi
ned on input line 297.

) (./parts/22-relative-spectral-strata.tex [18]

LaTeX Warning: Reference `eq:finite-homogeneous-ideal' on page 19 undefined on 
input line 53.


LaTeX Warning: Reference `thm:finite-parameter-immersion' on page 19 undefined 
on input line 76.


LaTeX Warning: Reference `eq:universal-relation-bundle-map' on page 19 undefine
d on input line 85.


LaTeX Warning: Reference `eq:universal-truncated-algebra' on page 19 undefined 
on input line 94.


LaTeX Warning: Reference `eq:universal-finite-rank' on page 19 undefined on inp
ut line 102.

[19]

LaTeX Warning: Reference `thm:finite-parameter-immersion' on page 20 undefined 
on input line 156.


LaTeX Warning: Reference `thm:finite-parameter-immersion' on page 20 undefined 
on input line 173.


LaTeX Warning: Reference `lem:truncated-spectral-presentation' on page 20 undef
ined on input line 177.


LaTeX Warning: Reference `eq:spectral-incidence-minors' on page 20 undefined on
 input line 180.


LaTeX Warning: Reference `eq:spectral-partition-inversion' on page 20 undefined
 on input line 194.

[20]

LaTeX Warning: Reference `thm:universal-finite-neighbourhood' on page 21 undefi
ned on input line 212.


LaTeX Warning: Citation `FevolaMandelshtamSturmfels' on page 21 undefined on in
put line 215.


LaTeX Warning: Reference `thm:rank-preserving-specialization' on page 21 undefi
ned on input line 217.


LaTeX Warning: Reference `eq:segre-scheme-realization' on page 21 undefined on 
input line 224.

) (./parts/25-fixed-spectral-strata-v145.tex

LaTeX Warning: Reference `sec:relative-spectral-strata' on page 21 undefined on
 input line 4.


LaTeX Warning: Reference `sec:spectral-specialization' on page 21 undefined on 
input line 5.

(./parts/30-orthogonal-input-v145.tex

LaTeX Warning: Citation `Ohta1986' on page 21 undefined on input line 29.


LaTeX Warning: Citation `Ohta1986' on page 21 undefined on input line 31.

[21]

LaTeX Warning: Citation `Ohta1986' on page 22 undefined on input line 44.


LaTeX Warning: Citation `Ohta1986' on page 22 undefined on input line 52.

)

LaTeX Warning: Reference `eq:fixed-spectral-locus' on page 22 undefined on inpu
t line 53.

[22]

LaTeX Warning: Reference `eq:fixed-spectral-dominance' on page 23 undefined on 
input line 73.


LaTeX Warning: Reference `lem:orthogonal-orbits-v145' on page 23 undefined on i
nput line 78.


LaTeX Warning: Citation `FevolaMandelshtamSturmfels' on page 23 undefined on in
put line 81.


LaTeX Warning: Reference `eq:fixed-spectral-orbit-dimension' on page 23 undefin
ed on input line 95.


LaTeX Warning: Reference `thm:spectral-finite-torelli' on page 23 undefined on 
input line 98.


LaTeX Warning: Reference `thm:universal-finite-neighbourhood' on page 23 undefi
ned on input line 130.

[23]

LaTeX Warning: Reference `thm:finite-parameter-immersion' on page 24 undefined 
on input line 174.


LaTeX Warning: Reference `thm:finite-parameter-immersion' on page 24 undefined 
on input line 204.

) (./parts/17-assistance.tex) (./references-main-v145.tex [24]) [25]
(./geometry.aux)

LaTeX Warning: There were undefined references.


LaTeX Warning: Label(s) may have changed. Rerun to get cross-references right.


Package rerunfilecheck Warning: File `geometry.out' has changed.
(rerunfilecheck)                Rerun to get outlines right
(rerunfilecheck)                or use package `bookmark'.

 )</usr/share/texlive/texmf-dist/fonts/type1/public/amsfonts/euler/eufm10.pfb><
/usr/share/texmf/fonts/type1/public/lm/lmbx10.pfb></usr/share/texmf/fonts/type1
/public/lm/lmbx9.pfb></usr/share/texmf/fonts/type1/public/lm/lmcsc10.pfb></usr/
share/texmf/fonts/type1/public/lm/lmex10.pfb></usr/share/texmf/fonts/type1/publ
ic/lm/lmmi10.pfb></usr/share/texmf/fonts/type1/public/lm/lmmi6.pfb></usr/share/
texmf/fonts/type1/public/lm/lmmi8.pfb></usr/share/texmf/fonts/type1/public/lm/l
mmi9.pfb></usr/share/texmf/fonts/type1/public/lm/lmmib10.pfb></usr/share/texmf/
fonts/type1/public/lm/lmr10.pfb></usr/share/texmf/fonts/type1/public/lm/lmr6.pf
b></usr/share/texmf/fonts/type1/public/lm/lmr8.pfb></usr/share/texmf/fonts/type
1/public/lm/lmr9.pfb></usr/share/texmf/fonts/type1/public/lm/lmri10.pfb></usr/s
hare/texmf/fonts/type1/public/lm/lmri9.pfb></usr/share/texmf/fonts/type1/public
/lm/lmsy10.pfb></usr/share/texmf/fonts/type1/public/lm/lmsy6.pfb></usr/share/te
xmf/fonts/type1/public/lm/lmsy8.pfb></usr/share/texmf/fonts/type1/public/lm/lms
y9.pfb></usr/share/texlive/texmf-dist/fonts/type1/public/amsfonts/symbols/msam1
0.pfb></usr/share/texlive/texmf-dist/fonts/type1/public/amsfonts/symbols/msbm10
.pfb>
Output written on geometry.pdf (25 pages, 481710 bytes).
Transcript written on geometry.log.
