{
  "revision": 141,
  "audit": "relative spectral and square-root calculations",
  "ok": true,
  "arithmetic": "exact symbolic rational and Gaussian-rational arithmetic",
  "partition_configurations": 65,
  "checks": {
    "Artin-root-1-1": true,
    "Artin-root-1-2": true,
    "Artin-root-1-3": true,
    "Artin-root-1-4": true,
    "Artin-root-1-5": true,
    "Artin-root-1-6": true,
    "Artin-root-1-7": true,
    "Artin-root-1-8": true,
    "Artin-root-4-1": true,
    "Artin-root-4-2": true,
    "Artin-root-4-3": true,
    "Artin-root-4-4": true,
    "Artin-root-4-5": true,
    "Artin-root-4-6": true,
    "Artin-root-4-7": true,
    "Artin-root-4-8": true,
    "Artin-root-9-1": true,
    "Artin-root-9-2": true,
    "Artin-root-9-3": true,
    "Artin-root-9-4": true,
    "Artin-root-9-5": true,
    "Artin-root-9-6": true,
    "Artin-root-9-7": true,
    "Artin-root-9-8": true,
    "Artin-root--1-1": true,
    "Artin-root--1-2": true,
    "Artin-root--1-3": true,
    "Artin-root--1-4": true,
    "Artin-root--1-5": true,
    "Artin-root--1-6": true,
    "Artin-root--1-7": true,
    "Artin-root--1-8": true,
    "CRT-square-root": true,
    "nonsemisimple-matrix-root": true,
    "self-adjoint-hypotheses": true,
    "two-form-congruence": true,
    "root-commutes": true,
    "polynomial-module-map-1": true,
    "polynomial-module-map-2": true,
    "full-Fitting-ideal-not-just-support": true,
    "polynomial-module-map-3": true,
    "polynomial-module-map-4": true,
    "dual-number-spectral-incidence": true,
    "dual-number-nonzero-incidence-ideal": true,
    "partition-2-(2,)": true,
    "partition-2-(1, 1)": true,
    "partition-3-(3,)": true,
    "partition-3-(2, 1)": true,
    "partition-3-(1, 1, 1)": true,
    "partition-4-(4,)": true,
    "partition-4-(3, 1)": true,
    "partition-4-(2, 2)": true,
    "partition-4-(2, 1, 1)": true,
    "partition-4-(1, 1, 1, 1)": true,
    "partition-5-(5,)": true,
    "partition-5-(4, 1)": true,
    "partition-5-(3, 2)": true,
    "partition-5-(3, 1, 1)": true,
    "partition-5-(2, 2, 1)": true,
    "partition-5-(2, 1, 1, 1)": true,
    "partition-5-(1, 1, 1, 1, 1)": true,
    "partition-6-(6,)": true,
    "partition-6-(5, 1)": true,
    "partition-6-(4, 2)": true,
    "partition-6-(4, 1, 1)": true,
    "partition-6-(3, 3)": true,
    "partition-6-(3, 2, 1)": true,
    "partition-6-(3, 1, 1, 1)": true,
    "partition-6-(2, 2, 2)": true,
    "partition-6-(2, 2, 1, 1)": true,
    "partition-6-(2, 1, 1, 1, 1)": true,
    "partition-6-(1, 1, 1, 1, 1, 1)": true,
    "partition-7-(7,)": true,
    "partition-7-(6, 1)": true,
    "partition-7-(5, 2)": true,
    "partition-7-(5, 1, 1)": true,
    "partition-7-(4, 3)": true,
    "partition-7-(4, 2, 1)": true,
    "partition-7-(4, 1, 1, 1)": true,
    "partition-7-(3, 3, 1)": true,
    "partition-7-(3, 2, 2)": true,
    "partition-7-(3, 2, 1, 1)": true,
    "partition-7-(3, 1, 1, 1, 1)": true,
    "partition-7-(2, 2, 2, 1)": true,
    "partition-7-(2, 2, 1, 1, 1)": true,
    "partition-7-(2, 1, 1, 1, 1, 1)": true,
    "partition-7-(1, 1, 1, 1, 1, 1, 1)": true,
    "partition-8-(8,)": true,
    "partition-8-(7, 1)": true,
    "partition-8-(6, 2)": true,
    "partition-8-(6, 1, 1)": true,
    "partition-8-(5, 3)": true,
    "partition-8-(5, 2, 1)": true,
    "partition-8-(5, 1, 1, 1)": true,
    "partition-8-(4, 4)": true,
    "partition-8-(4, 3, 1)": true,
    "partition-8-(4, 2, 2)": true,
    "partition-8-(4, 2, 1, 1)": true,
    "partition-8-(4, 1, 1, 1, 1)": true,
    "partition-8-(3, 3, 2)": true,
    "partition-8-(3, 3, 1, 1)": true,
    "partition-8-(3, 2, 2, 1)": true,
    "partition-8-(3, 2, 1, 1, 1)": true,
    "partition-8-(3, 1, 1, 1, 1, 1)": true,
    "partition-8-(2, 2, 2, 2)": true,
    "partition-8-(2, 2, 2, 1, 1)": true,
    "partition-8-(2, 2, 1, 1, 1, 1)": true,
    "partition-8-(2, 1, 1, 1, 1, 1, 1)": true,
    "partition-8-(1, 1, 1, 1, 1, 1, 1, 1)": true,
    "universal-rank-positive": true,
    "first-relation-split-over-dual-numbers-1": true,
    "first-relation-split-over-dual-numbers-2": true,
    "first-relation-split-over-dual-numbers-5": true,
    "first-relation-split-over-dual-numbers-9": true
  },
  "CRT_polynomial": "-x**4/216 + x**3/18 - 19*x**2/72 + 95*x/108 + 1/3",
  "scope": "Finite audits; the universal bundle gluing and general proof are written in the manuscript."
}
