This is pdfTeX, Version 3.141592653-2.6-1.40.25 (TeX Live 2023/Debian) (preloaded format=pdflatex)
 restricted \write18 enabled.
entering extended mode
(./geometry.tex
LaTeX2e <2023-11-01> patch level 1
L3 programming layer <2024-01-22>
(./preamble.tex (/usr/share/texlive/texmf-dist/tex/latex/amscls/amsart.cls
Document Class: amsart 2020/05/29 v2.20.6
(/usr/share/texlive/texmf-dist/tex/latex/amsmath/amsmath.sty
For additional information on amsmath, use the `?' option.
(/usr/share/texlive/texmf-dist/tex/latex/amsmath/amstext.sty
(/usr/share/texlive/texmf-dist/tex/latex/amsmath/amsgen.sty))
(/usr/share/texlive/texmf-dist/tex/latex/amsmath/amsbsy.sty)
(/usr/share/texlive/texmf-dist/tex/latex/amsmath/amsopn.sty))
(/usr/share/texlive/texmf-dist/tex/latex/amsfonts/umsa.fd)
(/usr/share/texlive/texmf-dist/tex/latex/amsfonts/amsfonts.sty))
(/usr/share/texlive/texmf-dist/tex/latex/base/fontenc.sty)
(/usr/share/texmf/tex/latex/lm/lmodern.sty)
(/usr/share/texlive/texmf-dist/tex/latex/amsfonts/amssymb.sty)
(/usr/share/texlive/texmf-dist/tex/latex/mathtools/mathtools.sty
(/usr/share/texlive/texmf-dist/tex/latex/graphics/keyval.sty)
(/usr/share/texlive/texmf-dist/tex/latex/tools/calc.sty)
(/usr/share/texlive/texmf-dist/tex/latex/mathtools/mhsetup.sty))
(/usr/share/texlive/texmf-dist/tex/latex/jknapltx/mathrsfs.sty)
(/usr/share/texlive/texmf-dist/tex/latex/microtype/microtype.sty
(/usr/share/texlive/texmf-dist/tex/latex/etoolbox/etoolbox.sty)
(/usr/share/texlive/texmf-dist/tex/latex/microtype/microtype-pdftex.def)
(/usr/share/texlive/texmf-dist/tex/latex/microtype/microtype.cfg))
(/usr/share/texlive/texmf-dist/tex/latex/booktabs/booktabs.sty)
(/usr/share/texlive/texmf-dist/tex/latex/tools/longtable.sty)
(/usr/share/texlive/texmf-dist/tex/latex/geometry/geometry.sty
(/usr/share/texlive/texmf-dist/tex/generic/iftex/ifvtex.sty
(/usr/share/texlive/texmf-dist/tex/generic/iftex/iftex.sty)))
(/usr/share/texlive/texmf-dist/tex/latex/hyperref/hyperref.sty
(/usr/share/texlive/texmf-dist/tex/latex/kvsetkeys/kvsetkeys.sty)
(/usr/share/texlive/texmf-dist/tex/generic/kvdefinekeys/kvdefinekeys.sty)
(/usr/share/texlive/texmf-dist/tex/generic/pdfescape/pdfescape.sty
(/usr/share/texlive/texmf-dist/tex/generic/ltxcmds/ltxcmds.sty)
(/usr/share/texlive/texmf-dist/tex/generic/pdftexcmds/pdftexcmds.sty
(/usr/share/texlive/texmf-dist/tex/generic/infwarerr/infwarerr.sty)))
(/usr/share/texlive/texmf-dist/tex/latex/hycolor/hycolor.sty)
(/usr/share/texlive/texmf-dist/tex/latex/auxhook/auxhook.sty)
(/usr/share/texlive/texmf-dist/tex/latex/hyperref/nameref.sty
(/usr/share/texlive/texmf-dist/tex/latex/refcount/refcount.sty)
(/usr/share/texlive/texmf-dist/tex/generic/gettitlestring/gettitlestring.sty
(/usr/share/texlive/texmf-dist/tex/latex/kvoptions/kvoptions.sty)))
(/usr/share/texlive/texmf-dist/tex/latex/hyperref/pd1enc.def)
(/usr/share/texlive/texmf-dist/tex/generic/intcalc/intcalc.sty)
(/usr/share/texlive/texmf-dist/tex/latex/hyperref/puenc.def)
(/usr/share/texlive/texmf-dist/tex/latex/url/url.sty)
(/usr/share/texlive/texmf-dist/tex/generic/bitset/bitset.sty
(/usr/share/texlive/texmf-dist/tex/generic/bigintcalc/bigintcalc.sty))
(/usr/share/texlive/texmf-dist/tex/latex/base/atbegshi-ltx.sty))
(/usr/share/texlive/texmf-dist/tex/latex/hyperref/hpdftex.def
(/usr/share/texlive/texmf-dist/tex/latex/base/atveryend-ltx.sty)
(/usr/share/texlive/texmf-dist/tex/latex/rerunfilecheck/rerunfilecheck.sty
(/usr/share/texlive/texmf-dist/tex/generic/uniquecounter/uniquecounter.sty))))
(/usr/share/texmf/tex/latex/lm/t1lmr.fd)
(/usr/share/texlive/texmf-dist/tex/latex/l3backend/l3backend-pdftex.def)
No file geometry.aux.
(/usr/share/texmf/tex/latex/lm/ot1lmr.fd)
(/usr/share/texmf/tex/latex/lm/omllmm.fd)
(/usr/share/texmf/tex/latex/lm/omslmsy.fd)
(/usr/share/texmf/tex/latex/lm/omxlmex.fd)
(/usr/share/texlive/texmf-dist/tex/latex/amsfonts/umsa.fd)
(/usr/share/texlive/texmf-dist/tex/latex/amsfonts/umsb.fd)
(/usr/share/texlive/texmf-dist/tex/latex/jknapltx/ursfs.fd)
(/usr/share/texlive/texmf-dist/tex/latex/graphics/graphicx.sty
(/usr/share/texlive/texmf-dist/tex/latex/graphics/graphics.sty
(/usr/share/texlive/texmf-dist/tex/latex/graphics/trig.sty)
(/usr/share/texlive/texmf-dist/tex/latex/graphics-cfg/graphics.cfg)
(/usr/share/texlive/texmf-dist/tex/latex/graphics-def/pdftex.def
(/usr/share/texlive/texmf-dist/tex/context/base/mkii/supp-pdf.mkii
[Loading MPS to PDF converter (version 2006.09.02).]
))) (/usr/share/texlive/texmf-dist/tex/latex/epstopdf-pkg/epstopdf-base.sty
(/usr/share/texlive/texmf-dist/tex/latex/latexconfig/epstopdf-sys.cfg)))
(/usr/share/texlive/texmf-dist/tex/latex/microtype/mt-cmr.cfg)
*geometry* driver: auto-detecting
*geometry* detected driver: pdftex
(./frontmatter.tex) (./parts/01-introduction.tex
(/usr/share/texlive/texmf-dist/tex/latex/microtype/mt-msa.cfg)
(/usr/share/texlive/texmf-dist/tex/latex/microtype/mt-msb.cfg) [1{/var/lib/texm
f/fonts/map/pdftex/updmap/pdftex.map}{/usr/share/texmf/fonts/enc/dvips/lm/lm-ec
.enc}{/usr/share/texmf/fonts/enc/dvips/lm/lm-rm.enc}{/usr/share/texmf/fonts/enc
/dvips/lm/lm-mathit.enc}{/usr/share/texmf/fonts/enc/dvips/lm/lm-mathex.enc}{/us
r/share/texmf/fonts/enc/dvips/lm/lm-mathsy.enc}]

LaTeX Warning: Reference `thm:sharp-global-jacobian-depth' on page 2 undefined 
on input line 38.


LaTeX Warning: Reference `prop:smooth-web-rank-admissibility' on page 2 undefin
ed on input line 50.


LaTeX Warning: Reference `thm:global-minimal-supports' on page 2 undefined on i
nput line 58.


LaTeX Warning: Reference `thm:cross-corank-incidence' on page 2 undefined on in
put line 62.


LaTeX Warning: Reference `prop:cross-corank-graded-fibres' on page 2 undefined 
on input line 64.


LaTeX Warning: Citation `BrunsVasconcelos' on page 2 undefined on input line 77
.


LaTeX Warning: Reference `thm:quotient-induced-primary-law' on page 2 undefined
 on input line 79.

[2]

LaTeX Warning: Reference `sec:polarization' on page 3 undefined on input line 1
28.


LaTeX Warning: Reference `sec:stratified-nilpotent' on page 3 undefined on inpu
t line 163.


LaTeX Warning: Reference `eq:intro-graded-packet' on page 3 undefined on input 
line 172.


LaTeX Warning: Reference `thm:corank-two-mixed-kernel-atlas' on page 3 undefine
d on input line 199.


LaTeX Warning: Reference `thm:generic-primary-signatures' on page 3 undefined o
n input line 200.


LaTeX Warning: Reference `thm:sharp-global-jacobian-depth' on page 3 undefined 
on input line 214.

[3]

LaTeX Warning: Reference `sec:relative-primary-specialization' on page 4 undefi
ned on input line 238.

(/usr/share/texlive/texmf-dist/tex/latex/amsfonts/ueuf.fd)
(/usr/share/texlive/texmf-dist/tex/latex/microtype/mt-euf.cfg)

LaTeX Warning: Reference `sec:sharp-global-laws' on page 4 undefined on input l
ine 307.

[4]

LaTeX Warning: Reference `sec:relations' on page 5 undefined on input line 311.



LaTeX Warning: Reference `sec:fitting' on page 5 undefined on input line 312.


LaTeX Warning: Reference `sec:depth' on page 5 undefined on input line 313.


LaTeX Warning: Reference `sec:boundary-atlas-statement' on page 5 undefined on 
input line 315.


LaTeX Warning: Reference `sec:boundary-atlas-proofs' on page 5 undefined on inp
ut line 317.


LaTeX Warning: Reference `sec:relative-primary-specialization' on page 5 undefi
ned on input line 319.

) (./parts/02-relations.tex

LaTeX Warning: Reference `eq:Y-intro' on page 5 undefined on input line 32.


LaTeX Warning: Reference `lem:contraction' on page 5 undefined on input line 52
.

[5]) (./parts/03-fitting.tex [6]

LaTeX Warning: Reference `eq:full-matrix-ideal' on page 7 undefined on input li
ne 28.


LaTeX Warning: Reference `eq:firstorder' on page 7 undefined on input line 74.


LaTeX Warning: Reference `eq:full-matrix-ideal' on page 7 undefined on input li
ne 78.


LaTeX Warning: Reference `prop:relative-open' on page 7 undefined on input line
 79.


LaTeX Warning: Reference `eq:normal-global' on page 7 undefined on input line 8
7.

[7]

LaTeX Warning: Reference `eq:relative-sequence' on page 8 undefined on input li
ne 171.


LaTeX Warning: Reference `lem:flat-flag' on page 8 undefined on input line 186.



LaTeX Warning: Reference `eq:power-sequence' on page 8 undefined on input line 
187.


LaTeX Warning: Reference `eq:powers' on page 8 undefined on input line 188.

[8]

LaTeX Warning: Reference `eq:graph-delta' on page 9 undefined on input line 192
.


LaTeX Warning: Reference `eq:graph-E' on page 9 undefined on input line 192.


LaTeX Warning: Reference `prop:relative-open' on page 9 undefined on input line
 193.


LaTeX Warning: Reference `cor:powers' on page 9 undefined on input line 195.

) (./parts/04-depth.tex

LaTeX Warning: Reference `prop:full-fitting' on page 9 undefined on input line 
27.


LaTeX Warning: Reference `thm:normal-form' on page 9 undefined on input line 28
.


LaTeX Warning: Reference `eq:depth-filtration' on page 9 undefined on input lin
e 36.


LaTeX Warning: Reference `thm:normal-form' on page 9 undefined on input line 57
.


LaTeX Warning: Reference `prop:canonical-line' on page 9 undefined on input lin
e 58.


LaTeX Warning: Reference `thm:main-reconstruction' on page 9 undefined on input
 line 59.


LaTeX Warning: Reference `eq:depth-filtration' on page 9 undefined on input lin
e 62.


LaTeX Warning: Reference `thm:global-residual-colon' on page 9 undefined on inp
ut line 75.


LaTeX Warning: Reference `sec:coranktwo' on page 9 undefined on input line 87.

[9]

LaTeX Warning: Reference `sec:ranktwo-boundary' on page 10 undefined on input l
ine 92.


LaTeX Warning: Reference `sec:stratified-nilpotent' on page 10 undefined on inp
ut line 93.


LaTeX Warning: Reference `thm:decomposable-kernel-wall' on page 10 undefined on
 input line 112.


LaTeX Warning: Citation `BayerEisenbud' on page 10 undefined on input line 128.



LaTeX Warning: Citation `Manolache' on page 10 undefined on input line 128.


LaTeX Warning: Citation `Drezet' on page 10 undefined on input line 128.


LaTeX Warning: Reference `eq:depth-filtration' on page 10 undefined on input li
ne 129.

) (./parts/04-polarization.tex

LaTeX Warning: Reference `eq:graph-E' on page 10 undefined on input line 4.


LaTeX Warning: Reference `eq:vanish-symmetric' on page 10 undefined on input li
ne 36.

[10]

LaTeX Warning: Reference `thm:normal-form' on page 11 undefined on input line 6
2.


LaTeX Warning: Reference `eq:line-cancellation' on page 11 undefined on input l
ine 72.


LaTeX Warning: Reference `thm:main-reconstruction' on page 11 undefined on inpu
t line 76.


LaTeX Warning: Reference `prop:canonical-line' on page 11 undefined on input li
ne 81.


LaTeX Warning: Reference `lem:no-functions' on page 11 undefined on input line 
81.


LaTeX Warning: Reference `prop:full-fitting' on page 11 undefined on input line
 101.


LaTeX Warning: Citation `Kollar' on page 11 undefined on input line 123.

) (./parts/01b-boundary-atlas.tex

LaTeX Warning: Reference `thm:global-residual-colon' on page 11 undefined on in
put line 5.

[11]

LaTeX Warning: Reference `thm:all-corank-presentation' on page 12 undefined on 
input line 16.

[12]

LaTeX Warning: Reference `prop:smooth-web-rank-admissibility' on page 13 undefi
ned on input line 113.


LaTeX Warning: Reference `thm:sharp-global-jacobian-depth' on page 13 undefined
 on input line 115.


LaTeX Warning: Reference `sec:stratified-nilpotent' on page 13 undefined on inp
ut line 151.


LaTeX Warning: Reference `thm:generic-slice-certification' on page 13 undefined
 on input line 163.

[13] (/usr/share/texmf/tex/latex/lm/ot1lmss.fd)

LaTeX Warning: Reference `eq:atlas-residual-J' on page 14 undefined on input li
ne 251.

[14]

LaTeX Warning: Reference `lem:graded-flat-diagram' on page 15 undefined on inpu
t line 317.

(./parts/01c-graded-universal.tex

LaTeX Warning: Reference `thm:bounded-principal-colon-stratification' on page 1
5 undefined on input line 37.


LaTeX Warning: Reference `prop:relative-primary-models' on page 15 undefined on
 input line 40.


LaTeX Warning: Reference `prop:no-new-packet-torsion' on page 15 undefined on i
nput line 41.


LaTeX Warning: Reference `lem:graded-flat-diagram' on page 15 undefined on inpu
t line 42.


LaTeX Warning: Reference `eq:universal-finite-multiplications' on page 15 undef
ined on input line 49.


LaTeX Warning: Reference `lem:graded-flat-diagram' on page 15 undefined on inpu
t line 51.

[15]

LaTeX Warning: Reference `eq:universal-finite-multiplications' on page 16 undef
ined on input line 62.


LaTeX Warning: Reference `prop:relative-primary-models' on page 16 undefined on
 input line 66.

)

LaTeX Warning: Reference `thm:finite-all-corank-depth' on page 16 undefined on 
input line 331.


LaTeX Warning: Reference `eq:atlas-multiplication' on page 16 undefined on inpu
t line 338.


LaTeX Warning: Reference `sec:relative-primary-specialization' on page 16 undef
ined on input line 375.


LaTeX Warning: Reference `thm:bounded-principal-colon-stratification' on page 1
6 undefined on input line 376.

[16]

LaTeX Warning: Reference `eq:wedge6-sym2-decomposition' on page 17 undefined on
 input line 469.


LaTeX Warning: Reference `eq:corank4-depth' on page 17 undefined on input line 
470.


LaTeX Warning: Reference `eq:wedge6-sym2-decomposition' on page 17 undefined on
 input line 478.


LaTeX Warning: Reference `eq:corank4-depth' on page 17 undefined on input line 
487.


LaTeX Warning: Reference `thm:finite-all-corank-depth' on page 17 undefined on 
input line 490.


LaTeX Warning: Reference `thm:corank-two-mixed-kernel-atlas' on page 17 undefin
ed on input line 491.


LaTeX Warning: Reference `thm:corank-three-depth' on page 17 undefined on input
 line 492.


LaTeX Warning: Reference `thm:corank-four-jacobian' on page 17 undefined on inp
ut line 493.


LaTeX Warning: Reference `sec:relative-primary-specialization' on page 17 undef
ined on input line 495.

) (./parts/06-coranktwo.tex [17]

LaTeX Warning: Reference `eq:C-star' on page 18 undefined on input line 43.


LaTeX Warning: Reference `lem:differential' on page 18 undefined on input line 
65.

[18]

LaTeX Warning: Reference `prop:full-fitting' on page 19 undefined on input line
 86.


LaTeX Warning: Reference `lem:residual-matrix' on page 19 undefined on input li
ne 121.

[19]

LaTeX Warning: Reference `eq:main-coranktwo' on page 20 undefined on input line
 180.


LaTeX Warning: Reference `lem:cone-ideal' on page 20 undefined on input line 21
1.


LaTeX Warning: Reference `eq:N-square' on page 20 undefined on input line 229.


LaTeX Warning: Reference `thm:main-coranktwo' on page 20 undefined on input lin
e 236.


LaTeX Warning: Reference `lem:good-open' on page 20 undefined on input line 237
.


LaTeX Warning: Reference `lem:residual-matrix' on page 20 undefined on input li
ne 238.


LaTeX Warning: Reference `lem:cone-ideal' on page 20 undefined on input line 23
8.


LaTeX Warning: Reference `thm:coranktwo-proof' on page 20 undefined on input li
ne 239.


LaTeX Warning: Reference `eq:N-square' on page 20 undefined on input line 243.

[20]) (./parts/08-corank-boundary.tex

LaTeX Warning: Reference `sec:stratified-nilpotent' on page 21 undefined on inp
ut line 10.


LaTeX Warning: Reference `prop:full-fitting' on page 21 undefined on input line
 54.


LaTeX Warning: Reference `eq:all-corank-presentation' on page 21 undefined on i
nput line 68.

[21]

LaTeX Warning: Reference `prop:full-fitting' on page 22 undefined on input line
 107.


LaTeX Warning: Reference `eq:all-ranktwo-presentation' on page 22 undefined on 
input line 117.


LaTeX Warning: Reference `sec:stratified-nilpotent' on page 22 undefined on inp
ut line 126.


LaTeX Warning: Reference `def:good-pair' on page 22 undefined on input line 142
.


LaTeX Warning: Reference `lem:residual-matrix' on page 22 undefined on input li
ne 144.


LaTeX Warning: Reference `eq:residual-matrix' on page 22 undefined on input lin
e 149.


LaTeX Warning: Reference `lem:cone-ideal' on page 22 undefined on input line 17
3.


LaTeX Warning: Reference `eq:rootfree' on page 22 undefined on input line 186.


LaTeX Warning: Reference `lem:cone-ideal' on page 22 undefined on input line 18
8.

[22]

LaTeX Warning: Reference `lem:rootfree' on page 23 undefined on input line 211.



LaTeX Warning: Reference `eq:universal-contact-quartic' on page 23 undefined on
 input line 265.

[23]

LaTeX Warning: Reference `eq:universal-contact-quartic' on page 24 undefined on
 input line 301.


LaTeX Warning: Reference `lem:good-open' on page 24 undefined on input line 313
.


LaTeX Warning: Reference `prop:contact-cover' on page 24 undefined on input lin
e 314.


LaTeX Warning: Reference `def:mixed-regular' on page 24 undefined on input line
 316.


LaTeX Warning: Reference `thm:coranktwo-proof' on page 24 undefined on input li
ne 320.


LaTeX Warning: Reference `eq:contact-cover' on page 24 undefined on input line 
329.


LaTeX Warning: Reference `thm:collision-depth' on page 24 undefined on input li
ne 337.


LaTeX Warning: Reference `thm:saturated-contact' on page 24 undefined on input 
line 346.


LaTeX Warning: Reference `thm:main-depth' on page 24 undefined on input line 35
1.


LaTeX Warning: Reference `thm:main-depth' on page 24 undefined on input line 35
4.


LaTeX Warning: Reference `thm:collision-depth' on page 24 undefined on input li
ne 357.


LaTeX Warning: Reference `prop:contact-cover' on page 24 undefined on input lin
e 358.


LaTeX Warning: Reference `sec:stratified-nilpotent' on page 24 undefined on inp
ut line 363.

) (./parts/09-stratified-nilpotent.tex

LaTeX Warning: Reference `lem:rootfree' on page 24 undefined on input line 4.

[24]

LaTeX Warning: Reference `prop:full-fitting' on page 25 undefined on input line
 86.


LaTeX Warning: Reference `eq:global-residual-factorization' on page 25 undefine
d on input line 95.


LaTeX Warning: Reference `eq:global-ann-colon' on page 25 undefined on input li
ne 106.


LaTeX Warning: Reference `eq:global-graded-piece' on page 25 undefined on input
 line 124.


LaTeX Warning: Reference `eq:global-graded-piece' on page 25 undefined on input
 line 127.


LaTeX Warning: Reference `eq:global-gr-colon' on page 25 undefined on input lin
e 128.


LaTeX Warning: Reference `eq:nilpotency-colon-index' on page 25 undefined on in
put line 130.

[25]

LaTeX Warning: Reference `eq:failure-contact-vertex' on page 26 undefined on in
put line 195.

[26]

LaTeX Warning: Reference `eq:J-contact-intersection' on page 27 undefined on in
put line 235.


LaTeX Warning: Reference `eq:failure-contact-vertex' on page 27 undefined on in
put line 254.


LaTeX Warning: Reference `eq:contact-graded-sections' on page 27 undefined on i
nput line 257.


LaTeX Warning: Reference `eq:contact-Cartier-divisor' on page 27 undefined on i
nput line 260.


LaTeX Warning: Reference `eq:failure-contact-vertex' on page 27 undefined on in
put line 270.


LaTeX Warning: Reference `eq:associated-primes-mixed-regular' on page 27 undefi
ned on input line 286.


LaTeX Warning: Reference `eq:containment-local-ideal' on page 27 undefined on i
nput line 318.


LaTeX Warning: Reference `eq:collision-primary-type' on page 27 undefined on in
put line 324.

[27]

LaTeX Warning: Reference `eq:grade-one-contact' on page 28 undefined on input l
ine 374.


LaTeX Warning: Reference `thm:collision-depth' on page 28 undefined on input li
ne 389.


LaTeX Warning: Reference `eq:grade-two-vertex' on page 28 undefined on input li
ne 390.


LaTeX Warning: Reference `eq:global-associated-graded' on page 28 undefined on 
input line 392.


LaTeX Warning: Reference `eq:Z1Z2-exact' on page 28 undefined on input line 399
.

[28]

LaTeX Warning: Reference `eq:decomposable-linear-block' on page 29 undefined on
 input line 469.


LaTeX Warning: Reference `eq:decomposable-colon' on page 29 undefined on input 
line 500.


LaTeX Warning: Reference `eq:containment-local-ideal' on page 29 undefined on i
nput line 526.


LaTeX Warning: Reference `thm:saturated-contact' on page 29 undefined on input 
line 552.

) (./parts/09b-boundary-atlas-proofs.tex

LaTeX Warning: Reference `sec:boundary-atlas-statement' on page 29 undefined on
 input line 5.


LaTeX Warning: Reference `prop:full-fitting' on page 29 undefined on input line
 9.

[29]

LaTeX Warning: Reference `thm:universal-det-completion' on page 30 undefined on
 input line 13.


LaTeX Warning: Reference `thm:finite-all-corank-depth' on page 30 undefined on 
input line 46.


LaTeX Warning: Reference `thm:universal-det-completion' on page 30 undefined on
 input line 47.


LaTeX Warning: Reference `eq:global-graded-piece' on page 30 undefined on input
 line 54.


LaTeX Warning: Reference `eq:atlas-multiplication' on page 30 undefined on inpu
t line 76.


LaTeX Warning: Reference `eq:psi-beta-chi' on page 30 undefined on input line 9
6.

[30]

LaTeX Warning: Reference `thm:corank-two-mixed-kernel-atlas' on page 31 undefin
ed on input line 105.


LaTeX Warning: Reference `lem:rootfree' on page 31 undefined on input line 131.



LaTeX Warning: Reference `def:mixed-kernel-orbit-type' on page 31 undefined on 
input line 138.


LaTeX Warning: Reference `eq:beta-normal-forms' on page 31 undefined on input l
ine 182.

[31]

LaTeX Warning: Reference `thm:corank-two-mixed-kernel-atlas' on page 32 undefin
ed on input line 189.


LaTeX Warning: Reference `thm:graded-nilpotent' on page 32 undefined on input l
ine 194.


LaTeX Warning: Reference `thm:decomposable-kernel-wall' on page 32 undefined on
 input line 195.

[32]

LaTeX Warning: Reference `thm:generic-slice-certification' on page 33 undefined
 on input line 353.


LaTeX Warning: Reference `thm:corank-two-mixed-kernel-atlas' on page 33 undefin
ed on input line 362.


LaTeX Warning: Reference `lem:contact-symbol-all-Ainj' on page 33 undefined on 
input line 363.


LaTeX Warning: Reference `eq:beta-normal-forms' on page 33 undefined on input l
ine 365.


LaTeX Warning: Reference `lem:nine-orbit-colons' on page 33 undefined on input 
line 365.


LaTeX Warning: Reference `thm:global-residual-colon' on page 33 undefined on in
put line 371.

[33]

LaTeX Warning: Reference `lem:contact-symbol-all-Ainj' on page 34 undefined on 
input line 376.


LaTeX Warning: Reference `prop:rankdrop-coranktwo-depth' on page 34 undefined o
n input line 387.


LaTeX Warning: Reference `thm:finite-all-corank-depth' on page 34 undefined on 
input line 402.


LaTeX Warning: Reference `def:macaulay-atlas' on page 34 undefined on input lin
e 426.

[34]

LaTeX Warning: Reference `lem:corank3-functorial-symbol' on page 35 undefined o
n input line 467.


LaTeX Warning: Reference `thm:corank-three-depth' on page 35 undefined on input
 line 535.


LaTeX Warning: Reference `lem:no-d3-corank3' on page 35 undefined on input line
 536.


LaTeX Warning: Reference `thm:sharp-global-jacobian-depth' on page 35 undefined
 on input line 538.


LaTeX Warning: Citation `FultonHarris' on page 35 undefined on input line 549.

[35]

LaTeX Warning: Reference `lem:fischer-determinant-projection' on page 36 undefi
ned on input line 606.

[36]

LaTeX Warning: Reference `eq:plethysm-corank4' on page 37 undefined on input li
ne 660.


LaTeX Warning: Reference `thm:corank-four-jacobian' on page 37 undefined on inp
ut line 664.


LaTeX Warning: Reference `eq:plethysm-corank4' on page 37 undefined on input li
ne 670.


LaTeX Warning: Reference `lem:jacobian-projection' on page 37 undefined on inpu
t line 676.


LaTeX Warning: Reference `lem:effective-pieri-matrix-ring' on page 37 undefined
 on input line 685.


LaTeX Warning: Reference `lem:corank4-ideal-equivariance' on page 37 undefined 
on input line 695.


LaTeX Warning: Reference `lem:effective-pieri-matrix-ring' on page 37 undefined
 on input line 700.


LaTeX Warning: Reference `sec:relative-primary-specialization' on page 37 undef
ined on input line 728.


LaTeX Warning: Reference `prop:associated-prime-refinement' on page 37 undefine
d on input line 733.

) (./parts/09c-relative-primary-specialization.tex [37]

LaTeX Warning: Reference `lem:nine-orbit-colons' on page 38 undefined on input 
line 29.


LaTeX Warning: Reference `thm:corank-two-mixed-kernel-atlas' on page 38 undefin
ed on input line 35.


LaTeX Warning: Reference `lem:nine-orbit-colons' on page 38 undefined on input 
line 39.


LaTeX Warning: Reference `eq:stabilizer-linearization' on page 38 undefined on 
input line 77.


LaTeX Warning: Reference `eq:chi-linearization' on page 38 undefined on input l
ine 78.

[38]

LaTeX Warning: Reference `thm:corank-two-mixed-kernel-atlas' on page 39 undefin
ed on input line 103.

(/usr/share/texmf/tex/latex/lm/t1lmtt.fd)

LaTeX Warning: Reference `lem:nine-orbit-colons' on page 39 undefined on input 
line 175.

[39]

LaTeX Warning: Reference `thm:generic-slice-certification' on page 40 undefined
 on input line 178.


LaTeX Warning: Reference `prop:rankdrop-coranktwo-depth' on page 40 undefined o
n input line 196.

[40] (./parts/09d-relative-primary-filtrations.tex

LaTeX Warning: Citation `StacksGenericFree' on page 41 undefined on input line 
27.

[41]

LaTeX Warning: Citation `StacksGeometricFibres' on page 42 undefined on input l
ine 99.


LaTeX Warning: Reference `lem:finite-exact-diagram' on page 42 undefined on inp
ut line 100.

[42]

LaTeX Warning: Reference `prop:relative-primary-models' on page 43 undefined on
 input line 133.

[43]

LaTeX Warning: Reference `prop:relative-primary-models' on page 44 undefined on
 input line 211.


LaTeX Warning: Reference `prop:relative-primary-models' on page 44 undefined on
 input line 216.


LaTeX Warning: Reference `prop:no-new-packet-torsion' on page 44 undefined on i
nput line 217.


LaTeX Warning: Citation `StacksFlatRelativeAssassin' on page 44 undefined on in
put line 230.


LaTeX Warning: Citation `StacksRelativeAssassin' on page 44 undefined on input 
line 233.


LaTeX Warning: Reference `prop:relative-primary-models' on page 44 undefined on
 input line 238.


LaTeX Warning: Reference `prop:no-new-packet-torsion' on page 44 undefined on i
nput line 241.

[44])

LaTeX Warning: Reference `thm:bounded-principal-colon-stratification' on page 4
5 undefined on input line 325.


LaTeX Warning: Reference `eq:two-flat-sequences' on page 45 undefined on input 
line 346.


LaTeX Warning: Reference `lem:graded-flat-diagram' on page 45 undefined on inpu
t line 368.


LaTeX Warning: Reference `lem:finite-geometric-assassin-stratification' on page
 45 undefined on input line 370.


LaTeX Warning: Reference `prop:associated-prime-refinement' on page 45 undefine
d on input line 376.


LaTeX Warning: Reference `thm:bounded-principal-colon-stratification' on page 4
5 undefined on input line 377.


LaTeX Warning: Reference `thm:finite-all-corank-depth' on page 45 undefined on 
input line 383.

[45] [46]

LaTeX Warning: Reference `thm:generic-primary-signatures' on page 47 undefined 
on input line 481.


LaTeX Warning: Reference `thm:rankdrop-primary-signatures' on page 47 undefined
 on input line 498.

) (./parts/11-sharp-global-laws.tex

LaTeX Warning: Citation `CSSCayley' on page 47 undefined on input line 45.

[47]

LaTeX Warning: Reference `thm:corank-four-jacobian' on page 48 undefined on inp
ut line 74.


LaTeX Warning: Reference `lem:fischer-determinant-projection' on page 48 undefi
ned on input line 75.


LaTeX Warning: Reference `lem:no-d3-corank3' on page 48 undefined on input line
 92.


LaTeX Warning: Reference `thm:corank-four-jacobian' on page 48 undefined on inp
ut line 94.

[48] [49]

LaTeX Warning: Reference `eq:cross-corank-primary' on page 50 undefined on inpu
t line 300.

[50]

LaTeX Warning: Reference `thm:finite-all-corank-depth' on page 51 undefined on 
input line 334.


LaTeX Warning: Reference `thm:sharp-global-jacobian-depth' on page 51 undefined
 on input line 337.


LaTeX Warning: Reference `eq:cross-corank-primary' on page 51 undefined on inpu
t line 348.


LaTeX Warning: Citation `BrunsVasconcelos' on page 51 undefined on input line 3
61.

[51]) (./parts/09a-rees-specialization.tex

LaTeX Warning: Citation `FultonIntersection' on page 52 undefined on input line
 6.


LaTeX Warning: Citation `StacksNormalCone' on page 52 undefined on input line 7
.


LaTeX Warning: Reference `sec:stratified-nilpotent' on page 52 undefined on inp
ut line 9.


LaTeX Warning: Reference `sec:boundary-atlas-proofs' on page 52 undefined on in
put line 10.

[52]

LaTeX Warning: Reference `prop:intrinsic-dnc-v127' on page 53 undefined on inpu
t line 56.


LaTeX Warning: Reference `eq:atlas-multiplication' on page 53 undefined on inpu
t line 68.


LaTeX Warning: Reference `thm:corank-two-mixed-kernel-atlas' on page 53 undefin
ed on input line 70.


LaTeX Warning: Reference `prop:rankdrop-coranktwo-depth' on page 53 undefined o
n input line 72.


LaTeX Warning: Reference `thm:corank-three-depth' on page 53 undefined on input
 line 74.


LaTeX Warning: Reference `thm:corank-four-jacobian' on page 53 undefined on inp
ut line 76.


LaTeX Warning: Citation `StacksFlattening' on page 53 undefined on input line 8
1.

) (./parts/05-moduli.tex

LaTeX Warning: Reference `thm:main-moduli' on page 53 undefined on input line 3
.

[53]

LaTeX Warning: Reference `sec:certificates' on page 54 undefined on input line 
50.


LaTeX Warning: Reference `lem:differential' on page 54 undefined on input line 
72.


LaTeX Warning: Reference `prop:relative-open' on page 54 undefined on input lin
e 77.


LaTeX Warning: Citation `Huy' on page 54 undefined on input line 91.

[54]

LaTeX Warning: Reference `thm:main-moduli' on page 55 undefined on input line 1
03.


LaTeX Warning: Reference `prop:nine-image' on page 55 undefined on input line 1
04.


LaTeX Warning: Reference `thm:main-reconstruction' on page 55 undefined on inpu
t line 105.


LaTeX Warning: Reference `lem:algebra-orbits' on page 55 undefined on input lin
e 106.


LaTeX Warning: Reference `cor:relative-flat' on page 55 undefined on input line
 118.


LaTeX Warning: Reference `thm:main-reconstruction' on page 55 undefined on inpu
t line 124.


LaTeX Warning: Reference `eq:graph-delta' on page 55 undefined on input line 12
5.

) (./parts/07-classical.tex

LaTeX Warning: Reference `thm:main-reconstruction' on page 55 undefined on inpu
t line 15.


LaTeX Warning: Citation `IK' on page 55 undefined on input line 40.


LaTeX Warning: Citation `DK' on page 55 undefined on input line 43.


LaTeX Warning: Reference `prop:incidence-bridge' on page 55 undefined on input 
line 43.

[55]) (./parts/10-reye-priority.tex

LaTeX Warning: Reference `sec:classical' on page 56 undefined on input line 13.



LaTeX Warning: Citation `Cossec' on page 56 undefined on input line 17.


LaTeX Warning: Citation `ArrondoSols' on page 56 undefined on input line 17.


LaTeX Warning: Citation `DolgachevReider' on page 56 undefined on input line 17
.


LaTeX Warning: Citation `IK' on page 56 undefined on input line 17.


LaTeX Warning: Citation `DK' on page 56 undefined on input line 17.


LaTeX Warning: Citation `MMV' on page 56 undefined on input line 17.


LaTeX Warning: Citation `MMV' on page 56 undefined on input line 26.


LaTeX Warning: Reference `thm:main-moduli' on page 56 undefined on input line 4
9.

[56]

LaTeX Warning: Reference `prop:reye-tangent' on page 57 undefined on input line
 90.


LaTeX Warning: Reference `prop:reye-tangent' on page 57 undefined on input line
 112.


LaTeX Warning: Reference `lem:differential' on page 57 undefined on input line 
115.


LaTeX Warning: Reference `thm:main-moduli' on page 57 undefined on input line 1
24.


LaTeX Warning: Reference `thm:main-moduli' on page 57 undefined on input line 1
42.


LaTeX Warning: Reference `sec:ranktwo-boundary' on page 57 undefined on input l
ine 154.

[57]

LaTeX Warning: Reference `thm:main-moduli' on page 58 undefined on input line 1
67.


LaTeX Warning: Reference `thm:main-moduli' on page 58 undefined on input line 2
03.


LaTeX Warning: Citation `BayerEisenbud' on page 58 undefined on input line 236.



LaTeX Warning: Citation `Manolache' on page 58 undefined on input line 237.


LaTeX Warning: Citation `Drezet' on page 58 undefined on input line 239.

[58]

LaTeX Warning: Citation `Ballico93' on page 59 undefined on input line 271.


LaTeX Warning: Citation `Ballico96' on page 59 undefined on input line 274.


LaTeX Warning: Reference `thm:torelli-monodromy' on page 59 undefined on input 
line 319.

) (./parts/08-weighted.tex

LaTeX Warning: Reference `sec:coranktwo' on page 59 undefined on input line 6.

[59]

LaTeX Warning: Citation `DCEP' on page 60 undefined on input line 21.


LaTeX Warning: Citation `BC' on page 60 undefined on input line 22.


LaTeX Warning: Reference `eq:coefficient-rule' on page 60 undefined on input li
ne 52.


LaTeX Warning: Reference `eq:weighted' on page 60 undefined on input line 57.


LaTeX Warning: Reference `eq:classical-product' on page 60 undefined on input l
ine 62.


LaTeX Warning: Reference `eq:coefficient-rule' on page 60 undefined on input li
ne 83.


LaTeX Warning: Reference `sec:coranktwo' on page 60 undefined on input line 89.


) (./parts/09-certificates.tex [60]

LaTeX Warning: Reference `eq:exact-differential-det' on page 61 undefined on in
put line 43.


LaTeX Warning: Reference `lem:differential' on page 61 undefined on input line 
61.

[61]

LaTeX Warning: Reference `eq:BC-witness' on page 62 undefined on input line 66.



LaTeX Warning: Reference `eq:h-witness' on page 62 undefined on input line 78.


LaTeX Warning: Reference `eq:residual-matrix' on page 62 undefined on input lin
e 83.


LaTeX Warning: Reference `eq:main-coranktwo' on page 62 undefined on input line
 89.


LaTeX Warning: Reference `lem:cone-ideal' on page 62 undefined on input line 94
.


LaTeX Warning: Reference `thm:coranktwo-proof' on page 62 undefined on input li
ne 95.

) (./references.tex
pdfTeX warning (font expansion): font should be expanded before its first use
[62]) [63] (./geometry.aux)

LaTeX Warning: There were undefined references.


LaTeX Warning: Label(s) may have changed. Rerun to get cross-references right.


Package rerunfilecheck Warning: File `geometry.out' has changed.
(rerunfilecheck)                Rerun to get outlines right
(rerunfilecheck)                or use package `bookmark'.

 )
(see the transcript file for additional information)</usr/share/texlive/texmf-d
ist/fonts/type1/public/amsfonts/euler/eufm10.pfb></usr/share/texmf/fonts/type1/
public/lm/lmbx10.pfb></usr/share/texmf/fonts/type1/public/lm/lmbx9.pfb></usr/sh
are/texmf/fonts/type1/public/lm/lmcsc10.pfb></usr/share/texmf/fonts/type1/publi
c/lm/lmex10.pfb></usr/share/texmf/fonts/type1/public/lm/lmmi10.pfb></usr/share/
texmf/fonts/type1/public/lm/lmmi6.pfb></usr/share/texmf/fonts/type1/public/lm/l
mmi8.pfb></usr/share/texmf/fonts/type1/public/lm/lmmi9.pfb></usr/share/texmf/fo
nts/type1/public/lm/lmr10.pfb></usr/share/texmf/fonts/type1/public/lm/lmr6.pfb>
</usr/share/texmf/fonts/type1/public/lm/lmr7.pfb></usr/share/texmf/fonts/type1/
public/lm/lmr8.pfb></usr/share/texmf/fonts/type1/public/lm/lmr9.pfb></usr/share
/texmf/fonts/type1/public/lm/lmri10.pfb></usr/share/texmf/fonts/type1/public/lm
/lmri9.pfb></usr/share/texmf/fonts/type1/public/lm/lmss10.pfb></usr/share/texmf
/fonts/type1/public/lm/lmsy10.pfb></usr/share/texmf/fonts/type1/public/lm/lmsy6
.pfb></usr/share/texmf/fonts/type1/public/lm/lmsy8.pfb></usr/share/texmf/fonts/
type1/public/lm/lmsy9.pfb></usr/share/texmf/fonts/type1/public/lm/lmtt10.pfb></
usr/share/texmf/fonts/type1/public/lm/lmtt9.pfb></usr/share/texlive/texmf-dist/
fonts/type1/public/amsfonts/symbols/msam10.pfb></usr/share/texlive/texmf-dist/f
onts/type1/public/amsfonts/symbols/msbm10.pfb></usr/share/texlive/texmf-dist/fo
nts/type1/public/rsfs/rsfs10.pfb>
Output written on geometry.pdf (63 pages, 764507 bytes).
Transcript written on geometry.log.
