{
  "result": "PASS",
  "receipt": "/tmp/a2-v115-rerun-hlzwhj93/evidence/DIAGNOSTICS.json",
  "source": {
    "upstream_source_commit": "d58d4ad0546487f4313cf8ed2f05ad9321b54e63",
    "controlling_report_commit": "09869129e16fd43bd2420fa3573a09cd5cbbdff9",
    "old_source_files_verified": 19,
    "old_source_files_byte_identical_in_revision": 13,
    "byte_identical_paths": [
      "parts/01-contact-native.tex",
      "parts/01b-structural-overview.tex",
      "parts/02-global-geometry.tex",
      "parts/02b-component-structure.tex",
      "parts/02c-residual-calculus.tex",
      "parts/02d-all-dimension-components.tex",
      "parts/02f-higher-products.tex",
      "parts/02g-orientation-descent.tex",
      "parts/02h-relative-wall-proofs.tex",
      "parts/03-realization-stability.tex",
      "parts/04-statistical-experiments.tex",
      "parts/04b-uniform-constants.tex",
      "parts/05-complements.tex"
    ],
    "retained_theorem_and_proof_blocks": 136,
    "old_labels_preserved": 169,
    "current_labels": 201,
    "old_bibliography_keys_preserved": 25,
    "current_bibliography_keys": 27,
    "abstract_words": 176,
    "git_baseline_checked": false
  },
  "hyperplane_cases": 80
}
