{
  "formal_proof_certificate": false,
  "groups": {
    "active_input_exists": 10,
    "acyclic_stopped_inverse": 72,
    "adversarial_grid_component_count": 2,
    "attempt_and_operation_exponents": 1,
    "bounded_denominator_lock": 224,
    "coupled_capsule_tube_containment": 9,
    "deterministic_chain_specialization": 42,
    "endpoint_exclusion": 2688,
    "finite_hitting_hypothesis_necessary": 14,
    "finite_quadrature_exponent": 1,
    "old_core_remains_active": 5,
    "periodic_cone_zero_witness": 1,
    "polygon_C2_smoothing_diagnostic": 3,
    "reconstructed_positive_curvature": 3,
    "resolved_bibliography": 10,
    "resolved_cross_reference": 80,
    "reversal_and_capacity": 2688,
    "stopped_noise_bound": 468,
    "stopped_order_bound": 468,
    "support_smoothing_balance": 1,
    "threshold_hull_support_error": 4,
    "unchanged_reviewed_core_blob": 5,
    "unique_labels": 1
  },
  "interval_certified": false,
  "numerical_diagnostics": {
    "capsule_max_empirical_change_over_r_by_sigma": 0.1471264368,
    "capsule_trials": 108000,
    "grid_hull_max_sampled_Hausdorff_over_sigma": 0.1490590679,
    "smooth_support_diagnostics": [
      {
        "sampled_C2_error": 0.0377238629,
        "sampled_e": 0.0054274825,
        "vertices": 32
      },
      {
        "sampled_C2_error": 0.0168258834,
        "sampled_e": 0.0013692513,
        "vertices": 64
      },
      {
        "sampled_C2_error": 0.0008084592,
        "sampled_e": 0.0003431002,
        "vertices": 128
      }
    ]
  },
  "physical_sensor_executed": false,
  "schema": "a2-v30-finite-diagnostics-1",
  "status": "passed",
  "total_checks": 6800
}
