This is pdfTeX, Version 3.141592653-2.6-1.40.25 (TeX Live 2023/Debian) (preloaded format=pdflatex)
 restricted \write18 enabled.
entering extended mode
(./archive-v144.tex
LaTeX2e <2023-11-01> patch level 1
L3 programming layer <2024-01-22>
(./preamble.tex (/usr/share/texlive/texmf-dist/tex/latex/amscls/amsart.cls
Document Class: amsart 2020/05/29 v2.20.6
(/usr/share/texlive/texmf-dist/tex/latex/amsmath/amsmath.sty
For additional information on amsmath, use the `?' option.
(/usr/share/texlive/texmf-dist/tex/latex/amsmath/amstext.sty
(/usr/share/texlive/texmf-dist/tex/latex/amsmath/amsgen.sty))
(/usr/share/texlive/texmf-dist/tex/latex/amsmath/amsbsy.sty)
(/usr/share/texlive/texmf-dist/tex/latex/amsmath/amsopn.sty))
(/usr/share/texlive/texmf-dist/tex/latex/amsfonts/umsa.fd)
(/usr/share/texlive/texmf-dist/tex/latex/amsfonts/amsfonts.sty))
(/usr/share/texlive/texmf-dist/tex/latex/base/fontenc.sty)
(/usr/share/texmf/tex/latex/lm/lmodern.sty)
(/usr/share/texlive/texmf-dist/tex/latex/amsmath/amscd.sty)
(/usr/share/texlive/texmf-dist/tex/latex/amsfonts/amssymb.sty)
(/usr/share/texlive/texmf-dist/tex/latex/mathtools/mathtools.sty
(/usr/share/texlive/texmf-dist/tex/latex/graphics/keyval.sty)
(/usr/share/texlive/texmf-dist/tex/latex/tools/calc.sty)
(/usr/share/texlive/texmf-dist/tex/latex/mathtools/mhsetup.sty))
(/usr/share/texlive/texmf-dist/tex/latex/jknapltx/mathrsfs.sty)
(/usr/share/texlive/texmf-dist/tex/latex/microtype/microtype.sty
(/usr/share/texlive/texmf-dist/tex/latex/etoolbox/etoolbox.sty)
(/usr/share/texlive/texmf-dist/tex/latex/microtype/microtype-pdftex.def)
(/usr/share/texlive/texmf-dist/tex/latex/microtype/microtype.cfg))
(/usr/share/texlive/texmf-dist/tex/latex/booktabs/booktabs.sty)
(/usr/share/texlive/texmf-dist/tex/latex/tools/longtable.sty)
(/usr/share/texlive/texmf-dist/tex/latex/geometry/geometry.sty
(/usr/share/texlive/texmf-dist/tex/generic/iftex/ifvtex.sty
(/usr/share/texlive/texmf-dist/tex/generic/iftex/iftex.sty)))
(/usr/share/texlive/texmf-dist/tex/latex/hyperref/xr-hyper.sty)
(/usr/share/texlive/texmf-dist/tex/latex/hyperref/hyperref.sty
(/usr/share/texlive/texmf-dist/tex/latex/kvsetkeys/kvsetkeys.sty)
(/usr/share/texlive/texmf-dist/tex/generic/kvdefinekeys/kvdefinekeys.sty)
(/usr/share/texlive/texmf-dist/tex/generic/pdfescape/pdfescape.sty
(/usr/share/texlive/texmf-dist/tex/generic/ltxcmds/ltxcmds.sty)
(/usr/share/texlive/texmf-dist/tex/generic/pdftexcmds/pdftexcmds.sty
(/usr/share/texlive/texmf-dist/tex/generic/infwarerr/infwarerr.sty)))
(/usr/share/texlive/texmf-dist/tex/latex/hycolor/hycolor.sty)
(/usr/share/texlive/texmf-dist/tex/latex/auxhook/auxhook.sty)
(/usr/share/texlive/texmf-dist/tex/latex/hyperref/nameref.sty
(/usr/share/texlive/texmf-dist/tex/latex/refcount/refcount.sty)
(/usr/share/texlive/texmf-dist/tex/generic/gettitlestring/gettitlestring.sty
(/usr/share/texlive/texmf-dist/tex/latex/kvoptions/kvoptions.sty)))
(/usr/share/texlive/texmf-dist/tex/latex/hyperref/pd1enc.def)
(/usr/share/texlive/texmf-dist/tex/generic/intcalc/intcalc.sty)
(/usr/share/texlive/texmf-dist/tex/latex/hyperref/puenc.def)
(/usr/share/texlive/texmf-dist/tex/latex/url/url.sty)
(/usr/share/texlive/texmf-dist/tex/generic/bitset/bitset.sty
(/usr/share/texlive/texmf-dist/tex/generic/bigintcalc/bigintcalc.sty))
(/usr/share/texlive/texmf-dist/tex/latex/base/atbegshi-ltx.sty))
(/usr/share/texlive/texmf-dist/tex/latex/hyperref/hpdftex.def
(/usr/share/texlive/texmf-dist/tex/latex/base/atveryend-ltx.sty)
(/usr/share/texlive/texmf-dist/tex/latex/rerunfilecheck/rerunfilecheck.sty
(/usr/share/texlive/texmf-dist/tex/generic/uniquecounter/uniquecounter.sty))))
(/usr/share/texmf/tex/latex/lm/t1lmr.fd)
(/usr/share/texlive/texmf-dist/tex/latex/l3backend/l3backend-pdftex.def)
(./archive-v144.aux) (/usr/share/texmf/tex/latex/lm/ot1lmr.fd)
(/usr/share/texmf/tex/latex/lm/omllmm.fd)
(/usr/share/texmf/tex/latex/lm/omslmsy.fd)
(/usr/share/texmf/tex/latex/lm/omxlmex.fd)
(/usr/share/texlive/texmf-dist/tex/latex/amsfonts/umsa.fd)
(/usr/share/texlive/texmf-dist/tex/latex/amsfonts/umsb.fd)
(/usr/share/texlive/texmf-dist/tex/latex/jknapltx/ursfs.fd)
(/usr/share/texlive/texmf-dist/tex/latex/graphics/graphicx.sty
(/usr/share/texlive/texmf-dist/tex/latex/graphics/graphics.sty
(/usr/share/texlive/texmf-dist/tex/latex/graphics/trig.sty)
(/usr/share/texlive/texmf-dist/tex/latex/graphics-cfg/graphics.cfg)
(/usr/share/texlive/texmf-dist/tex/latex/graphics-def/pdftex.def
(/usr/share/texlive/texmf-dist/tex/context/base/mkii/supp-pdf.mkii
[Loading MPS to PDF converter (version 2006.09.02).]
))) (/usr/share/texlive/texmf-dist/tex/latex/epstopdf-pkg/epstopdf-base.sty
(/usr/share/texlive/texmf-dist/tex/latex/latexconfig/epstopdf-sys.cfg)))
(/usr/share/texlive/texmf-dist/tex/latex/microtype/mt-cmr.cfg)
*geometry* driver: auto-detecting
*geometry* detected driver: pdftex
(./archive-v144.out) (./archive-v144.out) (./archive-frontmatter.tex)
(./parts/00-principal-introduction-v144.tex
(/usr/share/texlive/texmf-dist/tex/latex/microtype/mt-msa.cfg)
(/usr/share/texlive/texmf-dist/tex/latex/microtype/mt-msb.cfg)
(/usr/share/texlive/texmf-dist/tex/latex/amsfonts/ueuf.fd)
(/usr/share/texlive/texmf-dist/tex/latex/microtype/mt-euf.cfg) [1{/var/lib/texm
f/fonts/map/pdftex/updmap/pdftex.map}{/usr/share/texmf/fonts/enc/dvips/lm/lm-ec
.enc}{/usr/share/texmf/fonts/enc/dvips/lm/lm-mathit.enc}{/usr/share/texmf/fonts
/enc/dvips/lm/lm-mathsy.enc}{/usr/share/texmf/fonts/enc/dvips/lm/lm-rm.enc}{/us
r/share/texmf/fonts/enc/dvips/lm/lm-mathex.enc}] [2]
Underfull \hbox (badness 1546) in paragraph at lines 166--166
[]\T1/lmr/m/n/10 (+20) One pro-jec-tive frame and the full

Underfull \hbox (badness 10000) in paragraph at lines 168--168
[]\T1/lmr/m/n/10 (+20) Sharp uni-form or-der; pa-ram-e-ter

Underfull \hbox (badness 2326) in paragraph at lines 171--171
[]\T1/lmr/m/n/10 (+20) Reconstructed pen-cil; uni-ver-sal

Underfull \hbox (badness 10000) in paragraph at lines 172--172
[]\T1/lmr/m/n/10 (+20) Congruence-covariant al-ge-braic
) (./parts/00-ruling-foundations-v143.tex [3] (./parts/12k-rank-one-fano.tex
[4])) (./parts/13a-criterion-v143.tex [5] [6])
(./parts/18-pencil-proof-v143.tex [7] [8] [9] [10])
(./parts/20-finite-neighbourhoods.tex [11] [12] [13])
(./parts/21-spectral-specialization.tex [14] [15] [16])
(./parts/22-relative-spectral-strata.tex [17] [18] [19])
(./parts/25-fixed-spectral-strata.tex [20] [21])
(./parts/23-real-likelihood.tex [22] [23] [24])
(./parts/26-critical-correspondence-v143.tex
(/usr/share/texmf/tex/latex/lm/ot1lmss.fd) [25] [26] [27])
(./parts/28-projective-critical-divisor-v144.tex [28] [29] [30])
(./parts/01-web-context-v143.tex [31] [32]) (./parts/02a-uniform-support.tex
[33] (./parts/02b-shear-descent.tex) [34]
(./parts/02c-full-orthogonal-harmonics.tex [35]) [36] [37] [38])
(./parts/24-jacobian-casimir.tex [39] [40]) (./parts/02-relations.tex [41])
(./parts/03-fitting-core.tex [42] [43]) (./parts/12-web-proof-v143.tex [44]
[45] (./parts/12j-residual-v143.tex) (./parts/12a-universal-readout.tex
[46] [47]) (./parts/12b-functoriality.tex [48] [49])
(./parts/12d-schur-support.tex (./parts/12f-structural-lemmas.tex [50] [51])
(./parts/12g-contraction-proof.tex [52]) [53]) [54])
(./parts/13b-web-polar-v143.tex [55] [56]) (./parts/04-polarization.tex
[57] [58]) (./parts/05-moduli.tex [59]) (./parts/07-classical.tex [60])
(./parts/15-support-literature.tex [61] [62]
(./parts/19-operator-comparison.tex [63]))
(./parts/27-operator-dictionary-v143.tex [64]) (./parts/03-relative-powers.tex
[65]) (./parts/04-depth.tex [66] [67]) (./parts/10-reye-priority.tex [68]
[69] [70] (./parts/13-inverse-comparison.tex [71]))
(./parts/16-ambient-pencil.tex (./parts/12c-exceptional-fibres.tex [72]
[73]) (./parts/12e-global-rank-strata.tex (./parts/12i-residual-sections.tex
[74]) [75]) (./parts/12h-coordinate-parity.tex))
(./parts/14-boundary-overview.tex [76] [77] [78])
(./parts/01b-boundary-atlas.tex [79] [80] [81] [82]
(./parts/01c-graded-universal.tex [83]) [84]) (./parts/06-coranktwo.tex
[85] [86] [87] [88]) (./parts/08-corank-boundary.tex [89] [90] [91])
(./parts/09-stratified-nilpotent.tex [92] [93] [94] [95] [96] [97])
(./parts/09b-boundary-atlas-proofs.tex [98] [99] [100] [101] [102] [103]
[104] [105]) (./parts/09c-relative-primary-specialization.tex [106]
(/usr/share/texmf/tex/latex/lm/t1lmtt.fd) [107] [108]
(./parts/09d-relative-primary-filtrations.tex [109] [110] [111]
(./parts/09e-packet-descent.tex [112] [113]) [114] [115]) [116] [117])
(./parts/11-sharp-global-laws.tex [118] [119] [120] [121] [122])
(./parts/09a-rees-specialization.tex [123]) (./parts/14-separating-pencils.tex
[124]

Package amsmath Warning: Foreign command \over;
(amsmath)                \frac or \genfrac should be used instead
(amsmath)                 on input line 37.

[125]) (./parts/08-weighted.tex [126]) (./parts/09-certificates.tex [127])
(./parts/17-assistance.tex) (./references-v144.tex (./references.tex [128]
Underfull \vbox (badness 10000) has occurred while \output is active [129]
Underfull \hbox (badness 1231) in paragraph at lines 242--246
[]\T1/lmr/m/n/9 (+20) R. Howe, Re-marks on clas-si-cal in-vari-ant the-ory, \T1
/lmr/m/it/9 (+20) Trans. Amer. Math. Soc. \T1/lmr/bx/n/9 (+20) 313 \T1/lmr/m/n/
9 (+20) (1989), 539--570.
)) [130] (./archive-v144.aux)

LaTeX Warning: Label(s) may have changed. Rerun to get cross-references right.

 )
(see the transcript file for additional information)</usr/share/texlive/texmf-d
ist/fonts/type1/public/amsfonts/euler/eufm10.pfb></usr/share/texmf/fonts/type1/
public/lm/lmbx10.pfb></usr/share/texmf/fonts/type1/public/lm/lmbx9.pfb></usr/sh
are/texmf/fonts/type1/public/lm/lmcsc10.pfb></usr/share/texmf/fonts/type1/publi
c/lm/lmex10.pfb></usr/share/texmf/fonts/type1/public/lm/lmmi10.pfb></usr/share/
texmf/fonts/type1/public/lm/lmmi6.pfb></usr/share/texmf/fonts/type1/public/lm/l
mmi8.pfb></usr/share/texmf/fonts/type1/public/lm/lmmi9.pfb></usr/share/texmf/fo
nts/type1/public/lm/lmmib10.pfb></usr/share/texmf/fonts/type1/public/lm/lmr10.p
fb></usr/share/texmf/fonts/type1/public/lm/lmr6.pfb></usr/share/texmf/fonts/typ
e1/public/lm/lmr7.pfb></usr/share/texmf/fonts/type1/public/lm/lmr8.pfb></usr/sh
are/texmf/fonts/type1/public/lm/lmr9.pfb></usr/share/texmf/fonts/type1/public/l
m/lmri10.pfb></usr/share/texmf/fonts/type1/public/lm/lmri9.pfb></usr/share/texm
f/fonts/type1/public/lm/lmss10.pfb></usr/share/texmf/fonts/type1/public/lm/lmss
8.pfb></usr/share/texmf/fonts/type1/public/lm/lmsy10.pfb></usr/share/texmf/font
s/type1/public/lm/lmsy6.pfb></usr/share/texmf/fonts/type1/public/lm/lmsy8.pfb><
/usr/share/texmf/fonts/type1/public/lm/lmtt10.pfb></usr/share/texmf/fonts/type1
/public/lm/lmtt9.pfb></usr/share/texlive/texmf-dist/fonts/type1/public/amsfonts
/symbols/msam10.pfb></usr/share/texlive/texmf-dist/fonts/type1/public/amsfonts/
symbols/msbm10.pfb></usr/share/texlive/texmf-dist/fonts/type1/public/rsfs/rsfs1
0.pfb></usr/share/texlive/texmf-dist/fonts/type1/public/rsfs/rsfs5.pfb>
Output written on archive-v144.pdf (130 pages, 1199306 bytes).
Transcript written on archive-v144.log.
