{
  "revision": 151,
  "ok": true,
  "check_count": 40,
  "checks": {
    "fat_fibre_exact_ideal": true,
    "fat_fibre_length_three": true,
    "fat_fibre_tangent_dimension_two": true,
    "schur_equations_equal_full_fat_fibre": true,
    "two_branch_x_reduced": true,
    "two_branch_y_reduced": true,
    "normal_jump_irreducible_quadratic": true,
    "normal_jump_reduced_unique_chart_fibre": true,
    "collision_family_generic_gcd": true,
    "collision_family_special_gcd": true,
    "full_differential_overlap_0": true,
    "full_differential_overlap_1": true,
    "full_differential_overlap_2": true,
    "full_differential_overlap_3": true,
    "full_differential_overlap_4": true,
    "full_differential_overlap_5": true,
    "full_differential_overlap_6": true,
    "full_differential_overlap_7": true,
    "full_differential_overlap_8": true,
    "polynomial_pencil_degeneration_n3_0": true,
    "polynomial_pencil_degeneration_n3_1": true,
    "polynomial_pencil_degeneration_n3_2": true,
    "polynomial_pencil_degeneration_n3_3": true,
    "polynomial_pencil_degeneration_n3_4": true,
    "pencil_boundary_parameters_n3": true,
    "closed_flag_dimension_n3": true,
    "polynomial_pencil_degeneration_n4_0": true,
    "polynomial_pencil_degeneration_n4_1": true,
    "polynomial_pencil_degeneration_n4_2": true,
    "polynomial_pencil_degeneration_n4_3": true,
    "polynomial_pencil_degeneration_n4_4": true,
    "pencil_boundary_parameters_n4": true,
    "closed_flag_dimension_n4": true,
    "polynomial_pencil_degeneration_n5_0": true,
    "polynomial_pencil_degeneration_n5_1": true,
    "polynomial_pencil_degeneration_n5_2": true,
    "polynomial_pencil_degeneration_n5_3": true,
    "polynomial_pencil_degeneration_n5_4": true,
    "pencil_boundary_parameters_n5": true,
    "closed_flag_dimension_n5": true
  },
  "data": {
    "fat_fibre_exact_ideal": "GroebnerBasis([a**2, a*b, b**2], a, b, domain='ZZ', order='lex')",
    "schur_equations_equal_full_fat_fibre": "GroebnerBasis([a**2, a*b, b**2], a, b, domain='ZZ', order='lex')",
    "full_differential_overlap_0": {
      "e": 2,
      "g": 1,
      "h": 1,
      "r": 2,
      "kernel": 0,
      "formula": 0
    },
    "full_differential_overlap_1": {
      "e": 2,
      "g": 1,
      "h": 2,
      "r": 2,
      "kernel": 1,
      "formula": 1
    },
    "full_differential_overlap_2": {
      "e": 2,
      "g": 2,
      "h": 2,
      "r": 2,
      "kernel": 1,
      "formula": 1
    },
    "full_differential_overlap_3": {
      "e": 2,
      "g": 2,
      "h": 2,
      "r": 2,
      "kernel": 1,
      "formula": 1
    },
    "full_differential_overlap_4": {
      "e": 2,
      "g": 2,
      "h": 3,
      "r": 2,
      "kernel": 1,
      "formula": 1
    },
    "full_differential_overlap_5": {
      "e": 3,
      "g": 1,
      "h": 2,
      "r": 2,
      "kernel": 2,
      "formula": 2
    },
    "full_differential_overlap_6": {
      "e": 3,
      "g": 1,
      "h": 2,
      "r": 2,
      "kernel": 0,
      "formula": 0
    },
    "full_differential_overlap_7": {
      "e": 3,
      "g": 2,
      "h": 2,
      "r": 2,
      "kernel": 2,
      "formula": 2
    },
    "full_differential_overlap_8": {
      "e": 3,
      "g": 2,
      "h": 2,
      "r": 2,
      "kernel": 2,
      "formula": 2
    },
    "polynomial_pencil_degeneration_n3_0": {
      "frame": "Matrix([[0, 0, 1], [1, 1, 0], [1, 0, 0]])",
      "limit": [
        "2*v0**2",
        "-v0*v1"
      ],
      "max_t_degree": 4
    },
    "polynomial_pencil_degeneration_n3_1": {
      "frame": "Matrix([[1, 0, 0], [0, 1, 0], [0, 0, 1]])",
      "limit": [
        "v0**2",
        "v0*v1"
      ],
      "max_t_degree": 0
    },
    "polynomial_pencil_degeneration_n3_2": {
      "frame": "Matrix([[1, 1, 0], [1, 0, 0], [0, 0, 1]])",
      "limit": [
        "v0**2",
        "-2*v0*v1"
      ],
      "max_t_degree": 2
    },
    "polynomial_pencil_degeneration_n3_3": {
      "frame": "Matrix([[1, 0, 1], [1, 0, 0], [0, 1, 0]])",
      "limit": [
        "v0**2",
        "v0*v1"
      ],
      "max_t_degree": 2
    },
    "polynomial_pencil_degeneration_n3_4": {
      "frame": "Matrix([[0, 1, 0], [1, 0, 1], [1, 0, 0]])",
      "limit": [
        "v0**2",
        "v0*v1"
      ],
      "max_t_degree": 3
    },
    "polynomial_pencil_degeneration_n4_0": {
      "frame": "Matrix([[0, 0, 1, 0], [0, 0, 0, 1], [1, 1, 0, 0], [1, 0, 0, 0]])",
      "limit": [
        "2*v0**2",
        "-v0*v1"
      ],
      "max_t_degree": 4
    },
    "polynomial_pencil_degeneration_n4_1": {
      "frame": "Matrix([[1, 0, 0, 0], [0, 1, 0, 0], [0, 0, 1, 0], [0, 0, 0, 1]])",
      "limit": [
        "v0**2",
        "v0*v1"
      ],
      "max_t_degree": 0
    },
    "polynomial_pencil_degeneration_n4_2": {
      "frame": "Matrix([[1, 1, 0, 0], [1, 0, 0, 0], [0, 0, 1, 0], [0, 0, 0, 1]])",
      "limit": [
        "v0**2",
        "-2*v0*v1"
      ],
      "max_t_degree": 2
    },
    "polynomial_pencil_degeneration_n4_3": {
      "frame": "Matrix([[1, 0, 1, 0], [1, 0, 0, 0], [0, 1, 0, 0], [0, 0, 0, 1]])",
      "limit": [
        "v0**2",
        "v0*v1"
      ],
      "max_t_degree": 2
    },
    "polynomial_pencil_degeneration_n4_4": {
      "frame": "Matrix([[0, 1, 0, 0], [1, 0, 1, 0], [1, 0, 0, 0], [0, 0, 0, 1]])",
      "limit": [
        "v0**2",
        "v0*v1"
      ],
      "max_t_degree": 3
    },
    "polynomial_pencil_degeneration_n5_0": {
      "frame": "Matrix([[0, 0, 1, 0, 0], [0, 0, 0, 1, 0], [0, 0, 0, 0, 1], [1, 1, 0, 0, 0], [1, 0, 0, 0, 0]])",
      "limit": [
        "2*v0**2",
        "-v0*v1"
      ],
      "max_t_degree": 4
    },
    "polynomial_pencil_degeneration_n5_1": {
      "frame": "Matrix([[1, 0, 0, 0, 0], [0, 1, 0, 0, 0], [0, 0, 1, 0, 0], [0, 0, 0, 1, 0], [0, 0, 0, 0, 1]])",
      "limit": [
        "v0**2",
        "v0*v1"
      ],
      "max_t_degree": 0
    },
    "polynomial_pencil_degeneration_n5_2": {
      "frame": "Matrix([[1, 1, 0, 0, 0], [1, 0, 0, 0, 0], [0, 0, 1, 0, 0], [0, 0, 0, 1, 0], [0, 0, 0, 0, 1]])",
      "limit": [
        "v0**2",
        "-2*v0*v1"
      ],
      "max_t_degree": 2
    },
    "polynomial_pencil_degeneration_n5_3": {
      "frame": "Matrix([[1, 0, 1, 0, 0], [1, 0, 0, 0, 0], [0, 1, 0, 0, 0], [0, 0, 0, 1, 0], [0, 0, 0, 0, 1]])",
      "limit": [
        "v0**2",
        "v0*v1"
      ],
      "max_t_degree": 2
    },
    "polynomial_pencil_degeneration_n5_4": {
      "frame": "Matrix([[0, 1, 0, 0, 0], [1, 0, 1, 0, 0], [1, 0, 0, 0, 0], [0, 0, 0, 1, 0], [0, 0, 0, 0, 1]])",
      "limit": [
        "v0**2",
        "v0*v1"
      ],
      "max_t_degree": 3
    }
  },
  "universal_proofs_certified": false,
  "historical_priority_certified": false,
  "scope": "Exact finite polynomial, fibre-equation, differential-rank, and degeneration witnesses; not universal proof or priority verification."
}
