{
  "ok": true,
  "SO4_target_dimension": 120,
  "SO4_highest_weights": [
    [
      6,
      0,
      1
    ],
    [
      4,
      4,
      1
    ],
    [
      4,
      2,
      2
    ],
    [
      2,
      4,
      2
    ],
    [
      2,
      2,
      1
    ],
    [
      2,
      0,
      2
    ],
    [
      0,
      6,
      1
    ],
    [
      0,
      2,
      2
    ]
  ],
  "SO4_invariant_multiplicity": 0,
  "quartic_dimensions": [
    25,
    9,
    1
  ],
  "shear_coefficient_checks": 84,
  "dual_number_CRT_checks": 4,
  "support_pullback_rows": [
    [
      1,
      false,
      4
    ],
    [
      2,
      false,
      7
    ],
    [
      3,
      false,
      9
    ],
    [
      4,
      false,
      10
    ],
    [
      4,
      true,
      9
    ]
  ],
  "scope": "Finite exact coefficient/character checks; structural arguments remain written proofs.",
  "structural_proofs_not_machine_certified": [
    "shear descent for arbitrary invariant subspaces and arbitrary degree",
    "complete reducibility and representation-theoretic identification",
    "arbitrary-base Cartier section gluing",
    "intrinsic normal-cone reconstruction",
    "radicality of pulled-back flattening ideals (not asserted)",
    "historical priority or journal acceptance"
  ]
}
