This is pdfTeX, Version 3.141592653-2.6-1.40.25 (TeX Live 2023/Debian) (preloaded format=pdflatex)
 restricted \write18 enabled.
entering extended mode
(./geometry.tex
LaTeX2e <2023-11-01> patch level 1
L3 programming layer <2024-01-22>
(./preamble.tex (/usr/share/texlive/texmf-dist/tex/latex/amscls/amsart.cls
Document Class: amsart 2020/05/29 v2.20.6
(/usr/share/texlive/texmf-dist/tex/latex/amsmath/amsmath.sty
For additional information on amsmath, use the `?' option.
(/usr/share/texlive/texmf-dist/tex/latex/amsmath/amstext.sty
(/usr/share/texlive/texmf-dist/tex/latex/amsmath/amsgen.sty))
(/usr/share/texlive/texmf-dist/tex/latex/amsmath/amsbsy.sty)
(/usr/share/texlive/texmf-dist/tex/latex/amsmath/amsopn.sty))
(/usr/share/texlive/texmf-dist/tex/latex/amsfonts/umsa.fd)
(/usr/share/texlive/texmf-dist/tex/latex/amsfonts/amsfonts.sty))
(/usr/share/texlive/texmf-dist/tex/latex/base/fontenc.sty)
(/usr/share/texmf/tex/latex/lm/lmodern.sty)
(/usr/share/texlive/texmf-dist/tex/latex/amsmath/amscd.sty)
(/usr/share/texlive/texmf-dist/tex/latex/amsfonts/amssymb.sty)
(/usr/share/texlive/texmf-dist/tex/latex/mathtools/mathtools.sty
(/usr/share/texlive/texmf-dist/tex/latex/graphics/keyval.sty)
(/usr/share/texlive/texmf-dist/tex/latex/tools/calc.sty)
(/usr/share/texlive/texmf-dist/tex/latex/mathtools/mhsetup.sty))
(/usr/share/texlive/texmf-dist/tex/latex/jknapltx/mathrsfs.sty)
(/usr/share/texlive/texmf-dist/tex/latex/microtype/microtype.sty
(/usr/share/texlive/texmf-dist/tex/latex/etoolbox/etoolbox.sty)
(/usr/share/texlive/texmf-dist/tex/latex/microtype/microtype-pdftex.def)
(/usr/share/texlive/texmf-dist/tex/latex/microtype/microtype.cfg))
(/usr/share/texlive/texmf-dist/tex/latex/booktabs/booktabs.sty)
(/usr/share/texlive/texmf-dist/tex/latex/tools/longtable.sty)
(/usr/share/texlive/texmf-dist/tex/latex/geometry/geometry.sty
(/usr/share/texlive/texmf-dist/tex/generic/iftex/ifvtex.sty
(/usr/share/texlive/texmf-dist/tex/generic/iftex/iftex.sty)))
(/usr/share/texlive/texmf-dist/tex/latex/hyperref/xr-hyper.sty)
(/usr/share/texlive/texmf-dist/tex/latex/hyperref/hyperref.sty
(/usr/share/texlive/texmf-dist/tex/latex/kvsetkeys/kvsetkeys.sty)
(/usr/share/texlive/texmf-dist/tex/generic/kvdefinekeys/kvdefinekeys.sty)
(/usr/share/texlive/texmf-dist/tex/generic/pdfescape/pdfescape.sty
(/usr/share/texlive/texmf-dist/tex/generic/ltxcmds/ltxcmds.sty)
(/usr/share/texlive/texmf-dist/tex/generic/pdftexcmds/pdftexcmds.sty
(/usr/share/texlive/texmf-dist/tex/generic/infwarerr/infwarerr.sty)))
(/usr/share/texlive/texmf-dist/tex/latex/hycolor/hycolor.sty)
(/usr/share/texlive/texmf-dist/tex/latex/auxhook/auxhook.sty)
(/usr/share/texlive/texmf-dist/tex/latex/hyperref/nameref.sty
(/usr/share/texlive/texmf-dist/tex/latex/refcount/refcount.sty)
(/usr/share/texlive/texmf-dist/tex/generic/gettitlestring/gettitlestring.sty
(/usr/share/texlive/texmf-dist/tex/latex/kvoptions/kvoptions.sty)))
(/usr/share/texlive/texmf-dist/tex/latex/hyperref/pd1enc.def)
(/usr/share/texlive/texmf-dist/tex/generic/intcalc/intcalc.sty)
(/usr/share/texlive/texmf-dist/tex/latex/hyperref/puenc.def)
(/usr/share/texlive/texmf-dist/tex/latex/url/url.sty)
(/usr/share/texlive/texmf-dist/tex/generic/bitset/bitset.sty
(/usr/share/texlive/texmf-dist/tex/generic/bigintcalc/bigintcalc.sty))
(/usr/share/texlive/texmf-dist/tex/latex/base/atbegshi-ltx.sty))
(/usr/share/texlive/texmf-dist/tex/latex/hyperref/hpdftex.def
(/usr/share/texlive/texmf-dist/tex/latex/base/atveryend-ltx.sty)
(/usr/share/texlive/texmf-dist/tex/latex/rerunfilecheck/rerunfilecheck.sty
(/usr/share/texlive/texmf-dist/tex/generic/uniquecounter/uniquecounter.sty))))

Package xr Warning: 
No file supplement-labels.aux
LABELS NOT IMPORTED.
 on input line 2.

(/usr/share/texmf/tex/latex/lm/t1lmr.fd)
(/usr/share/texlive/texmf-dist/tex/latex/l3backend/l3backend-pdftex.def)
No file geometry.aux.
(/usr/share/texmf/tex/latex/lm/ot1lmr.fd)
(/usr/share/texmf/tex/latex/lm/omllmm.fd)
(/usr/share/texmf/tex/latex/lm/omslmsy.fd)
(/usr/share/texmf/tex/latex/lm/omxlmex.fd)
(/usr/share/texlive/texmf-dist/tex/latex/amsfonts/umsa.fd)
(/usr/share/texlive/texmf-dist/tex/latex/amsfonts/umsb.fd)
(/usr/share/texlive/texmf-dist/tex/latex/jknapltx/ursfs.fd)
(/usr/share/texlive/texmf-dist/tex/latex/graphics/graphicx.sty
(/usr/share/texlive/texmf-dist/tex/latex/graphics/graphics.sty
(/usr/share/texlive/texmf-dist/tex/latex/graphics/trig.sty)
(/usr/share/texlive/texmf-dist/tex/latex/graphics-cfg/graphics.cfg)
(/usr/share/texlive/texmf-dist/tex/latex/graphics-def/pdftex.def
(/usr/share/texlive/texmf-dist/tex/context/base/mkii/supp-pdf.mkii
[Loading MPS to PDF converter (version 2006.09.02).]
))) (/usr/share/texlive/texmf-dist/tex/latex/epstopdf-pkg/epstopdf-base.sty
(/usr/share/texlive/texmf-dist/tex/latex/latexconfig/epstopdf-sys.cfg)))
(/usr/share/texlive/texmf-dist/tex/latex/microtype/mt-cmr.cfg)
*geometry* driver: auto-detecting
*geometry* detected driver: pdftex
(./frontmatter.tex) (./parts/01-introduction.tex
(/usr/share/texlive/texmf-dist/tex/latex/microtype/mt-msa.cfg)
(/usr/share/texlive/texmf-dist/tex/latex/microtype/mt-msb.cfg) [1{/var/lib/texm
f/fonts/map/pdftex/updmap/pdftex.map}{/usr/share/texmf/fonts/enc/dvips/lm/lm-ec
.enc}{/usr/share/texmf/fonts/enc/dvips/lm/lm-rm.enc}{/usr/share/texmf/fonts/enc
/dvips/lm/lm-mathit.enc}{/usr/share/texmf/fonts/enc/dvips/lm/lm-mathex.enc}{/us
r/share/texmf/fonts/enc/dvips/lm/lm-mathsy.enc}]

LaTeX Warning: Reference `sec:intrinsic-web-reconstruction' on page 2 undefined
 on input line 70.


LaTeX Warning: Reference `lem:schur-contraction-kernel' on page 2 undefined on 
input line 94.


LaTeX Warning: Reference `thm:exceptional-component-fibres' on page 2 undefined
 on input line 106.


LaTeX Warning: Reference `thm:global-schur-recombination' on page 2 undefined o
n input line 114.

[2]

LaTeX Warning: Reference `thm:uniform-contraction' on page 3 undefined on input
 line 133.


LaTeX Warning: Reference `thm:uniform-recombination' on page 3 undefined on inp
ut line 133.


LaTeX Warning: Citation `LandsbergOttaviani' on page 3 undefined on input line 
148.


LaTeX Warning: Citation `Sheridan' on page 3 undefined on input line 148.


LaTeX Warning: Reference `thm:main-web-reconstruction' on page 3 undefined on i
nput line 153.


LaTeX Warning: Reference `sec:polarization' on page 3 undefined on input line 1
63.


LaTeX Warning: Reference `sec:uniform-support' on page 3 undefined on input lin
e 186.


LaTeX Warning: Reference `sec:relations' on page 3 undefined on input line 188.



LaTeX Warning: Reference `sec:fitting' on page 3 undefined on input line 188.


LaTeX Warning: Reference `sec:intrinsic-web-reconstruction' on page 3 undefined
 on input line 189.


LaTeX Warning: Reference `sec:polarization' on page 3 undefined on input line 1
95.


LaTeX Warning: Reference `sec:classical' on page 3 undefined on input line 195.



LaTeX Warning: Reference `sec:support-literature' on page 3 undefined on input 
line 197.


LaTeX Warning: Citation `Ballico93' on page 3 undefined on input line 213.

) (./parts/02a-uniform-support.tex [3] (./parts/02b-shear-descent.tex [4])

LaTeX Warning: Reference `thm:uniform-contraction' on page 5 undefined on input
 line 40.


LaTeX Warning: Reference `lem:shear-descent' on page 5 undefined on input line 
47.


LaTeX Warning: Reference `eq:uniform-j' on page 5 undefined on input line 57.


LaTeX Warning: Reference `eq:uniform-j' on page 5 undefined on input line 105.


LaTeX Warning: Reference `eq:cofactor-divergence' on page 5 undefined on input 
line 109.


LaTeX Warning: Reference `thm:uniform-contraction' on page 5 undefined on input
 line 114.

[5]

LaTeX Warning: Citation `FultonHarris' on page 6 undefined on input line 123.


LaTeX Warning: Reference `eq:uniform-harmonics' on page 6 undefined on input li
ne 131.


LaTeX Warning: Reference `eq:uniform-j' on page 6 undefined on input line 141.


LaTeX Warning: Reference `eq:uniform-coefficient-rule' on page 6 undefined on i
nput line 154.


LaTeX Warning: Reference `lem:wick-cofactor' on page 6 undefined on input line 
164.


LaTeX Warning: Citation `LandsbergOttaviani' on page 6 undefined on input line 
177.


LaTeX Warning: Citation `Sheridan' on page 6 undefined on input line 177.


LaTeX Warning: Citation `Carlini' on page 6 undefined on input line 180.


LaTeX Warning: Reference `thm:uniform-contraction' on page 6 undefined on input
 line 202.

[6]

LaTeX Warning: Citation `LandsbergOttaviani2010' on page 7 undefined on input l
ine 223.


LaTeX Warning: Citation `LandsbergOttaviani' on page 7 undefined on input line 
223.


LaTeX Warning: Reference `thm:uniform-support-table' on page 7 undefined on inp
ut line 259.


LaTeX Warning: Reference `eq:uniform-pencil-section' on page 7 undefined on inp
ut line 278.

[7]) (./parts/02-relations.tex

LaTeX Warning: Reference `eq:Y-intro' on page 8 undefined on input line 32.


LaTeX Warning: Reference `lem:contraction' on page 8 undefined on input line 52
.

[8]) (./parts/03-fitting-core.tex [9]

LaTeX Warning: Reference `eq:full-matrix-ideal' on page 10 undefined on input l
ine 28.


LaTeX Warning: Reference `eq:firstorder' on page 10 undefined on input line 74.



LaTeX Warning: Reference `eq:full-matrix-ideal' on page 10 undefined on input l
ine 78.


LaTeX Warning: Reference `prop:relative-open' on page 10 undefined on input lin
e 79.


LaTeX Warning: Reference `eq:normal-global' on page 10 undefined on input line 
87.

[10]) (./parts/12-intrinsic-web-reconstruction.tex [11]

LaTeX Warning: Reference `eq:deepest-cone-equation' on page 12 undefined on inp
ut line 130.

[12] (./parts/12j-intrinsic-descent.tex [13]

LaTeX Warning: Reference `lem:deepest-normal-cone' on page 14 undefined on inpu
t line 87.


LaTeX Warning: Reference `lem:deepest-normal-cone' on page 14 undefined on inpu
t line 127.


LaTeX Warning: Reference `eq:determinant-line-bundle' on page 14 undefined on i
nput line 133.


LaTeX Warning: Reference `eq:twisted-residual-piece' on page 14 undefined on in
put line 140.


LaTeX Warning: Reference `eq:twisted-residual-piece' on page 14 undefined on in
put line 144.

) (./parts/12a-universal-readout.tex [14]

LaTeX Warning: Reference `eq:universal-coefficient-map' on page 15 undefined on
 input line 52.


LaTeX Warning: Reference `eq:two-web-components' on page 15 undefined on input 
line 64.


LaTeX Warning: Citation `FultonHarris' on page 15 undefined on input line 69.


LaTeX Warning: Citation `DCEP' on page 15 undefined on input line 69.


LaTeX Warning: Reference `eq:minor-two-summands' on page 15 undefined on input 
line 96.

[15]

LaTeX Warning: Reference `eq:fixed-slice-universal' on page 16 undefined on inp
ut line 115.


LaTeX Warning: Reference `eq:explicit-exterior-duality' on page 16 undefined on
 input line 139.

)

LaTeX Warning: Reference `lem:deepest-normal-cone' on page 16 undefined on inpu
t line 196.


LaTeX Warning: Reference `lem:intrinsic-residual-ideal' on page 16 undefined on
 input line 202.


LaTeX Warning: Reference `lem:universal-schur-readout' on page 16 undefined on 
input line 213.


LaTeX Warning: Reference `lem:readout-exterior-twist' on page 16 undefined on i
nput line 224.


LaTeX Warning: Reference `lem:common-g-functoriality' on page 16 undefined on i
nput line 229.

(./parts/12b-functoriality.tex [16]

LaTeX Warning: Reference `lem:deepest-normal-cone' on page 17 undefined on inpu
t line 20.


LaTeX Warning: Reference `eq:graded-cone-functoriality' on page 17 undefined on
 input line 30.


LaTeX Warning: Citation `StacksNormalCone' on page 17 undefined on input line 3
2.


LaTeX Warning: Reference `lem:deepest-normal-cone' on page 17 undefined on inpu
t line 38.


LaTeX Warning: Reference `lem:oriented-segre-descent' on page 17 undefined on i
nput line 39.


LaTeX Warning: Reference `lem:intrinsic-residual-ideal' on page 17 undefined on
 input line 71.


LaTeX Warning: Reference `lem:readout-exterior-twist' on page 17 undefined on i
nput line 84.

) (./parts/12d-schur-support.tex [17]
(/usr/share/texlive/texmf-dist/tex/latex/amsfonts/ueuf.fd)
(/usr/share/texlive/texmf-dist/tex/latex/microtype/mt-euf.cfg)

LaTeX Warning: Reference `eq:two-web-components' on page 18 undefined on input 
line 29.


LaTeX Warning: Citation `Carlini' on page 18 undefined on input line 45.

(./parts/12f-structural-lemmas.tex

LaTeX Warning: Reference `lem:shear-descent' on page 18 undefined on input line
 3.

[18]

LaTeX Warning: Reference `eq:explicit-so4-exterior-cube' on page 19 undefined o
n input line 83.

) (./parts/12g-contraction-proof.tex

LaTeX Warning: Reference `eq:polarized-schur-embedding' on page 19 undefined on
 input line 17.

[19]

LaTeX Warning: Reference `lem:shear-descent' on page 20 undefined on input line
 23.


LaTeX Warning: Reference `lem:shear-descent' on page 20 undefined on input line
 51.


LaTeX Warning: Reference `eq:singular-contraction-kernel' on page 20 undefined 
on input line 53.


LaTeX Warning: Reference `lem:orthogonal-exterior-cube' on page 20 undefined on
 input line 77.


LaTeX Warning: Reference `eq:schur-polarization-formula' on page 20 undefined o
n input line 86.


LaTeX Warning: Reference `eq:nonsingular-contraction-kernel' on page 20 undefin
ed on input line 100.

) [20]

LaTeX Warning: Reference `eq:schur-support-table' on page 21 undefined on input
 line 104.


LaTeX Warning: Reference `eq:exterior-support-annihilator' on page 21 undefined
 on input line 112.


LaTeX Warning: Reference `eq:jacobian-schur-normalization' on page 21 undefined
 on input line 157.


LaTeX Warning: Reference `prop:exact-schur-support' on page 21 undefined on inp
ut line 158.

[21]

LaTeX Warning: Reference `lem:secant-tangent-support' on page 22 undefined on i
nput line 175.


LaTeX Warning: Reference `eq:global-reconstruction-open-equality' on page 22 un
defined on input line 185.


LaTeX Warning: Reference `thm:global-schur-recombination' on page 22 undefined 
on input line 209.


LaTeX Warning: Reference `thm:generic-intrinsic-web' on page 22 undefined on in
put line 212.

)

LaTeX Warning: Reference `thm:generic-intrinsic-web' on page 22 undefined on in
put line 236.


LaTeX Warning: Reference `thm:global-schur-recombination' on page 22 undefined 
on input line 237.


LaTeX Warning: Reference `eq:reconstruction-open' on page 22 undefined on input
 line 240.


LaTeX Warning: Reference `lem:differential' on page 22 undefined on input line 
242.


LaTeX Warning: Reference `app:separating-pencils' on page 22 undefined on input
 line 242.


LaTeX Warning: Reference `eq:exact-plucker-pencil' on page 22 undefined on inpu
t line 252.


LaTeX Warning: Reference `lem:common-g-functoriality' on page 22 undefined on i
nput line 262.


LaTeX Warning: Reference `lem:universal-schur-readout' on page 22 undefined on 
input line 263.


LaTeX Warning: Reference `lem:algebra-orbits' on page 22 undefined on input lin
e 273.


LaTeX Warning: Reference `thm:torelli-monodromy' on page 22 undefined on input 
line 279.

[22]

LaTeX Warning: Reference `thm:generic-intrinsic-web' on page 23 undefined on in
put line 289.

) (./parts/04-polarization.tex

LaTeX Warning: Reference `eq:graph-E' on page 23 undefined on input line 4.


LaTeX Warning: Reference `eq:vanish-symmetric' on page 23 undefined on input li
ne 36.


LaTeX Warning: Reference `thm:normal-form' on page 23 undefined on input line 6
2.


LaTeX Warning: Reference `eq:line-cancellation' on page 23 undefined on input l
ine 72.

[23]

LaTeX Warning: Reference `thm:main-reconstruction' on page 24 undefined on inpu
t line 76.


LaTeX Warning: Reference `prop:canonical-line' on page 24 undefined on input li
ne 81.


LaTeX Warning: Reference `lem:no-functions' on page 24 undefined on input line 
81.


LaTeX Warning: Reference `prop:full-fitting' on page 24 undefined on input line
 101.


LaTeX Warning: Citation `Kollar' on page 24 undefined on input line 123.

) (./parts/05-moduli.tex

LaTeX Warning: Reference `thm:main-moduli' on page 24 undefined on input line 3
.

[24]

LaTeX Warning: Reference `sec:certificates' on page 25 undefined on input line 
50.


LaTeX Warning: Reference `lem:differential' on page 25 undefined on input line 
72.


LaTeX Warning: Reference `prop:relative-open' on page 25 undefined on input lin
e 77.


LaTeX Warning: Citation `Huy' on page 25 undefined on input line 91.

[25]

LaTeX Warning: Reference `thm:main-moduli' on page 26 undefined on input line 1
03.


LaTeX Warning: Reference `prop:nine-image' on page 26 undefined on input line 1
04.


LaTeX Warning: Reference `thm:main-reconstruction' on page 26 undefined on inpu
t line 105.


LaTeX Warning: Reference `lem:algebra-orbits' on page 26 undefined on input lin
e 106.


LaTeX Warning: Reference `cor:relative-flat' on page 26 undefined on input line
 118.


LaTeX Warning: Reference `thm:main-reconstruction' on page 26 undefined on inpu
t line 124.


LaTeX Warning: Reference `eq:graph-delta' on page 26 undefined on input line 12
5.

) (./parts/07-classical.tex

LaTeX Warning: Reference `thm:main-reconstruction' on page 26 undefined on inpu
t line 15.


LaTeX Warning: Citation `IK' on page 26 undefined on input line 40.


LaTeX Warning: Citation `DK' on page 26 undefined on input line 43.


LaTeX Warning: Reference `prop:incidence-bridge' on page 26 undefined on input 
line 43.

) (./parts/15-support-literature.tex [26]

LaTeX Warning: Reference `thm:uniform-contraction' on page 27 undefined on inpu
t line 13.


LaTeX Warning: Reference `eq:exterior-support-annihilator' on page 27 undefined
 on input line 27.


LaTeX Warning: Citation `Carlini' on page 27 undefined on input line 33.


LaTeX Warning: Reference `prop:exact-schur-support' on page 27 undefined on inp
ut line 58.


LaTeX Warning: Reference `eq:pullback-support-eight' on page 27 undefined on in
put line 74.

[27]

LaTeX Warning: Citation `Boralevi' on page 28 undefined on input line 81.


LaTeX Warning: Reference `lem:secant-tangent-support' on page 28 undefined on i
nput line 84.


LaTeX Warning: Citation `LandsbergOttaviani2010' on page 28 undefined on input 
line 92.


LaTeX Warning: Citation `LandsbergOttaviani' on page 28 undefined on input line
 93.


LaTeX Warning: Citation `Sheridan' on page 28 undefined on input line 98.


LaTeX Warning: Reference `thm:uniform-contraction' on page 28 undefined on inpu
t line 108.


LaTeX Warning: Reference `thm:uniform-support-table' on page 28 undefined on in
put line 109.


LaTeX Warning: Citation `LandsbergWeyman' on page 28 undefined on input line 11
7.


LaTeX Warning: Reference `eq:pullback-support-four' on page 28 undefined on inp
ut line 121.


LaTeX Warning: Reference `eq:pullback-support-nine' on page 28 undefined on inp
ut line 121.


LaTeX Warning: Reference `lem:universal-schur-readout' on page 28 undefined on 
input line 136.


LaTeX Warning: Reference `lem:orthogonal-exterior-cube' on page 28 undefined on
 input line 140.


LaTeX Warning: Reference `thm:uniform-contraction' on page 28 undefined on inpu
t line 144.


LaTeX Warning: Reference `lem:schur-contraction-kernel' on page 28 undefined on
 input line 146.


LaTeX Warning: Citation `Ballico93' on page 28 undefined on input line 157.

) (./parts/17-assistance.tex

LaTeX Warning: Reference `sec:uniform-support' on page 28 undefined on input li
ne 3.

) (./references.tex [28]
pdfTeX warning (font expansion): font should be expanded before its first use
(/usr/share/texmf/tex/latex/lm/t1lmtt.fd) [29]

LaTeX Warning: Citation `LandsbergOttaviani' on page 30 undefined on input line
 204.

) [30] (./geometry.aux)

LaTeX Warning: There were undefined references.


LaTeX Warning: Label(s) may have changed. Rerun to get cross-references right.


Package rerunfilecheck Warning: File `geometry.out' has changed.
(rerunfilecheck)                Rerun to get outlines right
(rerunfilecheck)                or use package `bookmark'.

 )
(see the transcript file for additional information)</usr/share/texlive/texmf-d
ist/fonts/type1/public/amsfonts/euler/eufm10.pfb></usr/share/texmf/fonts/type1/
public/lm/lmbx10.pfb></usr/share/texmf/fonts/type1/public/lm/lmbx9.pfb></usr/sh
are/texmf/fonts/type1/public/lm/lmcsc10.pfb></usr/share/texmf/fonts/type1/publi
c/lm/lmex10.pfb></usr/share/texmf/fonts/type1/public/lm/lmmi10.pfb></usr/share/
texmf/fonts/type1/public/lm/lmmi6.pfb></usr/share/texmf/fonts/type1/public/lm/l
mmi8.pfb></usr/share/texmf/fonts/type1/public/lm/lmmi9.pfb></usr/share/texmf/fo
nts/type1/public/lm/lmr10.pfb></usr/share/texmf/fonts/type1/public/lm/lmr6.pfb>
</usr/share/texmf/fonts/type1/public/lm/lmr8.pfb></usr/share/texmf/fonts/type1/
public/lm/lmr9.pfb></usr/share/texmf/fonts/type1/public/lm/lmri10.pfb></usr/sha
re/texmf/fonts/type1/public/lm/lmri9.pfb></usr/share/texmf/fonts/type1/public/l
m/lmsy10.pfb></usr/share/texmf/fonts/type1/public/lm/lmsy6.pfb></usr/share/texm
f/fonts/type1/public/lm/lmsy8.pfb></usr/share/texmf/fonts/type1/public/lm/lmsy9
.pfb></usr/share/texmf/fonts/type1/public/lm/lmtt9.pfb></usr/share/texlive/texm
f-dist/fonts/type1/public/amsfonts/symbols/msam10.pfb></usr/share/texlive/texmf
-dist/fonts/type1/public/amsfonts/symbols/msbm10.pfb></usr/share/texlive/texmf-
dist/fonts/type1/public/rsfs/rsfs10.pfb>
Output written on geometry.pdf (30 pages, 546467 bytes).
Transcript written on geometry.log.
