{
  "ok": true,
  "revision": 146,
  "discriminant": "4*s**2*t**2*(s - t)**2*(s + t)**2*(s + 3*t)**2*(2*s + 3*t)**2",
  "cross_ratio_values": [
    "7/4",
    "15/11"
  ],
  "unordered_invariant_values": [
    "50653/7056",
    "5929741/435600"
  ],
  "six_cross_ratio_symmetries": true,
  "six_collision_points_retained": true,
  "pencil_bundle_rank_everywhere_argument": "constant A,B0,B1 independent; B0*s+B1*t not scalar A",
  "nonzero_pluecker_tangent_mod_scalars": true,
  "full_right_factor_contraction": true,
  "top_degree_shear_cases": 33,
  "filtered_commutator_shift_three": true,
  "dimension_checks": [
    {
      "n": 3,
      "N": 6,
      "p": 4,
      "d": 11,
      "relation_rank": 15,
      "finite_rank": 167945
    },
    {
      "n": 4,
      "N": 10,
      "p": 8,
      "d": 20,
      "relation_rank": 45,
      "finite_rank": 7307872065
    },
    {
      "n": 5,
      "N": 15,
      "p": 13,
      "d": 31,
      "relation_rank": 105,
      "finite_rank": 5574440580220407
    },
    {
      "n": 6,
      "N": 21,
      "p": 19,
      "d": 44,
      "relation_rank": 210,
      "finite_rank": 72375774809317008101590
    },
    {
      "n": 7,
      "N": 28,
      "p": 26,
      "d": 59,
      "relation_rank": 378,
      "finite_rank": 15702543118395599603052556320822
    },
    {
      "n": 8,
      "N": 36,
      "p": 34,
      "d": 76,
      "relation_rank": 630,
      "finite_rank": 56268815755796132645259780703489116803520
    }
  ],
  "proof_certified": false,
  "scope": "Finite exact calculations only. Not a formal verification of the intrinsic inverse, group exactness, priority, significance or all inherited proofs."
}
