{
  "ok": true,
  "prime": 1000003,
  "pencil_coefficient_evaluation_cases": [
    {
      "kernel_monomial_indices": [
        0,
        1
      ],
      "original_rank": 15,
      "transposed_rank": 15,
      "combined_rank": 29,
      "intersection_dimension_in_evaluations": 1
    },
    {
      "kernel_monomial_indices": [
        0,
        3
      ],
      "original_rank": 15,
      "transposed_rank": 15,
      "combined_rank": 29,
      "intersection_dimension_in_evaluations": 1
    },
    {
      "kernel_monomial_indices": [
        1,
        4
      ],
      "original_rank": 15,
      "transposed_rank": 15,
      "combined_rank": 29,
      "intersection_dimension_in_evaluations": 1
    }
  ],
  "support_ranks": [
    1,
    3
  ],
  "model_arbitrary_corrections_invertible": true,
  "model_algebra_dimension": 19,
  "local_rank_numerics": [
    {
      "n": 3,
      "d": 11,
      "length": 167945,
      "tangent_identity_kernel_dimension": 1511415
    },
    {
      "n": 4,
      "d": 20,
      "length": 7307872065,
      "tangent_identity_kernel_dimension": 116925952768
    },
    {
      "n": 5,
      "d": 31,
      "length": 5574440580220407,
      "tangent_identity_kernel_dimension": 139361014505509525
    },
    {
      "n": 6,
      "d": 44,
      "length": 72375774809317008101590,
      "tangent_identity_kernel_dimension": 2605527893135412291655908
    }
  ],
  "proof_certified": false,
  "scope": "Finite exact checks. Finite-field evaluations separate these concrete transposed coefficient modules; the all-pencil orientation and local inverse are proved in the manuscript, not established by sampling."
}
