{
  "finite_checks": 11647,
  "formal_proof_certificate": false,
  "groups": {
    "C2_target_balance": 5,
    "active_input_exists": 7,
    "adversarial_radius_error": 3544,
    "adversarial_relaxed_bracket": 3544,
    "binary_leaf_success_bound": 1827,
    "bisection_callback_enclosure": 12,
    "bisection_query_cap": 12,
    "comparison_with_uniform_grid_orders": 5,
    "conditional_occupation_enclosure": 12,
    "dependency_center_count": 30,
    "dependency_diamond_equals_killed_square": 32,
    "forcing_error_accumulation": 64,
    "information_scope_explicit": 4,
    "interpolation_extremal_noise": 2048,
    "interval_encloses_exact_iterate": 64,
    "main_proof_chain_present": 8,
    "nonlinear_polar_convexity_margin": 213,
    "nonlinear_radial_refinement": 6,
    "physical_holder_packing_scale": 5,
    "reference_resolved": 47,
    "seven_node_polynomial_derivative_reproduction": 140,
    "two_site_compass_survival": 12,
    "unique_labels": 1,
    "value_noise_derivative_balance": 5
  },
  "numerical": {
    "runs": [
      {
        "errors_C0_C1_C2": [
          6.421466714146007e-06,
          0.0001453728883497596,
          0.0038268022340779972
        ],
        "nodes": 24
      },
      {
        "errors_C0_C1_C2": [
          5.579066342242811e-08,
          2.514629318606243e-06,
          0.00014605158269023755
        ],
        "nodes": 48
      },
      {
        "errors_C0_C1_C2": [
          4.310101164861635e-10,
          4.299190450862689e-08,
          4.681098275088891e-06
        ],
        "nodes": 96
      }
    ],
    "scope": "floating_point_radial_examples_not_sensor_execution"
  },
  "physical_sensor_executed": false,
  "status": "passed"
}
