Title:           Reference-free certification from intrinsic boundary laws
Subject:         
Keywords:        
Author:          Qian Qi
Creator:         LaTeX with hyperref
Producer:        pdfTeX-1.40.26
CreationDate:    Tue Sep 29 09:05:21 2026 UTC
ModDate:         Tue Sep 29 09:05:21 2026 UTC
Custom Metadata: yes
Metadata Stream: no
Tagged:          no
UserProperties:  no
Suspects:        no
Form:            none
JavaScript:      no
Pages:           23
Encrypted:       no
Page size:       612 x 792 pts (letter)
Page rot:        0
File size:       433722 bytes
Optimized:       no
PDF version:     1.7
