{
  "formal_proof_certificate": false,
  "new_checks": 5110,
  "new_groups": {
    "all_cycle_saturation": 1,
    "bernoulli_entropy_upper_bound": 27,
    "bezout_signed_and_zero": 289,
    "bias_variance_balance": 5,
    "bounded_denominator_separation": 892,
    "completion_identity": 189,
    "duplicate_reversal_order_invariance": 350,
    "hermite_contains_every_generator": 1750,
    "hermite_determinantal_index": 350,
    "hidden_area_mass_inversion": 27,
    "index_and_hidden_area_add": 1,
    "insufficient_precision_fails_closed": 1,
    "linear_area_signal": 27,
    "linear_bernstein_term_smaller": 5,
    "new_mathematical_component": 4,
    "no_primitive_pair": 1,
    "noisy_completion_decision": 40,
    "noisy_defect_decomposition": 40,
    "noisy_group_covolume": 40,
    "premature_area_calibration_not_integral": 1,
    "proper_subgroup_detected": 1,
    "random_retention_union_bound": 132,
    "rank_deficient_not_certified": 1,
    "reachable_primary_input": 7,
    "resolved_bibliography": 13,
    "resolved_primary_reference": 60,
    "sequential_error_spending": 1,
    "unchanged_intrinsic_local_proof": 1,
    "uniform_positive_gap": 189,
    "unimodular_frame_index_invariance": 350,
    "unique_primary_labels": 1,
    "unique_rational_decoding": 125,
    "zero_iff_complete_saturated": 189
  },
  "numerical": {
    "families": 5,
    "max_absolute_curvature_error": 1.2312545871751013e-08,
    "points_per_family": 9
  },
  "retained_local_subset_checks": 3635,
  "retained_local_subset_groups": {
    "Bernstein_bias_variance_balance": 4,
    "Bernstein_linear_remainder_smaller": 4,
    "absolute_cell_error_balance": 4,
    "cell_second_derivative_noise": 512,
    "cell_tensor_reproduction": 81,
    "coherent_density_reversal": 200,
    "flux_factor_recovery": 200,
    "foot_speed": 135,
    "nonlinear_stationary_curvature": 90,
    "opposite_curvature": 135,
    "source_curvature": 135,
    "twist_frame_margins": 135,
    "two_density_cubic_jet_identity": 2000
  },
  "schema": "a2-v22-finite-diagnostics-1",
  "scope": "Finite arithmetic, error-control diagnostics, local curvature tests and source consistency only",
  "status": "passed"
}
