This is pdfTeX, Version 3.141592653-2.6-1.40.25 (TeX Live 2023/Debian) (preloaded format=pdflatex)
 restricted \write18 enabled.
entering extended mode
(./paper.tex
LaTeX2e <2023-11-01> patch level 1
L3 programming layer <2024-01-22>
(/usr/share/texlive/texmf-dist/tex/latex/base/article.cls
Document Class: article 2023/05/17 v1.4n Standard LaTeX document class
(/usr/share/texlive/texmf-dist/tex/latex/base/size11.clo))
(/usr/share/texlive/texmf-dist/tex/latex/base/fontenc.sty)
(/usr/share/texmf/tex/latex/lm/lmodern.sty)
(/usr/share/texlive/texmf-dist/tex/latex/geometry/geometry.sty
(/usr/share/texlive/texmf-dist/tex/latex/graphics/keyval.sty)
(/usr/share/texlive/texmf-dist/tex/generic/iftex/ifvtex.sty
(/usr/share/texlive/texmf-dist/tex/generic/iftex/iftex.sty)))
(/usr/share/texlive/texmf-dist/tex/latex/pdfpages/pdfpages.sty
(/usr/share/texlive/texmf-dist/tex/latex/base/ifthen.sty)
(/usr/share/texlive/texmf-dist/tex/latex/tools/calc.sty)
(/usr/share/texlive/texmf-dist/tex/latex/eso-pic/eso-pic.sty
(/usr/share/texlive/texmf-dist/tex/latex/xcolor/xcolor.sty
(/usr/share/texlive/texmf-dist/tex/latex/graphics-cfg/color.cfg)
(/usr/share/texlive/texmf-dist/tex/latex/graphics-def/pdftex.def)
(/usr/share/texlive/texmf-dist/tex/latex/graphics/mathcolor.ltx)))
(/usr/share/texlive/texmf-dist/tex/latex/graphics/graphicx.sty
(/usr/share/texlive/texmf-dist/tex/latex/graphics/graphics.sty
(/usr/share/texlive/texmf-dist/tex/latex/graphics/trig.sty)
(/usr/share/texlive/texmf-dist/tex/latex/graphics-cfg/graphics.cfg)))
(/usr/share/texlive/texmf-dist/tex/latex/pdfpages/pppdftex.def))
(/usr/share/texlive/texmf-dist/tex/latex/hyperref/hyperref.sty
(/usr/share/texlive/texmf-dist/tex/latex/kvsetkeys/kvsetkeys.sty)
(/usr/share/texlive/texmf-dist/tex/generic/kvdefinekeys/kvdefinekeys.sty)
(/usr/share/texlive/texmf-dist/tex/generic/pdfescape/pdfescape.sty
(/usr/share/texlive/texmf-dist/tex/generic/ltxcmds/ltxcmds.sty)
(/usr/share/texlive/texmf-dist/tex/generic/pdftexcmds/pdftexcmds.sty
(/usr/share/texlive/texmf-dist/tex/generic/infwarerr/infwarerr.sty)))
(/usr/share/texlive/texmf-dist/tex/latex/hycolor/hycolor.sty)
(/usr/share/texlive/texmf-dist/tex/latex/auxhook/auxhook.sty)
(/usr/share/texlive/texmf-dist/tex/latex/hyperref/nameref.sty
(/usr/share/texlive/texmf-dist/tex/latex/refcount/refcount.sty)
(/usr/share/texlive/texmf-dist/tex/generic/gettitlestring/gettitlestring.sty
(/usr/share/texlive/texmf-dist/tex/latex/kvoptions/kvoptions.sty)))
(/usr/share/texlive/texmf-dist/tex/latex/etoolbox/etoolbox.sty)
(/usr/share/texlive/texmf-dist/tex/latex/hyperref/pd1enc.def)
(/usr/share/texlive/texmf-dist/tex/generic/intcalc/intcalc.sty)
(/usr/share/texlive/texmf-dist/tex/latex/hyperref/puenc.def)
(/usr/share/texlive/texmf-dist/tex/latex/url/url.sty)
(/usr/share/texlive/texmf-dist/tex/generic/bitset/bitset.sty
(/usr/share/texlive/texmf-dist/tex/generic/bigintcalc/bigintcalc.sty))
(/usr/share/texlive/texmf-dist/tex/latex/base/atbegshi-ltx.sty))
(/usr/share/texlive/texmf-dist/tex/latex/hyperref/hpdftex.def
(/usr/share/texlive/texmf-dist/tex/latex/base/atveryend-ltx.sty)
(/usr/share/texlive/texmf-dist/tex/latex/rerunfilecheck/rerunfilecheck.sty
(/usr/share/texlive/texmf-dist/tex/generic/uniquecounter/uniquecounter.sty)))
(/usr/share/texmf/tex/latex/lm/t1lmr.fd)
(/usr/share/texlive/texmf-dist/tex/latex/l3backend/l3backend-pdftex.def)
(./paper_latex.aux)
*geometry* driver: auto-detecting
*geometry* detected driver: pdftex
(/usr/share/texlive/texmf-dist/tex/context/base/mkii/supp-pdf.mkii
[Loading MPS to PDF converter (version 2006.09.02).]
) (/usr/share/texlive/texmf-dist/tex/latex/epstopdf-pkg/epstopdf-base.sty
(/usr/share/texlive/texmf-dist/tex/latex/latexconfig/epstopdf-sys.cfg))
(/usr/share/texlive/texmf-dist/tex/latex/pdflscape/pdflscape.sty
(/usr/share/texlive/texmf-dist/tex/latex/pdflscape/pdflscape-nometadata.sty
(/usr/share/texlive/texmf-dist/tex/latex/graphics/lscape.sty)))
(./paper_latex.out) (./paper_latex.out) [1 <./geometry.pdf{/var/lib/texmf/fonts
/map/pdftex/updmap/pdftex.map}>] [2 <./geometry.pdf>] [3 <./geometry.pdf>]
[4 <./geometry.pdf>] [5 <./geometry.pdf>] [6 <./geometry.pdf>] [7 <./geometry.p
df>] [8 <./geometry.pdf>] [9 <./geometry.pdf>] [10 <./geometry.pdf>] [11 <./geo
metry.pdf>] [12 <./geometry.pdf>] [13 <./geometry.pdf>] [14 <./geometry.pdf>]
[15 <./geometry.pdf>] [16 <./geometry.pdf>]
(/usr/share/texmf/tex/latex/lm/t1lmtt.fd) [17{/usr/share/texmf/fonts/enc/dvips/
lm/lm-ec.enc}] [18 <../v122/paper.pdf>] [19 <../v122/paper.pdf>] [20 <../v122/p
aper.pdf>] [21 <../v122/paper.pdf>] [22 <../v122/paper.pdf>] [23 <../v122/paper
.pdf>] [24 <../v122/paper.pdf>] [25 <../v122/paper.pdf>] [26 <../v122/paper.pdf
>] [27 <../v122/paper.pdf>] [28 <../v122/paper.pdf>] [29 <../v122/paper.pdf>]
[30 <../v122/paper.pdf>] [31 <../v122/paper.pdf>] [32 <../v122/paper.pdf>]
[33 <../v122/paper.pdf>] [34 <../v122/paper.pdf>] [35 <../v122/paper.pdf>]
[36 <../v122/paper.pdf>] [37 <../v122/paper.pdf>] [38 <../v122/paper.pdf>]
[39 <../v122/paper.pdf>] [40 <../v122/paper.pdf>] [41 <../v122/paper.pdf>]
[42 <../v122/paper.pdf>] [43 <../v122/paper.pdf>] [44 <../v122/paper.pdf>]
[45 <../v122/paper.pdf>] [46 <../v122/paper.pdf>] [47 <../v122/paper.pdf>]
[48 <../v122/paper.pdf>] [49 <../v122/paper.pdf>] [50 <../v122/paper.pdf>]
[51 <../v122/paper.pdf>] [52 <../v122/paper.pdf>] [53 <../v122/paper.pdf>]
[54 <../v122/paper.pdf>] [55 <../v122/paper.pdf>] [56 <../v122/paper.pdf>]
[57 <../v122/paper.pdf>] [58 <../v122/paper.pdf>] [59 <../v122/paper.pdf>]
[60 <../v122/paper.pdf>] [61 <../v122/paper.pdf>] [62 <../v122/paper.pdf>]
[63 <../v122/paper.pdf>] [64 <../v122/paper.pdf>] [65 <../v122/paper.pdf>]
[66 <../v122/paper.pdf>] [67 <../v122/paper.pdf>] [68 <../v122/paper.pdf>]
[69 <../v122/paper.pdf>] [70 <../v122/paper.pdf>] [71 <../v122/paper.pdf>]
[72 <../v122/paper.pdf>] [73 <../v122/paper.pdf>] [74 <../v122/paper.pdf>]
[75 <../v122/paper.pdf>] [76 <../v122/paper.pdf>] [77 <../v122/paper.pdf>]
[78 <../v122/paper.pdf>] [79 <../v122/paper.pdf>] [80 <../v122/paper.pdf>]
[81 <../v122/paper.pdf>] [82 <../v122/paper.pdf>] [83 <../v122/paper.pdf>]
[84 <../v122/paper.pdf>] [85 <../v122/paper.pdf>] [86 <../v122/paper.pdf>]
[87 <../v122/paper.pdf>] [88 <../v122/paper.pdf>] [89 <../v122/paper.pdf>]
[90 <../v122/paper.pdf>] [91 <../v122/paper.pdf>] [92 <../v122/paper.pdf>]
[93 <../v122/paper.pdf>] [94 <../v122/paper.pdf>] [95 <../v122/paper.pdf>]
[96 <../v122/paper.pdf>] [97 <../v122/paper.pdf>] [98 <../v122/paper.pdf>]
[99 <../v122/paper.pdf>] [100 <../v122/paper.pdf>] [101 <../v122/paper.pdf>]
[102 <../v122/paper.pdf>] [103 <../v122/paper.pdf>] [104 <../v122/paper.pdf>]
[105 <../v122/paper.pdf>] [106 <../v122/paper.pdf>] [107 <../v122/paper.pdf>]
[108 <../v122/paper.pdf>] [109 <../v122/paper.pdf>] [110 <../v122/paper.pdf>]
[111 <../v122/paper.pdf>] [112 <../v122/paper.pdf>] [113 <../v122/paper.pdf>]
[114 <../v122/paper.pdf>] [115 <../v122/paper.pdf>] [116 <../v122/paper.pdf>]
[117 <../v122/paper.pdf>] [118 <../v122/paper.pdf>] [119 <../v122/paper.pdf>]
[120 <../v122/paper.pdf>] [121 <../v122/paper.pdf>] [122 <../v122/paper.pdf>]
[123 <../v122/paper.pdf>] [124 <../v122/paper.pdf>] [125 <../v122/paper.pdf>]
[126 <../v122/paper.pdf>] [127 <../v122/paper.pdf>] [128 <../v122/paper.pdf>]
[129 <../v122/paper.pdf>] [130 <../v122/paper.pdf>] [131 <../v122/paper.pdf>]
[132 <../v122/paper.pdf>] [133 <../v122/paper.pdf>] [134 <../v122/paper.pdf>]
[135 <../v122/paper.pdf>] [136 <../v122/paper.pdf>] [137 <../v122/paper.pdf>]
[138 <../v122/paper.pdf>] [139 <../v122/paper.pdf>] [140 <../v122/paper.pdf>]
[141 <../v122/paper.pdf>] [142 <../v122/paper.pdf>] [143 <../v122/paper.pdf>]
[144 <../v122/paper.pdf>] [145 <../v122/paper.pdf>] [146 <../v122/paper.pdf>]
[147 <../v122/paper.pdf>] (./paper_latex.aux) )</usr/share/texlive/texmf-dist/f
onts/type1/public/amsfonts/euler/eufm10.pfb></usr/share/texmf/fonts/type1/publi
c/lm/lmbx10.pfb></usr/share/texmf/fonts/type1/public/lm/lmbx12.pfb></usr/share/
texmf/fonts/type1/public/lm/lmbx8.pfb></usr/share/texmf/fonts/type1/public/lm/l
mbx9.pfb></usr/share/texmf/fonts/type1/public/lm/lmcsc10.pfb></usr/share/texmf/
fonts/type1/public/lm/lmex10.pfb></usr/share/texmf/fonts/type1/public/lm/lmmi10
.pfb></usr/share/texmf/fonts/type1/public/lm/lmmi6.pfb></usr/share/texmf/fonts/
type1/public/lm/lmmi7.pfb></usr/share/texmf/fonts/type1/public/lm/lmmi8.pfb></u
sr/share/texmf/fonts/type1/public/lm/lmmi9.pfb></usr/share/texmf/fonts/type1/pu
blic/lm/lmmib10.pfb></usr/share/texmf/fonts/type1/public/lm/lmr10.pfb></usr/sha
re/texmf/fonts/type1/public/lm/lmr12.pfb></usr/share/texmf/fonts/type1/public/l
m/lmr6.pfb></usr/share/texmf/fonts/type1/public/lm/lmr7.pfb></usr/share/texmf/f
onts/type1/public/lm/lmr8.pfb></usr/share/texmf/fonts/type1/public/lm/lmr9.pfb>
</usr/share/texmf/fonts/type1/public/lm/lmri10.pfb></usr/share/texmf/fonts/type
1/public/lm/lmri9.pfb></usr/share/texmf/fonts/type1/public/lm/lmss8.pfb></usr/s
hare/texmf/fonts/type1/public/lm/lmsy10.pfb></usr/share/texmf/fonts/type1/publi
c/lm/lmsy6.pfb></usr/share/texmf/fonts/type1/public/lm/lmsy8.pfb></usr/share/te
xmf/fonts/type1/public/lm/lmtt10.pfb></usr/share/texlive/texmf-dist/fonts/type1
/public/amsfonts/symbols/msam10.pfb></usr/share/texlive/texmf-dist/fonts/type1/
public/amsfonts/symbols/msbm10.pfb></usr/share/texlive/texmf-dist/fonts/type1/p
ublic/amsfonts/symbols/msbm7.pfb></usr/share/texlive/texmf-dist/fonts/type1/pub
lic/rsfs/rsfs10.pfb>
Output written on paper_latex.pdf (147 pages, 1418572 bytes).
Transcript written on paper_latex.log.
