This is pdfTeX, Version 3.141592653-2.6-1.40.25 (TeX Live 2023/Debian) (preloaded format=pdflatex)
 restricted \write18 enabled.
entering extended mode
(./geometry.tex
LaTeX2e <2023-11-01> patch level 1
L3 programming layer <2024-01-22>
(./preamble.tex (/usr/share/texlive/texmf-dist/tex/latex/amscls/amsart.cls
Document Class: amsart 2020/05/29 v2.20.6
(/usr/share/texlive/texmf-dist/tex/latex/amsmath/amsmath.sty
For additional information on amsmath, use the `?' option.
(/usr/share/texlive/texmf-dist/tex/latex/amsmath/amstext.sty
(/usr/share/texlive/texmf-dist/tex/latex/amsmath/amsgen.sty))
(/usr/share/texlive/texmf-dist/tex/latex/amsmath/amsbsy.sty)
(/usr/share/texlive/texmf-dist/tex/latex/amsmath/amsopn.sty))
(/usr/share/texlive/texmf-dist/tex/latex/amsfonts/umsa.fd)
(/usr/share/texlive/texmf-dist/tex/latex/amsfonts/amsfonts.sty))
(/usr/share/texlive/texmf-dist/tex/latex/base/fontenc.sty)
(/usr/share/texmf/tex/latex/lm/lmodern.sty)
(/usr/share/texlive/texmf-dist/tex/latex/amsfonts/amssymb.sty)
(/usr/share/texlive/texmf-dist/tex/latex/mathtools/mathtools.sty
(/usr/share/texlive/texmf-dist/tex/latex/graphics/keyval.sty)
(/usr/share/texlive/texmf-dist/tex/latex/tools/calc.sty)
(/usr/share/texlive/texmf-dist/tex/latex/mathtools/mhsetup.sty))
(/usr/share/texlive/texmf-dist/tex/latex/microtype/microtype.sty
(/usr/share/texlive/texmf-dist/tex/latex/etoolbox/etoolbox.sty)
(/usr/share/texlive/texmf-dist/tex/latex/microtype/microtype-pdftex.def)
(/usr/share/texlive/texmf-dist/tex/latex/microtype/microtype.cfg))
(/usr/share/texlive/texmf-dist/tex/latex/booktabs/booktabs.sty)
(/usr/share/texlive/texmf-dist/tex/latex/tools/longtable.sty)
(/usr/share/texlive/texmf-dist/tex/latex/geometry/geometry.sty
(/usr/share/texlive/texmf-dist/tex/generic/iftex/ifvtex.sty
(/usr/share/texlive/texmf-dist/tex/generic/iftex/iftex.sty)))
(/usr/share/texlive/texmf-dist/tex/latex/hyperref/hyperref.sty
(/usr/share/texlive/texmf-dist/tex/latex/kvsetkeys/kvsetkeys.sty)
(/usr/share/texlive/texmf-dist/tex/generic/kvdefinekeys/kvdefinekeys.sty)
(/usr/share/texlive/texmf-dist/tex/generic/pdfescape/pdfescape.sty
(/usr/share/texlive/texmf-dist/tex/generic/ltxcmds/ltxcmds.sty)
(/usr/share/texlive/texmf-dist/tex/generic/pdftexcmds/pdftexcmds.sty
(/usr/share/texlive/texmf-dist/tex/generic/infwarerr/infwarerr.sty)))
(/usr/share/texlive/texmf-dist/tex/latex/hycolor/hycolor.sty)
(/usr/share/texlive/texmf-dist/tex/latex/auxhook/auxhook.sty)
(/usr/share/texlive/texmf-dist/tex/latex/hyperref/nameref.sty
(/usr/share/texlive/texmf-dist/tex/latex/refcount/refcount.sty)
(/usr/share/texlive/texmf-dist/tex/generic/gettitlestring/gettitlestring.sty
(/usr/share/texlive/texmf-dist/tex/latex/kvoptions/kvoptions.sty)))
(/usr/share/texlive/texmf-dist/tex/latex/hyperref/pd1enc.def)
(/usr/share/texlive/texmf-dist/tex/generic/intcalc/intcalc.sty)
(/usr/share/texlive/texmf-dist/tex/latex/hyperref/puenc.def)
(/usr/share/texlive/texmf-dist/tex/latex/url/url.sty)
(/usr/share/texlive/texmf-dist/tex/generic/bitset/bitset.sty
(/usr/share/texlive/texmf-dist/tex/generic/bigintcalc/bigintcalc.sty))
(/usr/share/texlive/texmf-dist/tex/latex/base/atbegshi-ltx.sty))
(/usr/share/texlive/texmf-dist/tex/latex/hyperref/hpdftex.def
(/usr/share/texlive/texmf-dist/tex/latex/base/atveryend-ltx.sty)
(/usr/share/texlive/texmf-dist/tex/latex/rerunfilecheck/rerunfilecheck.sty
(/usr/share/texlive/texmf-dist/tex/generic/uniquecounter/uniquecounter.sty))))
(/usr/share/texmf/tex/latex/lm/t1lmr.fd)
(/usr/share/texlive/texmf-dist/tex/latex/l3backend/l3backend-pdftex.def)
No file geometry.aux.
(/usr/share/texmf/tex/latex/lm/ot1lmr.fd)
(/usr/share/texmf/tex/latex/lm/omllmm.fd)
(/usr/share/texmf/tex/latex/lm/omslmsy.fd)
(/usr/share/texmf/tex/latex/lm/omxlmex.fd)
(/usr/share/texlive/texmf-dist/tex/latex/amsfonts/umsa.fd)
(/usr/share/texlive/texmf-dist/tex/latex/amsfonts/umsb.fd)
(/usr/share/texlive/texmf-dist/tex/latex/graphics/graphicx.sty
(/usr/share/texlive/texmf-dist/tex/latex/graphics/graphics.sty
(/usr/share/texlive/texmf-dist/tex/latex/graphics/trig.sty)
(/usr/share/texlive/texmf-dist/tex/latex/graphics-cfg/graphics.cfg)
(/usr/share/texlive/texmf-dist/tex/latex/graphics-def/pdftex.def
(/usr/share/texlive/texmf-dist/tex/context/base/mkii/supp-pdf.mkii
[Loading MPS to PDF converter (version 2006.09.02).]
))) (/usr/share/texlive/texmf-dist/tex/latex/epstopdf-pkg/epstopdf-base.sty
(/usr/share/texlive/texmf-dist/tex/latex/latexconfig/epstopdf-sys.cfg)))
(/usr/share/texlive/texmf-dist/tex/latex/microtype/mt-cmr.cfg)
*geometry* driver: auto-detecting
*geometry* detected driver: pdftex
(./frontmatter.tex) (./parts/01-introduction.tex
(/usr/share/texlive/texmf-dist/tex/latex/microtype/mt-msa.cfg)
(/usr/share/texlive/texmf-dist/tex/latex/microtype/mt-msb.cfg) [1{/var/lib/texm
f/fonts/map/pdftex/updmap/pdftex.map}{/usr/share/texmf/fonts/enc/dvips/lm/lm-ec
.enc}{/usr/share/texmf/fonts/enc/dvips/lm/lm-rm.enc}{/usr/share/texmf/fonts/enc
/dvips/lm/lm-mathit.enc}{/usr/share/texmf/fonts/enc/dvips/lm/lm-mathsy.enc}{/us
r/share/texmf/fonts/enc/dvips/lm/lm-mathex.enc}]

LaTeX Warning: Reference `def:good-pair' on page 2 undefined on input line 88.

(/usr/share/texlive/texmf-dist/tex/latex/amsfonts/ueuf.fd)
(/usr/share/texlive/texmf-dist/tex/latex/microtype/mt-euf.cfg)

LaTeX Warning: Reference `thm:main-reconstruction' on page 2 undefined on input
 line 117.


LaTeX Warning: Citation `IK' on page 2 undefined on input line 124.


LaTeX Warning: Reference `sec:classical' on page 2 undefined on input line 128.



LaTeX Warning: Reference `sec:weighted' on page 2 undefined on input line 129.

[2]

LaTeX Warning: Citation `Ballico93' on page 3 undefined on input line 134.

) (./parts/02-relations.tex

LaTeX Warning: Reference `eq:Y-intro' on page 3 undefined on input line 32.


LaTeX Warning: Reference `lem:contraction' on page 3 undefined on input line 52
.

[3]) (./parts/03-fitting.tex [4]

LaTeX Warning: Reference `eq:full-matrix-ideal' on page 5 undefined on input li
ne 28.


LaTeX Warning: Reference `eq:firstorder' on page 5 undefined on input line 74.


LaTeX Warning: Reference `eq:full-matrix-ideal' on page 5 undefined on input li
ne 78.


LaTeX Warning: Reference `prop:relative-open' on page 5 undefined on input line
 79.


LaTeX Warning: Reference `eq:normal-global' on page 5 undefined on input line 8
7.

[5]

LaTeX Warning: Reference `eq:relative-sequence' on page 6 undefined on input li
ne 171.


LaTeX Warning: Reference `lem:flat-flag' on page 6 undefined on input line 186.



LaTeX Warning: Reference `eq:power-sequence' on page 6 undefined on input line 
187.


LaTeX Warning: Reference `eq:powers' on page 6 undefined on input line 188.


LaTeX Warning: Reference `eq:graph-delta' on page 6 undefined on input line 192
.


LaTeX Warning: Reference `eq:graph-E' on page 6 undefined on input line 192.


LaTeX Warning: Reference `prop:relative-open' on page 6 undefined on input line
 193.


LaTeX Warning: Reference `cor:powers' on page 6 undefined on input line 195.

[6]) (./parts/04-polarization.tex

LaTeX Warning: Reference `eq:graph-E' on page 7 undefined on input line 4.


LaTeX Warning: Reference `eq:vanish-symmetric' on page 7 undefined on input lin
e 36.


LaTeX Warning: Reference `thm:normal-form' on page 7 undefined on input line 62
.


LaTeX Warning: Reference `eq:line-cancellation' on page 7 undefined on input li
ne 72.


LaTeX Warning: Reference `thm:main-reconstruction' on page 7 undefined on input
 line 76.


LaTeX Warning: Reference `prop:canonical-line' on page 7 undefined on input lin
e 81.


LaTeX Warning: Reference `lem:no-functions' on page 7 undefined on input line 8
1.

[7]

LaTeX Warning: Reference `prop:full-fitting' on page 8 undefined on input line 
101.


LaTeX Warning: Citation `Kollar' on page 8 undefined on input line 123.

) (./parts/05-moduli.tex

LaTeX Warning: Reference `thm:main-moduli' on page 8 undefined on input line 3.


[8]

LaTeX Warning: Reference `sec:certificates' on page 9 undefined on input line 5
0.


LaTeX Warning: Reference `lem:differential' on page 9 undefined on input line 7
2.


LaTeX Warning: Reference `prop:relative-open' on page 9 undefined on input line
 77.


LaTeX Warning: Citation `Huy' on page 9 undefined on input line 91.


LaTeX Warning: Reference `thm:main-moduli' on page 9 undefined on input line 10
3.


LaTeX Warning: Reference `prop:nine-image' on page 9 undefined on input line 10
4.


LaTeX Warning: Reference `thm:main-reconstruction' on page 9 undefined on input
 line 105.


LaTeX Warning: Reference `lem:algebra-orbits' on page 9 undefined on input line
 106.

[9]

LaTeX Warning: Reference `cor:relative-flat' on page 10 undefined on input line
 118.


LaTeX Warning: Reference `thm:main-reconstruction' on page 10 undefined on inpu
t line 124.


LaTeX Warning: Reference `eq:graph-delta' on page 10 undefined on input line 12
5.

) (./parts/06-coranktwo.tex

LaTeX Warning: Reference `eq:C-star' on page 10 undefined on input line 43.


LaTeX Warning: Reference `lem:differential' on page 10 undefined on input line 
65.

[10]

LaTeX Warning: Reference `prop:full-fitting' on page 11 undefined on input line
 86.


LaTeX Warning: Reference `lem:residual-matrix' on page 11 undefined on input li
ne 121.

[11]

LaTeX Warning: Reference `eq:main-coranktwo' on page 12 undefined on input line
 180.


LaTeX Warning: Reference `lem:cone-ideal' on page 12 undefined on input line 21
1.


LaTeX Warning: Reference `eq:N-square' on page 12 undefined on input line 229.


LaTeX Warning: Reference `thm:main-coranktwo' on page 12 undefined on input lin
e 236.


LaTeX Warning: Reference `lem:good-open' on page 12 undefined on input line 237
.


LaTeX Warning: Reference `lem:residual-matrix' on page 12 undefined on input li
ne 238.


LaTeX Warning: Reference `lem:cone-ideal' on page 12 undefined on input line 23
8.


LaTeX Warning: Reference `thm:coranktwo-proof' on page 12 undefined on input li
ne 239.


LaTeX Warning: Reference `eq:N-square' on page 12 undefined on input line 243.

[12]) (./parts/07-classical.tex

LaTeX Warning: Reference `thm:main-reconstruction' on page 13 undefined on inpu
t line 15.


LaTeX Warning: Citation `IK' on page 13 undefined on input line 40.


LaTeX Warning: Citation `DK' on page 13 undefined on input line 43.


LaTeX Warning: Reference `prop:incidence-bridge' on page 13 undefined on input 
line 43.

) (./parts/08-weighted.tex

LaTeX Warning: Reference `sec:coranktwo' on page 13 undefined on input line 6.

[13]

LaTeX Warning: Citation `DCEP' on page 14 undefined on input line 21.


LaTeX Warning: Citation `BC' on page 14 undefined on input line 22.


LaTeX Warning: Reference `eq:coefficient-rule' on page 14 undefined on input li
ne 52.


LaTeX Warning: Reference `eq:weighted' on page 14 undefined on input line 57.


LaTeX Warning: Reference `eq:classical-product' on page 14 undefined on input l
ine 62.


LaTeX Warning: Reference `eq:coefficient-rule' on page 14 undefined on input li
ne 83.


LaTeX Warning: Reference `sec:coranktwo' on page 14 undefined on input line 89.


) (./parts/09-certificates.tex [14]

LaTeX Warning: Reference `eq:exact-differential-det' on page 15 undefined on in
put line 43.

(/usr/share/texmf/tex/latex/lm/t1lmtt.fd)

LaTeX Warning: Reference `lem:differential' on page 15 undefined on input line 
61.

[15]

LaTeX Warning: Reference `eq:BC-witness' on page 16 undefined on input line 66.



LaTeX Warning: Reference `eq:h-witness' on page 16 undefined on input line 78.


LaTeX Warning: Reference `eq:residual-matrix' on page 16 undefined on input lin
e 83.


LaTeX Warning: Reference `eq:main-coranktwo' on page 16 undefined on input line
 89.


LaTeX Warning: Reference `lem:cone-ideal' on page 16 undefined on input line 94
.


LaTeX Warning: Reference `thm:coranktwo-proof' on page 16 undefined on input li
ne 95.

) (./references.tex) [16] (./geometry.aux)

LaTeX Warning: There were undefined references.


LaTeX Warning: Label(s) may have changed. Rerun to get cross-references right.


Package rerunfilecheck Warning: File `geometry.out' has changed.
(rerunfilecheck)                Rerun to get outlines right
(rerunfilecheck)                or use package `bookmark'.

 )</usr/share/texlive/texmf-dist/fonts/type1/public/amsfonts/euler/eufm10.pfb><
/usr/share/texmf/fonts/type1/public/lm/lmbx10.pfb></usr/share/texmf/fonts/type1
/public/lm/lmbx9.pfb></usr/share/texmf/fonts/type1/public/lm/lmcsc10.pfb></usr/
share/texmf/fonts/type1/public/lm/lmex10.pfb></usr/share/texmf/fonts/type1/publ
ic/lm/lmmi10.pfb></usr/share/texmf/fonts/type1/public/lm/lmmi6.pfb></usr/share/
texmf/fonts/type1/public/lm/lmmi8.pfb></usr/share/texmf/fonts/type1/public/lm/l
mmi9.pfb></usr/share/texmf/fonts/type1/public/lm/lmr10.pfb></usr/share/texmf/fo
nts/type1/public/lm/lmr6.pfb></usr/share/texmf/fonts/type1/public/lm/lmr8.pfb><
/usr/share/texmf/fonts/type1/public/lm/lmr9.pfb></usr/share/texmf/fonts/type1/p
ublic/lm/lmri10.pfb></usr/share/texmf/fonts/type1/public/lm/lmri9.pfb></usr/sha
re/texmf/fonts/type1/public/lm/lmsy10.pfb></usr/share/texmf/fonts/type1/public/
lm/lmsy6.pfb></usr/share/texmf/fonts/type1/public/lm/lmsy8.pfb></usr/share/texm
f/fonts/type1/public/lm/lmtt10.pfb></usr/share/texlive/texmf-dist/fonts/type1/p
ublic/amsfonts/symbols/msam10.pfb></usr/share/texlive/texmf-dist/fonts/type1/pu
blic/amsfonts/symbols/msbm10.pfb>
Output written on geometry.pdf (16 pages, 450350 bytes).
Transcript written on geometry.log.
