This is pdfTeX, Version 3.141592653-2.6-1.40.25 (TeX Live 2023/Debian) (preloaded format=pdflatex)
 restricted \write18 enabled.
entering extended mode
(./geometry.tex
LaTeX2e <2023-11-01> patch level 1
L3 programming layer <2024-01-22>
(./preamble.tex (/usr/share/texlive/texmf-dist/tex/latex/amscls/amsart.cls
Document Class: amsart 2020/05/29 v2.20.6
(/usr/share/texlive/texmf-dist/tex/latex/amsmath/amsmath.sty
For additional information on amsmath, use the `?' option.
(/usr/share/texlive/texmf-dist/tex/latex/amsmath/amstext.sty
(/usr/share/texlive/texmf-dist/tex/latex/amsmath/amsgen.sty))
(/usr/share/texlive/texmf-dist/tex/latex/amsmath/amsbsy.sty)
(/usr/share/texlive/texmf-dist/tex/latex/amsmath/amsopn.sty))
(/usr/share/texlive/texmf-dist/tex/latex/amsfonts/umsa.fd)
(/usr/share/texlive/texmf-dist/tex/latex/amsfonts/amsfonts.sty))
(/usr/share/texlive/texmf-dist/tex/latex/base/fontenc.sty)
(/usr/share/texmf/tex/latex/lm/lmodern.sty)
(/usr/share/texlive/texmf-dist/tex/latex/amsfonts/amssymb.sty)
(/usr/share/texlive/texmf-dist/tex/latex/mathtools/mathtools.sty
(/usr/share/texlive/texmf-dist/tex/latex/graphics/keyval.sty)
(/usr/share/texlive/texmf-dist/tex/latex/tools/calc.sty)
(/usr/share/texlive/texmf-dist/tex/latex/mathtools/mhsetup.sty))
(/usr/share/texlive/texmf-dist/tex/latex/jknapltx/mathrsfs.sty)
(/usr/share/texlive/texmf-dist/tex/latex/microtype/microtype.sty
(/usr/share/texlive/texmf-dist/tex/latex/etoolbox/etoolbox.sty)
(/usr/share/texlive/texmf-dist/tex/latex/microtype/microtype-pdftex.def)
(/usr/share/texlive/texmf-dist/tex/latex/microtype/microtype.cfg))
(/usr/share/texlive/texmf-dist/tex/latex/booktabs/booktabs.sty)
(/usr/share/texlive/texmf-dist/tex/latex/tools/longtable.sty)
(/usr/share/texlive/texmf-dist/tex/latex/geometry/geometry.sty
(/usr/share/texlive/texmf-dist/tex/generic/iftex/ifvtex.sty
(/usr/share/texlive/texmf-dist/tex/generic/iftex/iftex.sty)))
(/usr/share/texlive/texmf-dist/tex/latex/hyperref/hyperref.sty
(/usr/share/texlive/texmf-dist/tex/latex/kvsetkeys/kvsetkeys.sty)
(/usr/share/texlive/texmf-dist/tex/generic/kvdefinekeys/kvdefinekeys.sty)
(/usr/share/texlive/texmf-dist/tex/generic/pdfescape/pdfescape.sty
(/usr/share/texlive/texmf-dist/tex/generic/ltxcmds/ltxcmds.sty)
(/usr/share/texlive/texmf-dist/tex/generic/pdftexcmds/pdftexcmds.sty
(/usr/share/texlive/texmf-dist/tex/generic/infwarerr/infwarerr.sty)))
(/usr/share/texlive/texmf-dist/tex/latex/hycolor/hycolor.sty)
(/usr/share/texlive/texmf-dist/tex/latex/auxhook/auxhook.sty)
(/usr/share/texlive/texmf-dist/tex/latex/hyperref/nameref.sty
(/usr/share/texlive/texmf-dist/tex/latex/refcount/refcount.sty)
(/usr/share/texlive/texmf-dist/tex/generic/gettitlestring/gettitlestring.sty
(/usr/share/texlive/texmf-dist/tex/latex/kvoptions/kvoptions.sty)))
(/usr/share/texlive/texmf-dist/tex/latex/hyperref/pd1enc.def)
(/usr/share/texlive/texmf-dist/tex/generic/intcalc/intcalc.sty)
(/usr/share/texlive/texmf-dist/tex/latex/hyperref/puenc.def)
(/usr/share/texlive/texmf-dist/tex/latex/url/url.sty)
(/usr/share/texlive/texmf-dist/tex/generic/bitset/bitset.sty
(/usr/share/texlive/texmf-dist/tex/generic/bigintcalc/bigintcalc.sty))
(/usr/share/texlive/texmf-dist/tex/latex/base/atbegshi-ltx.sty))
(/usr/share/texlive/texmf-dist/tex/latex/hyperref/hpdftex.def
(/usr/share/texlive/texmf-dist/tex/latex/base/atveryend-ltx.sty)
(/usr/share/texlive/texmf-dist/tex/latex/rerunfilecheck/rerunfilecheck.sty
(/usr/share/texlive/texmf-dist/tex/generic/uniquecounter/uniquecounter.sty))))
(/usr/share/texmf/tex/latex/lm/t1lmr.fd)
(/usr/share/texlive/texmf-dist/tex/latex/l3backend/l3backend-pdftex.def)
No file geometry.aux.
(/usr/share/texmf/tex/latex/lm/ot1lmr.fd)
(/usr/share/texmf/tex/latex/lm/omllmm.fd)
(/usr/share/texmf/tex/latex/lm/omslmsy.fd)
(/usr/share/texmf/tex/latex/lm/omxlmex.fd)
(/usr/share/texlive/texmf-dist/tex/latex/amsfonts/umsa.fd)
(/usr/share/texlive/texmf-dist/tex/latex/amsfonts/umsb.fd)
(/usr/share/texlive/texmf-dist/tex/latex/jknapltx/ursfs.fd)
(/usr/share/texlive/texmf-dist/tex/latex/graphics/graphicx.sty
(/usr/share/texlive/texmf-dist/tex/latex/graphics/graphics.sty
(/usr/share/texlive/texmf-dist/tex/latex/graphics/trig.sty)
(/usr/share/texlive/texmf-dist/tex/latex/graphics-cfg/graphics.cfg)
(/usr/share/texlive/texmf-dist/tex/latex/graphics-def/pdftex.def
(/usr/share/texlive/texmf-dist/tex/context/base/mkii/supp-pdf.mkii
[Loading MPS to PDF converter (version 2006.09.02).]
))) (/usr/share/texlive/texmf-dist/tex/latex/epstopdf-pkg/epstopdf-base.sty
(/usr/share/texlive/texmf-dist/tex/latex/latexconfig/epstopdf-sys.cfg)))
(/usr/share/texlive/texmf-dist/tex/latex/microtype/mt-cmr.cfg)
*geometry* driver: auto-detecting
*geometry* detected driver: pdftex
(./frontmatter.tex (/usr/share/texlive/texmf-dist/tex/latex/amsfonts/ueuf.fd)
(/usr/share/texlive/texmf-dist/tex/latex/microtype/mt-euf.cfg))
(../v125/parts/01-introduction.tex
(/usr/share/texlive/texmf-dist/tex/latex/microtype/mt-msa.cfg)
(/usr/share/texlive/texmf-dist/tex/latex/microtype/mt-msb.cfg) [1{/var/lib/texm
f/fonts/map/pdftex/updmap/pdftex.map}{/usr/share/texmf/fonts/enc/dvips/lm/lm-ec
.enc}{/usr/share/texmf/fonts/enc/dvips/lm/lm-rm.enc}{/usr/share/texmf/fonts/enc
/dvips/lm/lm-mathit.enc}{/usr/share/texmf/fonts/enc/dvips/lm/lm-mathsy.enc}{/us
r/share/texmf/fonts/enc/dvips/lm/lm-mathex.enc}] [2]

LaTeX Warning: Reference `thm:main-reconstruction' on page 3 undefined on input
 line 157.

[3]

LaTeX Warning: Reference `eq:main-grN' on page 4 undefined on input line 262.


LaTeX Warning: Reference `def:decomposable-kernel-regular' on page 4 undefined 
on input line 280.


LaTeX Warning: Reference `eq:main-global-gr' on page 4 undefined on input line 
292.


LaTeX Warning: Reference `eq:main-global-ann' on page 4 undefined on input line
 292.


LaTeX Warning: Reference `thm:all-corank-presentation' on page 4 undefined on i
nput line 295.


LaTeX Warning: Reference `thm:global-residual-colon' on page 4 undefined on inp
ut line 301.


LaTeX Warning: Reference `sec:depth' on page 4 undefined on input line 303.


LaTeX Warning: Reference `sec:stratified-nilpotent' on page 4 undefined on inpu
t line 303.

[4]

LaTeX Warning: Reference `eq:main-grN' on page 5 undefined on input line 316.


LaTeX Warning: Reference `prop:containment-lines' on page 5 undefined on input 
line 353.


LaTeX Warning: Reference `thm:main-depth' on page 5 undefined on input line 382
.


LaTeX Warning: Reference `eq:main-collision-primary' on page 5 undefined on inp
ut line 384.


LaTeX Warning: Reference `eq:main-containment' on page 5 undefined on input lin
e 386.

[5]

LaTeX Warning: Reference `sec:moduli' on page 6 undefined on input line 406.


LaTeX Warning: Reference `sec:reye-priority' on page 6 undefined on input line 
407.


LaTeX Warning: Reference `thm:main-depth' on page 6 undefined on input line 419
.


LaTeX Warning: Reference `sec:reye-priority' on page 6 undefined on input line 
427.


LaTeX Warning: Reference `eq:failure-intro' on page 6 undefined on input line 4
30.

) (./parts/01a-rees-specialization.tex

LaTeX Warning: Reference `thm:main-depth' on page 6 undefined on input line 3.


LaTeX Warning: Reference `thm:global-residual-colon' on page 6 undefined on inp
ut line 43.

[6]

LaTeX Warning: Reference `sec:rees-specialization' on page 7 undefined on input
 line 57.


LaTeX Warning: Reference `thm:graded-nilpotent' on page 7 undefined on input li
ne 59.


LaTeX Warning: Reference `thm:decomposable-kernel-wall' on page 7 undefined on 
input line 61.

) (../v123/parts/02-relations.tex

LaTeX Warning: Reference `eq:Y-intro' on page 7 undefined on input line 32.


LaTeX Warning: Reference `lem:contraction' on page 7 undefined on input line 52
.

[7]) (../v123/parts/03-fitting.tex [8]

LaTeX Warning: Reference `eq:full-matrix-ideal' on page 9 undefined on input li
ne 28.


LaTeX Warning: Reference `eq:firstorder' on page 9 undefined on input line 74.


LaTeX Warning: Reference `eq:full-matrix-ideal' on page 9 undefined on input li
ne 78.


LaTeX Warning: Reference `prop:relative-open' on page 9 undefined on input line
 79.


LaTeX Warning: Reference `eq:normal-global' on page 9 undefined on input line 8
7.

[9]

LaTeX Warning: Reference `eq:relative-sequence' on page 10 undefined on input l
ine 171.


LaTeX Warning: Reference `lem:flat-flag' on page 10 undefined on input line 186
.


LaTeX Warning: Reference `eq:power-sequence' on page 10 undefined on input line
 187.


LaTeX Warning: Reference `eq:powers' on page 10 undefined on input line 188.


LaTeX Warning: Reference `eq:graph-delta' on page 10 undefined on input line 19
2.


LaTeX Warning: Reference `eq:graph-E' on page 10 undefined on input line 192.


LaTeX Warning: Reference `prop:relative-open' on page 10 undefined on input lin
e 193.


LaTeX Warning: Reference `cor:powers' on page 10 undefined on input line 195.

) (./parts/04-depth.tex [10]

LaTeX Warning: Reference `prop:full-fitting' on page 11 undefined on input line
 27.


LaTeX Warning: Reference `thm:normal-form' on page 11 undefined on input line 2
8.


LaTeX Warning: Reference `eq:depth-filtration' on page 11 undefined on input li
ne 36.


LaTeX Warning: Reference `thm:normal-form' on page 11 undefined on input line 5
7.


LaTeX Warning: Reference `prop:canonical-line' on page 11 undefined on input li
ne 58.


LaTeX Warning: Reference `thm:main-reconstruction' on page 11 undefined on inpu
t line 59.


LaTeX Warning: Reference `eq:depth-filtration' on page 11 undefined on input li
ne 62.


LaTeX Warning: Reference `thm:global-residual-colon' on page 11 undefined on in
put line 75.


LaTeX Warning: Reference `sec:coranktwo' on page 11 undefined on input line 87.



LaTeX Warning: Reference `sec:ranktwo-boundary' on page 11 undefined on input l
ine 92.


LaTeX Warning: Reference `sec:stratified-nilpotent' on page 11 undefined on inp
ut line 93.


LaTeX Warning: Reference `thm:decomposable-kernel-wall' on page 11 undefined on
 input line 112.

[11]

LaTeX Warning: Citation `BayerEisenbud' on page 12 undefined on input line 128.



LaTeX Warning: Citation `Manolache' on page 12 undefined on input line 128.


LaTeX Warning: Citation `Drezet' on page 12 undefined on input line 128.


LaTeX Warning: Reference `eq:depth-filtration' on page 12 undefined on input li
ne 129.

) (../v123/parts/04-polarization.tex

LaTeX Warning: Reference `eq:graph-E' on page 12 undefined on input line 4.


LaTeX Warning: Reference `eq:vanish-symmetric' on page 12 undefined on input li
ne 36.

[12]

LaTeX Warning: Reference `thm:normal-form' on page 13 undefined on input line 6
2.


LaTeX Warning: Reference `eq:line-cancellation' on page 13 undefined on input l
ine 72.


LaTeX Warning: Reference `thm:main-reconstruction' on page 13 undefined on inpu
t line 76.


LaTeX Warning: Reference `prop:canonical-line' on page 13 undefined on input li
ne 81.


LaTeX Warning: Reference `lem:no-functions' on page 13 undefined on input line 
81.


LaTeX Warning: Reference `prop:full-fitting' on page 13 undefined on input line
 101.


LaTeX Warning: Citation `Kollar' on page 13 undefined on input line 123.

) (../v123/parts/05-moduli.tex

LaTeX Warning: Reference `thm:main-moduli' on page 13 undefined on input line 3
.

[13]

LaTeX Warning: Reference `sec:certificates' on page 14 undefined on input line 
50.


LaTeX Warning: Reference `lem:differential' on page 14 undefined on input line 
72.


LaTeX Warning: Reference `prop:relative-open' on page 14 undefined on input lin
e 77.


LaTeX Warning: Citation `Huy' on page 14 undefined on input line 91.

[14]

LaTeX Warning: Reference `thm:main-moduli' on page 15 undefined on input line 1
03.


LaTeX Warning: Reference `prop:nine-image' on page 15 undefined on input line 1
04.


LaTeX Warning: Reference `thm:main-reconstruction' on page 15 undefined on inpu
t line 105.


LaTeX Warning: Reference `lem:algebra-orbits' on page 15 undefined on input lin
e 106.


LaTeX Warning: Reference `cor:relative-flat' on page 15 undefined on input line
 118.


LaTeX Warning: Reference `thm:main-reconstruction' on page 15 undefined on inpu
t line 124.


LaTeX Warning: Reference `eq:graph-delta' on page 15 undefined on input line 12
5.

) (../v123/parts/06-coranktwo.tex [15]

LaTeX Warning: Reference `eq:C-star' on page 16 undefined on input line 43.


LaTeX Warning: Reference `lem:differential' on page 16 undefined on input line 
65.


LaTeX Warning: Reference `prop:full-fitting' on page 16 undefined on input line
 86.

[16]

LaTeX Warning: Reference `lem:residual-matrix' on page 17 undefined on input li
ne 121.


LaTeX Warning: Reference `eq:main-coranktwo' on page 17 undefined on input line
 180.

[17]

LaTeX Warning: Reference `lem:cone-ideal' on page 18 undefined on input line 21
1.


LaTeX Warning: Reference `eq:N-square' on page 18 undefined on input line 229.


LaTeX Warning: Reference `thm:main-coranktwo' on page 18 undefined on input lin
e 236.


LaTeX Warning: Reference `lem:good-open' on page 18 undefined on input line 237
.


LaTeX Warning: Reference `lem:residual-matrix' on page 18 undefined on input li
ne 238.


LaTeX Warning: Reference `lem:cone-ideal' on page 18 undefined on input line 23
8.


LaTeX Warning: Reference `thm:coranktwo-proof' on page 18 undefined on input li
ne 239.


LaTeX Warning: Reference `eq:N-square' on page 18 undefined on input line 243.

) (../v125/parts/08-corank-boundary.tex

LaTeX Warning: Reference `sec:stratified-nilpotent' on page 18 undefined on inp
ut line 10.

[18]

LaTeX Warning: Reference `prop:full-fitting' on page 19 undefined on input line
 54.


LaTeX Warning: Reference `eq:all-corank-presentation' on page 19 undefined on i
nput line 68.


LaTeX Warning: Reference `prop:full-fitting' on page 19 undefined on input line
 107.


LaTeX Warning: Reference `eq:all-ranktwo-presentation' on page 19 undefined on 
input line 117.


LaTeX Warning: Reference `sec:stratified-nilpotent' on page 19 undefined on inp
ut line 126.

[19]

LaTeX Warning: Reference `def:good-pair' on page 20 undefined on input line 142
.


LaTeX Warning: Reference `lem:residual-matrix' on page 20 undefined on input li
ne 144.


LaTeX Warning: Reference `eq:residual-matrix' on page 20 undefined on input lin
e 149.


LaTeX Warning: Reference `lem:cone-ideal' on page 20 undefined on input line 17
3.


LaTeX Warning: Reference `eq:rootfree' on page 20 undefined on input line 186.


LaTeX Warning: Reference `lem:cone-ideal' on page 20 undefined on input line 18
8.


LaTeX Warning: Reference `lem:rootfree' on page 20 undefined on input line 211.


[20]

LaTeX Warning: Reference `eq:universal-contact-quartic' on page 21 undefined on
 input line 265.


LaTeX Warning: Reference `eq:universal-contact-quartic' on page 21 undefined on
 input line 301.


LaTeX Warning: Reference `lem:good-open' on page 21 undefined on input line 313
.


LaTeX Warning: Reference `prop:contact-cover' on page 21 undefined on input lin
e 314.


LaTeX Warning: Reference `def:mixed-regular' on page 21 undefined on input line
 316.


LaTeX Warning: Reference `thm:coranktwo-proof' on page 21 undefined on input li
ne 320.


LaTeX Warning: Reference `eq:contact-cover' on page 21 undefined on input line 
329.


LaTeX Warning: Reference `thm:collision-depth' on page 21 undefined on input li
ne 337.

[21]

LaTeX Warning: Reference `thm:saturated-contact' on page 22 undefined on input 
line 346.


LaTeX Warning: Reference `thm:main-depth' on page 22 undefined on input line 35
1.


LaTeX Warning: Reference `thm:main-depth' on page 22 undefined on input line 35
4.


LaTeX Warning: Reference `thm:collision-depth' on page 22 undefined on input li
ne 357.


LaTeX Warning: Reference `prop:contact-cover' on page 22 undefined on input lin
e 358.


LaTeX Warning: Reference `sec:stratified-nilpotent' on page 22 undefined on inp
ut line 363.

) (../v125/parts/09-stratified-nilpotent.tex

LaTeX Warning: Reference `lem:rootfree' on page 22 undefined on input line 4.


LaTeX Warning: Reference `prop:full-fitting' on page 22 undefined on input line
 86.

[22]

LaTeX Warning: Reference `eq:global-residual-factorization' on page 23 undefine
d on input line 95.


LaTeX Warning: Reference `eq:global-ann-colon' on page 23 undefined on input li
ne 106.


LaTeX Warning: Reference `eq:global-graded-piece' on page 23 undefined on input
 line 124.


LaTeX Warning: Reference `eq:global-graded-piece' on page 23 undefined on input
 line 127.


LaTeX Warning: Reference `eq:global-gr-colon' on page 23 undefined on input lin
e 128.


LaTeX Warning: Reference `eq:nilpotency-colon-index' on page 23 undefined on in
put line 130.

[23]

LaTeX Warning: Reference `eq:failure-contact-vertex' on page 24 undefined on in
put line 195.


LaTeX Warning: Reference `eq:J-contact-intersection' on page 24 undefined on in
put line 235.


LaTeX Warning: Reference `eq:failure-contact-vertex' on page 24 undefined on in
put line 254.


LaTeX Warning: Reference `eq:contact-graded-sections' on page 24 undefined on i
nput line 257.


LaTeX Warning: Reference `eq:contact-Cartier-divisor' on page 24 undefined on i
nput line 260.


LaTeX Warning: Reference `eq:failure-contact-vertex' on page 24 undefined on in
put line 270.


LaTeX Warning: Reference `eq:associated-primes-mixed-regular' on page 24 undefi
ned on input line 286.

[24]

LaTeX Warning: Reference `eq:containment-local-ideal' on page 25 undefined on i
nput line 318.


LaTeX Warning: Reference `eq:collision-primary-type' on page 25 undefined on in
put line 324.


LaTeX Warning: Reference `eq:grade-one-contact' on page 25 undefined on input l
ine 374.


LaTeX Warning: Reference `thm:collision-depth' on page 25 undefined on input li
ne 389.


LaTeX Warning: Reference `eq:grade-two-vertex' on page 25 undefined on input li
ne 390.


LaTeX Warning: Reference `eq:global-associated-graded' on page 25 undefined on 
input line 392.


LaTeX Warning: Reference `eq:Z1Z2-exact' on page 25 undefined on input line 399
.

[25]

LaTeX Warning: Reference `eq:decomposable-linear-block' on page 26 undefined on
 input line 469.


LaTeX Warning: Reference `eq:decomposable-colon' on page 26 undefined on input 
line 500.

[26]

LaTeX Warning: Reference `eq:containment-local-ideal' on page 27 undefined on i
nput line 526.


LaTeX Warning: Reference `thm:saturated-contact' on page 27 undefined on input 
line 552.

) (./parts/09a-rees-specialization.tex

LaTeX Warning: Reference `thm:canonical-rees-specialization' on page 27 undefin
ed on input line 9.


LaTeX Warning: Reference `thm:global-residual-colon' on page 27 undefined on in
put line 57.

[27]

LaTeX Warning: Reference `thm:saturated-contact' on page 28 undefined on input 
line 97.


LaTeX Warning: Reference `thm:graded-nilpotent' on page 28 undefined on input l
ine 98.


LaTeX Warning: Reference `thm:decomposable-kernel-wall' on page 28 undefined on
 input line 99.


LaTeX Warning: Reference `thm:all-corank-presentation' on page 28 undefined on 
input line 105.

) (../v123/parts/07-classical.tex

LaTeX Warning: Reference `thm:main-reconstruction' on page 28 undefined on inpu
t line 15.


LaTeX Warning: Citation `IK' on page 28 undefined on input line 40.


LaTeX Warning: Citation `DK' on page 28 undefined on input line 43.


LaTeX Warning: Reference `prop:incidence-bridge' on page 28 undefined on input 
line 43.

[28]) (../v125/parts/10-reye-priority.tex

LaTeX Warning: Reference `sec:classical' on page 29 undefined on input line 13.



LaTeX Warning: Citation `Cossec' on page 29 undefined on input line 17.


LaTeX Warning: Citation `ArrondoSols' on page 29 undefined on input line 17.


LaTeX Warning: Citation `DolgachevReider' on page 29 undefined on input line 17
.


LaTeX Warning: Citation `IK' on page 29 undefined on input line 17.


LaTeX Warning: Citation `DK' on page 29 undefined on input line 17.


LaTeX Warning: Citation `MMV' on page 29 undefined on input line 17.


LaTeX Warning: Citation `MMV' on page 29 undefined on input line 26.


LaTeX Warning: Reference `thm:main-moduli' on page 29 undefined on input line 4
9.

[29]

LaTeX Warning: Reference `prop:reye-tangent' on page 30 undefined on input line
 90.


LaTeX Warning: Reference `prop:reye-tangent' on page 30 undefined on input line
 112.


LaTeX Warning: Reference `lem:differential' on page 30 undefined on input line 
115.


LaTeX Warning: Reference `thm:main-moduli' on page 30 undefined on input line 1
24.


LaTeX Warning: Reference `thm:main-moduli' on page 30 undefined on input line 1
42.


LaTeX Warning: Reference `sec:ranktwo-boundary' on page 30 undefined on input l
ine 154.

[30]

LaTeX Warning: Reference `thm:main-moduli' on page 31 undefined on input line 1
67.


LaTeX Warning: Reference `thm:main-moduli' on page 31 undefined on input line 2
03.


LaTeX Warning: Citation `BayerEisenbud' on page 31 undefined on input line 236.



LaTeX Warning: Citation `Manolache' on page 31 undefined on input line 237.


LaTeX Warning: Citation `Drezet' on page 31 undefined on input line 239.

[31]

LaTeX Warning: Citation `Ballico93' on page 32 undefined on input line 271.


LaTeX Warning: Citation `Ballico96' on page 32 undefined on input line 274.


LaTeX Warning: Reference `thm:torelli-monodromy' on page 32 undefined on input 
line 319.

) (../v123/parts/08-weighted.tex

LaTeX Warning: Reference `sec:coranktwo' on page 32 undefined on input line 6.

[32]

LaTeX Warning: Citation `DCEP' on page 33 undefined on input line 21.


LaTeX Warning: Citation `BC' on page 33 undefined on input line 22.


LaTeX Warning: Reference `eq:coefficient-rule' on page 33 undefined on input li
ne 52.


LaTeX Warning: Reference `eq:weighted' on page 33 undefined on input line 57.


LaTeX Warning: Reference `eq:classical-product' on page 33 undefined on input l
ine 62.


LaTeX Warning: Reference `eq:coefficient-rule' on page 33 undefined on input li
ne 83.


LaTeX Warning: Reference `sec:coranktwo' on page 33 undefined on input line 89.


) (../v123/parts/09-certificates.tex [33]

LaTeX Warning: Reference `eq:exact-differential-det' on page 34 undefined on in
put line 43.

(/usr/share/texmf/tex/latex/lm/t1lmtt.fd)

LaTeX Warning: Reference `lem:differential' on page 34 undefined on input line 
61.

[34]

LaTeX Warning: Reference `eq:BC-witness' on page 35 undefined on input line 66.



LaTeX Warning: Reference `eq:h-witness' on page 35 undefined on input line 78.


LaTeX Warning: Reference `eq:residual-matrix' on page 35 undefined on input lin
e 83.


LaTeX Warning: Reference `eq:main-coranktwo' on page 35 undefined on input line
 89.


LaTeX Warning: Reference `lem:cone-ideal' on page 35 undefined on input line 94
.


LaTeX Warning: Reference `thm:coranktwo-proof' on page 35 undefined on input li
ne 95.

) (../v125/references.tex
pdfTeX warning (font expansion): font should be expanded before its first use
[35]) [36] (./geometry.aux)

LaTeX Warning: There were undefined references.


LaTeX Warning: Label(s) may have changed. Rerun to get cross-references right.


Package rerunfilecheck Warning: File `geometry.out' has changed.
(rerunfilecheck)                Rerun to get outlines right
(rerunfilecheck)                or use package `bookmark'.

 )
(see the transcript file for additional information)</usr/share/texlive/texmf-d
ist/fonts/type1/public/amsfonts/euler/eufm10.pfb></usr/share/texmf/fonts/type1/
public/lm/lmbx10.pfb></usr/share/texmf/fonts/type1/public/lm/lmbx9.pfb></usr/sh
are/texmf/fonts/type1/public/lm/lmcsc10.pfb></usr/share/texmf/fonts/type1/publi
c/lm/lmex10.pfb></usr/share/texmf/fonts/type1/public/lm/lmmi10.pfb></usr/share/
texmf/fonts/type1/public/lm/lmmi5.pfb></usr/share/texmf/fonts/type1/public/lm/l
mmi6.pfb></usr/share/texmf/fonts/type1/public/lm/lmmi8.pfb></usr/share/texmf/fo
nts/type1/public/lm/lmmi9.pfb></usr/share/texmf/fonts/type1/public/lm/lmr10.pfb
></usr/share/texmf/fonts/type1/public/lm/lmr6.pfb></usr/share/texmf/fonts/type1
/public/lm/lmr8.pfb></usr/share/texmf/fonts/type1/public/lm/lmr9.pfb></usr/shar
e/texmf/fonts/type1/public/lm/lmri10.pfb></usr/share/texmf/fonts/type1/public/l
m/lmri9.pfb></usr/share/texmf/fonts/type1/public/lm/lmsy10.pfb></usr/share/texm
f/fonts/type1/public/lm/lmsy6.pfb></usr/share/texmf/fonts/type1/public/lm/lmsy8
.pfb></usr/share/texmf/fonts/type1/public/lm/lmsy9.pfb></usr/share/texmf/fonts/
type1/public/lm/lmtt10.pfb></usr/share/texlive/texmf-dist/fonts/type1/public/am
sfonts/symbols/msam10.pfb></usr/share/texlive/texmf-dist/fonts/type1/public/ams
fonts/symbols/msbm10.pfb></usr/share/texlive/texmf-dist/fonts/type1/public/rsfs
/rsfs10.pfb>
Output written on geometry.pdf (36 pages, 572795 bytes).
Transcript written on geometry.log.
