This is pdfTeX, Version 3.141592653-2.6-1.40.25 (TeX Live 2023/Debian) (preloaded format=pdflatex)
 restricted \write18 enabled.
entering extended mode
(./geometry.tex
LaTeX2e <2023-11-01> patch level 1
L3 programming layer <2024-01-22>
(./preamble.tex (/usr/share/texlive/texmf-dist/tex/latex/amscls/amsart.cls
Document Class: amsart 2020/05/29 v2.20.6
(/usr/share/texlive/texmf-dist/tex/latex/amsmath/amsmath.sty
For additional information on amsmath, use the `?' option.
(/usr/share/texlive/texmf-dist/tex/latex/amsmath/amstext.sty
(/usr/share/texlive/texmf-dist/tex/latex/amsmath/amsgen.sty))
(/usr/share/texlive/texmf-dist/tex/latex/amsmath/amsbsy.sty)
(/usr/share/texlive/texmf-dist/tex/latex/amsmath/amsopn.sty))
(/usr/share/texlive/texmf-dist/tex/latex/amsfonts/umsa.fd)
(/usr/share/texlive/texmf-dist/tex/latex/amsfonts/amsfonts.sty))
(/usr/share/texlive/texmf-dist/tex/latex/base/fontenc.sty)
(/usr/share/texmf/tex/latex/lm/lmodern.sty)
(/usr/share/texlive/texmf-dist/tex/latex/amsmath/amscd.sty)
(/usr/share/texlive/texmf-dist/tex/latex/amsfonts/amssymb.sty)
(/usr/share/texlive/texmf-dist/tex/latex/mathtools/mathtools.sty
(/usr/share/texlive/texmf-dist/tex/latex/graphics/keyval.sty)
(/usr/share/texlive/texmf-dist/tex/latex/tools/calc.sty)
(/usr/share/texlive/texmf-dist/tex/latex/mathtools/mhsetup.sty))
(/usr/share/texlive/texmf-dist/tex/latex/jknapltx/mathrsfs.sty)
(/usr/share/texlive/texmf-dist/tex/latex/microtype/microtype.sty
(/usr/share/texlive/texmf-dist/tex/latex/etoolbox/etoolbox.sty)
(/usr/share/texlive/texmf-dist/tex/latex/microtype/microtype-pdftex.def)
(/usr/share/texlive/texmf-dist/tex/latex/microtype/microtype.cfg))
(/usr/share/texlive/texmf-dist/tex/latex/booktabs/booktabs.sty)
(/usr/share/texlive/texmf-dist/tex/latex/tools/longtable.sty)
(/usr/share/texlive/texmf-dist/tex/latex/geometry/geometry.sty
(/usr/share/texlive/texmf-dist/tex/generic/iftex/ifvtex.sty
(/usr/share/texlive/texmf-dist/tex/generic/iftex/iftex.sty)))
(/usr/share/texlive/texmf-dist/tex/latex/hyperref/xr-hyper.sty)
(/usr/share/texlive/texmf-dist/tex/latex/hyperref/hyperref.sty
(/usr/share/texlive/texmf-dist/tex/latex/kvsetkeys/kvsetkeys.sty)
(/usr/share/texlive/texmf-dist/tex/generic/kvdefinekeys/kvdefinekeys.sty)
(/usr/share/texlive/texmf-dist/tex/generic/pdfescape/pdfescape.sty
(/usr/share/texlive/texmf-dist/tex/generic/ltxcmds/ltxcmds.sty)
(/usr/share/texlive/texmf-dist/tex/generic/pdftexcmds/pdftexcmds.sty
(/usr/share/texlive/texmf-dist/tex/generic/infwarerr/infwarerr.sty)))
(/usr/share/texlive/texmf-dist/tex/latex/hycolor/hycolor.sty)
(/usr/share/texlive/texmf-dist/tex/latex/auxhook/auxhook.sty)
(/usr/share/texlive/texmf-dist/tex/latex/hyperref/nameref.sty
(/usr/share/texlive/texmf-dist/tex/latex/refcount/refcount.sty)
(/usr/share/texlive/texmf-dist/tex/generic/gettitlestring/gettitlestring.sty
(/usr/share/texlive/texmf-dist/tex/latex/kvoptions/kvoptions.sty)))
(/usr/share/texlive/texmf-dist/tex/latex/hyperref/pd1enc.def)
(/usr/share/texlive/texmf-dist/tex/generic/intcalc/intcalc.sty)
(/usr/share/texlive/texmf-dist/tex/latex/hyperref/puenc.def)
(/usr/share/texlive/texmf-dist/tex/latex/url/url.sty)
(/usr/share/texlive/texmf-dist/tex/generic/bitset/bitset.sty
(/usr/share/texlive/texmf-dist/tex/generic/bigintcalc/bigintcalc.sty))
(/usr/share/texlive/texmf-dist/tex/latex/base/atbegshi-ltx.sty))
(/usr/share/texlive/texmf-dist/tex/latex/hyperref/hpdftex.def
(/usr/share/texlive/texmf-dist/tex/latex/base/atveryend-ltx.sty)
(/usr/share/texlive/texmf-dist/tex/latex/rerunfilecheck/rerunfilecheck.sty
(/usr/share/texlive/texmf-dist/tex/generic/uniquecounter/uniquecounter.sty))))
(/usr/share/texmf/tex/latex/lm/t1lmr.fd)
(/usr/share/texlive/texmf-dist/tex/latex/l3backend/l3backend-pdftex.def)
No file geometry.aux.
(/usr/share/texmf/tex/latex/lm/ot1lmr.fd)
(/usr/share/texmf/tex/latex/lm/omllmm.fd)
(/usr/share/texmf/tex/latex/lm/omslmsy.fd)
(/usr/share/texmf/tex/latex/lm/omxlmex.fd)
(/usr/share/texlive/texmf-dist/tex/latex/amsfonts/umsa.fd)
(/usr/share/texlive/texmf-dist/tex/latex/amsfonts/umsb.fd)
(/usr/share/texlive/texmf-dist/tex/latex/jknapltx/ursfs.fd)
(/usr/share/texlive/texmf-dist/tex/latex/graphics/graphicx.sty
(/usr/share/texlive/texmf-dist/tex/latex/graphics/graphics.sty
(/usr/share/texlive/texmf-dist/tex/latex/graphics/trig.sty)
(/usr/share/texlive/texmf-dist/tex/latex/graphics-cfg/graphics.cfg)
(/usr/share/texlive/texmf-dist/tex/latex/graphics-def/pdftex.def
(/usr/share/texlive/texmf-dist/tex/context/base/mkii/supp-pdf.mkii
[Loading MPS to PDF converter (version 2006.09.02).]
))) (/usr/share/texlive/texmf-dist/tex/latex/epstopdf-pkg/epstopdf-base.sty
(/usr/share/texlive/texmf-dist/tex/latex/latexconfig/epstopdf-sys.cfg)))
(/usr/share/texlive/texmf-dist/tex/latex/microtype/mt-cmr.cfg)
*geometry* driver: auto-detecting
*geometry* detected driver: pdftex
(./frontmatter-v152.tex) (./parts/00-principal-introduction-v152.tex
(/usr/share/texlive/texmf-dist/tex/latex/microtype/mt-msa.cfg)
(/usr/share/texlive/texmf-dist/tex/latex/microtype/mt-msb.cfg)
(/usr/share/texlive/texmf-dist/tex/latex/amsfonts/ueuf.fd)
(/usr/share/texlive/texmf-dist/tex/latex/microtype/mt-euf.cfg) [1{/var/lib/texm
f/fonts/map/pdftex/updmap/pdftex.map}{/usr/share/texmf/fonts/enc/dvips/lm/lm-ec
.enc}{/usr/share/texmf/fonts/enc/dvips/lm/lm-mathit.enc}{/usr/share/texmf/fonts
/enc/dvips/lm/lm-mathsy.enc}{/usr/share/texmf/fonts/enc/dvips/lm/lm-rm.enc}{/us
r/share/texmf/fonts/enc/dvips/lm/lm-mathex.enc}]

LaTeX Warning: Reference `thm:sharp-finite-pencil' on page 2 undefined on input
 line 57.


LaTeX Warning: Reference `cor:schubert-line-reconstruction-v145' on page 2 unde
fined on input line 59.


LaTeX Warning: Reference `thm:curve-reconstruction-v145' on page 2 undefined on
 input line 60.


LaTeX Warning: Reference `thm:unrestricted-moving-v146' on page 2 undefined on 
input line 74.


LaTeX Warning: Reference `ex:nonconstant-pencil-v146' on page 2 undefined on in
put line 84.


LaTeX Warning: Reference `thm:automorphism-kernel-v146' on page 2 undefined on 
input line 86.


LaTeX Warning: Reference `thm:artin-local-inverse-v146' on page 2 undefined on 
input line 113.


LaTeX Warning: Reference `prop:first-relation-orbit-v147' on page 2 undefined o
n input line 113.


LaTeX Warning: Reference `thm:unrestricted-moving-v146' on page 2 undefined on 
input line 122.


LaTeX Warning: Reference `prop:local-automorphisms-v146' on page 2 undefined on
 input line 126.

[2]

LaTeX Warning: Reference `thm:split-conductor-v152' on page 3 undefined on inpu
t line 132.


LaTeX Warning: Reference `thm:binary-pinch-v152' on page 3 undefined on input l
ine 133.


LaTeX Warning: Reference `prop:degree-intersections-v152' on page 3 undefined o
n input line 148.


LaTeX Warning: Reference `thm:universal-boundary-v152' on page 3 undefined on i
nput line 153.


LaTeX Warning: Reference `prop:pure-power-fibre-v152' on page 3 undefined on in
put line 160.


LaTeX Warning: Reference `lem:flag-jets-v152' on page 3 undefined on input line
 165.


LaTeX Warning: Citation `Chipalkatti2003' on page 3 undefined on input line 174
.


LaTeX Warning: Citation `Kurmann2012' on page 3 undefined on input line 177.


LaTeX Warning: Reference `thm:split-conductor-v152' on page 3 undefined on inpu
t line 185.


LaTeX Warning: Reference `thm:binary-pinch-v152' on page 3 undefined on input l
ine 186.


LaTeX Warning: Citation `Ferrand2003' on page 3 undefined on input line 188.


LaTeX Warning: Citation `HuLinShao2007' on page 3 undefined on input line 193.

[3]

LaTeX Warning: Citation `AOV2008' on page 4 undefined on input line 209.


LaTeX Warning: Reference `rem:segre-boundary-v152' on page 4 undefined on input
 line 217.


LaTeX Warning: Reference `lem:actual-factor-descent-v147' on page 4 undefined o
n input line 243.


LaTeX Warning: Reference `thm:structural-coefficient-reconstruction' on page 4 
undefined on input line 248.


LaTeX Warning: Reference `thm:artin-local-inverse-v146' on page 4 undefined on 
input line 251.


LaTeX Warning: Reference `thm:general-moving-coefficients-v147' on page 4 undef
ined on input line 253.


LaTeX Warning: Reference `ex:isotrivial-covers-v147' on page 4 undefined on inp
ut line 260.


LaTeX Warning: Reference `thm:recognition-dichotomy-v148' on page 4 undefined o
n input line 273.


LaTeX Warning: Reference `thm:exact-coefficient-stabilizer-v148' on page 4 unde
fined on input line 281.


LaTeX Warning: Reference `cor:intrinsic-orbits-v148' on page 4 undefined on inp
ut line 284.

[4]

LaTeX Warning: Reference `thm:covering-pencil-moduli-v148' on page 5 undefined 
on input line 296.


LaTeX Warning: Reference `cor:pencil-native-pair-v148' on page 5 undefined on i
nput line 310.


LaTeX Warning: Reference `lem:universal-gcd' on page 5 undefined on input line 
334.


LaTeX Warning: Reference `cor:canonical-exact-v151' on page 5 undefined on inpu
t line 336.


LaTeX Warning: Reference `thm:determinant-stratum' on page 5 undefined on input
 line 344.


LaTeX Warning: Reference `lem:primitive-pencil' on page 5 undefined on input li
ne 349.


LaTeX Warning: Reference `thm:pencil-stack-equivalence' on page 5 undefined on 
input line 359.


LaTeX Warning: Reference `cor:pencil-specialization-stack' on page 5 undefined 
on input line 367.


LaTeX Warning: Reference `thm:rigidification-v151' on page 5 undefined on input
 line 371.


LaTeX Warning: Reference `cor:two-rigidifications-v151' on page 5 undefined on 
input line 372.

[5]

LaTeX Warning: Reference `thm:transverse-pencil-directions' on page 6 undefined
 on input line 375.


LaTeX Warning: Reference `thm:fixed-support-grassmannians' on page 6 undefined 
on input line 378.


LaTeX Warning: Reference `sec:canonical-boundary-v151' on page 6 undefined on i
nput line 413.


LaTeX Warning: Reference `lem:fibre-equations-v151' on page 6 undefined on inpu
t line 414.


LaTeX Warning: Reference `cor:algebra-boundary-v151' on page 6 undefined on inp
ut line 420.


LaTeX Warning: Reference `sec:closed-pencil-v151' on page 6 undefined on input 
line 426.


LaTeX Warning: Reference `thm:finite-parameter-immersion' on page 6 undefined o
n input line 443.


LaTeX Warning: Reference `thm:universal-finite-neighbourhood' on page 6 undefin
ed on input line 447.


LaTeX Warning: Reference `thm:pencil-stack-equivalence' on page 6 undefined on 
input line 456.

[6]

LaTeX Warning: Reference `thm:fixed-spectral-classification' on page 7 undefine
d on input line 463.


LaTeX Warning: Citation `FevolaMandelshtamSturmfels' on page 7 undefined on inp
ut line 471.


LaTeX Warning: Reference `lem:orthogonal-orbits-v145' on page 7 undefined on in
put line 473.


LaTeX Warning: Citation `Ohta1986' on page 7 undefined on input line 474.


LaTeX Warning: Citation `Ballico96' on page 7 undefined on input line 479.


LaTeX Warning: Citation `Ballico93' on page 7 undefined on input line 483.


LaTeX Warning: Citation `EliasRossiShort' on page 7 undefined on input line 491
.


LaTeX Warning: Citation `EliasRossiCompressed' on page 7 undefined on input lin
e 491.


LaTeX Warning: Reference `sec:first-relations-v147' on page 7 undefined on inpu
t line 492.


LaTeX Warning: Citation `MarcusMoyls' on page 7 undefined on input line 495.


LaTeX Warning: Reference `lem:linear-preserver-v147' on page 7 undefined on inp
ut line 497.


LaTeX Warning: Citation `Milne2017' on page 7 undefined on input line 499.

) (./parts/33-first-relations-v147.tex [7]

LaTeX Warning: Reference `eq:intrinsic-first-relation-v147' on page 8 undefined
 on input line 45.


LaTeX Warning: Reference `eq:first-group-v147' on page 8 undefined on input lin
e 79.


LaTeX Warning: Reference `eq:trace-augmentation-v147' on page 8 undefined on in
put line 98.


LaTeX Warning: Reference `prop:first-relation-orbit-v147' on page 8 undefined o
n input line 107.

[8]

LaTeX Warning: Citation `EliasRossiShort' on page 9 undefined on input line 148
.


LaTeX Warning: Citation `EliasRossiCompressed' on page 9 undefined on input lin
e 153.


LaTeX Warning: Reference `eq:general-first-algebra-v147' on page 9 undefined on
 input line 154.


LaTeX Warning: Reference `prop:first-relation-orbit-v147' on page 9 undefined o
n input line 164.

) (./parts/00-ruling-foundations-v145.tex (./parts/12k-rank-one-fano.tex
[9]

LaTeX Warning: Reference `eq:fano-rank-one-scheme' on page 10 undefined on inpu
t line 81.

) [10]

LaTeX Warning: Reference `lem:rank-one-fano-scheme' on page 11 undefined on inp
ut line 31.

) (./parts/34-coefficient-descent-v147.tex
(/usr/share/texmf/tex/latex/lm/ot1lmss.fd) [11]

LaTeX Warning: Citation `MarcusMoyls' on page 12 undefined on input line 54.


LaTeX Warning: Reference `eq:commutant-descent-v147' on page 12 undefined on in
put line 98.

[12]

LaTeX Warning: Reference `eq:strict-support-v147' on page 13 undefined on input
 line 154.


LaTeX Warning: Reference `prop:first-relation-orbit-v147' on page 13 undefined 
on input line 196.


LaTeX Warning: Reference `lem:rank-one-fano-scheme' on page 13 undefined on inp
ut line 217.

[13]

LaTeX Warning: Reference `lem:linear-preserver-v147' on page 14 undefined on in
put line 226.


LaTeX Warning: Reference `eq:strict-support-v147' on page 14 undefined on input
 line 229.


LaTeX Warning: Reference `lem:oriented-segre-descent' on page 14 undefined on i
nput line 237.


LaTeX Warning: Reference `lem:actual-factor-descent-v147' on page 14 undefined 
on input line 241.


LaTeX Warning: Reference `eq:coefficient-equivalence-v147' on page 14 undefined
 on input line 258.


LaTeX Warning: Reference `eq:coefficient-thickening-v147' on page 14 undefined 
on input line 286.

[14]

LaTeX Warning: Reference `thm:general-moving-coefficients-v147' on page 15 unde
fined on input line 328.


LaTeX Warning: Reference `lem:pencil-irreducibility' on page 15 undefined on in
put line 347.


LaTeX Warning: Reference `lem:moving-coefficients-v146' on page 15 undefined on
 input line 349.


LaTeX Warning: Reference `thm:general-moving-coefficients-v147' on page 15 unde
fined on input line 354.


LaTeX Warning: Reference `thm:artin-local-inverse-v146' on page 15 undefined on
 input line 363.


LaTeX Warning: Reference `prop:first-relation-group-v147' on page 15 undefined 
on input line 378.


LaTeX Warning: Reference `prop:first-relation-group-v147' on page 15 undefined 
on input line 381.


LaTeX Warning: Reference `lem:linear-preserver-v147' on page 15 undefined on in
put line 383.


LaTeX Warning: Citation `StacksGroups' on page 15 undefined on input line 391.


LaTeX Warning: Reference `thm:automorphism-kernel-v146' on page 15 undefined on
 input line 400.

) (./parts/35-coefficient-symmetries-v148.tex [15]

LaTeX Warning: Reference `eq:recognized-cauchy-v148' on page 16 undefined on in
put line 64.


LaTeX Warning: Reference `eq:residual-recognition-v148' on page 16 undefined on
 input line 73.


LaTeX Warning: Reference `lem:linear-preserver-v147' on page 16 undefined on in
put line 75.

[16]

LaTeX Warning: Reference `eq:recognized-cauchy-v148' on page 17 undefined on in
put line 98.


LaTeX Warning: Reference `lem:linear-preserver-v147' on page 17 undefined on in
put line 115.


LaTeX Warning: Citation `ChengWang' on page 17 undefined on input line 131.


LaTeX Warning: Reference `thm:recognition-dichotomy-v148' on page 17 undefined 
on input line 156.

[17]

LaTeX Warning: Reference `prop:first-relation-group-v147' on page 18 undefined 
on input line 179.


LaTeX Warning: Citation `Milne2017' on page 18 undefined on input line 201.


LaTeX Warning: Citation `StacksGroups' on page 18 undefined on input line 203.


LaTeX Warning: Reference `eq:proper-stabilizer-v148' on page 18 undefined on in
put line 206.


LaTeX Warning: Reference `eq:full-stabilizer-v148' on page 18 undefined on inpu
t line 207.


LaTeX Warning: Reference `prop:first-relation-group-v147' on page 18 undefined 
on input line 209.


LaTeX Warning: Reference `eq:complete-local-aut-v148' on page 18 undefined on i
nput line 210.


LaTeX Warning: Reference `eq:coefficient-thickening-v147' on page 18 undefined 
on input line 229.


LaTeX Warning: Reference `thm:general-moving-coefficients-v147' on page 18 unde
fined on input line 255.


LaTeX Warning: Reference `lem:actual-factor-descent-v147' on page 18 undefined 
on input line 260.

[18]

LaTeX Warning: Reference `thm:exact-coefficient-stabilizer-v148' on page 19 und
efined on input line 323.


LaTeX Warning: Reference `eq:full-stabilizer-v148' on page 19 undefined on inpu
t line 326.


LaTeX Warning: Reference `eq:intrinsic-orbits-v148' on page 19 undefined on inp
ut line 339.


LaTeX Warning: Reference `thm:general-moving-coefficients-v147' on page 19 unde
fined on input line 345.

) (./parts/37-common-divisor-strata-v149.tex

LaTeX Warning: Reference `thm:recognition-dichotomy-v148' on page 19 undefined 
on input line 4.

[19]

LaTeX Warning: Citation `StacksClosedImmersion' on page 20 undefined on input l
ine 63.


LaTeX Warning: Reference `lem:universal-gcd' on page 20 undefined on input line
 82.


LaTeX Warning: Reference `lem:linear-preserver-v147' on page 20 undefined on in
put line 89.

[20]

LaTeX Warning: Reference `eq:universal-gcd' on page 21 undefined on input line 
130.


LaTeX Warning: Reference `eq:determinant-stratum' on page 21 undefined on input
 line 137.


LaTeX Warning: Citation `StacksQuotient' on page 21 undefined on input line 144
.


LaTeX Warning: Citation `StacksSmoothQuotient' on page 21 undefined on input li
ne 145.

[21]

LaTeX Warning: Reference `thm:determinant-stratum' on page 22 undefined on inpu
t line 225.

) (./parts/40-canonical-divisor-boundary-v151.tex

LaTeX Warning: Reference `eq:divisor-incidence-v151' on page 22 undefined on in
put line 26.

[22]

LaTeX Warning: Reference `eq:divisor-incidence-v151' on page 23 undefined on in
put line 55.


LaTeX Warning: Reference `eq:divisor-fibre-set-v151' on page 23 undefined on in
put line 67.


LaTeX Warning: Citation `StacksFiniteV151' on page 23 undefined on input line 7
0.


LaTeX Warning: Citation `StacksImageV151' on page 23 undefined on input line 73
.


LaTeX Warning: Reference `prop:incidence-v151' on page 23 undefined on input li
ne 88.


LaTeX Warning: Reference `eq:fibre-schur-v151' on page 23 undefined on input li
ne 118.

[23]

LaTeX Warning: Reference `eq:overlap-kernel-v151' on page 24 undefined on input
 line 141.


LaTeX Warning: Reference `eq:overlap-kernel-v151' on page 24 undefined on input
 line 165.


LaTeX Warning: Reference `eq:fibre-schur-v151' on page 24 undefined on input li
ne 166.


LaTeX Warning: Reference `lem:fibre-equations-v151' on page 24 undefined on inp
ut line 180.


LaTeX Warning: Citation `StacksNormalV151' on page 24 undefined on input line 1
97.


LaTeX Warning: Reference `eq:divisor-fibre-set-v151' on page 24 undefined on in
put line 202.


LaTeX Warning: Reference `eq:overlap-kernel-v151' on page 24 undefined on input
 line 203.

[24]

LaTeX Warning: Reference `lem:universal-gcd' on page 25 undefined on input line
 220.


LaTeX Warning: Reference `rem:gcd-scheme-condition' on page 25 undefined on inp
ut line 231.


LaTeX Warning: Reference `prop:relative-first-relation' on page 25 undefined on
 input line 280.


LaTeX Warning: Reference `eq:quotient-normalization-v151' on page 25 undefined 
on input line 302.

[25]) (./parts/44-conductor-and-collisions-v152.tex

LaTeX Warning: Reference `sec:canonical-boundary-v151' on page 26 undefined on 
input line 4.


LaTeX Warning: Reference `lem:fibre-equations-v151' on page 26 undefined on inp
ut line 50.

[26]

LaTeX Warning: Reference `eq:coprime-artin-v152' on page 27 undefined on input 
line 71.


LaTeX Warning: Citation `Ferrand2003' on page 27 undefined on input line 104.


LaTeX Warning: Reference `eq:split-ring-v152' on page 27 undefined on input lin
e 106.


LaTeX Warning: Reference `eq:split-conductor-v152' on page 27 undefined on inpu
t line 114.

[27]

LaTeX Warning: Reference `eq:pinch-algebra-v152' on page 28 undefined on input 
line 154.


LaTeX Warning: Reference `eq:binary-completion-v152' on page 28 undefined on in
put line 228.


LaTeX Warning: Reference `eq:pinch-equations-v152' on page 28 undefined on inpu
t line 231.

[28]

LaTeX Warning: Reference `eq:conductor-cover-v152' on page 29 undefined on inpu
t line 246.


LaTeX Warning: Reference `eq:split-ring-v152' on page 29 undefined on input lin
e 269.


LaTeX Warning: Reference `eq:binary-completion-v152' on page 29 undefined on in
put line 271.


LaTeX Warning: Reference `eq:pinch-equations-v152' on page 29 undefined on inpu
t line 276.


LaTeX Warning: Reference `thm:split-conductor-v152' on page 29 undefined on inp
ut line 279.


LaTeX Warning: Reference `cor:algebra-boundary-v151' on page 29 undefined on in
put line 294.

) (./parts/46-divisor-intersections-v152.tex [29]

LaTeX Warning: Reference `thm:universal-boundary-v152' on page 30 undefined on 
input line 32.


LaTeX Warning: Reference `eq:intersection-map-v152' on page 30 undefined on inp
ut line 36.


LaTeX Warning: Reference `eq:intersection-reduced-v152' on page 30 undefined on
 input line 46.


LaTeX Warning: Reference `eq:intersection-reduced-v152' on page 30 undefined on
 input line 51.


LaTeX Warning: Reference `thm:split-conductor-v152' on page 30 undefined on inp
ut line 56.


LaTeX Warning: Reference `thm:binary-pinch-v152' on page 30 undefined on input 
line 57.

) (./parts/45-pencil-orbit-boundary-v152.tex

LaTeX Warning: Reference `sec:canonical-boundary-v151' on page 30 undefined on 
input line 11.


LaTeX Warning: Reference `lem:primitive-pencil' on page 30 undefined on input l
ine 20.

[30]

LaTeX Warning: Reference `thm:closed-pencil-v151' on page 31 undefined on input
 line 46.


LaTeX Warning: Reference `eq:flag-coefficients-v152' on page 31 undefined on in
put line 106.

[31]

LaTeX Warning: Reference `eq:flag-initial-v152' on page 32 undefined on input l
ine 135.


LaTeX Warning: Reference `thm:universal-boundary-v152' on page 32 undefined on 
input line 140.


LaTeX Warning: Reference `eq:boundary-gcd-v152' on page 32 undefined on input l
ine 167.


LaTeX Warning: Reference `thm:closed-pencil-v151' on page 32 undefined on input
 line 170.


LaTeX Warning: Reference `lem:fibre-equations-v151' on page 32 undefined on inp
ut line 180.


LaTeX Warning: Reference `eq:boundary-tangent-v152' on page 32 undefined on inp
ut line 181.


LaTeX Warning: Reference `eq:coprime-artin-v152' on page 32 undefined on input 
line 212.

[32]

LaTeX Warning: Reference `eq:reciprocal-v152' on page 33 undefined on input lin
e 220.


LaTeX Warning: Reference `eq:pure-power-fibre-v152' on page 33 undefined on inp
ut line 224.


LaTeX Warning: Reference `eq:ternary-flag-basis-v152' on page 33 undefined on i
nput line 245.


LaTeX Warning: Citation `FevolaMandelshtamSturmfels' on page 33 undefined on in
put line 265.

) (./parts/13a-criterion-v145.tex [33]

LaTeX Warning: Reference `lem:rank-one-fano-scheme' on page 34 undefined on inp
ut line 79.


LaTeX Warning: Reference `lem:oriented-segre-descent' on page 34 undefined on i
nput line 82.

) (./parts/18-pencil-proof-v145.tex [34]

LaTeX Warning: Reference `eq:failure-intro' on page 35 undefined on input line 
23.


LaTeX Warning: Reference `thm:structural-coefficient-reconstruction' on page 35
 undefined on input line 62.


LaTeX Warning: Reference `eq:general-fitting-factorization' on page 35 undefine
d on input line 103.

[35]

LaTeX Warning: Reference `eq:general-normal-cone' on page 36 undefined on input
 line 112.


LaTeX Warning: Reference `lem:rank-one-fano-scheme' on page 36 undefined on inp
ut line 121.


LaTeX Warning: Reference `lem:oriented-segre-descent' on page 36 undefined on i
nput line 129.


LaTeX Warning: Reference `eq:automatic-residual-module' on page 36 undefined on
 input line 135.


LaTeX Warning: Reference `eq:general-exterior-decomposition' on page 36 undefin
ed on input line 144.


LaTeX Warning: Citation `ChengWang' on page 36 undefined on input line 145.


LaTeX Warning: Reference `eq:automatic-residual-module' on page 36 undefined on
 input line 155.

[36]

LaTeX Warning: Reference `thm:automatic-quadratic-coefficients' on page 37 unde
fined on input line 209.


LaTeX Warning: Reference `lem:pencil-irreducibility' on page 37 undefined on in
put line 210.


LaTeX Warning: Reference `eq:general-fitting-factorization' on page 37 undefine
d on input line 231.


LaTeX Warning: Citation `FevolaMandelshtamSturmfels' on page 37 undefined on in
put line 242.


LaTeX Warning: Reference `eq:natural-pencil-torelli' on page 37 undefined on in
put line 281.

[37]

LaTeX Warning: Reference `ex:same-discriminant-distinct-failure' on page 38 und
efined on input line 325.


LaTeX Warning: Citation `SmithQuadrics' on page 38 undefined on input line 331.



LaTeX Warning: Reference `thm:natural-pencil-reconstruction' on page 38 undefin
ed on input line 343.


LaTeX Warning: Reference `eq:general-fitting-factorization' on page 38 undefine
d on input line 350.


LaTeX Warning: Reference `eq:same-discriminant-pencils' on page 38 undefined on
 input line 351.

) (./parts/20-finite-neighbourhoods.tex [38]

LaTeX Warning: Reference `sec:natural-pencils' on page 39 undefined on input li
ne 18.


LaTeX Warning: Reference `eq:general-fitting-factorization' on page 39 undefine
d on input line 57.


LaTeX Warning: Reference `eq:finite-homogeneous-ideal' on page 39 undefined on 
input line 80.

[39]

LaTeX Warning: Reference `thm:sharp-finite-pencil' on page 40 undefined on inpu
t line 98.


LaTeX Warning: Reference `eq:finite-homogeneous-ideal' on page 40 undefined on 
input line 99.


LaTeX Warning: Reference `eq:finite-neighbourhood-definition' on page 40 undefi
ned on input line 100.


LaTeX Warning: Reference `lem:first-relation-cone' on page 40 undefined on inpu
t line 110.


LaTeX Warning: Reference `thm:automatic-quadratic-coefficients' on page 40 unde
fined on input line 112.


LaTeX Warning: Reference `eq:finite-homogeneous-ideal' on page 40 undefined on 
input line 124.


LaTeX Warning: Reference `lem:pencil-irreducibility' on page 40 undefined on in
put line 125.


LaTeX Warning: Reference `eq:pencil-exterior-duality' on page 40 undefined on i
nput line 127.


LaTeX Warning: Reference `eq:finite-pencil-equivalences' on page 40 undefined o
n input line 135.


LaTeX Warning: Reference `thm:natural-pencil-reconstruction' on page 40 undefin
ed on input line 136.

[40]

LaTeX Warning: Reference `thm:finite-parameter-immersion' on page 41 undefined 
on input line 201.


LaTeX Warning: Reference `eq:general-coefficient-map' on page 41 undefined on i
nput line 202.


LaTeX Warning: Reference `lem:pencil-irreducibility' on page 41 undefined on in
put line 206.


LaTeX Warning: Reference `lem:line-subspace-immersion' on page 41 undefined on 
input line 221.


LaTeX Warning: Reference `thm:finite-parameter-immersion' on page 41 undefined 
on input line 245.


LaTeX Warning: Reference `thm:sharp-finite-pencil' on page 41 undefined on inpu
t line 272.


LaTeX Warning: Reference `cor:hyperelliptic-failure-invariant' on page 41 undef
ined on input line 273.


LaTeX Warning: Reference `eq:pencil-detection-order' on page 41 undefined on in
put line 274.


LaTeX Warning: Reference `cor:finite-flat-family' on page 41 undefined on input
 line 281.

) (./parts/29-curve-reconstruction-v145.tex [41]

LaTeX Warning: Reference `eq:curve-failure-ideal-v145' on page 42 undefined on 
input line 55.


LaTeX Warning: Reference `eq:finite-coefficient-factorization' on page 42 undef
ined on input line 58.


LaTeX Warning: Reference `lem:first-relation-cone' on page 42 undefined on inpu
t line 71.


LaTeX Warning: Reference `lem:oriented-segre-descent' on page 42 undefined on i
nput line 85.

[42]

LaTeX Warning: Reference `thm:structural-coefficient-reconstruction' on page 43
 undefined on input line 89.


LaTeX Warning: Reference `lem:pencil-irreducibility' on page 43 undefined on in
put line 90.


LaTeX Warning: Reference `eq:pencil-exterior-duality' on page 43 undefined on i
nput line 92.


LaTeX Warning: Reference `eq:curve-torelli-v145' on page 43 undefined on input 
line 94.


LaTeX Warning: Reference `eq:curve-failure-ideal-v145' on page 43 undefined on 
input line 120.


LaTeX Warning: Reference `thm:curve-reconstruction-v145' on page 43 undefined o
n input line 123.

) (./parts/31-moving-pencils-v146.tex [43]

LaTeX Warning: Reference `thm:universal-finite-neighbourhood' on page 44 undefi
ned on input line 42.


LaTeX Warning: Reference `lem:pencil-irreducibility' on page 44 undefined on in
put line 62.


LaTeX Warning: Reference `eq:general-coefficient-map' on page 44 undefined on i
nput line 74.


LaTeX Warning: Reference `eq:moving-inverse-v146' on page 44 undefined on input
 line 118.

[44]

LaTeX Warning: Reference `lem:rank-one-fano-scheme' on page 45 undefined on inp
ut line 158.


LaTeX Warning: Reference `lem:oriented-segre-descent' on page 45 undefined on i
nput line 173.


LaTeX Warning: Reference `lem:moving-coefficients-v146' on page 45 undefined on
 input line 189.


LaTeX Warning: Reference `eq:moving-data-v146' on page 45 undefined on input li
ne 194.


LaTeX Warning: Reference `thm:structural-coefficient-reconstruction' on page 45
 undefined on input line 196.


LaTeX Warning: Reference `eq:moving-data-v146' on page 45 undefined on input li
ne 198.


LaTeX Warning: Reference `eq:moving-normal-map-v146' on page 45 undefined on in
put line 201.


LaTeX Warning: Reference `eq:moving-inverse-v146' on page 45 undefined on input
 line 203.


LaTeX Warning: Reference `thm:moving-reconstruction-v146' on page 45 undefined 
on input line 212.

[45]

LaTeX Warning: Reference `eq:moving-data-v146' on page 46 undefined on input li
ne 235.


LaTeX Warning: Reference `thm:moving-reconstruction-v146' on page 46 undefined 
on input line 270.


LaTeX Warning: Reference `eq:automorphism-filtration-v146' on page 46 undefined
 on input line 276.


LaTeX Warning: Reference `eq:automorphism-symbol-v146' on page 46 undefined on 
input line 304.

[46]

LaTeX Warning: Reference `thm:moving-reconstruction-v146' on page 47 undefined 
on input line 367.


LaTeX Warning: Reference `thm:universal-finite-neighbourhood' on page 47 undefi
ned on input line 384.


LaTeX Warning: Reference `eq:automorphism-sequence-v146' on page 47 undefined o
n input line 388.

) (./parts/32-local-inverse-v146.tex [47]

LaTeX Warning: Reference `lem:pencil-irreducibility' on page 48 undefined on in
put line 77.


LaTeX Warning: Reference `lem:moving-coefficients-v146' on page 48 undefined on
 input line 81.


LaTeX Warning: Reference `thm:moving-reconstruction-v146' on page 48 undefined 
on input line 87.

[48]

LaTeX Warning: Reference `lem:coefficient-orientation-v146' on page 49 undefine
d on input line 100.


LaTeX Warning: Reference `thm:moving-reconstruction-v146' on page 49 undefined 
on input line 104.


LaTeX Warning: Reference `cor:moving-sharpness-v146' on page 49 undefined on in
put line 113.


LaTeX Warning: Reference `thm:automorphism-kernel-v146' on page 49 undefined on
 input line 114.


LaTeX Warning: Reference `thm:unrestricted-moving-v146' on page 49 undefined on
 input line 148.

[49]) (./parts/38-pencil-deformation-equivalence-v149.tex [50]

LaTeX Warning: Reference `eq:primitive-factorization' on page 51 undefined on i
nput line 51.


LaTeX Warning: Reference `lem:primitive-pencil' on page 51 undefined on input l
ine 91.


LaTeX Warning: Reference `thm:determinant-stratum' on page 51 undefined on inpu
t line 98.

[51]

LaTeX Warning: Reference `prop:relative-first-relation' on page 52 undefined on
 input line 127.


LaTeX Warning: Reference `thm:determinant-stratum' on page 52 undefined on inpu
t line 153.


LaTeX Warning: Reference `eq:pencil-stack-before-rigidification' on page 52 und
efined on input line 163.


LaTeX Warning: Reference `eq:pencil-ineffective-group' on page 52 undefined on 
input line 169.


LaTeX Warning: Reference `prop:relative-first-relation' on page 52 undefined on
 input line 178.


LaTeX Warning: Reference `eq:effective-pencil-stack' on page 52 undefined on in
put line 179.


LaTeX Warning: Reference `eq:pencil-ineffective-group' on page 52 undefined on 
input line 180.


LaTeX Warning: Reference `eq:pencil-tangent-complex' on page 52 undefined on in
put line 184.

[52]

LaTeX Warning: Reference `eq:primitive-pencil-embedding' on page 53 undefined o
n input line 214.


LaTeX Warning: Reference `thm:pencil-stack-equivalence' on page 53 undefined on
 input line 224.


LaTeX Warning: Reference `prop:first-relation-group-v147' on page 53 undefined 
on input line 229.


LaTeX Warning: Reference `thm:unrestricted-moving-v146' on page 53 undefined on
 input line 235.

) (./parts/41-rigidification-v151.tex

LaTeX Warning: Citation `StacksRigidV151' on page 53 undefined on input line 8.



LaTeX Warning: Reference `prop:relative-first-relation' on page 53 undefined on
 input line 16.

[53]

LaTeX Warning: Reference `eq:rigidification-universal-v151' on page 54 undefine
d on input line 53.


LaTeX Warning: Reference `thm:pencil-stack-equivalence' on page 54 undefined on
 input line 81.


LaTeX Warning: Reference `thm:rigidification-v151' on page 54 undefined on inpu
t line 91.

) (./parts/42-pencil-specialization-v151.tex [54]

LaTeX Warning: Reference `cor:canonical-exact-v151' on page 55 undefined on inp
ut line 62.


LaTeX Warning: Reference `thm:closed-pencil-v151' on page 55 undefined on input
 line 84.


LaTeX Warning: Reference `lem:primitive-pencil' on page 55 undefined on input l
ine 98.


LaTeX Warning: Reference `thm:boundary-normalization-v151' on page 55 undefined
 on input line 115.

) (./parts/39-transverse-relations-v149.tex [55]

LaTeX Warning: Reference `eq:primitive-pencils' on page 56 undefined on input l
ine 18.


LaTeX Warning: Reference `eq:ambient-cauchy-tangent' on page 56 undefined on in
put line 66.


LaTeX Warning: Reference `eq:three-transverse-modes' on page 56 undefined on in
put line 67.


LaTeX Warning: Reference `eq:ambient-tangent-complex' on page 56 undefined on i
nput line 74.


LaTeX Warning: Reference `prop:relative-first-relation' on page 56 undefined on
 input line 79.

[56]

LaTeX Warning: Reference `thm:determinant-stratum' on page 57 undefined on inpu
t line 104.


LaTeX Warning: Reference `lem:primitive-pencil' on page 57 undefined on input l
ine 107.


LaTeX Warning: Reference `lem:universal-gcd' on page 57 undefined on input line
 127.


LaTeX Warning: Reference `eq:fixed-radical' on page 57 undefined on input line 
134.

[57]) (./parts/36-covering-moduli-v148.tex [58]

LaTeX Warning: Reference `lem:moving-coefficients-v146' on page 59 undefined on
 input line 104.


LaTeX Warning: Reference `eq:coefficient-quotient-v148' on page 59 undefined on
 input line 154.


LaTeX Warning: Reference `eq:cover-graded-bundles-v148' on page 59 undefined on
 input line 155.


LaTeX Warning: Reference `thm:unrestricted-moving-v146' on page 59 undefined on
 input line 163.


LaTeX Warning: Reference `eq:cover-equivalence-v148' on page 59 undefined on in
put line 179.

[59]) (./parts/21-spectral-specialization.tex

LaTeX Warning: Reference `thm:sharp-finite-pencil' on page 60 undefined on inpu
t line 9.


LaTeX Warning: Citation `FevolaMandelshtamSturmfels' on page 60 undefined on in
put line 31.

[60]

LaTeX Warning: Reference `thm:sharp-finite-pencil' on page 61 undefined on inpu
t line 101.


LaTeX Warning: Reference `eq:spectral-torsion-sequence' on page 61 undefined on
 input line 102.


LaTeX Warning: Reference `lem:spectral-sheaf-similarity' on page 61 undefined o
n input line 110.


LaTeX Warning: Reference `lem:artinian-polynomial-square-root' on page 61 undef
ined on input line 116.

[61]

LaTeX Warning: Reference `eq:fixed-discriminant-specialization' on page 62 unde
fined on input line 203.


LaTeX Warning: Reference `eq:spectral-partition-inversion' on page 62 undefined
 on input line 210.

[62]

LaTeX Warning: Reference `thm:spectral-finite-torelli' on page 63 undefined on 
input line 216.


LaTeX Warning: Reference `thm:universal-finite-neighbourhood' on page 63 undefi
ned on input line 223.


LaTeX Warning: Reference `eq:finite-homogeneous-ideal' on page 63 undefined on 
input line 237.


LaTeX Warning: Reference `thm:finite-parameter-immersion' on page 63 undefined 
on input line 243.


LaTeX Warning: Reference `eq:relative-spectral-finite-algebra' on page 63 undef
ined on input line 247.


LaTeX Warning: Citation `FevolaMandelshtamSturmfels' on page 63 undefined on in
put line 272.


LaTeX Warning: Reference `eq:symmetric-specialization-pair' on page 63 undefine
d on input line 276.


LaTeX Warning: Reference `thm:rank-preserving-specialization' on page 63 undefi
ned on input line 297.

[63]) (./parts/22-relative-spectral-strata.tex
Underfull \hbox (badness 1584) in paragraph at lines 22--26
[]\T1/lmr/bx/n/10.95 (+20) Theorem 23.1 \T1/lmr/m/n/10.95 (+20) (Uni-ver-sal ne
igh-bour-hood and ar-bi-trary base change)\T1/lmr/bx/n/10.95 (+20) . \T1/lmr/m/
it/10.95 (+20) The uni-ver-sal

LaTeX Warning: Reference `eq:finite-homogeneous-ideal' on page 64 undefined on 
input line 53.


LaTeX Warning: Reference `thm:finite-parameter-immersion' on page 64 undefined 
on input line 76.


LaTeX Warning: Reference `eq:universal-relation-bundle-map' on page 64 undefine
d on input line 85.

[64]

LaTeX Warning: Reference `eq:universal-truncated-algebra' on page 65 undefined 
on input line 94.


LaTeX Warning: Reference `eq:universal-finite-rank' on page 65 undefined on inp
ut line 102.


LaTeX Warning: Reference `thm:finite-parameter-immersion' on page 65 undefined 
on input line 156.


LaTeX Warning: Reference `thm:finite-parameter-immersion' on page 65 undefined 
on input line 173.


LaTeX Warning: Reference `lem:truncated-spectral-presentation' on page 65 undef
ined on input line 177.


LaTeX Warning: Reference `eq:spectral-incidence-minors' on page 65 undefined on
 input line 180.

[65]

LaTeX Warning: Reference `eq:spectral-partition-inversion' on page 66 undefined
 on input line 194.


LaTeX Warning: Reference `thm:universal-finite-neighbourhood' on page 66 undefi
ned on input line 212.


LaTeX Warning: Citation `FevolaMandelshtamSturmfels' on page 66 undefined on in
put line 215.


LaTeX Warning: Reference `thm:rank-preserving-specialization' on page 66 undefi
ned on input line 217.


LaTeX Warning: Reference `eq:segre-scheme-realization' on page 66 undefined on 
input line 224.

) (./parts/25-fixed-spectral-strata-v145.tex

LaTeX Warning: Reference `sec:relative-spectral-strata' on page 66 undefined on
 input line 4.


LaTeX Warning: Reference `sec:spectral-specialization' on page 66 undefined on 
input line 5.

(./parts/30-orthogonal-input-v145.tex [66]

LaTeX Warning: Citation `Ohta1986' on page 67 undefined on input line 29.


LaTeX Warning: Citation `Ohta1986' on page 67 undefined on input line 31.


LaTeX Warning: Citation `Ohta1986' on page 67 undefined on input line 44.


LaTeX Warning: Citation `Ohta1986' on page 67 undefined on input line 52.

)

LaTeX Warning: Reference `eq:fixed-spectral-locus' on page 67 undefined on inpu
t line 53.

[67]

LaTeX Warning: Reference `eq:fixed-spectral-dominance' on page 68 undefined on 
input line 73.


LaTeX Warning: Reference `lem:orthogonal-orbits-v145' on page 68 undefined on i
nput line 78.


LaTeX Warning: Citation `FevolaMandelshtamSturmfels' on page 68 undefined on in
put line 81.


LaTeX Warning: Reference `eq:fixed-spectral-orbit-dimension' on page 68 undefin
ed on input line 95.


LaTeX Warning: Reference `thm:spectral-finite-torelli' on page 68 undefined on 
input line 98.


LaTeX Warning: Reference `thm:universal-finite-neighbourhood' on page 68 undefi
ned on input line 130.

[68]

LaTeX Warning: Reference `thm:finite-parameter-immersion' on page 69 undefined 
on input line 174.


LaTeX Warning: Reference `thm:finite-parameter-immersion' on page 69 undefined 
on input line 204.

) (./parts/17-assistance.tex) (./parts/43-assistance-specific-v151.tex

LaTeX Warning: Reference `sec:canonical-boundary-v151' on page 69 undefined on 
input line 3.


LaTeX Warning: Reference `sec:rigidification-v151' on page 69 undefined on inpu
t line 4.


LaTeX Warning: Reference `sec:closed-pencil-v151' on page 69 undefined on input
 line 5.

) (./parts/47-assistance-specific-v152.tex [69]) (./references-main-v152.tex
(/usr/share/texmf/tex/latex/lm/t1lmtt.fd) [70]) [71] (./geometry.aux)

LaTeX Warning: There were undefined references.


LaTeX Warning: Label(s) may have changed. Rerun to get cross-references right.


Package rerunfilecheck Warning: File `geometry.out' has changed.
(rerunfilecheck)                Rerun to get outlines right
(rerunfilecheck)                or use package `bookmark'.

 )
(see the transcript file for additional information)</usr/share/texlive/texmf-d
ist/fonts/type1/public/amsfonts/euler/eufm10.pfb></usr/share/texmf/fonts/type1/
public/lm/lmbx10.pfb></usr/share/texmf/fonts/type1/public/lm/lmbx9.pfb></usr/sh
are/texmf/fonts/type1/public/lm/lmcsc10.pfb></usr/share/texmf/fonts/type1/publi
c/lm/lmex10.pfb></usr/share/texmf/fonts/type1/public/lm/lmmi10.pfb></usr/share/
texmf/fonts/type1/public/lm/lmmi6.pfb></usr/share/texmf/fonts/type1/public/lm/l
mmi8.pfb></usr/share/texmf/fonts/type1/public/lm/lmmib10.pfb></usr/share/texmf/
fonts/type1/public/lm/lmr10.pfb></usr/share/texmf/fonts/type1/public/lm/lmr6.pf
b></usr/share/texmf/fonts/type1/public/lm/lmr8.pfb></usr/share/texmf/fonts/type
1/public/lm/lmr9.pfb></usr/share/texmf/fonts/type1/public/lm/lmri10.pfb></usr/s
hare/texmf/fonts/type1/public/lm/lmri9.pfb></usr/share/texmf/fonts/type1/public
/lm/lmss8.pfb></usr/share/texmf/fonts/type1/public/lm/lmsy10.pfb></usr/share/te
xmf/fonts/type1/public/lm/lmsy6.pfb></usr/share/texmf/fonts/type1/public/lm/lms
y8.pfb></usr/share/texmf/fonts/type1/public/lm/lmtt9.pfb></usr/share/texlive/te
xmf-dist/fonts/type1/public/amsfonts/symbols/msam10.pfb></usr/share/texlive/tex
mf-dist/fonts/type1/public/amsfonts/symbols/msbm10.pfb></usr/share/texlive/texm
f-dist/fonts/type1/public/rsfs/rsfs10.pfb>
Output written on geometry.pdf (71 pages, 796713 bytes).
Transcript written on geometry.log.
