{
  "kind": "exact finite regression; not a formal proof",
  "gram_identities": [
    {
      "n": 2,
      "domain_dimension": 3,
      "nonzero_entries": 5
    },
    {
      "n": 3,
      "domain_dimension": 10,
      "nonzero_entries": 28
    },
    {
      "n": 4,
      "domain_dimension": 35,
      "nonzero_entries": 155
    },
    {
      "n": 5,
      "domain_dimension": 126,
      "nonzero_entries": 826
    },
    {
      "n": 6,
      "domain_dimension": 462,
      "nonzero_entries": 4242
    }
  ],
  "rank_strata": [
    {
      "n": 2,
      "rank_q": 0,
      "kernel_dimension": 3
    },
    {
      "n": 2,
      "rank_q": 1,
      "kernel_dimension": 1
    },
    {
      "n": 2,
      "rank_q": 2,
      "kernel_dimension": 1
    },
    {
      "n": 3,
      "rank_q": 0,
      "kernel_dimension": 10
    },
    {
      "n": 3,
      "rank_q": 1,
      "kernel_dimension": 4
    },
    {
      "n": 3,
      "rank_q": 2,
      "kernel_dimension": 1
    },
    {
      "n": 3,
      "rank_q": 3,
      "kernel_dimension": 0
    },
    {
      "n": 4,
      "rank_q": 0,
      "kernel_dimension": 35
    },
    {
      "n": 4,
      "rank_q": 1,
      "kernel_dimension": 15
    },
    {
      "n": 4,
      "rank_q": 2,
      "kernel_dimension": 5
    },
    {
      "n": 4,
      "rank_q": 3,
      "kernel_dimension": 1
    },
    {
      "n": 4,
      "rank_q": 4,
      "kernel_dimension": 1
    },
    {
      "n": 5,
      "rank_q": 0,
      "kernel_dimension": 126
    },
    {
      "n": 5,
      "rank_q": 1,
      "kernel_dimension": 56
    },
    {
      "n": 5,
      "rank_q": 2,
      "kernel_dimension": 21
    },
    {
      "n": 5,
      "rank_q": 3,
      "kernel_dimension": 6
    },
    {
      "n": 5,
      "rank_q": 4,
      "kernel_dimension": 1
    },
    {
      "n": 5,
      "rank_q": 5,
      "kernel_dimension": 0
    }
  ],
  "mixed_identity_evaluations": 84,
  "partition_pairs": 14832,
  "elapsed_seconds": 1.456
}
