\BOOKMARK [1][-]{section.1}{\376\377\0001\000.\000\040\000I\000n\000t\000r\000o\000d\000u\000c\000t\000i\000o\000n}{}% 1
\BOOKMARK [2][-]{section*.1}{\376\377\000F\000i\000n\000i\000t\000e\000\040\000i\000n\000f\000o\000r\000m\000a\000t\000i\000o\000n\000\040\000d\000e\000t\000e\000r\000m\000i\000n\000i\000n\000g\000\040\000a\000\040\000j\000o\000i\000n\000t\000\040\000r\000o\000o\000t\000\040\000f\000i\000b\000r\000e}{section.1}% 2
\BOOKMARK [2][-]{section*.2}{\376\377\000R\000e\000m\000o\000t\000e\000\040\000g\000e\000o\000m\000e\000t\000r\000y\000\040\000a\000n\000d\000\040\000t\000h\000e\000\040\000t\000w\000o\000\040\000c\000u\000b\000i\000c\000\040\000w\000a\000l\000l\000s}{section.1}% 3
\BOOKMARK [2][-]{section*.3}{\376\377\000W\000h\000i\000c\000h\000\040\000r\000e\000a\000l\000\040\000w\000e\000i\000g\000h\000t\000e\000d\000\040\000o\000b\000j\000e\000c\000t\000\040\000i\000s\000\040\000b\000e\000i\000n\000g\000\040\000m\000e\000a\000s\000u\000r\000e\000d\000?}{section.1}% 4
\BOOKMARK [2][-]{section*.4}{\376\377\000O\000r\000g\000a\000n\000i\000z\000a\000t\000i\000o\000n\000\040\000a\000n\000d\000\040\000d\000e\000p\000e\000n\000d\000e\000n\000c\000i\000e\000s}{section.1}% 5
\BOOKMARK [1][-]{section.2}{\376\377\0002\000.\000\040\000T\000h\000e\000\040\000e\000x\000p\000e\000r\000i\000m\000e\000n\000t\000\040\000a\000n\000d\000\040\000t\000h\000e\000\040\000s\000p\000e\000c\000t\000r\000a\000l\000\040\000m\000e\000t\000r\000i\000c}{}% 6
\BOOKMARK [1][-]{section.3}{\376\377\0003\000.\000\040\000A\000n\000\040\000e\000x\000p\000l\000i\000c\000i\000t\000\040\000m\000u\000l\000t\000i\000p\000l\000i\000c\000i\000t\000y\000\040\000a\000n\000d\000\040\000b\000o\000u\000n\000d\000a\000r\000y\000\040\000a\000t\000l\000a\000s}{}% 7
\BOOKMARK [1][-]{section.4}{\376\377\0004\000.\000\040\000F\000i\000n\000i\000t\000e\000\040\000c\000a\000l\000i\000b\000r\000a\000t\000i\000o\000n\000\040\000o\000f\000\040\000t\000h\000e\000\040\000j\000o\000i\000n\000t\000\040\000s\000p\000e\000c\000t\000r\000a\000l\000\040\000f\000i\000b\000r\000e}{}% 8
\BOOKMARK [1][-]{section.5}{\376\377\0005\000.\000\040\000A\000\040\000r\000a\000n\000k\000-\000d\000e\000f\000i\000c\000i\000e\000n\000t\000\040\000c\000u\000b\000i\000c\000\040\000s\000t\000r\000a\000t\000u\000m}{}% 9
\BOOKMARK [2][-]{subsection.5.1}{\376\377\0005\000.\0001\000.\000\040\000Q\000u\000a\000n\000t\000i\000t\000a\000t\000i\000v\000e\000\040\000i\000n\000v\000e\000r\000s\000i\000o\000n\000\040\000a\000c\000r\000o\000s\000s\000\040\000t\000h\000e\000\040\000r\000a\000n\000k\000\040\000l\000o\000c\000u\000s}{section.5}% 10
\BOOKMARK [2][-]{subsection.5.2}{\376\377\0005\000.\0002\000.\000\040\000T\000h\000e\000\040\000c\000o\000m\000p\000l\000e\000t\000e\000\040\000l\000o\000c\000a\000l\000\040\000F\000i\000s\000h\000e\000r\000\040\000f\000i\000b\000r\000e}{section.5}% 11
\BOOKMARK [1][-]{section.6}{\376\377\0006\000.\000\040\000A\000\040\000r\000e\000m\000o\000t\000e\000\040\000b\000r\000a\000n\000c\000h\000\040\000a\000t\000\040\000t\000h\000e\000\040\000s\000t\000o\000c\000h\000a\000s\000t\000i\000c\000\040\000w\000e\000i\000g\000h\000t\000\040\000w\000a\000l\000l}{}% 12
\BOOKMARK [2][-]{subsection.6.1}{\376\377\0006\000.\0001\000.\000\040\000A\000\040\000c\000o\000m\000p\000l\000e\000t\000e\000\040\000r\000e\000a\000l\000\040\000c\000o\000r\000n\000e\000r\000\040\000c\000h\000a\000r\000t\000\040\000a\000t\000\040\000t\000h\000e\000\040\000r\000e\000m\000o\000t\000e\000\040\000p\000o\000i\000n\000t}{section.6}% 13
\BOOKMARK [2][-]{subsection.6.2}{\376\377\0006\000.\0002\000.\000\040\000T\000h\000e\000\040\000c\000o\000n\000s\000t\000r\000a\000i\000n\000e\000d\000\040\000e\000n\000t\000r\000a\000n\000c\000e\000\040\000p\000r\000o\000g\000r\000a\000m}{section.6}% 14
\BOOKMARK [2][-]{subsection.6.3}{\376\377\0006\000.\0003\000.\000\040\000T\000h\000e\000\040\000t\000w\000o\000-\000s\000c\000a\000l\000e\000\040\000l\000a\000w\000\040\000w\000i\000t\000h\000\040\000a\000\040\000q\000u\000a\000d\000r\000a\000t\000i\000c\000\040\000e\000n\000t\000r\000a\000n\000c\000e\000\040\000r\000e\000m\000a\000i\000n\000d\000e\000r}{section.6}% 15
\BOOKMARK [2][-]{section*.5}{\376\377\000T\000h\000r\000e\000e\000\040\000s\000t\000a\000b\000i\000l\000i\000t\000y\000\040\000q\000u\000e\000s\000t\000i\000o\000n\000s}{section.6}% 16
\BOOKMARK [1][-]{section.7}{\376\377\0007\000.\000\040\000F\000i\000n\000i\000t\000e\000\040\000r\000e\000m\000o\000t\000e\000\040\000e\000n\000t\000r\000a\000n\000c\000e\000s\000\040\000a\000n\000d\000\040\000t\000h\000e\000\040\000c\000r\000i\000t\000i\000c\000a\000l\000\040\000w\000i\000n\000d\000o\000w}{}% 17
\BOOKMARK [1][-]{section.8}{\376\377\0008\000.\000\040\000T\000h\000e\000\040\000g\000e\000o\000m\000e\000t\000r\000i\000c\000\040\000e\000n\000d\000p\000o\000i\000n\000t\000\040\000w\000a\000l\000l}{}% 18
\BOOKMARK [2][-]{subsection.8.1}{\376\377\0008\000.\0001\000.\000\040\000E\000x\000a\000c\000t\000\040\000c\000r\000i\000t\000i\000c\000a\000l\000-\000r\000a\000y\000\040\000e\000x\000a\000m\000p\000l\000e\000s}{section.8}% 19
\BOOKMARK [1][-]{section.9}{\376\377\0009\000.\000\040\000R\000e\000a\000l\000\040\000m\000o\000n\000o\000m\000i\000a\000l\000\040\000d\000a\000t\000a\000\040\000i\000n\000\040\000p\000a\000r\000a\000m\000e\000t\000e\000r\000\040\000f\000a\000m\000i\000l\000i\000e\000s}{}% 20
\BOOKMARK [1][-]{section.10}{\376\377\0001\0000\000.\000\040\000J\000o\000i\000n\000t\000\040\000s\000p\000e\000c\000i\000a\000l\000i\000z\000a\000t\000i\000o\000n\000\040\000a\000n\000d\000\040\000u\000n\000i\000f\000o\000r\000m\000\040\000s\000p\000e\000c\000t\000r\000a\000l\000\040\000a\000s\000y\000m\000p\000t\000o\000t\000i\000c\000s}{}% 21
\BOOKMARK [1][-]{section.11}{\376\377\0001\0001\000.\000\040\000E\000f\000f\000e\000c\000t\000i\000v\000e\000\040\000o\000u\000t\000p\000u\000t\000\040\000a\000n\000d\000\040\000t\000h\000e\000\040\000r\000o\000l\000e\000\040\000o\000f\000\040\000c\000o\000m\000p\000u\000t\000a\000t\000i\000o\000n}{}% 22
\BOOKMARK [1][-]{section.12}{\376\377\0001\0002\000.\000\040\000T\000h\000e\000\040\000c\000o\000n\000s\000t\000r\000a\000i\000n\000e\000d\000\040\000w\000e\000i\000g\000h\000t\000e\000d\000\040\000d\000e\000f\000o\000r\000m\000a\000t\000i\000o\000n}{}% 23
\BOOKMARK [2][-]{subsection.12.1}{\376\377\0001\0002\000.\0001\000.\000\040\000E\000x\000a\000c\000t\000l\000y\000\040\000w\000h\000i\000c\000h\000\040\000s\000c\000a\000l\000a\000r\000\040\000p\000r\000o\000b\000e\000s\000\040\000r\000e\000c\000o\000v\000e\000r\000\040\000t\000h\000e\000\040\000j\000o\000i\000n\000t\000\040\000s\000e\000t}{section.12}% 24
\BOOKMARK [1][-]{section.13}{\376\377\0001\0003\000.\000\040\000R\000e\000a\000l\000\040\000r\000e\000s\000i\000d\000u\000e\000s\000\040\000a\000n\000d\000\040\000f\000i\000l\000t\000e\000r\000e\000d\000\040\000c\000h\000a\000n\000g\000e\000s\000\040\000o\000f\000\040\000o\000b\000s\000e\000r\000v\000a\000t\000i\000o\000n}{}% 25
\BOOKMARK [2][-]{subsection.13.1}{\376\377\0001\0003\000.\0001\000.\000\040\000N\000a\000t\000u\000r\000a\000l\000i\000t\000y\000\040\000f\000r\000o\000m\000\040\000f\000i\000n\000i\000t\000e\000\040\000w\000e\000i\000g\000h\000t\000e\000d\000\040\000j\000e\000t\000s}{section.13}% 26
\BOOKMARK [1][-]{section.14}{\376\377\0001\0004\000.\000\040\000S\000c\000a\000l\000a\000r\000\040\000e\000n\000v\000e\000l\000o\000p\000e\000s\000\040\000d\000o\000\040\000n\000o\000t\000\040\000d\000e\000t\000e\000r\000m\000i\000n\000e\000\040\000t\000h\000e\000\040\000s\000p\000e\000c\000t\000r\000a\000l\000\040\000i\000n\000v\000a\000r\000i\000a\000n\000t}{}% 27
\BOOKMARK [1][-]{section.15}{\376\377\0001\0005\000.\000\040\000I\000d\000e\000n\000t\000i\000c\000a\000l\000\040\000s\000c\000a\000l\000a\000r\000\040\000o\000r\000d\000e\000r\000s\000\040\000i\000n\000\040\000t\000h\000e\000\040\000b\000i\000n\000a\000r\000y\000\040\000e\000x\000p\000e\000r\000i\000m\000e\000n\000t}{}% 28
\BOOKMARK [1][-]{section.16}{\376\377\0001\0006\000.\000\040\000S\000i\000n\000g\000u\000l\000a\000r\000\040\000e\000n\000t\000r\000a\000n\000c\000e\000s\000\040\000i\000n\000\040\000s\000e\000m\000i\000a\000l\000g\000e\000b\000r\000a\000i\000c\000\040\000f\000a\000m\000i\000l\000i\000e\000s}{}% 29
\BOOKMARK [2][-]{subsection.16.1}{\376\377\0001\0006\000.\0001\000.\000\040\000A\000n\000\040\000a\000l\000g\000e\000b\000r\000a\000i\000c\000\040\000t\000e\000s\000t\000\040\000f\000o\000r\000\040\000t\000h\000e\000\040\000r\000e\000g\000u\000l\000a\000r\000\040\000r\000e\000g\000i\000m\000e}{section.16}% 30
\BOOKMARK [1][-]{section.17}{\376\377\0001\0007\000.\000\040\000D\000i\000v\000i\000s\000o\000r\000i\000a\000l\000\040\000g\000e\000o\000m\000e\000t\000r\000y\000\040\000o\000f\000\040\000a\000\040\000r\000e\000m\000o\000t\000e\000\040\000e\000n\000t\000r\000a\000n\000c\000e}{}% 31
\BOOKMARK [2][-]{subsection.17.1}{\376\377\0001\0007\000.\0001\000.\000\040\000H\000o\000w\000\040\000t\000h\000e\000\040\000c\000o\000n\000t\000a\000c\000t\000\040\000p\000a\000i\000r\000\040\000r\000e\000c\000o\000v\000e\000r\000s\000\040\000t\000h\000e\000\040\000e\000x\000i\000s\000t\000i\000n\000g\000\040\000e\000x\000a\000m\000p\000l\000e\000s}{section.17}% 32
\BOOKMARK [1][-]{appendix.A}{\376\377\000A\000p\000p\000e\000n\000d\000i\000x\000\040\000A\000.\000\040\000F\000i\000n\000i\000t\000e\000\040\000a\000l\000g\000e\000b\000r\000a\000i\000c\000\040\000c\000e\000r\000t\000i\000f\000i\000c\000a\000t\000e\000s\000\040\000a\000n\000d\000\040\000r\000e\000a\000l\000\040\000d\000e\000s\000c\000e\000n\000t}{}% 33
\BOOKMARK [2][-]{subsection.A.1}{\376\377\000A\000.\0001\000.\000\040\000T\000h\000e\000\040\000R\000e\000e\000s\000\040\000a\000l\000g\000e\000b\000r\000a\000\040\000a\000n\000d\000\040\000a\000\040\000f\000i\000n\000i\000t\000e\000\040\000d\000i\000a\000g\000r\000a\000m}{appendix.A}% 34
\BOOKMARK [2][-]{subsection.A.2}{\376\377\000A\000.\0002\000.\000\040\000R\000e\000l\000a\000t\000i\000v\000e\000\040\000s\000m\000o\000o\000t\000h\000n\000e\000s\000s\000,\000\040\000n\000o\000r\000m\000a\000l\000\040\000c\000r\000o\000s\000s\000i\000n\000g\000s\000,\000\040\000a\000n\000d\000\040\000e\000x\000c\000e\000p\000t\000i\000o\000n\000a\000l\000\040\000s\000e\000t\000s}{appendix.A}% 35
\BOOKMARK [2][-]{subsection.A.3}{\376\377\000A\000.\0003\000.\000\040\000E\000x\000a\000c\000t\000\040\000r\000e\000a\000l\000\040\000a\000l\000g\000e\000b\000r\000a\000i\000z\000a\000t\000i\000o\000n}{appendix.A}% 36
\BOOKMARK [2][-]{subsection.A.4}{\376\377\000A\000.\0004\000.\000\040\000R\000e\000a\000l\000\040\000a\000c\000c\000e\000s\000s\000i\000b\000i\000l\000i\000t\000y\000\040\000a\000n\000d\000\040\000c\000o\000m\000p\000l\000e\000t\000e\000n\000e\000s\000s\000\040\000o\000f\000\040\000t\000h\000e\000\040\000o\000r\000d\000e\000r\000\040\000l\000i\000s\000t}{appendix.A}% 37
\BOOKMARK [1][-]{appendix.B}{\376\377\000A\000p\000p\000e\000n\000d\000i\000x\000\040\000B\000.\000\040\000F\000i\000n\000i\000t\000e\000\040\000s\000u\000p\000p\000o\000r\000t\000\040\000o\000r\000d\000e\000r\000s\000,\000\040\000u\000n\000i\000f\000o\000r\000m\000\040\000d\000e\000c\000a\000y\000,\000\040\000a\000n\000d\000\040\000e\000f\000f\000e\000c\000t\000i\000v\000e\000\040\000o\000u\000t\000p\000u\000t}{}% 38
\BOOKMARK [2][-]{subsection.B.1}{\376\377\000B\000.\0001\000.\000\040\000A\000n\000\040\000e\000x\000p\000l\000i\000c\000i\000t\000\040\000t\000e\000r\000m\000i\000n\000a\000t\000i\000n\000g\000\040\000s\000p\000e\000c\000t\000r\000a\000l\000\040\000a\000l\000g\000o\000r\000i\000t\000h\000m}{appendix.B}% 39
\BOOKMARK [2][-]{subsection.B.2}{\376\377\000B\000.\0002\000.\000\040\000E\000f\000f\000e\000c\000t\000i\000v\000e\000\040\000g\000e\000o\000m\000e\000t\000r\000i\000c\000\040\000c\000e\000r\000t\000i\000f\000i\000c\000a\000t\000e\000s\000\040\000w\000i\000t\000h\000o\000u\000t\000\040\000a\000n\000\040\000i\000m\000p\000l\000i\000c\000i\000t\000\040\000o\000r\000a\000c\000l\000e}{appendix.B}% 40
\BOOKMARK [1][-]{appendix.C}{\376\377\000A\000p\000p\000e\000n\000d\000i\000x\000\040\000C\000.\000\040\000F\000o\000r\000m\000a\000t\000,\000\040\000f\000i\000n\000i\000t\000e\000\040\000d\000i\000a\000g\000r\000a\000m\000s\000,\000\040\000a\000n\000d\000\040\000t\000h\000e\000o\000r\000e\000m\000\040\000d\000e\000p\000e\000n\000d\000e\000n\000c\000i\000e\000s}{}% 41
\BOOKMARK [2][-]{subsection.C.1}{\376\377\000C\000.\0001\000.\000\040\000F\000i\000n\000i\000t\000e\000\040\000s\000c\000a\000l\000a\000r\000\040\000f\000a\000m\000i\000l\000i\000e\000s\000,\000\040\000n\000o\000t\000\040\000o\000n\000e\000\040\000m\000o\000d\000i\000f\000i\000c\000a\000t\000i\000o\000n\000\040\000f\000o\000r\000\040\000a\000l\000l\000\040\000p\000o\000l\000y\000n\000o\000m\000i\000a\000l\000s}{appendix.C}% 42
\BOOKMARK [2][-]{subsection.C.2}{\376\377\000C\000.\0002\000.\000\040\000D\000e\000p\000e\000n\000d\000e\000n\000c\000y\000\040\000o\000f\000\040\000t\000h\000e\000\040\000c\000o\000n\000c\000r\000e\000t\000e\000\040\000r\000e\000s\000u\000l\000t\000s}{appendix.C}% 43
\BOOKMARK [1][-]{appendix.D}{\376\377\000A\000p\000p\000e\000n\000d\000i\000x\000\040\000D\000.\000\040\000E\000x\000a\000c\000t\000\040\000o\000u\000t\000p\000u\000t\000s\000\040\000a\000n\000d\000\040\000f\000i\000n\000i\000t\000e\000\040\000a\000r\000i\000t\000h\000m\000e\000t\000i\000c}{}% 44
\BOOKMARK [1][-]{section*.6}{\376\377\000R\000e\000f\000e\000r\000e\000n\000c\000e\000s}{}% 45
