2 {'ranks': [{'bilinear_rank': 1, 'kernel_dim': 1}, {'bilinear_rank': 2, 'kernel_dim': 1}], 'scalar_kernel_exact': True, 'seconds': 0.0}
3 {'ranks': [{'bilinear_rank': 1, 'kernel_dim': 4}, {'bilinear_rank': 2, 'kernel_dim': 1}, {'bilinear_rank': 3, 'kernel_dim': 0}], 'scalar_kernel_exact': False, 'seconds': 0.0}
4 {'ranks': [{'bilinear_rank': 1, 'kernel_dim': 15}, {'bilinear_rank': 2, 'kernel_dim': 5}, {'bilinear_rank': 3, 'kernel_dim': 1}, {'bilinear_rank': 4, 'kernel_dim': 1}], 'scalar_kernel_exact': True, 'seconds': 0.002}
5 {'ranks': [{'bilinear_rank': 1, 'kernel_dim': 56}, {'bilinear_rank': 2, 'kernel_dim': 21}, {'bilinear_rank': 3, 'kernel_dim': 6}, {'bilinear_rank': 4, 'kernel_dim': 1}, {'bilinear_rank': 5, 'kernel_dim': 0}], 'scalar_kernel_exact': False, 'seconds': 0.017}
6 {'ranks': [{'bilinear_rank': 1, 'kernel_dim': 210}, {'bilinear_rank': 2, 'kernel_dim': 84}, {'bilinear_rank': 3, 'kernel_dim': 28}, {'bilinear_rank': 4, 'kernel_dim': 7}, {'bilinear_rank': 5, 'kernel_dim': 1}, {'bilinear_rank': 6, 'kernel_dim': 1}], 'scalar_kernel_exact': True, 'seconds': 0.266}
7 {'ranks': [{'bilinear_rank': 1, 'kernel_dim': 792}, {'bilinear_rank': 2, 'kernel_dim': 330}, {'bilinear_rank': 3, 'kernel_dim': 120}, {'bilinear_rank': 4, 'kernel_dim': 36}, {'bilinear_rank': 5, 'kernel_dim': 8}, {'bilinear_rank': 6, 'kernel_dim': 1}, {'bilinear_rank': 7, 'kernel_dim': 0}], 'scalar_kernel_exact': False, 'seconds': 5.088}
{
  "ok": true,
  "rational_kernel_rank_certificates": {
    "2": {
      "ranks": [
        {
          "bilinear_rank": 1,
          "kernel_dim": 1
        },
        {
          "bilinear_rank": 2,
          "kernel_dim": 1
        }
      ],
      "scalar_kernel_exact": true,
      "seconds": 0.0
    },
    "3": {
      "ranks": [
        {
          "bilinear_rank": 1,
          "kernel_dim": 4
        },
        {
          "bilinear_rank": 2,
          "kernel_dim": 1
        },
        {
          "bilinear_rank": 3,
          "kernel_dim": 0
        }
      ],
      "scalar_kernel_exact": false,
      "seconds": 0.0
    },
    "4": {
      "ranks": [
        {
          "bilinear_rank": 1,
          "kernel_dim": 15
        },
        {
          "bilinear_rank": 2,
          "kernel_dim": 5
        },
        {
          "bilinear_rank": 3,
          "kernel_dim": 1
        },
        {
          "bilinear_rank": 4,
          "kernel_dim": 1
        }
      ],
      "scalar_kernel_exact": true,
      "seconds": 0.002
    },
    "5": {
      "ranks": [
        {
          "bilinear_rank": 1,
          "kernel_dim": 56
        },
        {
          "bilinear_rank": 2,
          "kernel_dim": 21
        },
        {
          "bilinear_rank": 3,
          "kernel_dim": 6
        },
        {
          "bilinear_rank": 4,
          "kernel_dim": 1
        },
        {
          "bilinear_rank": 5,
          "kernel_dim": 0
        }
      ],
      "scalar_kernel_exact": false,
      "seconds": 0.017
    },
    "6": {
      "ranks": [
        {
          "bilinear_rank": 1,
          "kernel_dim": 210
        },
        {
          "bilinear_rank": 2,
          "kernel_dim": 84
        },
        {
          "bilinear_rank": 3,
          "kernel_dim": 28
        },
        {
          "bilinear_rank": 4,
          "kernel_dim": 7
        },
        {
          "bilinear_rank": 5,
          "kernel_dim": 1
        },
        {
          "bilinear_rank": 6,
          "kernel_dim": 1
        }
      ],
      "scalar_kernel_exact": true,
      "seconds": 0.266
    },
    "7": {
      "ranks": [
        {
          "bilinear_rank": 1,
          "kernel_dim": 792
        },
        {
          "bilinear_rank": 2,
          "kernel_dim": 330
        },
        {
          "bilinear_rank": 3,
          "kernel_dim": 120
        },
        {
          "bilinear_rank": 4,
          "kernel_dim": 36
        },
        {
          "bilinear_rank": 5,
          "kernel_dim": 8
        },
        {
          "bilinear_rank": 6,
          "kernel_dim": 1
        },
        {
          "bilinear_rank": 7,
          "kernel_dim": 0
        }
      ],
      "scalar_kernel_exact": false,
      "seconds": 5.088
    }
  },
  "modular_lower_bound_prime": 1000003,
  "lower_bounds": "Integer polarization matrices, exact Gaussian elimination modulo the listed prime.",
  "upper_bounds": "Singular radical monomials are exactly zero columns; even full-rank quadratic-power kernels are evaluated over Fraction.",
  "harmonic_coefficient_checks": [
    {
      "n": 2,
      "harmonic_degree": 2,
      "coefficient": "2"
    },
    {
      "n": 2,
      "harmonic_degree": 0,
      "coefficient": "0"
    },
    {
      "n": 3,
      "harmonic_degree": 3,
      "coefficient": "2"
    },
    {
      "n": 3,
      "harmonic_degree": 1,
      "coefficient": "1/3"
    },
    {
      "n": 4,
      "harmonic_degree": 4,
      "coefficient": "2"
    },
    {
      "n": 4,
      "harmonic_degree": 2,
      "coefficient": "2/3"
    },
    {
      "n": 4,
      "harmonic_degree": 0,
      "coefficient": "0"
    },
    {
      "n": 5,
      "harmonic_degree": 5,
      "coefficient": "2"
    },
    {
      "n": 5,
      "harmonic_degree": 3,
      "coefficient": "9/10"
    },
    {
      "n": 5,
      "harmonic_degree": 1,
      "coefficient": "1/5"
    },
    {
      "n": 6,
      "harmonic_degree": 6,
      "coefficient": "2"
    },
    {
      "n": 6,
      "harmonic_degree": 4,
      "coefficient": "16/15"
    },
    {
      "n": 6,
      "harmonic_degree": 2,
      "coefficient": "2/5"
    },
    {
      "n": 6,
      "harmonic_degree": 0,
      "coefficient": "0"
    },
    {
      "n": 7,
      "harmonic_degree": 7,
      "coefficient": "2"
    },
    {
      "n": 7,
      "harmonic_degree": 5,
      "coefficient": "25/21"
    },
    {
      "n": 7,
      "harmonic_degree": 3,
      "coefficient": "4/7"
    },
    {
      "n": 7,
      "harmonic_degree": 1,
      "coefficient": "1/7"
    }
  ],
  "support_checks": [
    {
      "n": 4,
      "essential_variables": 1,
      "form": "sum of nth powers",
      "support": 4
    },
    {
      "n": 4,
      "essential_variables": 2,
      "form": "sum of nth powers",
      "support": 7
    },
    {
      "n": 4,
      "essential_variables": 3,
      "form": "sum of nth powers",
      "support": 9
    },
    {
      "n": 4,
      "essential_variables": 4,
      "form": "sum of nth powers",
      "support": 10
    },
    {
      "n": 4,
      "essential_variables": 4,
      "form": "nondegenerate quadratic power",
      "support": 9
    },
    {
      "n": 4,
      "essential_variables": 4,
      "form": "diagonal-web Jacobian product",
      "support": 10
    },
    {
      "n": 5,
      "essential_variables": 1,
      "form": "sum of nth powers",
      "support": 5
    },
    {
      "n": 5,
      "essential_variables": 2,
      "form": "sum of nth powers",
      "support": 9
    },
    {
      "n": 5,
      "essential_variables": 3,
      "form": "sum of nth powers",
      "support": 12
    },
    {
      "n": 5,
      "essential_variables": 4,
      "form": "sum of nth powers",
      "support": 14
    },
    {
      "n": 5,
      "essential_variables": 5,
      "form": "sum of nth powers",
      "support": 15
    },
    {
      "n": 5,
      "essential_variables": 5,
      "form": "diagonal-web Jacobian product",
      "support": 15
    },
    {
      "n": 6,
      "essential_variables": 1,
      "form": "sum of nth powers",
      "support": 6
    },
    {
      "n": 6,
      "essential_variables": 2,
      "form": "sum of nth powers",
      "support": 11
    },
    {
      "n": 6,
      "essential_variables": 3,
      "form": "sum of nth powers",
      "support": 15
    },
    {
      "n": 6,
      "essential_variables": 4,
      "form": "sum of nth powers",
      "support": 18
    },
    {
      "n": 6,
      "essential_variables": 5,
      "form": "sum of nth powers",
      "support": 20
    },
    {
      "n": 6,
      "essential_variables": 6,
      "form": "sum of nth powers",
      "support": 21
    },
    {
      "n": 6,
      "essential_variables": 6,
      "form": "nondegenerate quadratic power",
      "support": 20
    },
    {
      "n": 6,
      "essential_variables": 6,
      "form": "diagonal-web Jacobian product",
      "support": 21
    },
    {
      "n": 7,
      "essential_variables": 1,
      "form": "sum of nth powers",
      "support": 7
    },
    {
      "n": 7,
      "essential_variables": 2,
      "form": "sum of nth powers",
      "support": 13
    },
    {
      "n": 7,
      "essential_variables": 3,
      "form": "sum of nth powers",
      "support": 18
    },
    {
      "n": 7,
      "essential_variables": 4,
      "form": "sum of nth powers",
      "support": 22
    },
    {
      "n": 7,
      "essential_variables": 5,
      "form": "sum of nth powers",
      "support": 25
    },
    {
      "n": 7,
      "essential_variables": 6,
      "form": "sum of nth powers",
      "support": 27
    },
    {
      "n": 7,
      "essential_variables": 7,
      "form": "sum of nth powers",
      "support": 28
    },
    {
      "n": 7,
      "essential_variables": 7,
      "form": "diagonal-web Jacobian product",
      "support": 28
    }
  ],
  "structural_proofs_not_machine_certified": [
    "all dimensions beyond these finite cases",
    "orthogonal irreducibility and shear descent for arbitrary invariant subspaces",
    "oriented relative Segre descent and regularity of the PGL morphism",
    "arbitrary-base-change residual colon and pencil-section theorems",
    "historical priority, Ballico 1993 full comparison, or journal acceptance"
  ]
}
