{
  "revision": 137,
  "ok": true,
  "checks": {
    "fano_tangent_regressions": true,
    "harmonic_recurrence_77_cases": true,
    "polar_coefficient_injections_six_cases": true,
    "nontrivial_two_sided_naturality": true,
    "block_fitting_and_nilpotency_three": true,
    "dual_number_determinant_truncation": true,
    "nondiagonal_uniform_webs_five_dimensions": true
  },
  "fano": [
    {
      "n": 2,
      "one_transverse_coordinate_rank": 3,
      "ruling_tangent_dimension": 1
    },
    {
      "n": 3,
      "one_transverse_coordinate_rank": 8,
      "ruling_tangent_dimension": 2
    },
    {
      "n": 4,
      "one_transverse_coordinate_rank": 15,
      "ruling_tangent_dimension": 3
    },
    {
      "n": 5,
      "one_transverse_coordinate_rank": 24,
      "ruling_tangent_dimension": 4
    },
    {
      "n": 6,
      "one_transverse_coordinate_rank": 35,
      "ruling_tangent_dimension": 5
    },
    {
      "n": 7,
      "one_transverse_coordinate_rank": 48,
      "ruling_tangent_dimension": 6
    }
  ],
  "harmonic_cases": 77,
  "polar_injections": [
    {
      "n": 2,
      "d": 1,
      "ambient_dimension": 4,
      "coefficient_rank": 4,
      "expected_rank": 4
    },
    {
      "n": 2,
      "d": 2,
      "ambient_dimension": 10,
      "coefficient_rank": 9,
      "expected_rank": 9
    },
    {
      "n": 2,
      "d": 3,
      "ambient_dimension": 20,
      "coefficient_rank": 16,
      "expected_rank": 16
    },
    {
      "n": 3,
      "d": 2,
      "ambient_dimension": 45,
      "coefficient_rank": 36,
      "expected_rank": 36
    },
    {
      "n": 3,
      "d": 3,
      "ambient_dimension": 165,
      "coefficient_rank": 100,
      "expected_rank": 100
    },
    {
      "n": 3,
      "d": 4,
      "ambient_dimension": 495,
      "coefficient_rank": 225,
      "expected_rank": 225
    }
  ],
  "dual_number_truncation_rank": 70,
  "nondiagonal_webs": [
    {
      "n": 4,
      "essential_variables": 4,
      "exterior_support": 10,
      "rank_one_quadric_points": 3
    },
    {
      "n": 5,
      "essential_variables": 5,
      "exterior_support": 15,
      "rank_one_quadric_points": 4
    },
    {
      "n": 6,
      "essential_variables": 6,
      "exterior_support": 21,
      "rank_one_quadric_points": 5
    },
    {
      "n": 7,
      "essential_variables": 7,
      "exterior_support": 28,
      "rank_one_quadric_points": 6
    },
    {
      "n": 8,
      "essential_variables": 8,
      "exterior_support": 36,
      "rank_one_quadric_points": 7
    }
  ],
  "structural_proofs_not_machine_certified": [
    "relative Fano scheme identification and arbitrary base change",
    "full orthogonal-group harmonic irreducibility",
    "intrinsic common-coordinate descent and coefficient criterion",
    "abstract polar-system Torelli theorem",
    "general contraction and support theorems",
    "historical priority and Ballico theorem comparison"
  ]
}
