This is pdfTeX, Version 3.141592653-2.6-1.40.25 (TeX Live 2023/Debian) (preloaded format=pdflatex)
 restricted \write18 enabled.
entering extended mode
(./applications.tex
LaTeX2e <2023-11-01> patch level 1
L3 programming layer <2024-01-22>
(./preamble.tex (/usr/share/texlive/texmf-dist/tex/latex/amscls/amsart.cls
Document Class: amsart 2020/05/29 v2.20.6
(/usr/share/texlive/texmf-dist/tex/latex/amsmath/amsmath.sty
For additional information on amsmath, use the `?' option.
(/usr/share/texlive/texmf-dist/tex/latex/amsmath/amstext.sty
(/usr/share/texlive/texmf-dist/tex/latex/amsmath/amsgen.sty))
(/usr/share/texlive/texmf-dist/tex/latex/amsmath/amsbsy.sty)
(/usr/share/texlive/texmf-dist/tex/latex/amsmath/amsopn.sty))
(/usr/share/texlive/texmf-dist/tex/latex/amsfonts/umsa.fd)
(/usr/share/texlive/texmf-dist/tex/latex/amsfonts/amsfonts.sty))
(/usr/share/texlive/texmf-dist/tex/latex/base/fontenc.sty)
(/usr/share/texmf/tex/latex/lm/lmodern.sty)
(/usr/share/texlive/texmf-dist/tex/latex/amsmath/amscd.sty)
(/usr/share/texlive/texmf-dist/tex/latex/amsfonts/amssymb.sty)
(/usr/share/texlive/texmf-dist/tex/latex/mathtools/mathtools.sty
(/usr/share/texlive/texmf-dist/tex/latex/graphics/keyval.sty)
(/usr/share/texlive/texmf-dist/tex/latex/tools/calc.sty)
(/usr/share/texlive/texmf-dist/tex/latex/mathtools/mhsetup.sty))
(/usr/share/texlive/texmf-dist/tex/latex/jknapltx/mathrsfs.sty)
(/usr/share/texlive/texmf-dist/tex/latex/microtype/microtype.sty
(/usr/share/texlive/texmf-dist/tex/latex/etoolbox/etoolbox.sty)
(/usr/share/texlive/texmf-dist/tex/latex/microtype/microtype-pdftex.def)
(/usr/share/texlive/texmf-dist/tex/latex/microtype/microtype.cfg))
(/usr/share/texlive/texmf-dist/tex/latex/booktabs/booktabs.sty)
(/usr/share/texlive/texmf-dist/tex/latex/tools/longtable.sty)
(/usr/share/texlive/texmf-dist/tex/latex/geometry/geometry.sty
(/usr/share/texlive/texmf-dist/tex/generic/iftex/ifvtex.sty
(/usr/share/texlive/texmf-dist/tex/generic/iftex/iftex.sty)))
(/usr/share/texlive/texmf-dist/tex/latex/hyperref/xr-hyper.sty)
(/usr/share/texlive/texmf-dist/tex/latex/hyperref/hyperref.sty
(/usr/share/texlive/texmf-dist/tex/latex/kvsetkeys/kvsetkeys.sty)
(/usr/share/texlive/texmf-dist/tex/generic/kvdefinekeys/kvdefinekeys.sty)
(/usr/share/texlive/texmf-dist/tex/generic/pdfescape/pdfescape.sty
(/usr/share/texlive/texmf-dist/tex/generic/ltxcmds/ltxcmds.sty)
(/usr/share/texlive/texmf-dist/tex/generic/pdftexcmds/pdftexcmds.sty
(/usr/share/texlive/texmf-dist/tex/generic/infwarerr/infwarerr.sty)))
(/usr/share/texlive/texmf-dist/tex/latex/hycolor/hycolor.sty)
(/usr/share/texlive/texmf-dist/tex/latex/auxhook/auxhook.sty)
(/usr/share/texlive/texmf-dist/tex/latex/hyperref/nameref.sty
(/usr/share/texlive/texmf-dist/tex/latex/refcount/refcount.sty)
(/usr/share/texlive/texmf-dist/tex/generic/gettitlestring/gettitlestring.sty
(/usr/share/texlive/texmf-dist/tex/latex/kvoptions/kvoptions.sty)))
(/usr/share/texlive/texmf-dist/tex/latex/hyperref/pd1enc.def)
(/usr/share/texlive/texmf-dist/tex/generic/intcalc/intcalc.sty)
(/usr/share/texlive/texmf-dist/tex/latex/hyperref/puenc.def)
(/usr/share/texlive/texmf-dist/tex/latex/url/url.sty)
(/usr/share/texlive/texmf-dist/tex/generic/bitset/bitset.sty
(/usr/share/texlive/texmf-dist/tex/generic/bigintcalc/bigintcalc.sty))
(/usr/share/texlive/texmf-dist/tex/latex/base/atbegshi-ltx.sty))
(/usr/share/texlive/texmf-dist/tex/latex/hyperref/hpdftex.def
(/usr/share/texlive/texmf-dist/tex/latex/base/atveryend-ltx.sty)
(/usr/share/texlive/texmf-dist/tex/latex/rerunfilecheck/rerunfilecheck.sty
(/usr/share/texlive/texmf-dist/tex/generic/uniquecounter/uniquecounter.sty))))
(/usr/share/texmf/tex/latex/lm/t1lmr.fd)
(/usr/share/texlive/texmf-dist/tex/latex/l3backend/l3backend-pdftex.def)
No file applications.aux.
(/usr/share/texmf/tex/latex/lm/ot1lmr.fd)
(/usr/share/texmf/tex/latex/lm/omllmm.fd)
(/usr/share/texmf/tex/latex/lm/omslmsy.fd)
(/usr/share/texmf/tex/latex/lm/omxlmex.fd)
(/usr/share/texlive/texmf-dist/tex/latex/amsfonts/umsa.fd)
(/usr/share/texlive/texmf-dist/tex/latex/amsfonts/umsb.fd)
(/usr/share/texlive/texmf-dist/tex/latex/jknapltx/ursfs.fd)
(/usr/share/texlive/texmf-dist/tex/latex/graphics/graphicx.sty
(/usr/share/texlive/texmf-dist/tex/latex/graphics/graphics.sty
(/usr/share/texlive/texmf-dist/tex/latex/graphics/trig.sty)
(/usr/share/texlive/texmf-dist/tex/latex/graphics-cfg/graphics.cfg)
(/usr/share/texlive/texmf-dist/tex/latex/graphics-def/pdftex.def
(/usr/share/texlive/texmf-dist/tex/context/base/mkii/supp-pdf.mkii
[Loading MPS to PDF converter (version 2006.09.02).]
))) (/usr/share/texlive/texmf-dist/tex/latex/epstopdf-pkg/epstopdf-base.sty
(/usr/share/texlive/texmf-dist/tex/latex/latexconfig/epstopdf-sys.cfg)))
(/usr/share/texlive/texmf-dist/tex/latex/microtype/mt-cmr.cfg)
*geometry* driver: auto-detecting
*geometry* detected driver: pdftex
(./parts/23-real-likelihood.tex

LaTeX Warning: Citation `FevolaMandelshtamSturmfels' on page 1 undefined on inp
ut line 8.

(/usr/share/texlive/texmf-dist/tex/latex/microtype/mt-msa.cfg)
(/usr/share/texlive/texmf-dist/tex/latex/microtype/mt-msb.cfg)

LaTeX Warning: Reference `eq:grouped-reciprocal-likelihood' on page 1 undefined
 on input line 46.


LaTeX Warning: Citation `FevolaMandelshtamSturmfels' on page 1 undefined on inp
ut line 54.

[1{/var/lib/texmf/fonts/map/pdftex/updmap/pdftex.map}{/usr/share/texmf/fonts/en
c/dvips/lm/lm-ec.enc}{/usr/share/texmf/fonts/enc/dvips/lm/lm-mathsy.enc}{/usr/s
hare/texmf/fonts/enc/dvips/lm/lm-mathit.enc}{/usr/share/texmf/fonts/enc/dvips/l
m/lm-rm.enc}{/usr/share/texmf/fonts/enc/dvips/lm/lm-mathex.enc}]

LaTeX Warning: Reference `eq:explicit-real-likelihood-data' on page 2 undefined
 on input line 61.


LaTeX Warning: Reference `thm:totally-real-reciprocal-likelihood' on page 2 und
efined on input line 99.


LaTeX Warning: Reference `eq:real-score-partial-fractions' on page 2 undefined 
on input line 130.

[2]

LaTeX Warning: Reference `eq:real-score-elimination' on page 3 undefined on inp
ut line 149.

) (./parts/26-critical-correspondence-v143.tex
(/usr/share/texlive/texmf-dist/tex/latex/amsfonts/ueuf.fd)
(/usr/share/texlive/texmf-dist/tex/latex/microtype/mt-euf.cfg) [3]
(/usr/share/texmf/tex/latex/lm/ot1lmss.fd)

LaTeX Warning: Reference `eq:universal-score-v143' on page 4 undefined on input
 line 64.

[4]

LaTeX Warning: Reference `eq:residue-data-section-v143' on page 5 undefined on 
input line 141.

[5]

LaTeX Warning: Reference `eq:interpolation-polynomial-v143' on page 6 undefined
 on input line 235.


LaTeX Warning: Reference `eq:matrix-grouped-likelihood-v143' on page 6 undefine
d on input line 243.


LaTeX Warning: Reference `eq:residue-data-section-v143' on page 6 undefined on 
input line 251.


LaTeX Warning: Reference `thm:critical-correspondence-v143' on page 6 undefined
 on input line 258.


LaTeX Warning: Reference `thm:real-critical-cover-v143' on page 6 undefined on 
input line 261.


LaTeX Warning: Reference `eq:spectral-projectors-v143' on page 6 undefined on i
nput line 262.


LaTeX Warning: Reference `eq:residue-data-section-v143' on page 6 undefined on 
input line 262.

) (./parts/28-projective-critical-divisor-v145.tex

LaTeX Warning: Reference `sec:critical-correspondence-v143' on page 6 undefined
 on input line 4.

[6]

LaTeX Warning: Reference `eq:spectral-projectors-v143' on page 7 undefined on i
nput line 32.


LaTeX Warning: Reference `eq:projective-score-form-v144' on page 7 undefined on
 input line 73.

[7]

LaTeX Warning: Citation `StacksCritical144' on page 8 undefined on input line 1
25.


LaTeX Warning: Reference `eq:radial-reconstruction-v144' on page 8 undefined on
 input line 156.


LaTeX Warning: Reference `thm:critical-correspondence-v143' on page 8 undefined
 on input line 161.

[8]

LaTeX Warning: Reference `thm:projective-critical-v144' on page 9 undefined on 
input line 178.


LaTeX Warning: Reference `thm:real-critical-cover-v143' on page 9 undefined on 
input line 185.


LaTeX Warning: Citation `StacksCritical144' on page 9 undefined on input line 2
18.


LaTeX Warning: Reference `thm:real-critical-cover-v143' on page 9 undefined on 
input line 224.

[9]

LaTeX Warning: Reference `eq:radial-reconstruction-v144' on page 10 undefined o
n input line 280.

) (./parts/17-assistance.tex) (./references-applications-v145.tex
(/usr/share/texmf/tex/latex/lm/t1lmtt.fd)) [10] (./applications.aux)

LaTeX Warning: There were undefined references.


LaTeX Warning: Label(s) may have changed. Rerun to get cross-references right.


Package rerunfilecheck Warning: File `applications.out' has changed.
(rerunfilecheck)                Rerun to get outlines right
(rerunfilecheck)                or use package `bookmark'.

 )</usr/share/texlive/texmf-dist/fonts/type1/public/amsfonts/euler/eufm10.pfb><
/usr/share/texmf/fonts/type1/public/lm/lmbx10.pfb></usr/share/texmf/fonts/type1
/public/lm/lmbx9.pfb></usr/share/texmf/fonts/type1/public/lm/lmcsc10.pfb></usr/
share/texmf/fonts/type1/public/lm/lmex10.pfb></usr/share/texmf/fonts/type1/publ
ic/lm/lmmi10.pfb></usr/share/texmf/fonts/type1/public/lm/lmmi8.pfb></usr/share/
texmf/fonts/type1/public/lm/lmr10.pfb></usr/share/texmf/fonts/type1/public/lm/l
mr8.pfb></usr/share/texmf/fonts/type1/public/lm/lmr9.pfb></usr/share/texmf/font
s/type1/public/lm/lmri10.pfb></usr/share/texmf/fonts/type1/public/lm/lmri9.pfb>
</usr/share/texmf/fonts/type1/public/lm/lmss8.pfb></usr/share/texmf/fonts/type1
/public/lm/lmsy10.pfb></usr/share/texmf/fonts/type1/public/lm/lmsy6.pfb></usr/s
hare/texmf/fonts/type1/public/lm/lmsy8.pfb></usr/share/texmf/fonts/type1/public
/lm/lmtt9.pfb></usr/share/texlive/texmf-dist/fonts/type1/public/amsfonts/symbol
s/msam10.pfb></usr/share/texlive/texmf-dist/fonts/type1/public/amsfonts/symbols
/msbm10.pfb></usr/share/texlive/texmf-dist/fonts/type1/public/rsfs/rsfs10.pfb><
/usr/share/texlive/texmf-dist/fonts/type1/public/rsfs/rsfs5.pfb>
Output written on applications.pdf (10 pages, 373266 bytes).
Transcript written on applications.log.
