This is pdfTeX, Version 3.141592653-2.6-1.40.25 (TeX Live 2023/Debian) (preloaded format=pdflatex)
 restricted \write18 enabled.
entering extended mode
(./geometry.tex
LaTeX2e <2023-11-01> patch level 1
L3 programming layer <2024-01-22>
(./preamble.tex (/usr/share/texlive/texmf-dist/tex/latex/amscls/amsart.cls
Document Class: amsart 2020/05/29 v2.20.6
(/usr/share/texlive/texmf-dist/tex/latex/amsmath/amsmath.sty
For additional information on amsmath, use the `?' option.
(/usr/share/texlive/texmf-dist/tex/latex/amsmath/amstext.sty
(/usr/share/texlive/texmf-dist/tex/latex/amsmath/amsgen.sty))
(/usr/share/texlive/texmf-dist/tex/latex/amsmath/amsbsy.sty)
(/usr/share/texlive/texmf-dist/tex/latex/amsmath/amsopn.sty))
(/usr/share/texlive/texmf-dist/tex/latex/amsfonts/umsa.fd)
(/usr/share/texlive/texmf-dist/tex/latex/amsfonts/amsfonts.sty))
(/usr/share/texlive/texmf-dist/tex/latex/base/fontenc.sty)
(/usr/share/texmf/tex/latex/lm/lmodern.sty)
(/usr/share/texlive/texmf-dist/tex/latex/amsmath/amscd.sty)
(/usr/share/texlive/texmf-dist/tex/latex/amsfonts/amssymb.sty)
(/usr/share/texlive/texmf-dist/tex/latex/mathtools/mathtools.sty
(/usr/share/texlive/texmf-dist/tex/latex/graphics/keyval.sty)
(/usr/share/texlive/texmf-dist/tex/latex/tools/calc.sty)
(/usr/share/texlive/texmf-dist/tex/latex/mathtools/mhsetup.sty))
(/usr/share/texlive/texmf-dist/tex/latex/jknapltx/mathrsfs.sty)
(/usr/share/texlive/texmf-dist/tex/latex/microtype/microtype.sty
(/usr/share/texlive/texmf-dist/tex/latex/etoolbox/etoolbox.sty)
(/usr/share/texlive/texmf-dist/tex/latex/microtype/microtype-pdftex.def)
(/usr/share/texlive/texmf-dist/tex/latex/microtype/microtype.cfg))
(/usr/share/texlive/texmf-dist/tex/latex/booktabs/booktabs.sty)
(/usr/share/texlive/texmf-dist/tex/latex/tools/longtable.sty)
(/usr/share/texlive/texmf-dist/tex/latex/geometry/geometry.sty
(/usr/share/texlive/texmf-dist/tex/generic/iftex/ifvtex.sty
(/usr/share/texlive/texmf-dist/tex/generic/iftex/iftex.sty)))
(/usr/share/texlive/texmf-dist/tex/latex/hyperref/xr-hyper.sty)
(/usr/share/texlive/texmf-dist/tex/latex/hyperref/hyperref.sty
(/usr/share/texlive/texmf-dist/tex/latex/kvsetkeys/kvsetkeys.sty)
(/usr/share/texlive/texmf-dist/tex/generic/kvdefinekeys/kvdefinekeys.sty)
(/usr/share/texlive/texmf-dist/tex/generic/pdfescape/pdfescape.sty
(/usr/share/texlive/texmf-dist/tex/generic/ltxcmds/ltxcmds.sty)
(/usr/share/texlive/texmf-dist/tex/generic/pdftexcmds/pdftexcmds.sty
(/usr/share/texlive/texmf-dist/tex/generic/infwarerr/infwarerr.sty)))
(/usr/share/texlive/texmf-dist/tex/latex/hycolor/hycolor.sty)
(/usr/share/texlive/texmf-dist/tex/latex/auxhook/auxhook.sty)
(/usr/share/texlive/texmf-dist/tex/latex/hyperref/nameref.sty
(/usr/share/texlive/texmf-dist/tex/latex/refcount/refcount.sty)
(/usr/share/texlive/texmf-dist/tex/generic/gettitlestring/gettitlestring.sty
(/usr/share/texlive/texmf-dist/tex/latex/kvoptions/kvoptions.sty)))
(/usr/share/texlive/texmf-dist/tex/latex/hyperref/pd1enc.def)
(/usr/share/texlive/texmf-dist/tex/generic/intcalc/intcalc.sty)
(/usr/share/texlive/texmf-dist/tex/latex/hyperref/puenc.def)
(/usr/share/texlive/texmf-dist/tex/latex/url/url.sty)
(/usr/share/texlive/texmf-dist/tex/generic/bitset/bitset.sty
(/usr/share/texlive/texmf-dist/tex/generic/bigintcalc/bigintcalc.sty))
(/usr/share/texlive/texmf-dist/tex/latex/base/atbegshi-ltx.sty))
(/usr/share/texlive/texmf-dist/tex/latex/hyperref/hpdftex.def
(/usr/share/texlive/texmf-dist/tex/latex/base/atveryend-ltx.sty)
(/usr/share/texlive/texmf-dist/tex/latex/rerunfilecheck/rerunfilecheck.sty
(/usr/share/texlive/texmf-dist/tex/generic/uniquecounter/uniquecounter.sty))))
(/usr/share/texmf/tex/latex/lm/t1lmr.fd)
(/usr/share/texlive/texmf-dist/tex/latex/l3backend/l3backend-pdftex.def)
No file geometry.aux.
(/usr/share/texmf/tex/latex/lm/ot1lmr.fd)
(/usr/share/texmf/tex/latex/lm/omllmm.fd)
(/usr/share/texmf/tex/latex/lm/omslmsy.fd)
(/usr/share/texmf/tex/latex/lm/omxlmex.fd)
(/usr/share/texlive/texmf-dist/tex/latex/amsfonts/umsa.fd)
(/usr/share/texlive/texmf-dist/tex/latex/amsfonts/umsb.fd)
(/usr/share/texlive/texmf-dist/tex/latex/jknapltx/ursfs.fd)
(/usr/share/texlive/texmf-dist/tex/latex/graphics/graphicx.sty
(/usr/share/texlive/texmf-dist/tex/latex/graphics/graphics.sty
(/usr/share/texlive/texmf-dist/tex/latex/graphics/trig.sty)
(/usr/share/texlive/texmf-dist/tex/latex/graphics-cfg/graphics.cfg)
(/usr/share/texlive/texmf-dist/tex/latex/graphics-def/pdftex.def
(/usr/share/texlive/texmf-dist/tex/context/base/mkii/supp-pdf.mkii
[Loading MPS to PDF converter (version 2006.09.02).]
))) (/usr/share/texlive/texmf-dist/tex/latex/epstopdf-pkg/epstopdf-base.sty
(/usr/share/texlive/texmf-dist/tex/latex/latexconfig/epstopdf-sys.cfg)))
(/usr/share/texlive/texmf-dist/tex/latex/microtype/mt-cmr.cfg)
*geometry* driver: auto-detecting
*geometry* detected driver: pdftex
(./frontmatter-v147.tex) (./parts/00-principal-introduction-v147.tex
(/usr/share/texlive/texmf-dist/tex/latex/microtype/mt-msa.cfg)
(/usr/share/texlive/texmf-dist/tex/latex/microtype/mt-msb.cfg)
(/usr/share/texlive/texmf-dist/tex/latex/amsfonts/ueuf.fd)
(/usr/share/texlive/texmf-dist/tex/latex/microtype/mt-euf.cfg) [1{/var/lib/texm
f/fonts/map/pdftex/updmap/pdftex.map}{/usr/share/texmf/fonts/enc/dvips/lm/lm-ec
.enc}{/usr/share/texmf/fonts/enc/dvips/lm/lm-mathit.enc}{/usr/share/texmf/fonts
/enc/dvips/lm/lm-mathsy.enc}{/usr/share/texmf/fonts/enc/dvips/lm/lm-rm.enc}{/us
r/share/texmf/fonts/enc/dvips/lm/lm-mathex.enc}]

LaTeX Warning: Reference `thm:sharp-finite-pencil' on page 2 undefined on input
 line 58.


LaTeX Warning: Reference `cor:schubert-line-reconstruction-v145' on page 2 unde
fined on input line 60.


LaTeX Warning: Reference `thm:curve-reconstruction-v145' on page 2 undefined on
 input line 61.


LaTeX Warning: Reference `thm:unrestricted-moving-v146' on page 2 undefined on 
input line 75.


LaTeX Warning: Reference `ex:nonconstant-pencil-v146' on page 2 undefined on in
put line 85.


LaTeX Warning: Reference `thm:automorphism-kernel-v146' on page 2 undefined on 
input line 87.


LaTeX Warning: Reference `thm:artin-local-inverse-v146' on page 2 undefined on 
input line 114.


LaTeX Warning: Reference `prop:first-relation-orbit-v147' on page 2 undefined o
n input line 114.


LaTeX Warning: Reference `thm:unrestricted-moving-v146' on page 2 undefined on 
input line 123.


LaTeX Warning: Reference `prop:local-automorphisms-v146' on page 2 undefined on
 input line 127.

[2]

LaTeX Warning: Reference `lem:actual-factor-descent-v147' on page 3 undefined o
n input line 149.


LaTeX Warning: Reference `thm:structural-coefficient-reconstruction' on page 3 
undefined on input line 154.


LaTeX Warning: Reference `thm:artin-local-inverse-v146' on page 3 undefined on 
input line 157.


LaTeX Warning: Reference `thm:general-moving-coefficients-v147' on page 3 undef
ined on input line 159.


LaTeX Warning: Reference `ex:isotrivial-covers-v147' on page 3 undefined on inp
ut line 166.


LaTeX Warning: Reference `thm:finite-parameter-immersion' on page 3 undefined o
n input line 180.


LaTeX Warning: Reference `thm:universal-finite-neighbourhood' on page 3 undefin
ed on input line 184.

[3]

LaTeX Warning: Reference `thm:fixed-spectral-classification' on page 4 undefine
d on input line 199.


LaTeX Warning: Citation `FevolaMandelshtamSturmfels' on page 4 undefined on inp
ut line 207.


LaTeX Warning: Reference `lem:orthogonal-orbits-v145' on page 4 undefined on in
put line 209.


LaTeX Warning: Citation `Ohta1986' on page 4 undefined on input line 210.


LaTeX Warning: Citation `Ballico96' on page 4 undefined on input line 215.


LaTeX Warning: Citation `Ballico93' on page 4 undefined on input line 219.


LaTeX Warning: Citation `EliasRossiShort' on page 4 undefined on input line 227
.


LaTeX Warning: Citation `EliasRossiCompressed' on page 4 undefined on input lin
e 227.


LaTeX Warning: Reference `sec:first-relations-v147' on page 4 undefined on inpu
t line 228.


LaTeX Warning: Citation `MarcusMoyls' on page 4 undefined on input line 231.


LaTeX Warning: Reference `lem:linear-preserver-v147' on page 4 undefined on inp
ut line 233.

) (./parts/33-first-relations-v147.tex [4]

LaTeX Warning: Reference `eq:intrinsic-first-relation-v147' on page 5 undefined
 on input line 45.


LaTeX Warning: Reference `eq:first-group-v147' on page 5 undefined on input lin
e 79.


LaTeX Warning: Reference `eq:trace-augmentation-v147' on page 5 undefined on in
put line 98.


LaTeX Warning: Reference `prop:first-relation-orbit-v147' on page 5 undefined o
n input line 107.

[5]

LaTeX Warning: Citation `EliasRossiShort' on page 6 undefined on input line 148
.


LaTeX Warning: Citation `EliasRossiCompressed' on page 6 undefined on input lin
e 153.


LaTeX Warning: Reference `eq:general-first-algebra-v147' on page 6 undefined on
 input line 154.


LaTeX Warning: Reference `prop:first-relation-orbit-v147' on page 6 undefined o
n input line 164.

) (./parts/00-ruling-foundations-v145.tex (./parts/12k-rank-one-fano.tex
[6]

LaTeX Warning: Reference `eq:fano-rank-one-scheme' on page 7 undefined on input
 line 81.

) [7]

LaTeX Warning: Reference `lem:rank-one-fano-scheme' on page 8 undefined on inpu
t line 31.

) (./parts/34-coefficient-descent-v147.tex
(/usr/share/texmf/tex/latex/lm/ot1lmss.fd) [8]

LaTeX Warning: Citation `MarcusMoyls' on page 9 undefined on input line 54.


LaTeX Warning: Reference `eq:commutant-descent-v147' on page 9 undefined on inp
ut line 98.

[9]

LaTeX Warning: Reference `eq:strict-support-v147' on page 10 undefined on input
 line 154.


LaTeX Warning: Reference `prop:first-relation-orbit-v147' on page 10 undefined 
on input line 196.


LaTeX Warning: Reference `lem:rank-one-fano-scheme' on page 10 undefined on inp
ut line 217.


LaTeX Warning: Reference `lem:linear-preserver-v147' on page 10 undefined on in
put line 226.


LaTeX Warning: Reference `eq:strict-support-v147' on page 10 undefined on input
 line 229.

[10]

LaTeX Warning: Reference `lem:oriented-segre-descent' on page 11 undefined on i
nput line 237.


LaTeX Warning: Reference `lem:actual-factor-descent-v147' on page 11 undefined 
on input line 241.


LaTeX Warning: Reference `eq:coefficient-equivalence-v147' on page 11 undefined
 on input line 258.


LaTeX Warning: Reference `eq:coefficient-thickening-v147' on page 11 undefined 
on input line 286.

[11]

LaTeX Warning: Reference `thm:general-moving-coefficients-v147' on page 12 unde
fined on input line 328.


LaTeX Warning: Reference `lem:pencil-irreducibility' on page 12 undefined on in
put line 347.


LaTeX Warning: Reference `lem:moving-coefficients-v146' on page 12 undefined on
 input line 349.


LaTeX Warning: Reference `thm:general-moving-coefficients-v147' on page 12 unde
fined on input line 354.


LaTeX Warning: Reference `thm:artin-local-inverse-v146' on page 12 undefined on
 input line 363.


LaTeX Warning: Reference `prop:first-relation-group-v147' on page 12 undefined 
on input line 378.


LaTeX Warning: Reference `prop:first-relation-group-v147' on page 12 undefined 
on input line 381.


LaTeX Warning: Reference `lem:linear-preserver-v147' on page 12 undefined on in
put line 383.


LaTeX Warning: Citation `StacksGroups' on page 12 undefined on input line 391.


LaTeX Warning: Reference `thm:automorphism-kernel-v146' on page 12 undefined on
 input line 400.

) (./parts/13a-criterion-v145.tex [12]

LaTeX Warning: Reference `lem:rank-one-fano-scheme' on page 13 undefined on inp
ut line 79.


LaTeX Warning: Reference `lem:oriented-segre-descent' on page 13 undefined on i
nput line 82.

[13]) (./parts/18-pencil-proof-v145.tex

LaTeX Warning: Reference `eq:failure-intro' on page 14 undefined on input line 
23.


LaTeX Warning: Reference `thm:structural-coefficient-reconstruction' on page 14
 undefined on input line 62.

[14]

LaTeX Warning: Reference `eq:general-fitting-factorization' on page 15 undefine
d on input line 103.


LaTeX Warning: Reference `eq:general-normal-cone' on page 15 undefined on input
 line 112.


LaTeX Warning: Reference `lem:rank-one-fano-scheme' on page 15 undefined on inp
ut line 121.


LaTeX Warning: Reference `lem:oriented-segre-descent' on page 15 undefined on i
nput line 129.


LaTeX Warning: Reference `eq:automatic-residual-module' on page 15 undefined on
 input line 135.


LaTeX Warning: Reference `eq:general-exterior-decomposition' on page 15 undefin
ed on input line 144.


LaTeX Warning: Citation `ChengWang' on page 15 undefined on input line 145.


LaTeX Warning: Reference `eq:automatic-residual-module' on page 15 undefined on
 input line 155.

[15]

LaTeX Warning: Reference `thm:automatic-quadratic-coefficients' on page 16 unde
fined on input line 209.


LaTeX Warning: Reference `lem:pencil-irreducibility' on page 16 undefined on in
put line 210.


LaTeX Warning: Reference `eq:general-fitting-factorization' on page 16 undefine
d on input line 231.


LaTeX Warning: Citation `FevolaMandelshtamSturmfels' on page 16 undefined on in
put line 242.

[16]

LaTeX Warning: Reference `eq:natural-pencil-torelli' on page 17 undefined on in
put line 281.


LaTeX Warning: Reference `ex:same-discriminant-distinct-failure' on page 17 und
efined on input line 325.


LaTeX Warning: Citation `SmithQuadrics' on page 17 undefined on input line 331.



LaTeX Warning: Reference `thm:natural-pencil-reconstruction' on page 17 undefin
ed on input line 343.


LaTeX Warning: Reference `eq:general-fitting-factorization' on page 17 undefine
d on input line 350.


LaTeX Warning: Reference `eq:same-discriminant-pencils' on page 17 undefined on
 input line 351.

[17]) (./parts/20-finite-neighbourhoods.tex

LaTeX Warning: Reference `sec:natural-pencils' on page 18 undefined on input li
ne 18.


LaTeX Warning: Reference `eq:general-fitting-factorization' on page 18 undefine
d on input line 57.

[18]

LaTeX Warning: Reference `eq:finite-homogeneous-ideal' on page 19 undefined on 
input line 80.


LaTeX Warning: Reference `thm:sharp-finite-pencil' on page 19 undefined on inpu
t line 98.


LaTeX Warning: Reference `eq:finite-homogeneous-ideal' on page 19 undefined on 
input line 99.


LaTeX Warning: Reference `eq:finite-neighbourhood-definition' on page 19 undefi
ned on input line 100.


LaTeX Warning: Reference `lem:first-relation-cone' on page 19 undefined on inpu
t line 110.


LaTeX Warning: Reference `thm:automatic-quadratic-coefficients' on page 19 unde
fined on input line 112.


LaTeX Warning: Reference `eq:finite-homogeneous-ideal' on page 19 undefined on 
input line 124.


LaTeX Warning: Reference `lem:pencil-irreducibility' on page 19 undefined on in
put line 125.


LaTeX Warning: Reference `eq:pencil-exterior-duality' on page 19 undefined on i
nput line 127.


LaTeX Warning: Reference `eq:finite-pencil-equivalences' on page 19 undefined o
n input line 135.


LaTeX Warning: Reference `thm:natural-pencil-reconstruction' on page 19 undefin
ed on input line 136.

[19]

LaTeX Warning: Reference `thm:finite-parameter-immersion' on page 20 undefined 
on input line 201.


LaTeX Warning: Reference `eq:general-coefficient-map' on page 20 undefined on i
nput line 202.


LaTeX Warning: Reference `lem:pencil-irreducibility' on page 20 undefined on in
put line 206.


LaTeX Warning: Reference `lem:line-subspace-immersion' on page 20 undefined on 
input line 221.


LaTeX Warning: Reference `thm:finite-parameter-immersion' on page 20 undefined 
on input line 245.

[20]

LaTeX Warning: Reference `thm:sharp-finite-pencil' on page 21 undefined on inpu
t line 272.


LaTeX Warning: Reference `cor:hyperelliptic-failure-invariant' on page 21 undef
ined on input line 273.


LaTeX Warning: Reference `eq:pencil-detection-order' on page 21 undefined on in
put line 274.


LaTeX Warning: Reference `cor:finite-flat-family' on page 21 undefined on input
 line 281.

) (./parts/29-curve-reconstruction-v145.tex

LaTeX Warning: Reference `eq:curve-failure-ideal-v145' on page 21 undefined on 
input line 55.


LaTeX Warning: Reference `eq:finite-coefficient-factorization' on page 21 undef
ined on input line 58.

[21]

LaTeX Warning: Reference `lem:first-relation-cone' on page 22 undefined on inpu
t line 71.


LaTeX Warning: Reference `lem:oriented-segre-descent' on page 22 undefined on i
nput line 85.


LaTeX Warning: Reference `thm:structural-coefficient-reconstruction' on page 22
 undefined on input line 89.


LaTeX Warning: Reference `lem:pencil-irreducibility' on page 22 undefined on in
put line 90.


LaTeX Warning: Reference `eq:pencil-exterior-duality' on page 22 undefined on i
nput line 92.


LaTeX Warning: Reference `eq:curve-torelli-v145' on page 22 undefined on input 
line 94.


LaTeX Warning: Reference `eq:curve-failure-ideal-v145' on page 22 undefined on 
input line 120.


LaTeX Warning: Reference `thm:curve-reconstruction-v145' on page 22 undefined o
n input line 123.

) (./parts/31-moving-pencils-v146.tex [22]

LaTeX Warning: Reference `thm:universal-finite-neighbourhood' on page 23 undefi
ned on input line 42.


LaTeX Warning: Reference `lem:pencil-irreducibility' on page 23 undefined on in
put line 62.


LaTeX Warning: Reference `eq:general-coefficient-map' on page 23 undefined on i
nput line 74.

[23]

LaTeX Warning: Reference `eq:moving-inverse-v146' on page 24 undefined on input
 line 118.


LaTeX Warning: Reference `lem:rank-one-fano-scheme' on page 24 undefined on inp
ut line 158.


LaTeX Warning: Reference `lem:oriented-segre-descent' on page 24 undefined on i
nput line 173.


LaTeX Warning: Reference `lem:moving-coefficients-v146' on page 24 undefined on
 input line 189.


LaTeX Warning: Reference `eq:moving-data-v146' on page 24 undefined on input li
ne 194.


LaTeX Warning: Reference `thm:structural-coefficient-reconstruction' on page 24
 undefined on input line 196.

[24]

LaTeX Warning: Reference `eq:moving-data-v146' on page 25 undefined on input li
ne 198.


LaTeX Warning: Reference `eq:moving-normal-map-v146' on page 25 undefined on in
put line 201.


LaTeX Warning: Reference `eq:moving-inverse-v146' on page 25 undefined on input
 line 203.


LaTeX Warning: Reference `thm:moving-reconstruction-v146' on page 25 undefined 
on input line 212.


LaTeX Warning: Reference `eq:moving-data-v146' on page 25 undefined on input li
ne 235.


LaTeX Warning: Reference `thm:moving-reconstruction-v146' on page 25 undefined 
on input line 270.


LaTeX Warning: Reference `eq:automorphism-filtration-v146' on page 25 undefined
 on input line 276.

[25]

LaTeX Warning: Reference `eq:automorphism-symbol-v146' on page 26 undefined on 
input line 304.


LaTeX Warning: Reference `thm:moving-reconstruction-v146' on page 26 undefined 
on input line 367.

[26]

LaTeX Warning: Reference `thm:universal-finite-neighbourhood' on page 27 undefi
ned on input line 384.


LaTeX Warning: Reference `eq:automorphism-sequence-v146' on page 27 undefined o
n input line 388.

) (./parts/32-local-inverse-v146.tex [27]

LaTeX Warning: Reference `lem:pencil-irreducibility' on page 28 undefined on in
put line 77.


LaTeX Warning: Reference `lem:moving-coefficients-v146' on page 28 undefined on
 input line 81.


LaTeX Warning: Reference `thm:moving-reconstruction-v146' on page 28 undefined 
on input line 87.


LaTeX Warning: Reference `lem:coefficient-orientation-v146' on page 28 undefine
d on input line 100.


LaTeX Warning: Reference `thm:moving-reconstruction-v146' on page 28 undefined 
on input line 104.


LaTeX Warning: Reference `cor:moving-sharpness-v146' on page 28 undefined on in
put line 113.


LaTeX Warning: Reference `thm:automorphism-kernel-v146' on page 28 undefined on
 input line 114.


LaTeX Warning: Reference `thm:unrestricted-moving-v146' on page 28 undefined on
 input line 148.

[28]) (./parts/21-spectral-specialization.tex [29]

LaTeX Warning: Reference `thm:sharp-finite-pencil' on page 30 undefined on inpu
t line 9.


LaTeX Warning: Citation `FevolaMandelshtamSturmfels' on page 30 undefined on in
put line 31.

[30]

LaTeX Warning: Reference `thm:sharp-finite-pencil' on page 31 undefined on inpu
t line 101.


LaTeX Warning: Reference `eq:spectral-torsion-sequence' on page 31 undefined on
 input line 102.


LaTeX Warning: Reference `lem:spectral-sheaf-similarity' on page 31 undefined o
n input line 110.


LaTeX Warning: Reference `lem:artinian-polynomial-square-root' on page 31 undef
ined on input line 116.

[31]

LaTeX Warning: Reference `eq:fixed-discriminant-specialization' on page 32 unde
fined on input line 203.


LaTeX Warning: Reference `eq:spectral-partition-inversion' on page 32 undefined
 on input line 210.


LaTeX Warning: Reference `thm:spectral-finite-torelli' on page 32 undefined on 
input line 216.


LaTeX Warning: Reference `thm:universal-finite-neighbourhood' on page 32 undefi
ned on input line 223.


LaTeX Warning: Reference `eq:finite-homogeneous-ideal' on page 32 undefined on 
input line 237.


LaTeX Warning: Reference `thm:finite-parameter-immersion' on page 32 undefined 
on input line 243.


LaTeX Warning: Reference `eq:relative-spectral-finite-algebra' on page 32 undef
ined on input line 247.

[32]

LaTeX Warning: Citation `FevolaMandelshtamSturmfels' on page 33 undefined on in
put line 272.


LaTeX Warning: Reference `eq:symmetric-specialization-pair' on page 33 undefine
d on input line 276.


LaTeX Warning: Reference `thm:rank-preserving-specialization' on page 33 undefi
ned on input line 297.

) (./parts/22-relative-spectral-strata.tex
Underfull \hbox (badness 1584) in paragraph at lines 22--26
[]\T1/lmr/bx/n/10.95 (+20) Theorem 12.1 \T1/lmr/m/n/10.95 (+20) (Uni-ver-sal ne
igh-bour-hood and ar-bi-trary base change)\T1/lmr/bx/n/10.95 (+20) . \T1/lmr/m/
it/10.95 (+20) The uni-ver-sal
[33]

LaTeX Warning: Reference `eq:finite-homogeneous-ideal' on page 34 undefined on 
input line 53.


LaTeX Warning: Reference `thm:finite-parameter-immersion' on page 34 undefined 
on input line 76.


LaTeX Warning: Reference `eq:universal-relation-bundle-map' on page 34 undefine
d on input line 85.


LaTeX Warning: Reference `eq:universal-truncated-algebra' on page 34 undefined 
on input line 94.


LaTeX Warning: Reference `eq:universal-finite-rank' on page 34 undefined on inp
ut line 102.

[34]

LaTeX Warning: Reference `thm:finite-parameter-immersion' on page 35 undefined 
on input line 156.


LaTeX Warning: Reference `thm:finite-parameter-immersion' on page 35 undefined 
on input line 173.


LaTeX Warning: Reference `lem:truncated-spectral-presentation' on page 35 undef
ined on input line 177.


LaTeX Warning: Reference `eq:spectral-incidence-minors' on page 35 undefined on
 input line 180.


LaTeX Warning: Reference `eq:spectral-partition-inversion' on page 35 undefined
 on input line 194.


LaTeX Warning: Reference `thm:universal-finite-neighbourhood' on page 35 undefi
ned on input line 212.


LaTeX Warning: Citation `FevolaMandelshtamSturmfels' on page 35 undefined on in
put line 215.


LaTeX Warning: Reference `thm:rank-preserving-specialization' on page 35 undefi
ned on input line 217.


LaTeX Warning: Reference `eq:segre-scheme-realization' on page 35 undefined on 
input line 224.

) (./parts/25-fixed-spectral-strata-v145.tex [35]

LaTeX Warning: Reference `sec:relative-spectral-strata' on page 36 undefined on
 input line 4.


LaTeX Warning: Reference `sec:spectral-specialization' on page 36 undefined on 
input line 5.

(./parts/30-orthogonal-input-v145.tex

LaTeX Warning: Citation `Ohta1986' on page 36 undefined on input line 29.


LaTeX Warning: Citation `Ohta1986' on page 36 undefined on input line 31.


LaTeX Warning: Citation `Ohta1986' on page 36 undefined on input line 44.

[36]

LaTeX Warning: Citation `Ohta1986' on page 37 undefined on input line 52.

)

LaTeX Warning: Reference `eq:fixed-spectral-locus' on page 37 undefined on inpu
t line 53.


LaTeX Warning: Reference `eq:fixed-spectral-dominance' on page 37 undefined on 
input line 73.


LaTeX Warning: Reference `lem:orthogonal-orbits-v145' on page 37 undefined on i
nput line 78.


LaTeX Warning: Citation `FevolaMandelshtamSturmfels' on page 37 undefined on in
put line 81.

[37]

LaTeX Warning: Reference `eq:fixed-spectral-orbit-dimension' on page 38 undefin
ed on input line 95.


LaTeX Warning: Reference `thm:spectral-finite-torelli' on page 38 undefined on 
input line 98.


LaTeX Warning: Reference `thm:universal-finite-neighbourhood' on page 38 undefi
ned on input line 130.

[38]

LaTeX Warning: Reference `thm:finite-parameter-immersion' on page 39 undefined 
on input line 174.


LaTeX Warning: Reference `thm:finite-parameter-immersion' on page 39 undefined 
on input line 204.

) (./parts/17-assistance.tex) (./references-main-v147.tex
(/usr/share/texmf/tex/latex/lm/t1lmtt.fd)
pdfTeX warning (font expansion): font should be expanded before its first use
) [39] (./geometry.aux)

LaTeX Warning: There were undefined references.


LaTeX Warning: Label(s) may have changed. Rerun to get cross-references right.


Package rerunfilecheck Warning: File `geometry.out' has changed.
(rerunfilecheck)                Rerun to get outlines right
(rerunfilecheck)                or use package `bookmark'.

 )
(see the transcript file for additional information)</usr/share/texlive/texmf-d
ist/fonts/type1/public/amsfonts/euler/eufm10.pfb></usr/share/texmf/fonts/type1/
public/lm/lmbx10.pfb></usr/share/texmf/fonts/type1/public/lm/lmbx9.pfb></usr/sh
are/texmf/fonts/type1/public/lm/lmcsc10.pfb></usr/share/texmf/fonts/type1/publi
c/lm/lmex10.pfb></usr/share/texmf/fonts/type1/public/lm/lmmi10.pfb></usr/share/
texmf/fonts/type1/public/lm/lmmi6.pfb></usr/share/texmf/fonts/type1/public/lm/l
mmi8.pfb></usr/share/texmf/fonts/type1/public/lm/lmmi9.pfb></usr/share/texmf/fo
nts/type1/public/lm/lmmib10.pfb></usr/share/texmf/fonts/type1/public/lm/lmr10.p
fb></usr/share/texmf/fonts/type1/public/lm/lmr6.pfb></usr/share/texmf/fonts/typ
e1/public/lm/lmr8.pfb></usr/share/texmf/fonts/type1/public/lm/lmr9.pfb></usr/sh
are/texmf/fonts/type1/public/lm/lmri10.pfb></usr/share/texmf/fonts/type1/public
/lm/lmri9.pfb></usr/share/texmf/fonts/type1/public/lm/lmss8.pfb></usr/share/tex
mf/fonts/type1/public/lm/lmsy10.pfb></usr/share/texmf/fonts/type1/public/lm/lms
y6.pfb></usr/share/texmf/fonts/type1/public/lm/lmsy8.pfb></usr/share/texmf/font
s/type1/public/lm/lmsy9.pfb></usr/share/texmf/fonts/type1/public/lm/lmtt9.pfb><
/usr/share/texlive/texmf-dist/fonts/type1/public/amsfonts/symbols/msam10.pfb></
usr/share/texlive/texmf-dist/fonts/type1/public/amsfonts/symbols/msbm10.pfb></u
sr/share/texlive/texmf-dist/fonts/type1/public/rsfs/rsfs10.pfb>
Output written on geometry.pdf (39 pages, 609387 bytes).
Transcript written on geometry.log.
