{
  "revision": 143,
  "ok": true,
  "arithmetic": "exact rational matrices, polynomial Bezout identities, Sturm counts, and Q[epsilon]/epsilon^2",
  "matrix_configurations": 12,
  "checks": {
    "r2-v0": true,
    "r2-v1": true,
    "r2-v2": true,
    "r3-v0": true,
    "r3-v1": true,
    "r3-v2": true,
    "r4-v0": true,
    "r4-v1": true,
    "r4-v2": true,
    "r5-v0": true,
    "r5-v1": true,
    "r5-v2": true,
    "dual_number_monic_relation": true,
    "dual_number_unit_D": true,
    "dual_number_unit_Q": true,
    "dual_number_unit_Fprime": true,
    "dual_number_original_score_equations": true
  },
  "scope": "Finite regression checks of the written proofs; not formal proof or historical priority certification."
}
