{
  "ok": true,
  "arithmetic": "exact rational arithmetic",
  "jacobian_shape": [
    35,
    210
  ],
  "jacobian_rank": 35,
  "adjoint_identity": "C C^* = 48 I_35",
  "projector_idempotent": true,
  "lie_generators_checked": 16,
  "monomial_basis": [
    "x1**2",
    "x1*x2",
    "x1*x3",
    "x1*x4",
    "x2**2",
    "x2*x3",
    "x2*x4",
    "x3**2",
    "x3*x4",
    "x4**2"
  ],
  "diagonal_witness": {
    "matrix": [
      [
        1,
        0,
        0,
        0,
        0,
        0,
        0,
        0,
        0,
        0
      ],
      [
        0,
        0,
        0,
        0,
        1,
        0,
        0,
        0,
        0,
        0
      ],
      [
        0,
        0,
        0,
        0,
        0,
        0,
        0,
        1,
        0,
        0
      ],
      [
        0,
        0,
        0,
        0,
        0,
        0,
        0,
        0,
        0,
        1
      ]
    ],
    "q_coordinates": {
      "1,5,8,10": "1/3",
      "1,6,7,9": "-2/3",
      "2,3,6,10": "-2/3",
      "2,4,7,8": "2/3",
      "3,4,5,9": "2/3"
    },
    "pluecker_quadrics": [
      {
        "I": [
          1,
          5,
          8
        ],
        "J": [
          1,
          6,
          7,
          9,
          10
        ]
      },
      {
        "I": [
          1,
          6,
          7
        ],
        "J": [
          2,
          3,
          6,
          9,
          10
        ]
      }
    ],
    "restrictions": [
      "2*(a - b)*(2*a + b)/9",
      "-4*(a - b)**2/9"
    ],
    "linear_quotient_determinant": "8/27",
    "homogeneous_gcd": "a - b",
    "not_asserted_smooth": true
  },
  "inherited_smooth_Cstar": {
    "matrix": [
      [
        1,
        2,
        -2,
        2,
        0,
        1,
        1,
        0,
        1,
        0
      ],
      [
        0,
        -1,
        0,
        -1,
        1,
        -1,
        -1,
        0,
        -2,
        0
      ],
      [
        0,
        2,
        -1,
        -2,
        0,
        2,
        0,
        1,
        1,
        0
      ],
      [
        0,
        0,
        1,
        0,
        0,
        1,
        0,
        0,
        -2,
        1
      ]
    ],
    "restrictions": [
      "(a - b)*(339*a + 89*b)/24",
      "37*(a - b)*(31*a + 17*b)/72"
    ],
    "linear_quotient_determinant": "27787/432",
    "smoothness_source": "independently executed checks/exact_k3.py and its integral certificates"
  },
  "not_machine_certified": [
    "fpqc descent and power-certified packets",
    "generic primary spreading and no-new-torsion",
    "intrinsic deepest stratum and tensor ruling",
    "Cauchy coefficient-space interpretation",
    "generic intrinsic web theorem"
  ]
}
