This is pdfTeX, Version 3.141592653-2.6-1.40.25 (TeX Live 2023/Debian) (preloaded format=pdflatex)
 restricted \write18 enabled.
entering extended mode
(./archive-v144.tex
LaTeX2e <2023-11-01> patch level 1
L3 programming layer <2024-01-22>
(./preamble.tex (/usr/share/texlive/texmf-dist/tex/latex/amscls/amsart.cls
Document Class: amsart 2020/05/29 v2.20.6
(/usr/share/texlive/texmf-dist/tex/latex/amsmath/amsmath.sty
For additional information on amsmath, use the `?' option.
(/usr/share/texlive/texmf-dist/tex/latex/amsmath/amstext.sty
(/usr/share/texlive/texmf-dist/tex/latex/amsmath/amsgen.sty))
(/usr/share/texlive/texmf-dist/tex/latex/amsmath/amsbsy.sty)
(/usr/share/texlive/texmf-dist/tex/latex/amsmath/amsopn.sty))
(/usr/share/texlive/texmf-dist/tex/latex/amsfonts/umsa.fd)
(/usr/share/texlive/texmf-dist/tex/latex/amsfonts/amsfonts.sty))
(/usr/share/texlive/texmf-dist/tex/latex/base/fontenc.sty)
(/usr/share/texmf/tex/latex/lm/lmodern.sty)
(/usr/share/texlive/texmf-dist/tex/latex/amsmath/amscd.sty)
(/usr/share/texlive/texmf-dist/tex/latex/amsfonts/amssymb.sty)
(/usr/share/texlive/texmf-dist/tex/latex/mathtools/mathtools.sty
(/usr/share/texlive/texmf-dist/tex/latex/graphics/keyval.sty)
(/usr/share/texlive/texmf-dist/tex/latex/tools/calc.sty)
(/usr/share/texlive/texmf-dist/tex/latex/mathtools/mhsetup.sty))
(/usr/share/texlive/texmf-dist/tex/latex/jknapltx/mathrsfs.sty)
(/usr/share/texlive/texmf-dist/tex/latex/microtype/microtype.sty
(/usr/share/texlive/texmf-dist/tex/latex/etoolbox/etoolbox.sty)
(/usr/share/texlive/texmf-dist/tex/latex/microtype/microtype-pdftex.def)
(/usr/share/texlive/texmf-dist/tex/latex/microtype/microtype.cfg))
(/usr/share/texlive/texmf-dist/tex/latex/booktabs/booktabs.sty)
(/usr/share/texlive/texmf-dist/tex/latex/tools/longtable.sty)
(/usr/share/texlive/texmf-dist/tex/latex/geometry/geometry.sty
(/usr/share/texlive/texmf-dist/tex/generic/iftex/ifvtex.sty
(/usr/share/texlive/texmf-dist/tex/generic/iftex/iftex.sty)))
(/usr/share/texlive/texmf-dist/tex/latex/hyperref/xr-hyper.sty)
(/usr/share/texlive/texmf-dist/tex/latex/hyperref/hyperref.sty
(/usr/share/texlive/texmf-dist/tex/latex/kvsetkeys/kvsetkeys.sty)
(/usr/share/texlive/texmf-dist/tex/generic/kvdefinekeys/kvdefinekeys.sty)
(/usr/share/texlive/texmf-dist/tex/generic/pdfescape/pdfescape.sty
(/usr/share/texlive/texmf-dist/tex/generic/ltxcmds/ltxcmds.sty)
(/usr/share/texlive/texmf-dist/tex/generic/pdftexcmds/pdftexcmds.sty
(/usr/share/texlive/texmf-dist/tex/generic/infwarerr/infwarerr.sty)))
(/usr/share/texlive/texmf-dist/tex/latex/hycolor/hycolor.sty)
(/usr/share/texlive/texmf-dist/tex/latex/auxhook/auxhook.sty)
(/usr/share/texlive/texmf-dist/tex/latex/hyperref/nameref.sty
(/usr/share/texlive/texmf-dist/tex/latex/refcount/refcount.sty)
(/usr/share/texlive/texmf-dist/tex/generic/gettitlestring/gettitlestring.sty
(/usr/share/texlive/texmf-dist/tex/latex/kvoptions/kvoptions.sty)))
(/usr/share/texlive/texmf-dist/tex/latex/hyperref/pd1enc.def)
(/usr/share/texlive/texmf-dist/tex/generic/intcalc/intcalc.sty)
(/usr/share/texlive/texmf-dist/tex/latex/hyperref/puenc.def)
(/usr/share/texlive/texmf-dist/tex/latex/url/url.sty)
(/usr/share/texlive/texmf-dist/tex/generic/bitset/bitset.sty
(/usr/share/texlive/texmf-dist/tex/generic/bigintcalc/bigintcalc.sty))
(/usr/share/texlive/texmf-dist/tex/latex/base/atbegshi-ltx.sty))
(/usr/share/texlive/texmf-dist/tex/latex/hyperref/hpdftex.def
(/usr/share/texlive/texmf-dist/tex/latex/base/atveryend-ltx.sty)
(/usr/share/texlive/texmf-dist/tex/latex/rerunfilecheck/rerunfilecheck.sty
(/usr/share/texlive/texmf-dist/tex/generic/uniquecounter/uniquecounter.sty))))
(/usr/share/texmf/tex/latex/lm/t1lmr.fd)
(/usr/share/texlive/texmf-dist/tex/latex/l3backend/l3backend-pdftex.def)
No file archive-v144.aux.
(/usr/share/texmf/tex/latex/lm/ot1lmr.fd)
(/usr/share/texmf/tex/latex/lm/omllmm.fd)
(/usr/share/texmf/tex/latex/lm/omslmsy.fd)
(/usr/share/texmf/tex/latex/lm/omxlmex.fd)
(/usr/share/texlive/texmf-dist/tex/latex/amsfonts/umsa.fd)
(/usr/share/texlive/texmf-dist/tex/latex/amsfonts/umsb.fd)
(/usr/share/texlive/texmf-dist/tex/latex/jknapltx/ursfs.fd)
(/usr/share/texlive/texmf-dist/tex/latex/graphics/graphicx.sty
(/usr/share/texlive/texmf-dist/tex/latex/graphics/graphics.sty
(/usr/share/texlive/texmf-dist/tex/latex/graphics/trig.sty)
(/usr/share/texlive/texmf-dist/tex/latex/graphics-cfg/graphics.cfg)
(/usr/share/texlive/texmf-dist/tex/latex/graphics-def/pdftex.def
(/usr/share/texlive/texmf-dist/tex/context/base/mkii/supp-pdf.mkii
[Loading MPS to PDF converter (version 2006.09.02).]
))) (/usr/share/texlive/texmf-dist/tex/latex/epstopdf-pkg/epstopdf-base.sty
(/usr/share/texlive/texmf-dist/tex/latex/latexconfig/epstopdf-sys.cfg)))
(/usr/share/texlive/texmf-dist/tex/latex/microtype/mt-cmr.cfg)
*geometry* driver: auto-detecting
*geometry* detected driver: pdftex
(./archive-frontmatter.tex) (./parts/00-principal-introduction-v144.tex
(/usr/share/texlive/texmf-dist/tex/latex/microtype/mt-msa.cfg)
(/usr/share/texlive/texmf-dist/tex/latex/microtype/mt-msb.cfg)
(/usr/share/texlive/texmf-dist/tex/latex/amsfonts/ueuf.fd)
(/usr/share/texlive/texmf-dist/tex/latex/microtype/mt-euf.cfg) [1{/var/lib/texm
f/fonts/map/pdftex/updmap/pdftex.map}{/usr/share/texmf/fonts/enc/dvips/lm/lm-ec
.enc}{/usr/share/texmf/fonts/enc/dvips/lm/lm-mathit.enc}{/usr/share/texmf/fonts
/enc/dvips/lm/lm-mathsy.enc}{/usr/share/texmf/fonts/enc/dvips/lm/lm-rm.enc}{/us
r/share/texmf/fonts/enc/dvips/lm/lm-mathex.enc}]

LaTeX Warning: Reference `thm:sharp-finite-pencil' on page 2 undefined on input
 line 80.


LaTeX Warning: Reference `thm:finite-parameter-immersion' on page 2 undefined o
n input line 81.


LaTeX Warning: Reference `thm:universal-finite-neighbourhood' on page 2 undefin
ed on input line 82.


LaTeX Warning: Reference `thm:spectral-finite-torelli' on page 2 undefined on i
nput line 111.


LaTeX Warning: Reference `thm:relative-spectral-readout' on page 2 undefined on
 input line 112.


LaTeX Warning: Reference `thm:fixed-spectral-classification' on page 2 undefine
d on input line 114.


LaTeX Warning: Reference `thm:critical-correspondence-v143' on page 2 undefined
 on input line 124.


LaTeX Warning: Reference `thm:real-critical-cover-v143' on page 2 undefined on 
input line 129.


LaTeX Warning: Reference `thm:totally-real-reciprocal-likelihood' on page 2 und
efined on input line 133.


LaTeX Warning: Citation `FevolaMandelshtamSturmfels' on page 2 undefined on inp
ut line 135.


LaTeX Warning: Reference `thm:projective-critical-v144' on page 2 undefined on 
input line 142.


LaTeX Warning: Reference `thm:critical-ramification-v144' on page 2 undefined o
n input line 143.


LaTeX Warning: Reference `prop:triple-critical-v144' on page 2 undefined on inp
ut line 148.

[2]
Underfull \hbox (badness 1546) in paragraph at lines 166--166
[]\T1/lmr/m/n/10 (+20) One pro-jec-tive frame and the full

Underfull \hbox (badness 10000) in paragraph at lines 168--168
[]\T1/lmr/m/n/10 (+20) Sharp uni-form or-der; pa-ram-e-ter

Underfull \hbox (badness 2326) in paragraph at lines 171--171
[]\T1/lmr/m/n/10 (+20) Reconstructed pen-cil; uni-ver-sal

Underfull \hbox (badness 10000) in paragraph at lines 172--172
[]\T1/lmr/m/n/10 (+20) Congruence-covariant al-ge-braic

LaTeX Warning: Reference `thm:main-web-reconstruction' on page 3 undefined on i
nput line 183.


LaTeX Warning: Citation `FevolaMandelshtamSturmfels' on page 3 undefined on inp
ut line 196.


LaTeX Warning: Citation `TrevisiolSymmetric' on page 3 undefined on input line 
198.


LaTeX Warning: Reference `sec:operator-dictionary-v143' on page 3 undefined on 
input line 202.


LaTeX Warning: Citation `Ballico96' on page 3 undefined on input line 206.


LaTeX Warning: Citation `Ballico93' on page 3 undefined on input line 213.

) (./parts/00-ruling-foundations-v143.tex [3] (./parts/12k-rank-one-fano.tex
[4]

LaTeX Warning: Reference `eq:fano-rank-one-scheme' on page 5 undefined on input
 line 81.

)

LaTeX Warning: Reference `lem:rank-one-fano-scheme' on page 5 undefined on inpu
t line 31.

) (./parts/13a-criterion-v143.tex

LaTeX Warning: Reference `thm:automatic-quadratic-coefficients' on page 5 undef
ined on input line 9.

[5]

LaTeX Warning: Reference `lem:rank-one-fano-scheme' on page 6 undefined on inpu
t line 83.


LaTeX Warning: Reference `lem:oriented-segre-descent' on page 6 undefined on in
put line 86.

[6]) (./parts/18-pencil-proof-v143.tex

LaTeX Warning: Reference `eq:failure-intro' on page 7 undefined on input line 2
3.


LaTeX Warning: Reference `thm:structural-coefficient-reconstruction' on page 7 
undefined on input line 62.

[7]

LaTeX Warning: Reference `eq:general-fitting-factorization' on page 8 undefined
 on input line 103.


LaTeX Warning: Reference `eq:general-normal-cone' on page 8 undefined on input 
line 112.


LaTeX Warning: Reference `lem:rank-one-fano-scheme' on page 8 undefined on inpu
t line 121.


LaTeX Warning: Reference `lem:oriented-segre-descent' on page 8 undefined on in
put line 129.


LaTeX Warning: Reference `eq:automatic-residual-module' on page 8 undefined on 
input line 135.


LaTeX Warning: Reference `eq:general-exterior-decomposition' on page 8 undefine
d on input line 144.


LaTeX Warning: Citation `ChengWang' on page 8 undefined on input line 145.


LaTeX Warning: Reference `eq:automatic-residual-module' on page 8 undefined on 
input line 155.

[8]

LaTeX Warning: Reference `thm:automatic-quadratic-coefficients' on page 9 undef
ined on input line 209.


LaTeX Warning: Reference `lem:pencil-irreducibility' on page 9 undefined on inp
ut line 210.


LaTeX Warning: Reference `eq:general-fitting-factorization' on page 9 undefined
 on input line 231.


LaTeX Warning: Citation `FevolaMandelshtamSturmfels' on page 9 undefined on inp
ut line 242.

[9]

LaTeX Warning: Reference `eq:natural-pencil-torelli' on page 10 undefined on in
put line 281.


LaTeX Warning: Reference `ex:same-discriminant-distinct-failure' on page 10 und
efined on input line 325.


LaTeX Warning: Citation `SmithQuadrics' on page 10 undefined on input line 331.



LaTeX Warning: Reference `thm:natural-pencil-reconstruction' on page 10 undefin
ed on input line 343.


LaTeX Warning: Reference `eq:general-fitting-factorization' on page 10 undefine
d on input line 350.


LaTeX Warning: Reference `eq:same-discriminant-pencils' on page 10 undefined on
 input line 351.

[10]) (./parts/20-finite-neighbourhoods.tex

LaTeX Warning: Reference `sec:natural-pencils' on page 11 undefined on input li
ne 18.


LaTeX Warning: Reference `eq:general-fitting-factorization' on page 11 undefine
d on input line 57.

[11]

LaTeX Warning: Reference `eq:finite-homogeneous-ideal' on page 12 undefined on 
input line 80.


LaTeX Warning: Reference `thm:sharp-finite-pencil' on page 12 undefined on inpu
t line 98.


LaTeX Warning: Reference `eq:finite-homogeneous-ideal' on page 12 undefined on 
input line 99.


LaTeX Warning: Reference `eq:finite-neighbourhood-definition' on page 12 undefi
ned on input line 100.


LaTeX Warning: Reference `lem:first-relation-cone' on page 12 undefined on inpu
t line 110.


LaTeX Warning: Reference `thm:automatic-quadratic-coefficients' on page 12 unde
fined on input line 112.


LaTeX Warning: Reference `eq:finite-homogeneous-ideal' on page 12 undefined on 
input line 124.


LaTeX Warning: Reference `lem:pencil-irreducibility' on page 12 undefined on in
put line 125.


LaTeX Warning: Reference `eq:pencil-exterior-duality' on page 12 undefined on i
nput line 127.


LaTeX Warning: Reference `eq:finite-pencil-equivalences' on page 12 undefined o
n input line 135.


LaTeX Warning: Reference `thm:natural-pencil-reconstruction' on page 12 undefin
ed on input line 136.

[12]

LaTeX Warning: Reference `thm:finite-parameter-immersion' on page 13 undefined 
on input line 201.


LaTeX Warning: Reference `eq:general-coefficient-map' on page 13 undefined on i
nput line 202.


LaTeX Warning: Reference `lem:pencil-irreducibility' on page 13 undefined on in
put line 206.


LaTeX Warning: Reference `lem:line-subspace-immersion' on page 13 undefined on 
input line 221.


LaTeX Warning: Reference `thm:finite-parameter-immersion' on page 13 undefined 
on input line 245.

[13]

LaTeX Warning: Reference `thm:sharp-finite-pencil' on page 14 undefined on inpu
t line 272.


LaTeX Warning: Reference `cor:hyperelliptic-failure-invariant' on page 14 undef
ined on input line 273.


LaTeX Warning: Reference `eq:pencil-detection-order' on page 14 undefined on in
put line 274.


LaTeX Warning: Reference `cor:finite-flat-family' on page 14 undefined on input
 line 281.

) (./parts/21-spectral-specialization.tex

LaTeX Warning: Reference `thm:sharp-finite-pencil' on page 14 undefined on inpu
t line 9.


LaTeX Warning: Citation `FevolaMandelshtamSturmfels' on page 14 undefined on in
put line 31.

[14]

LaTeX Warning: Reference `thm:sharp-finite-pencil' on page 15 undefined on inpu
t line 101.


LaTeX Warning: Reference `eq:spectral-torsion-sequence' on page 15 undefined on
 input line 102.


LaTeX Warning: Reference `lem:spectral-sheaf-similarity' on page 15 undefined o
n input line 110.


LaTeX Warning: Reference `lem:artinian-polynomial-square-root' on page 15 undef
ined on input line 116.

[15]

LaTeX Warning: Reference `eq:fixed-discriminant-specialization' on page 16 unde
fined on input line 203.


LaTeX Warning: Reference `eq:spectral-partition-inversion' on page 16 undefined
 on input line 210.


LaTeX Warning: Reference `thm:spectral-finite-torelli' on page 16 undefined on 
input line 216.


LaTeX Warning: Reference `thm:universal-finite-neighbourhood' on page 16 undefi
ned on input line 223.

[16]

LaTeX Warning: Reference `eq:finite-homogeneous-ideal' on page 17 undefined on 
input line 237.


LaTeX Warning: Reference `thm:finite-parameter-immersion' on page 17 undefined 
on input line 243.


LaTeX Warning: Reference `eq:relative-spectral-finite-algebra' on page 17 undef
ined on input line 247.


LaTeX Warning: Citation `FevolaMandelshtamSturmfels' on page 17 undefined on in
put line 272.


LaTeX Warning: Reference `eq:symmetric-specialization-pair' on page 17 undefine
d on input line 276.


LaTeX Warning: Reference `thm:rank-preserving-specialization' on page 17 undefi
ned on input line 297.

) (./parts/22-relative-spectral-strata.tex [17]

LaTeX Warning: Reference `eq:finite-homogeneous-ideal' on page 18 undefined on 
input line 53.


LaTeX Warning: Reference `thm:finite-parameter-immersion' on page 18 undefined 
on input line 76.


LaTeX Warning: Reference `eq:universal-relation-bundle-map' on page 18 undefine
d on input line 85.


LaTeX Warning: Reference `eq:universal-truncated-algebra' on page 18 undefined 
on input line 94.

[18]

LaTeX Warning: Reference `eq:universal-finite-rank' on page 19 undefined on inp
ut line 102.


LaTeX Warning: Reference `thm:finite-parameter-immersion' on page 19 undefined 
on input line 156.


LaTeX Warning: Reference `thm:finite-parameter-immersion' on page 19 undefined 
on input line 173.


LaTeX Warning: Reference `lem:truncated-spectral-presentation' on page 19 undef
ined on input line 177.


LaTeX Warning: Reference `eq:spectral-incidence-minors' on page 19 undefined on
 input line 180.


LaTeX Warning: Reference `eq:spectral-partition-inversion' on page 19 undefined
 on input line 194.

[19]

LaTeX Warning: Reference `thm:universal-finite-neighbourhood' on page 20 undefi
ned on input line 212.


LaTeX Warning: Citation `FevolaMandelshtamSturmfels' on page 20 undefined on in
put line 215.


LaTeX Warning: Reference `thm:rank-preserving-specialization' on page 20 undefi
ned on input line 217.


LaTeX Warning: Reference `eq:segre-scheme-realization' on page 20 undefined on 
input line 224.

) (./parts/25-fixed-spectral-strata.tex

LaTeX Warning: Reference `sec:relative-spectral-strata' on page 20 undefined on
 input line 4.


LaTeX Warning: Reference `sec:spectral-specialization' on page 20 undefined on 
input line 5.

[20]

LaTeX Warning: Reference `eq:fixed-spectral-locus' on page 21 undefined on inpu
t line 51.


LaTeX Warning: Reference `eq:fixed-spectral-dominance' on page 21 undefined on 
input line 71.


LaTeX Warning: Citation `TrevisiolSymmetric' on page 21 undefined on input line
 81.


LaTeX Warning: Citation `FevolaMandelshtamSturmfels' on page 21 undefined on in
put line 84.


LaTeX Warning: Reference `eq:fixed-spectral-orbit-dimension' on page 21 undefin
ed on input line 98.


LaTeX Warning: Reference `thm:spectral-finite-torelli' on page 21 undefined on 
input line 101.

[21]

LaTeX Warning: Reference `thm:universal-finite-neighbourhood' on page 22 undefi
ned on input line 133.


LaTeX Warning: Reference `thm:finite-parameter-immersion' on page 22 undefined 
on input line 177.


LaTeX Warning: Reference `thm:finite-parameter-immersion' on page 22 undefined 
on input line 207.

) (./parts/23-real-likelihood.tex

LaTeX Warning: Citation `FevolaMandelshtamSturmfels' on page 22 undefined on in
put line 8.

[22]

LaTeX Warning: Reference `eq:grouped-reciprocal-likelihood' on page 23 undefine
d on input line 46.


LaTeX Warning: Citation `FevolaMandelshtamSturmfels' on page 23 undefined on in
put line 54.


LaTeX Warning: Reference `eq:explicit-real-likelihood-data' on page 23 undefine
d on input line 61.

[23]

LaTeX Warning: Reference `thm:totally-real-reciprocal-likelihood' on page 24 un
defined on input line 99.


LaTeX Warning: Reference `eq:real-score-partial-fractions' on page 24 undefined
 on input line 130.


LaTeX Warning: Reference `eq:real-score-elimination' on page 24 undefined on in
put line 149.

[24]) (./parts/26-critical-correspondence-v143.tex
(/usr/share/texmf/tex/latex/lm/ot1lmss.fd)

LaTeX Warning: Reference `thm:sharp-finite-pencil' on page 25 undefined on inpu
t line 54.


LaTeX Warning: Reference `eq:universal-score-v143' on page 25 undefined on inpu
t line 64.


LaTeX Warning: Reference `thm:finite-parameter-immersion' on page 25 undefined 
on input line 71.

[25]

LaTeX Warning: Reference `eq:residue-data-section-v143' on page 26 undefined on
 input line 141.

[26] [27]

LaTeX Warning: Reference `eq:interpolation-polynomial-v143' on page 28 undefine
d on input line 235.


LaTeX Warning: Reference `eq:matrix-grouped-likelihood-v143' on page 28 undefin
ed on input line 243.


LaTeX Warning: Reference `eq:residue-data-section-v143' on page 28 undefined on
 input line 251.


LaTeX Warning: Reference `thm:critical-correspondence-v143' on page 28 undefine
d on input line 258.


LaTeX Warning: Reference `thm:real-critical-cover-v143' on page 28 undefined on
 input line 261.


LaTeX Warning: Reference `eq:spectral-projectors-v143' on page 28 undefined on 
input line 262.


LaTeX Warning: Reference `eq:residue-data-section-v143' on page 28 undefined on
 input line 262.

) (./parts/28-projective-critical-divisor-v144.tex

LaTeX Warning: Reference `sec:critical-correspondence-v143' on page 28 undefine
d on input line 4.


LaTeX Warning: Reference `eq:spectral-projectors-v143' on page 28 undefined on 
input line 32.

[28]

LaTeX Warning: Reference `eq:projective-score-form-v144' on page 29 undefined o
n input line 73.


LaTeX Warning: Citation `StacksCritical144' on page 29 undefined on input line 
122.

[29]

LaTeX Warning: Reference `eq:radial-reconstruction-v144' on page 30 undefined o
n input line 153.


LaTeX Warning: Reference `thm:finite-parameter-immersion' on page 30 undefined 
on input line 157.


LaTeX Warning: Reference `thm:critical-correspondence-v143' on page 30 undefine
d on input line 158.


LaTeX Warning: Reference `thm:projective-critical-v144' on page 30 undefined on
 input line 175.


LaTeX Warning: Reference `thm:real-critical-cover-v143' on page 30 undefined on
 input line 182.


LaTeX Warning: Citation `StacksCritical144' on page 30 undefined on input line 
215.

[30]

LaTeX Warning: Reference `thm:real-critical-cover-v143' on page 31 undefined on
 input line 221.


LaTeX Warning: Reference `eq:radial-reconstruction-v144' on page 31 undefined o
n input line 263.

) (./parts/01-web-context-v143.tex [31]

LaTeX Warning: Reference `eq:failure-intro' on page 32 undefined on input line 
30.


LaTeX Warning: Reference `sec:intrinsic-web-reconstruction' on page 32 undefine
d on input line 50.


LaTeX Warning: Reference `lem:schur-contraction-kernel' on page 32 undefined on
 input line 74.


LaTeX Warning: Reference `thm:exceptional-component-fibres' on page 32 undefine
d on input line 86.


LaTeX Warning: Reference `thm:global-schur-recombination' on page 32 undefined 
on input line 94.

[32]

LaTeX Warning: Reference `thm:uniform-contraction' on page 33 undefined on inpu
t line 113.


LaTeX Warning: Reference `thm:uniform-recombination' on page 33 undefined on in
put line 113.


LaTeX Warning: Citation `LandsbergOttaviani' on page 33 undefined on input line
 128.


LaTeX Warning: Citation `Sheridan' on page 33 undefined on input line 128.


LaTeX Warning: Reference `thm:main-web-reconstruction' on page 33 undefined on 
input line 133.


LaTeX Warning: Reference `sec:polarization' on page 33 undefined on input line 
143.

) (./parts/02a-uniform-support.tex [33] (./parts/02b-shear-descent.tex)

LaTeX Warning: Reference `thm:uniform-contraction' on page 34 undefined on inpu
t line 40.


LaTeX Warning: Reference `lem:shear-descent' on page 34 undefined on input line
 52.


LaTeX Warning: Reference `eq:uniform-j' on page 34 undefined on input line 62.

[34]

LaTeX Warning: Citation `KupfermanShachar' on page 35 undefined on input line 8
0.


LaTeX Warning: Reference `eq:uniform-j' on page 35 undefined on input line 114.



LaTeX Warning: Reference `eq:cofactor-divergence' on page 35 undefined on input
 line 118.

(./parts/02c-full-orthogonal-harmonics.tex

LaTeX Warning: Reference `eq:full-orthogonal-fischer' on page 35 undefined on i
nput line 20.

[35]

LaTeX Warning: Citation `DeBieEelbodeRoels' on page 36 undefined on input line 
80.

)

LaTeX Warning: Reference `thm:uniform-contraction' on page 36 undefined on inpu
t line 125.


LaTeX Warning: Reference `lem:full-orthogonal-harmonics' on page 36 undefined o
n input line 134.


LaTeX Warning: Reference `eq:uniform-harmonics' on page 36 undefined on input l
ine 142.


LaTeX Warning: Reference `eq:uniform-j' on page 36 undefined on input line 152.


[36]

LaTeX Warning: Reference `eq:uniform-coefficient-rule' on page 37 undefined on 
input line 165.


LaTeX Warning: Reference `lem:wick-cofactor' on page 37 undefined on input line
 175.


LaTeX Warning: Citation `LandsbergOttaviani' on page 37 undefined on input line
 188.


LaTeX Warning: Citation `Sheridan' on page 37 undefined on input line 188.


LaTeX Warning: Citation `Carlini' on page 37 undefined on input line 191.


LaTeX Warning: Reference `thm:uniform-contraction' on page 37 undefined on inpu
t line 213.


LaTeX Warning: Citation `LandsbergOttaviani2010' on page 37 undefined on input 
line 234.


LaTeX Warning: Citation `LandsbergOttaviani' on page 37 undefined on input line
 234.

[37]

LaTeX Warning: Reference `thm:uniform-support-table' on page 38 undefined on in
put line 270.


LaTeX Warning: Reference `eq:uniform-pencil-section' on page 38 undefined on in
put line 289.


LaTeX Warning: Reference `thm:uniform-support-table' on page 38 undefined on in
put line 315.


LaTeX Warning: Reference `thm:uniform-recombination' on page 38 undefined on in
put line 317.


LaTeX Warning: Reference `sec:structural-coefficient-principle' on page 38 unde
fined on input line 344.

[38]) (./parts/24-jacobian-casimir.tex

LaTeX Warning: Reference `sec:uniform-support' on page 39 undefined on input li
ne 9.


LaTeX Warning: Reference `eq:uniform-j' on page 39 undefined on input line 12.


LaTeX Warning: Reference `eq:mixed-jacobian-contraction' on page 39 undefined o
n input line 75.

[39]

LaTeX Warning: Citation `HoweClassical' on page 40 undefined on input line 96.


LaTeX Warning: Citation `DeBieEelbodeRoels' on page 40 undefined on input line 
114.


LaTeX Warning: Reference `eq:jacobian-casimir-composite' on page 40 undefined o
n input line 136.


LaTeX Warning: Reference `eq:contraction-gram-casimir' on page 40 undefined on 
input line 171.

[40]

LaTeX Warning: Reference `thm:uniform-contraction' on page 41 undefined on inpu
t line 184.

) (./parts/02-relations.tex

LaTeX Warning: Reference `eq:Y-intro' on page 41 undefined on input line 32.


LaTeX Warning: Reference `lem:contraction' on page 41 undefined on input line 5
2.

[41]) (./parts/03-fitting-core.tex [42]

LaTeX Warning: Reference `eq:full-matrix-ideal' on page 43 undefined on input l
ine 28.


LaTeX Warning: Reference `eq:firstorder' on page 43 undefined on input line 74.



LaTeX Warning: Reference `eq:full-matrix-ideal' on page 43 undefined on input l
ine 78.


LaTeX Warning: Reference `prop:relative-open' on page 43 undefined on input lin
e 79.


LaTeX Warning: Reference `eq:normal-global' on page 43 undefined on input line 
87.

[43]) (./parts/12-web-proof-v143.tex [44]

LaTeX Warning: Reference `eq:deepest-cone-equation' on page 45 undefined on inp
ut line 130.


LaTeX Warning: Reference `lem:rank-one-fano-scheme' on page 45 undefined on inp
ut line 149.

[45] (./parts/12j-residual-v143.tex

LaTeX Warning: Reference `lem:deepest-normal-cone' on page 46 undefined on inpu
t line 4.


LaTeX Warning: Reference `lem:deepest-normal-cone' on page 46 undefined on inpu
t line 44.


LaTeX Warning: Reference `eq:determinant-line-bundle' on page 46 undefined on i
nput line 50.


LaTeX Warning: Reference `eq:twisted-residual-piece' on page 46 undefined on in
put line 57.


LaTeX Warning: Reference `eq:twisted-residual-piece' on page 46 undefined on in
put line 61.

) (./parts/12a-universal-readout.tex [46]

LaTeX Warning: Reference `eq:universal-coefficient-map' on page 47 undefined on
 input line 52.


LaTeX Warning: Reference `eq:two-web-components' on page 47 undefined on input 
line 64.


LaTeX Warning: Citation `FultonHarris' on page 47 undefined on input line 69.


LaTeX Warning: Citation `DCEP' on page 47 undefined on input line 69.


LaTeX Warning: Reference `eq:minor-two-summands' on page 47 undefined on input 
line 96.

[47]

LaTeX Warning: Reference `eq:fixed-slice-universal' on page 48 undefined on inp
ut line 115.


LaTeX Warning: Reference `eq:explicit-exterior-duality' on page 48 undefined on
 input line 139.

)

LaTeX Warning: Reference `lem:deepest-normal-cone' on page 48 undefined on inpu
t line 196.


LaTeX Warning: Reference `lem:intrinsic-residual-ideal' on page 48 undefined on
 input line 202.


LaTeX Warning: Reference `lem:universal-schur-readout' on page 48 undefined on 
input line 213.


LaTeX Warning: Reference `lem:readout-exterior-twist' on page 48 undefined on i
nput line 224.


LaTeX Warning: Reference `lem:common-g-functoriality' on page 48 undefined on i
nput line 229.

(./parts/12b-functoriality.tex [48]

LaTeX Warning: Reference `lem:deepest-normal-cone' on page 49 undefined on inpu
t line 20.


LaTeX Warning: Reference `eq:graded-cone-functoriality' on page 49 undefined on
 input line 30.


LaTeX Warning: Citation `StacksNormalCone' on page 49 undefined on input line 3
2.


LaTeX Warning: Reference `lem:rank-one-fano-scheme' on page 49 undefined on inp
ut line 63.


LaTeX Warning: Reference `lem:deepest-normal-cone' on page 49 undefined on inpu
t line 74.


LaTeX Warning: Reference `lem:oriented-segre-descent' on page 49 undefined on i
nput line 75.


LaTeX Warning: Reference `eq:full-intrinsic-chain' on page 49 undefined on inpu
t line 93.

[49]

LaTeX Warning: Reference `lem:intrinsic-residual-ideal' on page 50 undefined on
 input line 114.


LaTeX Warning: Reference `lem:readout-exterior-twist' on page 50 undefined on i
nput line 127.

) (./parts/12d-schur-support.tex

LaTeX Warning: Reference `eq:two-web-components' on page 50 undefined on input 
line 29.


LaTeX Warning: Citation `Carlini' on page 50 undefined on input line 45.

(./parts/12f-structural-lemmas.tex [50]

LaTeX Warning: Reference `lem:shear-descent' on page 51 undefined on input line
 3.


LaTeX Warning: Reference `eq:explicit-so4-exterior-cube' on page 51 undefined o
n input line 83.

[51]) (./parts/12g-contraction-proof.tex

LaTeX Warning: Reference `eq:polarized-schur-embedding' on page 52 undefined on
 input line 17.


LaTeX Warning: Reference `lem:shear-descent' on page 52 undefined on input line
 23.


LaTeX Warning: Reference `lem:shear-descent' on page 52 undefined on input line
 51.


LaTeX Warning: Reference `eq:singular-contraction-kernel' on page 52 undefined 
on input line 53.

[52]

LaTeX Warning: Reference `lem:orthogonal-exterior-cube' on page 53 undefined on
 input line 77.


LaTeX Warning: Reference `eq:schur-polarization-formula' on page 53 undefined o
n input line 86.


LaTeX Warning: Reference `eq:nonsingular-contraction-kernel' on page 53 undefin
ed on input line 100.

)

LaTeX Warning: Reference `eq:schur-support-table' on page 53 undefined on input
 line 104.


LaTeX Warning: Reference `eq:exterior-support-annihilator' on page 53 undefined
 on input line 112.

[53]

LaTeX Warning: Reference `eq:jacobian-schur-normalization' on page 54 undefined
 on input line 157.


LaTeX Warning: Reference `prop:exact-schur-support' on page 54 undefined on inp
ut line 158.


LaTeX Warning: Reference `lem:secant-tangent-support' on page 54 undefined on i
nput line 175.


LaTeX Warning: Reference `eq:global-reconstruction-open-equality' on page 54 un
defined on input line 185.


LaTeX Warning: Reference `thm:global-schur-recombination' on page 54 undefined 
on input line 209.


LaTeX Warning: Reference `thm:generic-intrinsic-web' on page 54 undefined on in
put line 212.

)

LaTeX Warning: Reference `thm:generic-intrinsic-web' on page 54 undefined on in
put line 236.


LaTeX Warning: Reference `thm:global-schur-recombination' on page 54 undefined 
on input line 237.


LaTeX Warning: Reference `eq:reconstruction-open' on page 54 undefined on input
 line 240.


LaTeX Warning: Reference `lem:differential' on page 54 undefined on input line 
242.


LaTeX Warning: Reference `app:separating-pencils' on page 54 undefined on input
 line 242.

[54]

LaTeX Warning: Reference `eq:exact-plucker-pencil' on page 55 undefined on inpu
t line 252.


LaTeX Warning: Reference `lem:common-g-functoriality' on page 55 undefined on i
nput line 262.


LaTeX Warning: Reference `lem:universal-schur-readout' on page 55 undefined on 
input line 263.


LaTeX Warning: Reference `lem:algebra-orbits' on page 55 undefined on input lin
e 273.


LaTeX Warning: Reference `thm:torelli-monodromy' on page 55 undefined on input 
line 279.


LaTeX Warning: Reference `thm:generic-intrinsic-web' on page 55 undefined on in
put line 289.

) (./parts/13b-web-polar-v143.tex

LaTeX Warning: Reference `thm:structural-coefficient-reconstruction' on page 55
 undefined on input line 4.


LaTeX Warning: Reference `thm:main-web-reconstruction' on page 55 undefined on 
input line 19.


LaTeX Warning: Reference `lem:deepest-normal-cone' on page 55 undefined on inpu
t line 23.


LaTeX Warning: Reference `lem:intrinsic-residual-ideal' on page 55 undefined on
 input line 25.


LaTeX Warning: Reference `eq:structural-coefficient-hypothesis' on page 55 unde
fined on input line 26.


LaTeX Warning: Reference `lem:universal-schur-readout' on page 55 undefined on 
input line 27.


LaTeX Warning: Reference `lem:readout-exterior-twist' on page 55 undefined on i
nput line 28.


LaTeX Warning: Reference `thm:global-schur-recombination' on page 55 undefined 
on input line 29.

[55]

LaTeX Warning: Reference `eq:polar-fitting-map' on page 56 undefined on input l
ine 90.


LaTeX Warning: Reference `eq:polar-residual-factorization' on page 56 undefined
 on input line 97.

[56]

LaTeX Warning: Reference `thm:structural-coefficient-reconstruction' on page 57
 undefined on input line 145.


LaTeX Warning: Reference `sec:natural-pencils' on page 57 undefined on input li
ne 163.


LaTeX Warning: Reference `eq:polar-system-torelli' on page 57 undefined on inpu
t line 164.

) (./parts/04-polarization.tex

LaTeX Warning: Reference `eq:graph-E' on page 57 undefined on input line 4.

[57]

LaTeX Warning: Reference `eq:vanish-symmetric' on page 58 undefined on input li
ne 36.


LaTeX Warning: Reference `thm:normal-form' on page 58 undefined on input line 6
2.


LaTeX Warning: Reference `eq:line-cancellation' on page 58 undefined on input l
ine 72.


LaTeX Warning: Reference `thm:main-reconstruction' on page 58 undefined on inpu
t line 76.


LaTeX Warning: Reference `prop:canonical-line' on page 58 undefined on input li
ne 81.


LaTeX Warning: Reference `lem:no-functions' on page 58 undefined on input line 
81.


LaTeX Warning: Reference `prop:full-fitting' on page 58 undefined on input line
 101.


LaTeX Warning: Citation `Kollar' on page 58 undefined on input line 123.

[58]) (./parts/05-moduli.tex

LaTeX Warning: Reference `thm:main-moduli' on page 59 undefined on input line 3
.


LaTeX Warning: Reference `sec:certificates' on page 59 undefined on input line 
50.

[59]

LaTeX Warning: Reference `lem:differential' on page 60 undefined on input line 
72.


LaTeX Warning: Reference `prop:relative-open' on page 60 undefined on input lin
e 77.


LaTeX Warning: Citation `Huy' on page 60 undefined on input line 91.


LaTeX Warning: Reference `thm:main-moduli' on page 60 undefined on input line 1
03.


LaTeX Warning: Reference `prop:nine-image' on page 60 undefined on input line 1
04.


LaTeX Warning: Reference `thm:main-reconstruction' on page 60 undefined on inpu
t line 105.


LaTeX Warning: Reference `lem:algebra-orbits' on page 60 undefined on input lin
e 106.


LaTeX Warning: Reference `cor:relative-flat' on page 60 undefined on input line
 118.


LaTeX Warning: Reference `thm:main-reconstruction' on page 60 undefined on inpu
t line 124.


LaTeX Warning: Reference `eq:graph-delta' on page 60 undefined on input line 12
5.

) (./parts/07-classical.tex

LaTeX Warning: Reference `thm:main-reconstruction' on page 60 undefined on inpu
t line 15.

[60]

LaTeX Warning: Citation `IK' on page 61 undefined on input line 40.


LaTeX Warning: Citation `DK' on page 61 undefined on input line 43.


LaTeX Warning: Reference `prop:incidence-bridge' on page 61 undefined on input 
line 43.

) (./parts/15-support-literature.tex

LaTeX Warning: Reference `thm:uniform-contraction' on page 61 undefined on inpu
t line 13.


LaTeX Warning: Reference `eq:exterior-support-annihilator' on page 61 undefined
 on input line 27.


LaTeX Warning: Citation `Carlini' on page 61 undefined on input line 33.

[61]

LaTeX Warning: Reference `prop:exact-schur-support' on page 62 undefined on inp
ut line 58.


LaTeX Warning: Reference `eq:pullback-support-eight' on page 62 undefined on in
put line 74.


LaTeX Warning: Citation `Boralevi' on page 62 undefined on input line 81.


LaTeX Warning: Reference `lem:secant-tangent-support' on page 62 undefined on i
nput line 84.


LaTeX Warning: Citation `LandsbergOttaviani2010' on page 62 undefined on input 
line 92.


LaTeX Warning: Citation `LandsbergOttaviani' on page 62 undefined on input line
 93.


LaTeX Warning: Citation `Sheridan' on page 62 undefined on input line 98.


LaTeX Warning: Reference `thm:uniform-contraction' on page 62 undefined on inpu
t line 108.


LaTeX Warning: Reference `thm:uniform-support-table' on page 62 undefined on in
put line 109.


LaTeX Warning: Citation `LandsbergWeyman' on page 62 undefined on input line 11
7.


LaTeX Warning: Reference `eq:pullback-support-four' on page 62 undefined on inp
ut line 121.


LaTeX Warning: Reference `eq:pullback-support-nine' on page 62 undefined on inp
ut line 121.

[62]

LaTeX Warning: Reference `lem:universal-schur-readout' on page 63 undefined on 
input line 136.


LaTeX Warning: Reference `lem:orthogonal-exterior-cube' on page 63 undefined on
 input line 140.


LaTeX Warning: Reference `thm:uniform-contraction' on page 63 undefined on inpu
t line 144.


LaTeX Warning: Reference `lem:schur-contraction-kernel' on page 63 undefined on
 input line 146.


LaTeX Warning: Citation `Ballico93' on page 63 undefined on input line 157.


LaTeX Warning: Citation `ChengWang' on page 63 undefined on input line 164.


LaTeX Warning: Citation `DeBieEelbodeRoels' on page 63 undefined on input line 
175.


LaTeX Warning: Reference `lem:full-orthogonal-harmonics' on page 63 undefined o
n input line 179.


LaTeX Warning: Reference `lem:wick-cofactor' on page 63 undefined on input line
 186.


LaTeX Warning: Citation `KupfermanShachar' on page 63 undefined on input line 1
88.


LaTeX Warning: Reference `thm:structural-coefficient-reconstruction' on page 63
 undefined on input line 203.


LaTeX Warning: Reference `thm:polar-system-torelli' on page 63 undefined on inp
ut line 205.

(./parts/19-operator-comparison.tex

LaTeX Warning: Citation `HoweClassical' on page 63 undefined on input line 6.


LaTeX Warning: Reference `thm:uniform-contraction' on page 63 undefined on inpu
t line 10.

[63]

LaTeX Warning: Citation `OliveGordan' on page 64 undefined on input line 21.


LaTeX Warning: Reference `sec:uniform-support' on page 64 undefined on input li
ne 49.


LaTeX Warning: Reference `sec:uniform-support' on page 64 undefined on input li
ne 70.


LaTeX Warning: Reference `eq:general-coefficient-map' on page 64 undefined on i
nput line 76.

)) (./parts/27-operator-dictionary-v143.tex [64]

LaTeX Warning: Reference `thm:mixed-jacobian-contraction' on page 65 undefined 
on input line 14.


LaTeX Warning: Reference `eq:operator-dictionary-v143' on page 65 undefined on 
input line 50.


LaTeX Warning: Reference `cor:singular-kernel-mixed' on page 65 undefined on in
put line 53.


LaTeX Warning: Citation `DeBieEelbodeRoels' on page 65 undefined on input line 
57.


LaTeX Warning: Reference `eq:operator-dictionary-v143' on page 65 undefined on 
input line 61.


LaTeX Warning: Citation `ChengWang' on page 65 undefined on input line 63.

) (./parts/03-relative-powers.tex [65]

LaTeX Warning: Reference `eq:relative-sequence' on page 66 undefined on input l
ine 56.


LaTeX Warning: Reference `lem:flat-flag' on page 66 undefined on input line 71.



LaTeX Warning: Reference `eq:power-sequence' on page 66 undefined on input line
 72.


LaTeX Warning: Reference `eq:powers' on page 66 undefined on input line 73.


LaTeX Warning: Reference `eq:graph-delta' on page 66 undefined on input line 77
.


LaTeX Warning: Reference `eq:graph-E' on page 66 undefined on input line 77.


LaTeX Warning: Reference `prop:relative-open' on page 66 undefined on input lin
e 78.


LaTeX Warning: Reference `cor:powers' on page 66 undefined on input line 80.

) (./parts/04-depth.tex

LaTeX Warning: Reference `prop:full-fitting' on page 66 undefined on input line
 27.


LaTeX Warning: Reference `thm:normal-form' on page 66 undefined on input line 2
8.

[66]

LaTeX Warning: Reference `eq:depth-filtration' on page 67 undefined on input li
ne 36.


LaTeX Warning: Reference `thm:normal-form' on page 67 undefined on input line 5
7.


LaTeX Warning: Reference `prop:canonical-line' on page 67 undefined on input li
ne 58.


LaTeX Warning: Reference `thm:main-reconstruction' on page 67 undefined on inpu
t line 59.


LaTeX Warning: Reference `eq:depth-filtration' on page 67 undefined on input li
ne 62.


LaTeX Warning: Reference `thm:global-residual-colon' on page 67 undefined on in
put line 75.


LaTeX Warning: Reference `sec:coranktwo' on page 67 undefined on input line 87.



LaTeX Warning: Reference `sec:ranktwo-boundary' on page 67 undefined on input l
ine 92.


LaTeX Warning: Reference `sec:stratified-nilpotent' on page 67 undefined on inp
ut line 93.


LaTeX Warning: Reference `thm:decomposable-kernel-wall' on page 67 undefined on
 input line 112.


LaTeX Warning: Citation `BayerEisenbud' on page 67 undefined on input line 128.



LaTeX Warning: Citation `Manolache' on page 67 undefined on input line 128.


LaTeX Warning: Citation `Drezet' on page 67 undefined on input line 128.


LaTeX Warning: Reference `eq:depth-filtration' on page 67 undefined on input li
ne 129.

[67]) (./parts/10-reye-priority.tex

LaTeX Warning: Reference `sec:classical' on page 68 undefined on input line 14.



LaTeX Warning: Citation `Cossec' on page 68 undefined on input line 18.


LaTeX Warning: Citation `ArrondoSols' on page 68 undefined on input line 18.


LaTeX Warning: Citation `DolgachevReider' on page 68 undefined on input line 18
.


LaTeX Warning: Citation `IK' on page 68 undefined on input line 18.


LaTeX Warning: Citation `DK' on page 68 undefined on input line 18.


LaTeX Warning: Citation `MMV' on page 68 undefined on input line 18.


LaTeX Warning: Citation `MMV' on page 68 undefined on input line 27.


LaTeX Warning: Reference `thm:main-moduli' on page 68 undefined on input line 5
1.

[68]

LaTeX Warning: Reference `prop:reye-tangent' on page 69 undefined on input line
 92.


LaTeX Warning: Reference `prop:reye-tangent' on page 69 undefined on input line
 114.


LaTeX Warning: Reference `lem:differential' on page 69 undefined on input line 
117.


LaTeX Warning: Reference `thm:main-moduli' on page 69 undefined on input line 1
26.


LaTeX Warning: Reference `thm:main-moduli' on page 69 undefined on input line 1
45.


LaTeX Warning: Reference `thm:generic-intrinsic-web' on page 69 undefined on in
put line 154.


LaTeX Warning: Reference `sec:ranktwo-boundary' on page 69 undefined on input l
ine 159.

[69]

LaTeX Warning: Reference `thm:main-moduli' on page 70 undefined on input line 1
72.


LaTeX Warning: Reference `thm:generic-intrinsic-web' on page 70 undefined on in
put line 201.


LaTeX Warning: Reference `cor:separate-torelli-packet' on page 70 undefined on 
input line 203.


LaTeX Warning: Reference `thm:main-moduli' on page 70 undefined on input line 2
11.


LaTeX Warning: Citation `BayerEisenbud' on page 70 undefined on input line 244.



LaTeX Warning: Citation `Manolache' on page 70 undefined on input line 245.


LaTeX Warning: Citation `Drezet' on page 70 undefined on input line 247.

[70]

LaTeX Warning: Citation `Ballico93' on page 71 undefined on input line 279.


LaTeX Warning: Citation `Ballico96' on page 71 undefined on input line 282.


LaTeX Warning: Reference `thm:torelli-monodromy' on page 71 undefined on input 
line 327.


LaTeX Warning: Reference `thm:generic-intrinsic-web' on page 71 undefined on in
put line 329.

(./parts/13-inverse-comparison.tex

LaTeX Warning: Citation `MMV' on page 71 undefined on input line 5.


LaTeX Warning: Citation `MMV' on page 71 undefined on input line 15.

[71]

LaTeX Warning: Reference `thm:main-reconstruction' on page 72 undefined on inpu
t line 18.


LaTeX Warning: Reference `thm:torelli-monodromy' on page 72 undefined on input 
line 21.


LaTeX Warning: Reference `thm:generic-intrinsic-web' on page 72 undefined on in
put line 24.


LaTeX Warning: Reference `lem:universal-schur-readout' on page 72 undefined on 
input line 28.


LaTeX Warning: Reference `lem:common-g-functoriality' on page 72 undefined on i
nput line 29.


LaTeX Warning: Citation `StacksGenericFree' on page 72 undefined on input line 
43.


LaTeX Warning: Citation `StacksFlattening' on page 72 undefined on input line 4
3.


LaTeX Warning: Citation `StacksRelativeAssassin' on page 72 undefined on input 
line 43.


LaTeX Warning: Citation `StacksDescent' on page 72 undefined on input line 43.

)) (./parts/16-ambient-pencil.tex (./parts/12c-exceptional-fibres.tex [72]
[73]

LaTeX Warning: Reference `eq:exceptional-tangent-criterion' on page 74 undefine
d on input line 105.


LaTeX Warning: Reference `lem:common-g-functoriality' on page 74 undefined on i
nput line 126.


LaTeX Warning: Reference `thm:global-schur-recombination' on page 74 undefined 
on input line 132.


LaTeX Warning: Reference `app:separating-pencils' on page 74 undefined on input
 line 141.

) (./parts/12e-global-rank-strata.tex (./parts/12i-residual-sections.tex
[74])

LaTeX Warning: Citation `StacksUnramified' on page 75 undefined on input line 4
6.

[75]

LaTeX Warning: Reference `lem:residual-cartier-sections' on page 76 undefined o
n input line 70.


LaTeX Warning: Reference `eq:ramification-evaluation-ideal' on page 76 undefine
d on input line 84.


LaTeX Warning: Reference `thm:global-schur-recombination' on page 76 undefined 
on input line 88.

) (./parts/12h-coordinate-parity.tex

LaTeX Warning: Reference `lem:orthogonal-exterior-cube' on page 76 undefined on
 input line 3.

)) (./parts/14-boundary-overview.tex [76]

LaTeX Warning: Reference `thm:sharp-global-jacobian-depth' on page 77 undefined
 on input line 12.


LaTeX Warning: Reference `prop:smooth-web-rank-admissibility' on page 77 undefi
ned on input line 24.


LaTeX Warning: Reference `thm:global-minimal-supports' on page 77 undefined on 
input line 32.


LaTeX Warning: Reference `thm:cross-corank-incidence' on page 77 undefined on i
nput line 36.


LaTeX Warning: Reference `prop:cross-corank-graded-fibres' on page 77 undefined
 on input line 38.


LaTeX Warning: Citation `BrunsVasconcelos' on page 77 undefined on input line 5
1.


LaTeX Warning: Reference `thm:quotient-induced-primary-law' on page 77 undefine
d on input line 53.

[77]

LaTeX Warning: Reference `sec:stratified-nilpotent' on page 78 undefined on inp
ut line 92.


LaTeX Warning: Reference `eq:intro-graded-packet' on page 78 undefined on input
 line 101.


LaTeX Warning: Reference `thm:corank-two-mixed-kernel-atlas' on page 78 undefin
ed on input line 128.


LaTeX Warning: Reference `thm:generic-primary-signatures' on page 78 undefined 
on input line 129.


LaTeX Warning: Reference `thm:sharp-global-jacobian-depth' on page 78 undefined
 on input line 143.


LaTeX Warning: Reference `sec:relative-primary-specialization' on page 78 undef
ined on input line 168.

[78]

LaTeX Warning: Reference `thm:generic-intrinsic-web' on page 79 undefined on in
put line 240.


LaTeX Warning: Reference `cor:separate-torelli-packet' on page 79 undefined on 
input line 242.


LaTeX Warning: Reference `sec:sharp-global-laws' on page 79 undefined on input 
line 246.

) (./parts/01b-boundary-atlas.tex

LaTeX Warning: Reference `thm:global-residual-colon' on page 79 undefined on in
put line 5.

[79]

LaTeX Warning: Reference `thm:all-corank-presentation' on page 80 undefined on 
input line 16.


LaTeX Warning: Reference `prop:smooth-web-rank-admissibility' on page 80 undefi
ned on input line 113.


LaTeX Warning: Reference `thm:sharp-global-jacobian-depth' on page 80 undefined
 on input line 115.

[80]

LaTeX Warning: Reference `sec:stratified-nilpotent' on page 81 undefined on inp
ut line 151.


LaTeX Warning: Reference `thm:generic-slice-certification' on page 81 undefined
 on input line 163.

[81]

LaTeX Warning: Reference `eq:atlas-residual-J' on page 82 undefined on input li
ne 251.

[82]

LaTeX Warning: Reference `lem:graded-flat-diagram' on page 83 undefined on inpu
t line 317.

(./parts/01c-graded-universal.tex

LaTeX Warning: Reference `thm:bounded-principal-colon-stratification' on page 8
3 undefined on input line 37.


LaTeX Warning: Reference `prop:relative-primary-models' on page 83 undefined on
 input line 40.


LaTeX Warning: Reference `prop:no-new-packet-torsion' on page 83 undefined on i
nput line 41.


LaTeX Warning: Reference `lem:graded-flat-diagram' on page 83 undefined on inpu
t line 42.


LaTeX Warning: Reference `eq:universal-finite-multiplications' on page 83 undef
ined on input line 49.


LaTeX Warning: Reference `lem:graded-flat-diagram' on page 83 undefined on inpu
t line 51.

[83]

LaTeX Warning: Reference `eq:universal-finite-multiplications' on page 84 undef
ined on input line 62.


LaTeX Warning: Reference `prop:relative-primary-models' on page 84 undefined on
 input line 66.

)

LaTeX Warning: Reference `thm:finite-all-corank-depth' on page 84 undefined on 
input line 331.


LaTeX Warning: Reference `eq:atlas-multiplication' on page 84 undefined on inpu
t line 338.


LaTeX Warning: Reference `sec:relative-primary-specialization' on page 84 undef
ined on input line 375.


LaTeX Warning: Reference `thm:bounded-principal-colon-stratification' on page 8
4 undefined on input line 376.

[84]

LaTeX Warning: Reference `eq:wedge6-sym2-decomposition' on page 85 undefined on
 input line 469.


LaTeX Warning: Reference `eq:corank4-depth' on page 85 undefined on input line 
470.


LaTeX Warning: Reference `eq:wedge6-sym2-decomposition' on page 85 undefined on
 input line 478.


LaTeX Warning: Reference `eq:corank4-depth' on page 85 undefined on input line 
487.


LaTeX Warning: Reference `thm:finite-all-corank-depth' on page 85 undefined on 
input line 490.


LaTeX Warning: Reference `thm:corank-two-mixed-kernel-atlas' on page 85 undefin
ed on input line 491.


LaTeX Warning: Reference `thm:corank-three-depth' on page 85 undefined on input
 line 492.


LaTeX Warning: Reference `thm:corank-four-jacobian' on page 85 undefined on inp
ut line 493.


LaTeX Warning: Reference `sec:relative-primary-specialization' on page 85 undef
ined on input line 495.

) (./parts/06-coranktwo.tex [85]

LaTeX Warning: Reference `eq:C-star' on page 86 undefined on input line 43.


LaTeX Warning: Reference `lem:differential' on page 86 undefined on input line 
65.

[86]

LaTeX Warning: Reference `prop:full-fitting' on page 87 undefined on input line
 86.


LaTeX Warning: Reference `lem:residual-matrix' on page 87 undefined on input li
ne 121.

[87]

LaTeX Warning: Reference `eq:main-coranktwo' on page 88 undefined on input line
 180.


LaTeX Warning: Reference `lem:cone-ideal' on page 88 undefined on input line 21
1.


LaTeX Warning: Reference `eq:N-square' on page 88 undefined on input line 229.


LaTeX Warning: Reference `thm:main-coranktwo' on page 88 undefined on input lin
e 236.


LaTeX Warning: Reference `lem:good-open' on page 88 undefined on input line 237
.


LaTeX Warning: Reference `lem:residual-matrix' on page 88 undefined on input li
ne 238.


LaTeX Warning: Reference `lem:cone-ideal' on page 88 undefined on input line 23
8.


LaTeX Warning: Reference `thm:coranktwo-proof' on page 88 undefined on input li
ne 239.


LaTeX Warning: Reference `eq:N-square' on page 88 undefined on input line 243.

[88]) (./parts/08-corank-boundary.tex

LaTeX Warning: Reference `sec:stratified-nilpotent' on page 89 undefined on inp
ut line 10.


LaTeX Warning: Reference `prop:full-fitting' on page 89 undefined on input line
 54.


LaTeX Warning: Reference `eq:all-corank-presentation' on page 89 undefined on i
nput line 68.

[89]

LaTeX Warning: Reference `prop:full-fitting' on page 90 undefined on input line
 107.


LaTeX Warning: Reference `eq:all-ranktwo-presentation' on page 90 undefined on 
input line 117.


LaTeX Warning: Reference `sec:stratified-nilpotent' on page 90 undefined on inp
ut line 126.


LaTeX Warning: Reference `def:good-pair' on page 90 undefined on input line 142
.


LaTeX Warning: Reference `lem:residual-matrix' on page 90 undefined on input li
ne 144.


LaTeX Warning: Reference `eq:residual-matrix' on page 90 undefined on input lin
e 149.


LaTeX Warning: Reference `lem:cone-ideal' on page 90 undefined on input line 17
3.


LaTeX Warning: Reference `eq:rootfree' on page 90 undefined on input line 186.


LaTeX Warning: Reference `lem:cone-ideal' on page 90 undefined on input line 18
8.

[90]

LaTeX Warning: Reference `lem:rootfree' on page 91 undefined on input line 211.



LaTeX Warning: Reference `eq:universal-contact-quartic' on page 91 undefined on
 input line 265.

[91]

LaTeX Warning: Reference `eq:universal-contact-quartic' on page 92 undefined on
 input line 301.


LaTeX Warning: Reference `lem:good-open' on page 92 undefined on input line 313
.


LaTeX Warning: Reference `prop:contact-cover' on page 92 undefined on input lin
e 314.


LaTeX Warning: Reference `def:mixed-regular' on page 92 undefined on input line
 316.


LaTeX Warning: Reference `thm:coranktwo-proof' on page 92 undefined on input li
ne 320.


LaTeX Warning: Reference `eq:contact-cover' on page 92 undefined on input line 
329.


LaTeX Warning: Reference `thm:collision-depth' on page 92 undefined on input li
ne 337.


LaTeX Warning: Reference `thm:saturated-contact' on page 92 undefined on input 
line 346.


LaTeX Warning: Reference `thm:main-depth' on page 92 undefined on input line 35
1.


LaTeX Warning: Reference `thm:main-depth' on page 92 undefined on input line 35
4.


LaTeX Warning: Reference `thm:collision-depth' on page 92 undefined on input li
ne 357.


LaTeX Warning: Reference `prop:contact-cover' on page 92 undefined on input lin
e 358.


LaTeX Warning: Reference `sec:stratified-nilpotent' on page 92 undefined on inp
ut line 363.

) (./parts/09-stratified-nilpotent.tex

LaTeX Warning: Reference `lem:rootfree' on page 92 undefined on input line 4.

[92]

LaTeX Warning: Reference `prop:full-fitting' on page 93 undefined on input line
 86.


LaTeX Warning: Reference `eq:global-residual-factorization' on page 93 undefine
d on input line 95.


LaTeX Warning: Reference `eq:global-ann-colon' on page 93 undefined on input li
ne 106.


LaTeX Warning: Reference `eq:global-graded-piece' on page 93 undefined on input
 line 124.


LaTeX Warning: Reference `eq:global-graded-piece' on page 93 undefined on input
 line 127.


LaTeX Warning: Reference `eq:global-gr-colon' on page 93 undefined on input lin
e 128.


LaTeX Warning: Reference `eq:nilpotency-colon-index' on page 93 undefined on in
put line 130.

[93]

LaTeX Warning: Reference `eq:failure-contact-vertex' on page 94 undefined on in
put line 195.

[94]

LaTeX Warning: Reference `eq:J-contact-intersection' on page 95 undefined on in
put line 235.


LaTeX Warning: Reference `eq:failure-contact-vertex' on page 95 undefined on in
put line 254.


LaTeX Warning: Reference `eq:contact-graded-sections' on page 95 undefined on i
nput line 257.


LaTeX Warning: Reference `eq:contact-Cartier-divisor' on page 95 undefined on i
nput line 260.


LaTeX Warning: Reference `eq:failure-contact-vertex' on page 95 undefined on in
put line 270.


LaTeX Warning: Reference `eq:associated-primes-mixed-regular' on page 95 undefi
ned on input line 286.


LaTeX Warning: Reference `eq:containment-local-ideal' on page 95 undefined on i
nput line 318.


LaTeX Warning: Reference `eq:collision-primary-type' on page 95 undefined on in
put line 324.

[95]

LaTeX Warning: Reference `eq:grade-one-contact' on page 96 undefined on input l
ine 374.


LaTeX Warning: Reference `thm:collision-depth' on page 96 undefined on input li
ne 389.


LaTeX Warning: Reference `eq:grade-two-vertex' on page 96 undefined on input li
ne 390.


LaTeX Warning: Reference `eq:global-associated-graded' on page 96 undefined on 
input line 392.


LaTeX Warning: Reference `eq:Z1Z2-exact' on page 96 undefined on input line 399
.

[96]

LaTeX Warning: Reference `eq:decomposable-linear-block' on page 97 undefined on
 input line 469.


LaTeX Warning: Reference `eq:decomposable-colon' on page 97 undefined on input 
line 500.


LaTeX Warning: Reference `eq:containment-local-ideal' on page 97 undefined on i
nput line 526.

[97]

LaTeX Warning: Reference `thm:saturated-contact' on page 98 undefined on input 
line 552.

) (./parts/09b-boundary-atlas-proofs.tex

LaTeX Warning: Reference `sec:boundary-atlas-statement' on page 98 undefined on
 input line 5.


LaTeX Warning: Reference `prop:full-fitting' on page 98 undefined on input line
 9.


LaTeX Warning: Reference `thm:universal-det-completion' on page 98 undefined on
 input line 13.


LaTeX Warning: Reference `thm:finite-all-corank-depth' on page 98 undefined on 
input line 46.


LaTeX Warning: Reference `thm:universal-det-completion' on page 98 undefined on
 input line 47.


LaTeX Warning: Reference `eq:global-graded-piece' on page 98 undefined on input
 line 54.


LaTeX Warning: Reference `eq:atlas-multiplication' on page 98 undefined on inpu
t line 76.

[98]

LaTeX Warning: Reference `eq:psi-beta-chi' on page 99 undefined on input line 9
6.


LaTeX Warning: Reference `thm:corank-two-mixed-kernel-atlas' on page 99 undefin
ed on input line 105.


LaTeX Warning: Reference `lem:rootfree' on page 99 undefined on input line 131.



LaTeX Warning: Reference `def:mixed-kernel-orbit-type' on page 99 undefined on 
input line 138.

[99]

LaTeX Warning: Reference `eq:beta-normal-forms' on page 100 undefined on input 
line 182.


LaTeX Warning: Reference `thm:corank-two-mixed-kernel-atlas' on page 100 undefi
ned on input line 189.


LaTeX Warning: Reference `thm:graded-nilpotent' on page 100 undefined on input 
line 194.


LaTeX Warning: Reference `thm:decomposable-kernel-wall' on page 100 undefined o
n input line 195.

[100]

LaTeX Warning: Reference `thm:generic-slice-certification' on page 101 undefine
d on input line 353.

[101]

LaTeX Warning: Reference `thm:corank-two-mixed-kernel-atlas' on page 102 undefi
ned on input line 362.


LaTeX Warning: Reference `lem:contact-symbol-all-Ainj' on page 102 undefined on
 input line 363.


LaTeX Warning: Reference `eq:beta-normal-forms' on page 102 undefined on input 
line 365.


LaTeX Warning: Reference `lem:nine-orbit-colons' on page 102 undefined on input
 line 365.


LaTeX Warning: Reference `thm:global-residual-colon' on page 102 undefined on i
nput line 371.


LaTeX Warning: Reference `lem:contact-symbol-all-Ainj' on page 102 undefined on
 input line 376.


LaTeX Warning: Reference `prop:rankdrop-coranktwo-depth' on page 102 undefined 
on input line 387.


LaTeX Warning: Reference `thm:finite-all-corank-depth' on page 102 undefined on
 input line 402.


LaTeX Warning: Reference `def:macaulay-atlas' on page 102 undefined on input li
ne 426.

[102]

LaTeX Warning: Reference `lem:corank3-functorial-symbol' on page 103 undefined 
on input line 467.


LaTeX Warning: Reference `thm:corank-three-depth' on page 103 undefined on inpu
t line 535.


LaTeX Warning: Reference `lem:no-d3-corank3' on page 103 undefined on input lin
e 536.


LaTeX Warning: Reference `thm:sharp-global-jacobian-depth' on page 103 undefine
d on input line 538.

[103]

LaTeX Warning: Citation `FultonHarris' on page 104 undefined on input line 549.



LaTeX Warning: Reference `lem:fischer-determinant-projection' on page 104 undef
ined on input line 606.

[104]

LaTeX Warning: Reference `eq:plethysm-corank4' on page 105 undefined on input l
ine 660.


LaTeX Warning: Reference `thm:corank-four-jacobian' on page 105 undefined on in
put line 664.


LaTeX Warning: Reference `eq:plethysm-corank4' on page 105 undefined on input l
ine 670.


LaTeX Warning: Reference `lem:jacobian-projection' on page 105 undefined on inp
ut line 676.


LaTeX Warning: Reference `lem:effective-pieri-matrix-ring' on page 105 undefine
d on input line 685.


LaTeX Warning: Reference `lem:corank4-ideal-equivariance' on page 105 undefined
 on input line 695.


LaTeX Warning: Reference `lem:effective-pieri-matrix-ring' on page 105 undefine
d on input line 700.


LaTeX Warning: Reference `sec:relative-primary-specialization' on page 105 unde
fined on input line 728.


LaTeX Warning: Reference `prop:associated-prime-refinement' on page 105 undefin
ed on input line 733.

[105]) (./parts/09c-relative-primary-specialization.tex

LaTeX Warning: Reference `lem:nine-orbit-colons' on page 106 undefined on input
 line 29.


LaTeX Warning: Reference `thm:corank-two-mixed-kernel-atlas' on page 106 undefi
ned on input line 35.


LaTeX Warning: Reference `lem:nine-orbit-colons' on page 106 undefined on input
 line 39.

[106]

LaTeX Warning: Reference `eq:stabilizer-linearization' on page 107 undefined on
 input line 77.


LaTeX Warning: Reference `eq:chi-linearization' on page 107 undefined on input 
line 78.


LaTeX Warning: Reference `thm:corank-two-mixed-kernel-atlas' on page 107 undefi
ned on input line 103.

(/usr/share/texmf/tex/latex/lm/t1lmtt.fd) [107]

LaTeX Warning: Reference `lem:nine-orbit-colons' on page 108 undefined on input
 line 175.


LaTeX Warning: Reference `thm:generic-slice-certification' on page 108 undefine
d on input line 178.


LaTeX Warning: Reference `prop:rankdrop-coranktwo-depth' on page 108 undefined 
on input line 196.

[108] (./parts/09d-relative-primary-filtrations.tex [109]

LaTeX Warning: Citation `StacksGenericFree' on page 110 undefined on input line
 27.

[110]

LaTeX Warning: Citation `StacksGeometricFibres' on page 111 undefined on input 
line 99.


LaTeX Warning: Reference `lem:finite-exact-diagram' on page 111 undefined on in
put line 100.


LaTeX Warning: Reference `prop:relative-primary-models' on page 111 undefined o
n input line 133.

[111] (./parts/09e-packet-descent.tex

LaTeX Warning: Reference `thm:bounded-principal-colon-stratification' on page 1
12 undefined on input line 9.


LaTeX Warning: Citation `StacksDescent' on page 112 undefined on input line 59.



LaTeX Warning: Reference `eq:orbit-ideal-descent' on page 112 undefined on inpu
t line 62.

[112]

LaTeX Warning: Reference `prop:relative-primary-models' on page 113 undefined o
n input line 76.


LaTeX Warning: Reference `eq:orbit-ideal-descent' on page 113 undefined on inpu
t line 81.


LaTeX Warning: Citation `StacksRelativeAssassin' on page 113 undefined on input
 line 104.


LaTeX Warning: Reference `lem:finite-exact-diagram' on page 113 undefined on in
put line 113.


LaTeX Warning: Reference `eq:packet-power-sandwich' on page 113 undefined on in
put line 136.

[113]

LaTeX Warning: Reference `eq:packet-exact-geometric-components' on page 114 und
efined on input line 147.


LaTeX Warning: Reference `eq:downstairs-torsion' on page 114 undefined on input
 line 198.


LaTeX Warning: Reference `prop:no-new-packet-torsion' on page 114 undefined on 
input line 206.

) [114]

LaTeX Warning: Reference `prop:relative-primary-models' on page 115 undefined o
n input line 213.


LaTeX Warning: Reference `prop:relative-primary-models' on page 115 undefined o
n input line 218.


LaTeX Warning: Reference `prop:no-new-packet-torsion' on page 115 undefined on 
input line 219.


LaTeX Warning: Reference `lem:power-certified-packets' on page 115 undefined on
 input line 227.


LaTeX Warning: Reference `lem:galois-packet-descent' on page 115 undefined on i
nput line 232.


LaTeX Warning: Reference `lem:power-certified-packets' on page 115 undefined on
 input line 238.


LaTeX Warning: Reference `prop:relative-primary-models' on page 115 undefined o
n input line 242.


LaTeX Warning: Reference `prop:no-new-packet-torsion' on page 115 undefined on 
input line 245.


LaTeX Warning: Reference `prop:descended-packet-torsion' on page 115 undefined 
on input line 247.

[115])

LaTeX Warning: Reference `thm:bounded-principal-colon-stratification' on page 1
16 undefined on input line 325.


LaTeX Warning: Reference `eq:two-flat-sequences' on page 116 undefined on input
 line 346.


LaTeX Warning: Reference `lem:graded-flat-diagram' on page 116 undefined on inp
ut line 368.


LaTeX Warning: Reference `lem:finite-geometric-assassin-stratification' on page
 116 undefined on input line 370.


LaTeX Warning: Reference `prop:associated-prime-refinement' on page 116 undefin
ed on input line 376.


LaTeX Warning: Reference `thm:bounded-principal-colon-stratification' on page 1
16 undefined on input line 377.


LaTeX Warning: Reference `thm:finite-all-corank-depth' on page 116 undefined on
 input line 383.

[116]

LaTeX Warning: Reference `thm:generic-primary-signatures' on page 117 undefined
 on input line 481.

[117]

LaTeX Warning: Reference `thm:rankdrop-primary-signatures' on page 118 undefine
d on input line 498.

) (./parts/11-sharp-global-laws.tex

LaTeX Warning: Citation `CSSCayley' on page 118 undefined on input line 45.

[118]

LaTeX Warning: Reference `thm:corank-four-jacobian' on page 119 undefined on in
put line 74.


LaTeX Warning: Reference `lem:fischer-determinant-projection' on page 119 undef
ined on input line 75.


LaTeX Warning: Reference `lem:no-d3-corank3' on page 119 undefined on input lin
e 92.


LaTeX Warning: Reference `thm:corank-four-jacobian' on page 119 undefined on in
put line 94.

[119] [120]

LaTeX Warning: Reference `eq:cross-corank-primary' on page 121 undefined on inp
ut line 300.

[121]

LaTeX Warning: Reference `thm:finite-all-corank-depth' on page 122 undefined on
 input line 334.


LaTeX Warning: Reference `thm:sharp-global-jacobian-depth' on page 122 undefine
d on input line 337.


LaTeX Warning: Reference `eq:cross-corank-primary' on page 122 undefined on inp
ut line 348.


LaTeX Warning: Citation `BrunsVasconcelos' on page 122 undefined on input line 
361.

[122]) (./parts/09a-rees-specialization.tex

LaTeX Warning: Citation `FultonIntersection' on page 123 undefined on input lin
e 6.


LaTeX Warning: Citation `StacksNormalCone' on page 123 undefined on input line 
7.


LaTeX Warning: Reference `sec:stratified-nilpotent' on page 123 undefined on in
put line 9.


LaTeX Warning: Reference `sec:boundary-atlas-proofs' on page 123 undefined on i
nput line 10.

[123]

LaTeX Warning: Reference `prop:intrinsic-dnc-v127' on page 124 undefined on inp
ut line 57.


LaTeX Warning: Reference `eq:atlas-multiplication' on page 124 undefined on inp
ut line 68.


LaTeX Warning: Reference `thm:corank-two-mixed-kernel-atlas' on page 124 undefi
ned on input line 70.


LaTeX Warning: Reference `prop:rankdrop-coranktwo-depth' on page 124 undefined 
on input line 72.


LaTeX Warning: Reference `thm:corank-three-depth' on page 124 undefined on inpu
t line 74.


LaTeX Warning: Reference `thm:sharp-global-jacobian-depth' on page 124 undefine
d on input line 75.


LaTeX Warning: Reference `thm:corank-four-jacobian' on page 124 undefined on in
put line 77.


LaTeX Warning: Citation `StacksFlattening' on page 124 undefined on input line 
85.

) (./parts/14-separating-pencils.tex

LaTeX Warning: Reference `eq:C-star' on page 124 undefined on input line 4.


LaTeX Warning: Reference `thm:global-schur-recombination' on page 124 undefined
 on input line 9.

[124]

Package amsmath Warning: Foreign command \over;
(amsmath)                \frac or \genfrac should be used instead
(amsmath)                 on input line 37.


LaTeX Warning: Reference `eq:exact-projector-witness' on page 125 undefined on 
input line 60.


LaTeX Warning: Reference `eq:exact-projector-witness' on page 125 undefined on 
input line 69.


LaTeX Warning: Reference `eq:exact-projector-witness' on page 125 undefined on 
input line 79.


LaTeX Warning: Reference `eq:two-separating-quadrics' on page 125 undefined on 
input line 80.


LaTeX Warning: Reference `eq:C-star' on page 125 undefined on input line 99.


LaTeX Warning: Reference `eq:C-star' on page 125 undefined on input line 109.


LaTeX Warning: Reference `lem:differential' on page 125 undefined on input line
 114.

[125]) (./parts/08-weighted.tex

LaTeX Warning: Reference `sec:coranktwo' on page 126 undefined on input line 6.



LaTeX Warning: Citation `DCEP' on page 126 undefined on input line 21.


LaTeX Warning: Citation `BC' on page 126 undefined on input line 22.


LaTeX Warning: Reference `eq:coefficient-rule' on page 126 undefined on input l
ine 52.


LaTeX Warning: Reference `eq:weighted' on page 126 undefined on input line 57.


LaTeX Warning: Reference `eq:classical-product' on page 126 undefined on input 
line 62.

[126]

LaTeX Warning: Reference `eq:coefficient-rule' on page 127 undefined on input l
ine 83.


LaTeX Warning: Reference `sec:coranktwo' on page 127 undefined on input line 89
.

) (./parts/09-certificates.tex

LaTeX Warning: Reference `eq:exact-differential-det' on page 127 undefined on i
nput line 43.

[127]

LaTeX Warning: Reference `lem:differential' on page 128 undefined on input line
 61.


LaTeX Warning: Reference `eq:BC-witness' on page 128 undefined on input line 66
.


LaTeX Warning: Reference `eq:h-witness' on page 128 undefined on input line 78.



LaTeX Warning: Reference `eq:residual-matrix' on page 128 undefined on input li
ne 83.


LaTeX Warning: Reference `eq:main-coranktwo' on page 128 undefined on input lin
e 89.


LaTeX Warning: Reference `lem:cone-ideal' on page 128 undefined on input line 9
4.


LaTeX Warning: Reference `thm:coranktwo-proof' on page 128 undefined on input l
ine 95.

) (./parts/17-assistance.tex) (./references-v144.tex (./references.tex [128]

LaTeX Warning: Citation `LandsbergOttaviani' on page 129 undefined on input lin
e 204.


Underfull \vbox (badness 10000) has occurred while \output is active [129]
Underfull \hbox (badness 1231) in paragraph at lines 242--246
[]\T1/lmr/m/n/9 (+20) R. Howe, Re-marks on clas-si-cal in-vari-ant the-ory, \T1
/lmr/m/it/9 (+20) Trans. Amer. Math. Soc. \T1/lmr/bx/n/9 (+20) 313 \T1/lmr/m/n/
9 (+20) (1989), 539--570.
)) [130] (./archive-v144.aux)

LaTeX Warning: There were undefined references.


LaTeX Warning: Label(s) may have changed. Rerun to get cross-references right.


Package rerunfilecheck Warning: File `archive-v144.out' has changed.
(rerunfilecheck)                Rerun to get outlines right
(rerunfilecheck)                or use package `bookmark'.

 )
(see the transcript file for additional information)</usr/share/texlive/texmf-d
ist/fonts/type1/public/amsfonts/euler/eufm10.pfb></usr/share/texmf/fonts/type1/
public/lm/lmbx10.pfb></usr/share/texmf/fonts/type1/public/lm/lmbx9.pfb></usr/sh
are/texmf/fonts/type1/public/lm/lmcsc10.pfb></usr/share/texmf/fonts/type1/publi
c/lm/lmex10.pfb></usr/share/texmf/fonts/type1/public/lm/lmmi10.pfb></usr/share/
texmf/fonts/type1/public/lm/lmmi6.pfb></usr/share/texmf/fonts/type1/public/lm/l
mmi8.pfb></usr/share/texmf/fonts/type1/public/lm/lmmi9.pfb></usr/share/texmf/fo
nts/type1/public/lm/lmmib10.pfb></usr/share/texmf/fonts/type1/public/lm/lmr10.p
fb></usr/share/texmf/fonts/type1/public/lm/lmr6.pfb></usr/share/texmf/fonts/typ
e1/public/lm/lmr7.pfb></usr/share/texmf/fonts/type1/public/lm/lmr8.pfb></usr/sh
are/texmf/fonts/type1/public/lm/lmr9.pfb></usr/share/texmf/fonts/type1/public/l
m/lmri10.pfb></usr/share/texmf/fonts/type1/public/lm/lmri9.pfb></usr/share/texm
f/fonts/type1/public/lm/lmss10.pfb></usr/share/texmf/fonts/type1/public/lm/lmss
8.pfb></usr/share/texmf/fonts/type1/public/lm/lmsy10.pfb></usr/share/texmf/font
s/type1/public/lm/lmsy6.pfb></usr/share/texmf/fonts/type1/public/lm/lmsy8.pfb><
/usr/share/texmf/fonts/type1/public/lm/lmtt10.pfb></usr/share/texmf/fonts/type1
/public/lm/lmtt9.pfb></usr/share/texlive/texmf-dist/fonts/type1/public/amsfonts
/symbols/msam10.pfb></usr/share/texlive/texmf-dist/fonts/type1/public/amsfonts/
symbols/msbm10.pfb></usr/share/texlive/texmf-dist/fonts/type1/public/rsfs/rsfs1
0.pfb></usr/share/texlive/texmf-dist/fonts/type1/public/rsfs/rsfs5.pfb>
Output written on archive-v144.pdf (130 pages, 1168979 bytes).
Transcript written on archive-v144.log.
