This is pdfTeX, Version 3.141592653-2.6-1.40.25 (TeX Live 2023/Debian) (preloaded format=pdflatex)
 restricted \write18 enabled.
entering extended mode
(./geometry.tex
LaTeX2e <2023-11-01> patch level 1
L3 programming layer <2024-01-22>
(./preamble.tex (/usr/share/texlive/texmf-dist/tex/latex/amscls/amsart.cls
Document Class: amsart 2020/05/29 v2.20.6
(/usr/share/texlive/texmf-dist/tex/latex/amsmath/amsmath.sty
For additional information on amsmath, use the `?' option.
(/usr/share/texlive/texmf-dist/tex/latex/amsmath/amstext.sty
(/usr/share/texlive/texmf-dist/tex/latex/amsmath/amsgen.sty))
(/usr/share/texlive/texmf-dist/tex/latex/amsmath/amsbsy.sty)
(/usr/share/texlive/texmf-dist/tex/latex/amsmath/amsopn.sty))
(/usr/share/texlive/texmf-dist/tex/latex/amsfonts/umsa.fd)
(/usr/share/texlive/texmf-dist/tex/latex/amsfonts/amsfonts.sty))
(/usr/share/texlive/texmf-dist/tex/latex/base/fontenc.sty)
(/usr/share/texmf/tex/latex/lm/lmodern.sty)
(/usr/share/texlive/texmf-dist/tex/latex/amsmath/amscd.sty)
(/usr/share/texlive/texmf-dist/tex/latex/amsfonts/amssymb.sty)
(/usr/share/texlive/texmf-dist/tex/latex/mathtools/mathtools.sty
(/usr/share/texlive/texmf-dist/tex/latex/graphics/keyval.sty)
(/usr/share/texlive/texmf-dist/tex/latex/tools/calc.sty)
(/usr/share/texlive/texmf-dist/tex/latex/mathtools/mhsetup.sty))
(/usr/share/texlive/texmf-dist/tex/latex/jknapltx/mathrsfs.sty)
(/usr/share/texlive/texmf-dist/tex/latex/microtype/microtype.sty
(/usr/share/texlive/texmf-dist/tex/latex/etoolbox/etoolbox.sty)
(/usr/share/texlive/texmf-dist/tex/latex/microtype/microtype-pdftex.def)
(/usr/share/texlive/texmf-dist/tex/latex/microtype/microtype.cfg))
(/usr/share/texlive/texmf-dist/tex/latex/booktabs/booktabs.sty)
(/usr/share/texlive/texmf-dist/tex/latex/tools/longtable.sty)
(/usr/share/texlive/texmf-dist/tex/latex/geometry/geometry.sty
(/usr/share/texlive/texmf-dist/tex/generic/iftex/ifvtex.sty
(/usr/share/texlive/texmf-dist/tex/generic/iftex/iftex.sty)))
(/usr/share/texlive/texmf-dist/tex/latex/hyperref/xr-hyper.sty)
(/usr/share/texlive/texmf-dist/tex/latex/hyperref/hyperref.sty
(/usr/share/texlive/texmf-dist/tex/latex/kvsetkeys/kvsetkeys.sty)
(/usr/share/texlive/texmf-dist/tex/generic/kvdefinekeys/kvdefinekeys.sty)
(/usr/share/texlive/texmf-dist/tex/generic/pdfescape/pdfescape.sty
(/usr/share/texlive/texmf-dist/tex/generic/ltxcmds/ltxcmds.sty)
(/usr/share/texlive/texmf-dist/tex/generic/pdftexcmds/pdftexcmds.sty
(/usr/share/texlive/texmf-dist/tex/generic/infwarerr/infwarerr.sty)))
(/usr/share/texlive/texmf-dist/tex/latex/hycolor/hycolor.sty)
(/usr/share/texlive/texmf-dist/tex/latex/auxhook/auxhook.sty)
(/usr/share/texlive/texmf-dist/tex/latex/hyperref/nameref.sty
(/usr/share/texlive/texmf-dist/tex/latex/refcount/refcount.sty)
(/usr/share/texlive/texmf-dist/tex/generic/gettitlestring/gettitlestring.sty
(/usr/share/texlive/texmf-dist/tex/latex/kvoptions/kvoptions.sty)))
(/usr/share/texlive/texmf-dist/tex/latex/hyperref/pd1enc.def)
(/usr/share/texlive/texmf-dist/tex/generic/intcalc/intcalc.sty)
(/usr/share/texlive/texmf-dist/tex/latex/hyperref/puenc.def)
(/usr/share/texlive/texmf-dist/tex/latex/url/url.sty)
(/usr/share/texlive/texmf-dist/tex/generic/bitset/bitset.sty
(/usr/share/texlive/texmf-dist/tex/generic/bigintcalc/bigintcalc.sty))
(/usr/share/texlive/texmf-dist/tex/latex/base/atbegshi-ltx.sty))
(/usr/share/texlive/texmf-dist/tex/latex/hyperref/hpdftex.def
(/usr/share/texlive/texmf-dist/tex/latex/base/atveryend-ltx.sty)
(/usr/share/texlive/texmf-dist/tex/latex/rerunfilecheck/rerunfilecheck.sty
(/usr/share/texlive/texmf-dist/tex/generic/uniquecounter/uniquecounter.sty))))
(/usr/share/texmf/tex/latex/lm/t1lmr.fd)
(/usr/share/texlive/texmf-dist/tex/latex/l3backend/l3backend-pdftex.def)
No file geometry.aux.
(/usr/share/texmf/tex/latex/lm/ot1lmr.fd)
(/usr/share/texmf/tex/latex/lm/omllmm.fd)
(/usr/share/texmf/tex/latex/lm/omslmsy.fd)
(/usr/share/texmf/tex/latex/lm/omxlmex.fd)
(/usr/share/texlive/texmf-dist/tex/latex/amsfonts/umsa.fd)
(/usr/share/texlive/texmf-dist/tex/latex/amsfonts/umsb.fd)
(/usr/share/texlive/texmf-dist/tex/latex/jknapltx/ursfs.fd)
(/usr/share/texlive/texmf-dist/tex/latex/graphics/graphicx.sty
(/usr/share/texlive/texmf-dist/tex/latex/graphics/graphics.sty
(/usr/share/texlive/texmf-dist/tex/latex/graphics/trig.sty)
(/usr/share/texlive/texmf-dist/tex/latex/graphics-cfg/graphics.cfg)
(/usr/share/texlive/texmf-dist/tex/latex/graphics-def/pdftex.def
(/usr/share/texlive/texmf-dist/tex/context/base/mkii/supp-pdf.mkii
[Loading MPS to PDF converter (version 2006.09.02).]
))) (/usr/share/texlive/texmf-dist/tex/latex/epstopdf-pkg/epstopdf-base.sty
(/usr/share/texlive/texmf-dist/tex/latex/latexconfig/epstopdf-sys.cfg)))
(/usr/share/texlive/texmf-dist/tex/latex/microtype/mt-cmr.cfg)
*geometry* driver: auto-detecting
*geometry* detected driver: pdftex
(./frontmatter-v149.tex) (./parts/00-principal-introduction-v149.tex
(/usr/share/texlive/texmf-dist/tex/latex/microtype/mt-msa.cfg)
(/usr/share/texlive/texmf-dist/tex/latex/microtype/mt-msb.cfg)
(/usr/share/texlive/texmf-dist/tex/latex/amsfonts/ueuf.fd)
(/usr/share/texlive/texmf-dist/tex/latex/microtype/mt-euf.cfg) [1{/var/lib/texm
f/fonts/map/pdftex/updmap/pdftex.map}{/usr/share/texmf/fonts/enc/dvips/lm/lm-ec
.enc}{/usr/share/texmf/fonts/enc/dvips/lm/lm-mathit.enc}{/usr/share/texmf/fonts
/enc/dvips/lm/lm-rm.enc}{/usr/share/texmf/fonts/enc/dvips/lm/lm-mathsy.enc}{/us
r/share/texmf/fonts/enc/dvips/lm/lm-mathex.enc}]

LaTeX Warning: Reference `thm:sharp-finite-pencil' on page 2 undefined on input
 line 57.


LaTeX Warning: Reference `cor:schubert-line-reconstruction-v145' on page 2 unde
fined on input line 59.


LaTeX Warning: Reference `thm:curve-reconstruction-v145' on page 2 undefined on
 input line 60.


LaTeX Warning: Reference `thm:unrestricted-moving-v146' on page 2 undefined on 
input line 74.


LaTeX Warning: Reference `ex:nonconstant-pencil-v146' on page 2 undefined on in
put line 84.


LaTeX Warning: Reference `thm:automorphism-kernel-v146' on page 2 undefined on 
input line 86.


LaTeX Warning: Reference `thm:artin-local-inverse-v146' on page 2 undefined on 
input line 113.


LaTeX Warning: Reference `prop:first-relation-orbit-v147' on page 2 undefined o
n input line 113.


LaTeX Warning: Reference `thm:unrestricted-moving-v146' on page 2 undefined on 
input line 122.


LaTeX Warning: Reference `prop:local-automorphisms-v146' on page 2 undefined on
 input line 126.

[2]

LaTeX Warning: Reference `lem:actual-factor-descent-v147' on page 3 undefined o
n input line 148.


LaTeX Warning: Reference `thm:structural-coefficient-reconstruction' on page 3 
undefined on input line 153.


LaTeX Warning: Reference `thm:artin-local-inverse-v146' on page 3 undefined on 
input line 156.


LaTeX Warning: Reference `thm:general-moving-coefficients-v147' on page 3 undef
ined on input line 158.


LaTeX Warning: Reference `ex:isotrivial-covers-v147' on page 3 undefined on inp
ut line 165.


LaTeX Warning: Reference `thm:recognition-dichotomy-v148' on page 3 undefined o
n input line 178.


LaTeX Warning: Reference `thm:exact-coefficient-stabilizer-v148' on page 3 unde
fined on input line 186.


LaTeX Warning: Reference `cor:intrinsic-orbits-v148' on page 3 undefined on inp
ut line 189.

[3]

LaTeX Warning: Reference `thm:covering-pencil-moduli-v148' on page 4 undefined 
on input line 201.


LaTeX Warning: Reference `cor:pencil-native-pair-v148' on page 4 undefined on i
nput line 215.


LaTeX Warning: Reference `lem:universal-gcd' on page 4 undefined on input line 
239.


LaTeX Warning: Reference `thm:determinant-stratum' on page 4 undefined on input
 line 247.


LaTeX Warning: Reference `lem:primitive-pencil' on page 4 undefined on input li
ne 252.


LaTeX Warning: Reference `thm:pencil-stack-equivalence' on page 4 undefined on 
input line 262.


LaTeX Warning: Reference `cor:pencil-specialization-stack' on page 4 undefined 
on input line 270.


LaTeX Warning: Reference `thm:transverse-pencil-directions' on page 4 undefined
 on input line 275.


LaTeX Warning: Reference `thm:fixed-support-grassmannians' on page 4 undefined 
on input line 278.

[4]

LaTeX Warning: Reference `thm:finite-parameter-immersion' on page 5 undefined o
n input line 290.


LaTeX Warning: Reference `thm:universal-finite-neighbourhood' on page 5 undefin
ed on input line 294.


LaTeX Warning: Reference `thm:pencil-stack-equivalence' on page 5 undefined on 
input line 303.


LaTeX Warning: Reference `thm:fixed-spectral-classification' on page 5 undefine
d on input line 310.


LaTeX Warning: Citation `FevolaMandelshtamSturmfels' on page 5 undefined on inp
ut line 318.


LaTeX Warning: Reference `lem:orthogonal-orbits-v145' on page 5 undefined on in
put line 320.


LaTeX Warning: Citation `Ohta1986' on page 5 undefined on input line 321.


LaTeX Warning: Citation `Ballico96' on page 5 undefined on input line 326.


LaTeX Warning: Citation `Ballico93' on page 5 undefined on input line 330.


LaTeX Warning: Citation `EliasRossiShort' on page 5 undefined on input line 338
.


LaTeX Warning: Citation `EliasRossiCompressed' on page 5 undefined on input lin
e 338.


LaTeX Warning: Reference `sec:first-relations-v147' on page 5 undefined on inpu
t line 339.


LaTeX Warning: Citation `MarcusMoyls' on page 5 undefined on input line 342.


LaTeX Warning: Reference `lem:linear-preserver-v147' on page 5 undefined on inp
ut line 344.


LaTeX Warning: Citation `Milne2017' on page 5 undefined on input line 346.

) (./parts/33-first-relations-v147.tex [5]

LaTeX Warning: Reference `eq:intrinsic-first-relation-v147' on page 6 undefined
 on input line 45.


LaTeX Warning: Reference `eq:first-group-v147' on page 6 undefined on input lin
e 79.

[6]

LaTeX Warning: Reference `eq:trace-augmentation-v147' on page 7 undefined on in
put line 98.


LaTeX Warning: Reference `prop:first-relation-orbit-v147' on page 7 undefined o
n input line 107.


LaTeX Warning: Citation `EliasRossiShort' on page 7 undefined on input line 148
.


LaTeX Warning: Citation `EliasRossiCompressed' on page 7 undefined on input lin
e 153.


LaTeX Warning: Reference `eq:general-first-algebra-v147' on page 7 undefined on
 input line 154.


LaTeX Warning: Reference `prop:first-relation-orbit-v147' on page 7 undefined o
n input line 164.

) (./parts/00-ruling-foundations-v145.tex [7] (./parts/12k-rank-one-fano.tex
[8]

LaTeX Warning: Reference `eq:fano-rank-one-scheme' on page 9 undefined on input
 line 81.

)

LaTeX Warning: Reference `lem:rank-one-fano-scheme' on page 9 undefined on inpu
t line 31.

) (./parts/34-coefficient-descent-v147.tex
Underfull \vbox (badness 1412) has occurred while \output is active [9]
(/usr/share/texmf/tex/latex/lm/ot1lmss.fd)

LaTeX Warning: Citation `MarcusMoyls' on page 10 undefined on input line 54.

[10]

LaTeX Warning: Reference `eq:commutant-descent-v147' on page 11 undefined on in
put line 98.


LaTeX Warning: Reference `eq:strict-support-v147' on page 11 undefined on input
 line 154.

[11]

LaTeX Warning: Reference `prop:first-relation-orbit-v147' on page 12 undefined 
on input line 196.


LaTeX Warning: Reference `lem:rank-one-fano-scheme' on page 12 undefined on inp
ut line 217.


LaTeX Warning: Reference `lem:linear-preserver-v147' on page 12 undefined on in
put line 226.


LaTeX Warning: Reference `eq:strict-support-v147' on page 12 undefined on input
 line 229.


LaTeX Warning: Reference `lem:oriented-segre-descent' on page 12 undefined on i
nput line 237.


LaTeX Warning: Reference `lem:actual-factor-descent-v147' on page 12 undefined 
on input line 241.


LaTeX Warning: Reference `eq:coefficient-equivalence-v147' on page 12 undefined
 on input line 258.

[12]

LaTeX Warning: Reference `eq:coefficient-thickening-v147' on page 13 undefined 
on input line 286.


LaTeX Warning: Reference `thm:general-moving-coefficients-v147' on page 13 unde
fined on input line 328.


LaTeX Warning: Reference `lem:pencil-irreducibility' on page 13 undefined on in
put line 347.


LaTeX Warning: Reference `lem:moving-coefficients-v146' on page 13 undefined on
 input line 349.


LaTeX Warning: Reference `thm:general-moving-coefficients-v147' on page 13 unde
fined on input line 354.


LaTeX Warning: Reference `thm:artin-local-inverse-v146' on page 13 undefined on
 input line 363.


LaTeX Warning: Reference `prop:first-relation-group-v147' on page 13 undefined 
on input line 378.

[13]

LaTeX Warning: Reference `prop:first-relation-group-v147' on page 14 undefined 
on input line 381.


LaTeX Warning: Reference `lem:linear-preserver-v147' on page 14 undefined on in
put line 383.


LaTeX Warning: Citation `StacksGroups' on page 14 undefined on input line 391.


LaTeX Warning: Reference `thm:automorphism-kernel-v146' on page 14 undefined on
 input line 400.

) (./parts/35-coefficient-symmetries-v148.tex [14]

LaTeX Warning: Reference `eq:recognized-cauchy-v148' on page 15 undefined on in
put line 64.


LaTeX Warning: Reference `eq:residual-recognition-v148' on page 15 undefined on
 input line 73.


LaTeX Warning: Reference `lem:linear-preserver-v147' on page 15 undefined on in
put line 75.


LaTeX Warning: Reference `eq:recognized-cauchy-v148' on page 15 undefined on in
put line 98.


LaTeX Warning: Reference `lem:linear-preserver-v147' on page 15 undefined on in
put line 115.


LaTeX Warning: Citation `ChengWang' on page 15 undefined on input line 131.

[15]

LaTeX Warning: Reference `thm:recognition-dichotomy-v148' on page 16 undefined 
on input line 156.


LaTeX Warning: Reference `prop:first-relation-group-v147' on page 16 undefined 
on input line 179.


LaTeX Warning: Citation `Milne2017' on page 16 undefined on input line 201.


LaTeX Warning: Citation `StacksGroups' on page 16 undefined on input line 203.


LaTeX Warning: Reference `eq:proper-stabilizer-v148' on page 16 undefined on in
put line 206.


LaTeX Warning: Reference `eq:full-stabilizer-v148' on page 16 undefined on inpu
t line 207.


LaTeX Warning: Reference `prop:first-relation-group-v147' on page 16 undefined 
on input line 209.


LaTeX Warning: Reference `eq:complete-local-aut-v148' on page 16 undefined on i
nput line 210.


LaTeX Warning: Reference `eq:coefficient-thickening-v147' on page 16 undefined 
on input line 229.

[16]

LaTeX Warning: Reference `thm:general-moving-coefficients-v147' on page 17 unde
fined on input line 255.


LaTeX Warning: Reference `lem:actual-factor-descent-v147' on page 17 undefined 
on input line 260.


LaTeX Warning: Reference `thm:exact-coefficient-stabilizer-v148' on page 17 und
efined on input line 323.


LaTeX Warning: Reference `eq:full-stabilizer-v148' on page 17 undefined on inpu
t line 326.

[17]

LaTeX Warning: Reference `eq:intrinsic-orbits-v148' on page 18 undefined on inp
ut line 339.


LaTeX Warning: Reference `thm:general-moving-coefficients-v147' on page 18 unde
fined on input line 345.

) (./parts/37-common-divisor-strata-v149.tex

LaTeX Warning: Reference `thm:recognition-dichotomy-v148' on page 18 undefined 
on input line 4.


LaTeX Warning: Citation `StacksClosedImmersion' on page 18 undefined on input l
ine 63.

[18]

LaTeX Warning: Reference `lem:universal-gcd' on page 19 undefined on input line
 82.


LaTeX Warning: Reference `lem:linear-preserver-v147' on page 19 undefined on in
put line 89.


LaTeX Warning: Reference `eq:universal-gcd' on page 19 undefined on input line 
130.


LaTeX Warning: Reference `eq:determinant-stratum' on page 19 undefined on input
 line 137.


LaTeX Warning: Citation `StacksQuotient' on page 19 undefined on input line 144
.


LaTeX Warning: Citation `StacksSmoothQuotient' on page 19 undefined on input li
ne 145.

[19]

LaTeX Warning: Reference `thm:determinant-stratum' on page 20 undefined on inpu
t line 225.

) (./parts/13a-criterion-v145.tex [20]

LaTeX Warning: Reference `lem:rank-one-fano-scheme' on page 21 undefined on inp
ut line 79.


LaTeX Warning: Reference `lem:oriented-segre-descent' on page 21 undefined on i
nput line 82.

) (./parts/18-pencil-proof-v145.tex [21]

LaTeX Warning: Reference `eq:failure-intro' on page 22 undefined on input line 
23.


LaTeX Warning: Reference `thm:structural-coefficient-reconstruction' on page 22
 undefined on input line 62.


LaTeX Warning: Reference `eq:general-fitting-factorization' on page 22 undefine
d on input line 103.

[22]

LaTeX Warning: Reference `eq:general-normal-cone' on page 23 undefined on input
 line 112.


LaTeX Warning: Reference `lem:rank-one-fano-scheme' on page 23 undefined on inp
ut line 121.


LaTeX Warning: Reference `lem:oriented-segre-descent' on page 23 undefined on i
nput line 129.


LaTeX Warning: Reference `eq:automatic-residual-module' on page 23 undefined on
 input line 135.


LaTeX Warning: Reference `eq:general-exterior-decomposition' on page 23 undefin
ed on input line 144.


LaTeX Warning: Citation `ChengWang' on page 23 undefined on input line 145.


LaTeX Warning: Reference `eq:automatic-residual-module' on page 23 undefined on
 input line 155.

[23]

LaTeX Warning: Reference `thm:automatic-quadratic-coefficients' on page 24 unde
fined on input line 209.


LaTeX Warning: Reference `lem:pencil-irreducibility' on page 24 undefined on in
put line 210.


LaTeX Warning: Reference `eq:general-fitting-factorization' on page 24 undefine
d on input line 231.


LaTeX Warning: Citation `FevolaMandelshtamSturmfels' on page 24 undefined on in
put line 242.


LaTeX Warning: Reference `eq:natural-pencil-torelli' on page 24 undefined on in
put line 281.

[24]

LaTeX Warning: Reference `ex:same-discriminant-distinct-failure' on page 25 und
efined on input line 325.


LaTeX Warning: Citation `SmithQuadrics' on page 25 undefined on input line 331.



LaTeX Warning: Reference `thm:natural-pencil-reconstruction' on page 25 undefin
ed on input line 343.


LaTeX Warning: Reference `eq:general-fitting-factorization' on page 25 undefine
d on input line 350.


LaTeX Warning: Reference `eq:same-discriminant-pencils' on page 25 undefined on
 input line 351.

) (./parts/20-finite-neighbourhoods.tex [25]

LaTeX Warning: Reference `sec:natural-pencils' on page 26 undefined on input li
ne 18.


LaTeX Warning: Reference `eq:general-fitting-factorization' on page 26 undefine
d on input line 57.


LaTeX Warning: Reference `eq:finite-homogeneous-ideal' on page 26 undefined on 
input line 80.

[26]

LaTeX Warning: Reference `thm:sharp-finite-pencil' on page 27 undefined on inpu
t line 98.


LaTeX Warning: Reference `eq:finite-homogeneous-ideal' on page 27 undefined on 
input line 99.


LaTeX Warning: Reference `eq:finite-neighbourhood-definition' on page 27 undefi
ned on input line 100.


LaTeX Warning: Reference `lem:first-relation-cone' on page 27 undefined on inpu
t line 110.


LaTeX Warning: Reference `thm:automatic-quadratic-coefficients' on page 27 unde
fined on input line 112.


LaTeX Warning: Reference `eq:finite-homogeneous-ideal' on page 27 undefined on 
input line 124.


LaTeX Warning: Reference `lem:pencil-irreducibility' on page 27 undefined on in
put line 125.


LaTeX Warning: Reference `eq:pencil-exterior-duality' on page 27 undefined on i
nput line 127.


LaTeX Warning: Reference `eq:finite-pencil-equivalences' on page 27 undefined o
n input line 135.


LaTeX Warning: Reference `thm:natural-pencil-reconstruction' on page 27 undefin
ed on input line 136.

[27]

LaTeX Warning: Reference `thm:finite-parameter-immersion' on page 28 undefined 
on input line 201.


LaTeX Warning: Reference `eq:general-coefficient-map' on page 28 undefined on i
nput line 202.


LaTeX Warning: Reference `lem:pencil-irreducibility' on page 28 undefined on in
put line 206.


LaTeX Warning: Reference `lem:line-subspace-immersion' on page 28 undefined on 
input line 221.


LaTeX Warning: Reference `thm:finite-parameter-immersion' on page 28 undefined 
on input line 245.


LaTeX Warning: Reference `thm:sharp-finite-pencil' on page 28 undefined on inpu
t line 272.


LaTeX Warning: Reference `cor:hyperelliptic-failure-invariant' on page 28 undef
ined on input line 273.


LaTeX Warning: Reference `eq:pencil-detection-order' on page 28 undefined on in
put line 274.


LaTeX Warning: Reference `cor:finite-flat-family' on page 28 undefined on input
 line 281.

) (./parts/29-curve-reconstruction-v145.tex [28]

LaTeX Warning: Reference `eq:curve-failure-ideal-v145' on page 29 undefined on 
input line 55.


LaTeX Warning: Reference `eq:finite-coefficient-factorization' on page 29 undef
ined on input line 58.


LaTeX Warning: Reference `lem:first-relation-cone' on page 29 undefined on inpu
t line 71.


LaTeX Warning: Reference `lem:oriented-segre-descent' on page 29 undefined on i
nput line 85.

[29]

LaTeX Warning: Reference `thm:structural-coefficient-reconstruction' on page 30
 undefined on input line 89.


LaTeX Warning: Reference `lem:pencil-irreducibility' on page 30 undefined on in
put line 90.


LaTeX Warning: Reference `eq:pencil-exterior-duality' on page 30 undefined on i
nput line 92.


LaTeX Warning: Reference `eq:curve-torelli-v145' on page 30 undefined on input 
line 94.


LaTeX Warning: Reference `eq:curve-failure-ideal-v145' on page 30 undefined on 
input line 120.


LaTeX Warning: Reference `thm:curve-reconstruction-v145' on page 30 undefined o
n input line 123.

) (./parts/31-moving-pencils-v146.tex [30]

LaTeX Warning: Reference `thm:universal-finite-neighbourhood' on page 31 undefi
ned on input line 42.


LaTeX Warning: Reference `lem:pencil-irreducibility' on page 31 undefined on in
put line 62.


LaTeX Warning: Reference `eq:general-coefficient-map' on page 31 undefined on i
nput line 74.


LaTeX Warning: Reference `eq:moving-inverse-v146' on page 31 undefined on input
 line 118.

[31]

LaTeX Warning: Reference `lem:rank-one-fano-scheme' on page 32 undefined on inp
ut line 158.


LaTeX Warning: Reference `lem:oriented-segre-descent' on page 32 undefined on i
nput line 173.


LaTeX Warning: Reference `lem:moving-coefficients-v146' on page 32 undefined on
 input line 189.


LaTeX Warning: Reference `eq:moving-data-v146' on page 32 undefined on input li
ne 194.


LaTeX Warning: Reference `thm:structural-coefficient-reconstruction' on page 32
 undefined on input line 196.


LaTeX Warning: Reference `eq:moving-data-v146' on page 32 undefined on input li
ne 198.


LaTeX Warning: Reference `eq:moving-normal-map-v146' on page 32 undefined on in
put line 201.


LaTeX Warning: Reference `eq:moving-inverse-v146' on page 32 undefined on input
 line 203.


LaTeX Warning: Reference `thm:moving-reconstruction-v146' on page 32 undefined 
on input line 212.

[32]

LaTeX Warning: Reference `eq:moving-data-v146' on page 33 undefined on input li
ne 235.


LaTeX Warning: Reference `thm:moving-reconstruction-v146' on page 33 undefined 
on input line 270.


LaTeX Warning: Reference `eq:automorphism-filtration-v146' on page 33 undefined
 on input line 276.


LaTeX Warning: Reference `eq:automorphism-symbol-v146' on page 33 undefined on 
input line 304.

[33]

LaTeX Warning: Reference `thm:moving-reconstruction-v146' on page 34 undefined 
on input line 367.


LaTeX Warning: Reference `thm:universal-finite-neighbourhood' on page 34 undefi
ned on input line 384.


LaTeX Warning: Reference `eq:automorphism-sequence-v146' on page 34 undefined o
n input line 388.

) (./parts/32-local-inverse-v146.tex [34]

LaTeX Warning: Reference `lem:pencil-irreducibility' on page 35 undefined on in
put line 77.


LaTeX Warning: Reference `lem:moving-coefficients-v146' on page 35 undefined on
 input line 81.


LaTeX Warning: Reference `thm:moving-reconstruction-v146' on page 35 undefined 
on input line 87.

[35]

LaTeX Warning: Reference `lem:coefficient-orientation-v146' on page 36 undefine
d on input line 100.


LaTeX Warning: Reference `thm:moving-reconstruction-v146' on page 36 undefined 
on input line 104.


LaTeX Warning: Reference `cor:moving-sharpness-v146' on page 36 undefined on in
put line 113.


LaTeX Warning: Reference `thm:automorphism-kernel-v146' on page 36 undefined on
 input line 114.


LaTeX Warning: Reference `thm:unrestricted-moving-v146' on page 36 undefined on
 input line 148.

[36]) (./parts/38-pencil-deformation-equivalence-v149.tex [37]

LaTeX Warning: Reference `eq:primitive-factorization' on page 38 undefined on i
nput line 51.


LaTeX Warning: Reference `lem:primitive-pencil' on page 38 undefined on input l
ine 91.


LaTeX Warning: Reference `thm:determinant-stratum' on page 38 undefined on inpu
t line 98.

[38]

LaTeX Warning: Reference `prop:relative-first-relation' on page 39 undefined on
 input line 127.


LaTeX Warning: Reference `thm:determinant-stratum' on page 39 undefined on inpu
t line 153.


LaTeX Warning: Reference `eq:pencil-stack-before-rigidification' on page 39 und
efined on input line 163.


LaTeX Warning: Reference `eq:pencil-ineffective-group' on page 39 undefined on 
input line 169.


LaTeX Warning: Reference `prop:relative-first-relation' on page 39 undefined on
 input line 178.


LaTeX Warning: Reference `eq:effective-pencil-stack' on page 39 undefined on in
put line 179.


LaTeX Warning: Reference `eq:pencil-ineffective-group' on page 39 undefined on 
input line 180.


LaTeX Warning: Reference `eq:pencil-tangent-complex' on page 39 undefined on in
put line 184.

[39]

LaTeX Warning: Reference `eq:primitive-pencil-embedding' on page 40 undefined o
n input line 214.


LaTeX Warning: Reference `thm:pencil-stack-equivalence' on page 40 undefined on
 input line 224.


LaTeX Warning: Reference `prop:first-relation-group-v147' on page 40 undefined 
on input line 229.


LaTeX Warning: Reference `thm:unrestricted-moving-v146' on page 40 undefined on
 input line 235.

) (./parts/39-transverse-relations-v149.tex

LaTeX Warning: Reference `eq:primitive-pencils' on page 40 undefined on input l
ine 18.

[40]

LaTeX Warning: Reference `eq:ambient-cauchy-tangent' on page 41 undefined on in
put line 66.


LaTeX Warning: Reference `eq:three-transverse-modes' on page 41 undefined on in
put line 67.


LaTeX Warning: Reference `eq:ambient-tangent-complex' on page 41 undefined on i
nput line 74.


LaTeX Warning: Reference `prop:relative-first-relation' on page 41 undefined on
 input line 79.


LaTeX Warning: Reference `thm:determinant-stratum' on page 41 undefined on inpu
t line 104.


LaTeX Warning: Reference `lem:primitive-pencil' on page 41 undefined on input l
ine 107.

[41]

LaTeX Warning: Reference `lem:universal-gcd' on page 42 undefined on input line
 127.


LaTeX Warning: Reference `eq:fixed-radical' on page 42 undefined on input line 
134.

) (./parts/36-covering-moduli-v148.tex [42]

LaTeX Warning: Reference `lem:moving-coefficients-v146' on page 43 undefined on
 input line 104.

[43]

LaTeX Warning: Reference `eq:coefficient-quotient-v148' on page 44 undefined on
 input line 154.


LaTeX Warning: Reference `eq:cover-graded-bundles-v148' on page 44 undefined on
 input line 155.


LaTeX Warning: Reference `thm:unrestricted-moving-v146' on page 44 undefined on
 input line 163.


LaTeX Warning: Reference `eq:cover-equivalence-v148' on page 44 undefined on in
put line 179.

) (./parts/21-spectral-specialization.tex [44]

LaTeX Warning: Reference `thm:sharp-finite-pencil' on page 45 undefined on inpu
t line 9.


LaTeX Warning: Citation `FevolaMandelshtamSturmfels' on page 45 undefined on in
put line 31.

[45]

LaTeX Warning: Reference `thm:sharp-finite-pencil' on page 46 undefined on inpu
t line 101.


LaTeX Warning: Reference `eq:spectral-torsion-sequence' on page 46 undefined on
 input line 102.


LaTeX Warning: Reference `lem:spectral-sheaf-similarity' on page 46 undefined o
n input line 110.


LaTeX Warning: Reference `lem:artinian-polynomial-square-root' on page 46 undef
ined on input line 116.

[46]

LaTeX Warning: Reference `eq:fixed-discriminant-specialization' on page 47 unde
fined on input line 203.


LaTeX Warning: Reference `eq:spectral-partition-inversion' on page 47 undefined
 on input line 210.


LaTeX Warning: Reference `thm:spectral-finite-torelli' on page 47 undefined on 
input line 216.


LaTeX Warning: Reference `thm:universal-finite-neighbourhood' on page 47 undefi
ned on input line 223.


LaTeX Warning: Reference `eq:finite-homogeneous-ideal' on page 47 undefined on 
input line 237.


LaTeX Warning: Reference `thm:finite-parameter-immersion' on page 47 undefined 
on input line 243.


LaTeX Warning: Reference `eq:relative-spectral-finite-algebra' on page 47 undef
ined on input line 247.

[47]

LaTeX Warning: Citation `FevolaMandelshtamSturmfels' on page 48 undefined on in
put line 272.


LaTeX Warning: Reference `eq:symmetric-specialization-pair' on page 48 undefine
d on input line 276.


LaTeX Warning: Reference `thm:rank-preserving-specialization' on page 48 undefi
ned on input line 297.

) (./parts/22-relative-spectral-strata.tex
Underfull \hbox (badness 1584) in paragraph at lines 22--26
[]\T1/lmr/bx/n/10.95 (+20) Theorem 17.1 \T1/lmr/m/n/10.95 (+20) (Uni-ver-sal ne
igh-bour-hood and ar-bi-trary base change)\T1/lmr/bx/n/10.95 (+20) . \T1/lmr/m/
it/10.95 (+20) The uni-ver-sal
[48]

LaTeX Warning: Reference `eq:finite-homogeneous-ideal' on page 49 undefined on 
input line 53.


LaTeX Warning: Reference `thm:finite-parameter-immersion' on page 49 undefined 
on input line 76.


LaTeX Warning: Reference `eq:universal-relation-bundle-map' on page 49 undefine
d on input line 85.


LaTeX Warning: Reference `eq:universal-truncated-algebra' on page 49 undefined 
on input line 94.


LaTeX Warning: Reference `eq:universal-finite-rank' on page 49 undefined on inp
ut line 102.

[49]

LaTeX Warning: Reference `thm:finite-parameter-immersion' on page 50 undefined 
on input line 156.


LaTeX Warning: Reference `thm:finite-parameter-immersion' on page 50 undefined 
on input line 173.


LaTeX Warning: Reference `lem:truncated-spectral-presentation' on page 50 undef
ined on input line 177.


LaTeX Warning: Reference `eq:spectral-incidence-minors' on page 50 undefined on
 input line 180.


LaTeX Warning: Reference `eq:spectral-partition-inversion' on page 50 undefined
 on input line 194.


LaTeX Warning: Reference `thm:universal-finite-neighbourhood' on page 50 undefi
ned on input line 212.


LaTeX Warning: Citation `FevolaMandelshtamSturmfels' on page 50 undefined on in
put line 215.


LaTeX Warning: Reference `thm:rank-preserving-specialization' on page 50 undefi
ned on input line 217.

[50]

LaTeX Warning: Reference `eq:segre-scheme-realization' on page 51 undefined on 
input line 224.

) (./parts/25-fixed-spectral-strata-v145.tex

LaTeX Warning: Reference `sec:relative-spectral-strata' on page 51 undefined on
 input line 4.


LaTeX Warning: Reference `sec:spectral-specialization' on page 51 undefined on 
input line 5.

(./parts/30-orthogonal-input-v145.tex

LaTeX Warning: Citation `Ohta1986' on page 51 undefined on input line 29.


LaTeX Warning: Citation `Ohta1986' on page 51 undefined on input line 31.


LaTeX Warning: Citation `Ohta1986' on page 51 undefined on input line 44.

[51]

LaTeX Warning: Citation `Ohta1986' on page 52 undefined on input line 52.

)

LaTeX Warning: Reference `eq:fixed-spectral-locus' on page 52 undefined on inpu
t line 53.


LaTeX Warning: Reference `eq:fixed-spectral-dominance' on page 52 undefined on 
input line 73.


LaTeX Warning: Reference `lem:orthogonal-orbits-v145' on page 52 undefined on i
nput line 78.


LaTeX Warning: Citation `FevolaMandelshtamSturmfels' on page 52 undefined on in
put line 81.

[52]

LaTeX Warning: Reference `eq:fixed-spectral-orbit-dimension' on page 53 undefin
ed on input line 95.


LaTeX Warning: Reference `thm:spectral-finite-torelli' on page 53 undefined on 
input line 98.


LaTeX Warning: Reference `thm:universal-finite-neighbourhood' on page 53 undefi
ned on input line 130.

[53]

LaTeX Warning: Reference `thm:finite-parameter-immersion' on page 54 undefined 
on input line 174.


LaTeX Warning: Reference `thm:finite-parameter-immersion' on page 54 undefined 
on input line 204.

) (./parts/17-assistance.tex) (./references-main-v149.tex [54]
(/usr/share/texmf/tex/latex/lm/t1lmtt.fd)
pdfTeX warning (font expansion): font should be expanded before its first use
) [55] (./geometry.aux)

LaTeX Warning: There were undefined references.


LaTeX Warning: Label(s) may have changed. Rerun to get cross-references right.


Package rerunfilecheck Warning: File `geometry.out' has changed.
(rerunfilecheck)                Rerun to get outlines right
(rerunfilecheck)                or use package `bookmark'.

 )
(see the transcript file for additional information)</usr/share/texlive/texmf-d
ist/fonts/type1/public/amsfonts/euler/eufm10.pfb></usr/share/texmf/fonts/type1/
public/lm/lmbx10.pfb></usr/share/texmf/fonts/type1/public/lm/lmbx9.pfb></usr/sh
are/texmf/fonts/type1/public/lm/lmcsc10.pfb></usr/share/texmf/fonts/type1/publi
c/lm/lmex10.pfb></usr/share/texmf/fonts/type1/public/lm/lmmi10.pfb></usr/share/
texmf/fonts/type1/public/lm/lmmi6.pfb></usr/share/texmf/fonts/type1/public/lm/l
mmi8.pfb></usr/share/texmf/fonts/type1/public/lm/lmmi9.pfb></usr/share/texmf/fo
nts/type1/public/lm/lmmib10.pfb></usr/share/texmf/fonts/type1/public/lm/lmr10.p
fb></usr/share/texmf/fonts/type1/public/lm/lmr6.pfb></usr/share/texmf/fonts/typ
e1/public/lm/lmr8.pfb></usr/share/texmf/fonts/type1/public/lm/lmr9.pfb></usr/sh
are/texmf/fonts/type1/public/lm/lmri10.pfb></usr/share/texmf/fonts/type1/public
/lm/lmri9.pfb></usr/share/texmf/fonts/type1/public/lm/lmss8.pfb></usr/share/tex
mf/fonts/type1/public/lm/lmsy10.pfb></usr/share/texmf/fonts/type1/public/lm/lms
y6.pfb></usr/share/texmf/fonts/type1/public/lm/lmsy8.pfb></usr/share/texmf/font
s/type1/public/lm/lmsy9.pfb></usr/share/texmf/fonts/type1/public/lm/lmtt9.pfb><
/usr/share/texlive/texmf-dist/fonts/type1/public/amsfonts/symbols/msam10.pfb></
usr/share/texlive/texmf-dist/fonts/type1/public/amsfonts/symbols/msbm10.pfb></u
sr/share/texlive/texmf-dist/fonts/type1/public/rsfs/rsfs10.pfb>
Output written on geometry.pdf (55 pages, 706800 bytes).
Transcript written on geometry.log.
