{
  "revision": 138,
  "ok": true,
  "checks": {
    "highest_weight_generation_five_ranks": true,
    "multiplication_block_all_maximal_minors": true,
    "same_discriminant_different_partitions_six_dimensions": true,
    "nonsemisimple_congruence_correction": true
  },
  "wedge_square": [
    {
      "n": 2,
      "quadratic_dimension": 3,
      "highest_weight_orbit_rank": 3,
      "hook_dimension": 3
    },
    {
      "n": 3,
      "quadratic_dimension": 6,
      "highest_weight_orbit_rank": 15,
      "hook_dimension": 15
    },
    {
      "n": 4,
      "quadratic_dimension": 10,
      "highest_weight_orbit_rank": 45,
      "hook_dimension": 45
    },
    {
      "n": 5,
      "quadratic_dimension": 15,
      "highest_weight_orbit_rank": 105,
      "hook_dimension": 105
    },
    {
      "n": 6,
      "quadratic_dimension": 21,
      "highest_weight_orbit_rank": 210,
      "hook_dimension": 210
    }
  ],
  "multiplication_blocks": [
    {
      "rank_M": 3,
      "maximal_minors_checked": 45
    },
    {
      "rank_M": 2,
      "maximal_minors_checked": 45
    }
  ],
  "discriminant_pairs": [
    {
      "n": 3,
      "same_determinant_up_to_scalar": true,
      "double_root_ranks": [
        1,
        2
      ]
    },
    {
      "n": 4,
      "same_determinant_up_to_scalar": true,
      "double_root_ranks": [
        2,
        3
      ]
    },
    {
      "n": 5,
      "same_determinant_up_to_scalar": true,
      "double_root_ranks": [
        3,
        4
      ]
    },
    {
      "n": 6,
      "same_determinant_up_to_scalar": true,
      "double_root_ranks": [
        4,
        5
      ]
    },
    {
      "n": 7,
      "same_determinant_up_to_scalar": true,
      "double_root_ranks": [
        5,
        6
      ]
    },
    {
      "n": 8,
      "same_determinant_up_to_scalar": true,
      "double_root_ranks": [
        6,
        7
      ]
    }
  ],
  "moduli_dimension_examples": [
    {
      "genus": 2,
      "n": 6,
      "dimension": 3
    },
    {
      "genus": 3,
      "n": 8,
      "dimension": 5
    },
    {
      "genus": 4,
      "n": 10,
      "dimension": 7
    },
    {
      "genus": 5,
      "n": 12,
      "dimension": 9
    },
    {
      "genus": 6,
      "n": 14,
      "dimension": 11
    },
    {
      "genus": 7,
      "n": 16,
      "dimension": 13
    },
    {
      "genus": 8,
      "n": 18,
      "dimension": 15
    }
  ],
  "structural_proofs_not_machine_certified": [
    "intrinsic recovery of deepest stratum and oriented ruling",
    "automatic coefficient extraction for every quadratic relation space in the stated range",
    "abstract reconstruction of all pencils in arbitrary dimension",
    "hyperelliptic isomorphism-class reconstruction",
    "full historical novelty and the unread Ballico 1993 theorem comparison"
  ]
}
